[{"stream_name":"stderr","time":1.266568279,"data":"Cloning into '/tmp/repo'...\n"}
,{"stream_name":"stdout","time":28.466811285,"data":"VRAM 2026/10/03 18:36:59.252, 0, 0 MiB, 15360 MiB, 0 %\n"}
,{"stream_name":"stdout","time":28.470361933,"data":"VRAM 2026/10/03 18:36:59.256, 1, 0 MiB, 15360 MiB, 0 %\n"}
,{"stream_name":"stdout","time":148.481826621,"data":"VRAM 2026/10/03 18:38:59.268, 0, 0 MiB, 15360 MiB, 0 %\n"}
,{"stream_name":"stdout","time":148.483946431,"data":"VRAM 2026/10/03 18:38:59.271, 1, 0 MiB, 15360 MiB, 0 %\n"}
,{"stream_name":"stdout","time":268.495480385,"data":"VRAM 2026/10/03 18:40:59.282, 0, 0 MiB, 15360 MiB, 0 %\n"}
,{"stream_name":"stdout","time":268.497594463,"data":"VRAM 2026/10/03 18:40:59.284, 1, 0 MiB, 15360 MiB, 0 %\n"}
,{"stream_name":"stdout","time":335.879597877,"data":"data_root: /kaggle/input/competitions/state-farm-distracted-driver-detection | victims: /kaggle/input/datasets/yossfalsayed/fedkd-gi-victim | jobs: [('gpu0', 'p002', ['--settings', 'dinov2', '--iterations', '20000', '--num_seeds', '2', '--alpha_tv', '1', '--alpha_noise', '0', '--log_every', '1000', '--track_psnr', '1', '--time_budget_hours', '11.5']), ('gpu1', 'p021', ['--settings', 'dinov2', '--iterations', '20000', '--num_seeds', '2', '--alpha_tv', '1', '--alpha_noise', '0', '--log_every', '1000', '--track_psnr', '1', '--time_budget_hours', '11.5'])]\n"}
,{"stream_name":"stdout","time":388.509440812,"data":"VRAM 2026/10/03 18:42:59.296, 0, 0 MiB, 15360 MiB, 0 %\n"}
,{"stream_name":"stdout","time":388.511794054,"data":"VRAM 2026/10/03 18:42:59.298, 1, 0 MiB, 15360 MiB, 0 %\n"}
,{"stream_name":"stderr","time":467.421064334,"data":"Warning: You are sending unauthenticated requests to the HF Hub. Please set a HF_TOKEN to enable higher rate limits and faster downloads.\n"}
,{"stream_name":"stdout","time":473.418609129,"data":"[dinov2] client p002: true labels [0, 1, 2, 3, 4, 6, 8, 9] restored [0, 2, 3, 4, 5, 6, 8, 9]\n"}
,{"stream_name":"stdout","time":473.418648646,"data":"[dinov2] client p021: true labels [0, 2, 3, 4, 5, 6, 7, 9] restored [0, 2, 3, 4, 6, 7, 8, 9]\n"}
,{"stream_name":"stdout","time":476.944660625,"data":"    it      0  grad-match [3.57087, 4.02189] {'psnr_consensus': 7.508, 'psnr_best_seed': 6.167}\n"}
,{"stream_name":"stdout","time":476.948063846,"data":"    it      0  grad-match [228.67754, 236.46678] {'psnr_consensus': 7.526, 'psnr_best_seed': 6.179}\n"}
,{"stream_name":"stdout","time":508.523092763,"data":"VRAM 2026/10/03 18:44:59.310, 0, 3323 MiB, 15360 MiB, 100 %\n"}
,{"stream_name":"stdout","time":508.524694748,"data":"VRAM 2026/10/03 18:44:59.312, 1, 3323 MiB, 15360 MiB, 100 %\n"}
,{"stream_name":"stdout","time":628.537182228,"data":"VRAM 2026/10/03 18:46:59.323, 0, 3323 MiB, 15360 MiB, 100 %\n"}
,{"stream_name":"stdout","time":628.539461805,"data":"VRAM 2026/10/03 18:46:59.326, 1, 3323 MiB, 15360 MiB, 100 %\n"}
,{"stream_name":"stdout","time":748.550900993,"data":"VRAM 2026/10/03 18:48:59.338, 0, 3323 MiB, 15360 MiB, 100 %\n"}
,{"stream_name":"stdout","time":748.552260409,"data":"VRAM 2026/10/03 18:48:59.340, 1, 3323 MiB, 15360 MiB, 100 %\n"}
,{"stream_name":"stdout","time":868.565182049,"data":"VRAM 2026/10/03 18:50:59.351, 0, 3323 MiB, 15360 MiB, 100 %\n"}
,{"stream_name":"stdout","time":868.565498113,"data":"VRAM 2026/10/03 18:50:59.352, 1, 3323 MiB, 15360 MiB, 100 %\n"}
,{"stream_name":"stdout","time":988.576834969,"data":"VRAM 2026/10/03 18:52:59.364, 0, 3323 MiB, 15360 MiB, 100 %\n"}
,{"stream_name":"stdout","time":988.578833448,"data":"VRAM 2026/10/03 18:52:59.366, 1, 3323 MiB, 15360 MiB, 100 %\n"}
,{"stream_name":"stdout","time":1108.590456963,"data":"VRAM 2026/10/03 18:54:59.377, 0, 3323 MiB, 15360 MiB, 100 %\n"}
,{"stream_name":"stdout","time":1108.592154585,"data":"VRAM 2026/10/03 18:54:59.379, 1, 3323 MiB, 15360 MiB, 100 %\n"}
,{"stream_name":"stdout","time":1228.60302365,"data":"VRAM 2026/10/03 18:56:59.390, 0, 3323 MiB, 15360 MiB, 100 %\n"}
,{"stream_name":"stdout","time":1228.604724943,"data":"VRAM 2026/10/03 18:56:59.392, 1, 3323 MiB, 15360 MiB, 100 %\n"}
,{"stream_name":"stdout","time":1348.616008972,"data":"VRAM 2026/10/03 18:58:59.403, 0, 3323 MiB, 15360 MiB, 100 %\n"}
,{"stream_name":"stdout","time":1348.617934194,"data":"VRAM 2026/10/03 18:58:59.405, 1, 3323 MiB, 15360 MiB, 100 %\n"}
,{"stream_name":"stdout","time":1468.630710767,"data":"VRAM 2026/10/03 19:00:59.416, 0, 3323 MiB, 15360 MiB, 100 %\n"}
,{"stream_name":"stdout","time":1468.631817682,"data":"VRAM 2026/10/03 19:00:59.419, 1, 3323 MiB, 15360 MiB, 100 %\n"}
,{"stream_name":"stdout","time":1545.206565399,"data":"    it   1000  grad-match [0.34083, 0.26387] {'psnr_consensus': 9.632, 'psnr_best_seed': 9.099}\n"}
,{"stream_name":"stdout","time":1559.306762536,"data":"    it   1000  grad-match [0.29314, 0.28622] {'psnr_consensus': 8.351, 'psnr_best_seed': 7.524}\n"}
,{"stream_name":"stdout","time":1588.642501152,"data":"VRAM 2026/10/03 19:02:59.429, 0, 3323 MiB, 15360 MiB, 100 %\n"}
,{"stream_name":"stdout","time":1588.644103644,"data":"VRAM 2026/10/03 19:02:59.431, 1, 3323 MiB, 15360 MiB, 100 %\n"}
,{"stream_name":"stdout","time":1708.655507097,"data":"VRAM 2026/10/03 19:04:59.442, 0, 3323 MiB, 15360 MiB, 100 %\n"}
,{"stream_name":"stdout","time":1708.658513066,"data":"VRAM 2026/10/03 19:04:59.444, 1, 3323 MiB, 15360 MiB, 100 %\n"}
,{"stream_name":"stdout","time":1828.669161466,"data":"VRAM 2026/10/03 19:06:59.456, 0, 3323 MiB, 15360 MiB, 100 %\n"}
,{"stream_name":"stdout","time":1828.671060309,"data":"VRAM 2026/10/03 19:06:59.458, 1, 3323 MiB, 15360 MiB, 100 %\n"}
,{"stream_name":"stdout","time":1948.682403349,"data":"VRAM 2026/10/03 19:08:59.470, 0, 3323 MiB, 15360 MiB, 100 %\n"}
,{"stream_name":"stdout","time":1948.685510914,"data":"VRAM 2026/10/03 19:08:59.471, 1, 3323 MiB, 15360 MiB, 100 %\n"}
,{"stream_name":"stdout","time":2068.699136292,"data":"VRAM 2026/10/03 19:10:59.484, 0, 3323 MiB, 15360 MiB, 100 %\n"}
,{"stream_name":"stdout","time":2068.699545445,"data":"VRAM 2026/10/03 19:10:59.486, 1, 3323 MiB, 15360 MiB, 100 %\n"}
,{"stream_name":"stdout","time":2188.711517036,"data":"VRAM 2026/10/03 19:12:59.498, 0, 3323 MiB, 15360 MiB, 100 %\n"}
,{"stream_name":"stdout","time":2188.712966382,"data":"VRAM 2026/10/03 19:12:59.500, 1, 3323 MiB, 15360 MiB, 100 %\n"}
,{"stream_name":"stdout","time":2308.724340778,"data":"VRAM 2026/10/03 19:14:59.511, 0, 3323 MiB, 15360 MiB, 100 %\n"}
,{"stream_name":"stdout","time":2308.725778739,"data":"VRAM 2026/10/03 19:14:59.513, 1, 3323 MiB, 15360 MiB, 100 %\n"}
,{"stream_name":"stdout","time":2428.736471195,"data":"VRAM 2026/10/03 19:16:59.524, 0, 3323 MiB, 15360 MiB, 100 %\n"}
,{"stream_name":"stdout","time":2428.738240681,"data":"VRAM 2026/10/03 19:16:59.525, 1, 3323 MiB, 15360 MiB, 100 %\n"}
,{"stream_name":"stdout","time":2548.749110864,"data":"VRAM 2026/10/03 19:18:59.536, 0, 3323 MiB, 15360 MiB, 100 %\n"}
,{"stream_name":"stdout","time":2548.750673156,"data":"VRAM 2026/10/03 19:18:59.538, 1, 3323 MiB, 15360 MiB, 100 %\n"}
,{"stream_name":"stdout","time":2617.943725777,"data":"    it   2000  grad-match [0.32027, 0.31651] {'psnr_consensus': 9.893, 'psnr_best_seed': 8.965}\n"}
,{"stream_name":"stdout","time":2645.796634759,"data":"    it   2000  grad-match [0.21991, 0.3006] {'psnr_consensus': 8.84, 'psnr_best_seed': 8.26}\n"}
,{"stream_name":"stdout","time":2668.76148849,"data":"VRAM 2026/10/03 19:20:59.549, 0, 3323 MiB, 15360 MiB, 100 %\n"}
,{"stream_name":"stdout","time":2668.764069114,"data":"VRAM 2026/10/03 19:20:59.550, 1, 3323 MiB, 15360 MiB, 100 %\n"}
,{"stream_name":"stdout","time":2788.777191501,"data":"VRAM 2026/10/03 19:22:59.562, 0, 3323 MiB, 15360 MiB, 100 %\n"}
,{"stream_name":"stdout","time":2788.777452849,"data":"VRAM 2026/10/03 19:22:59.564, 1, 3323 MiB, 15360 MiB, 100 %\n"}
,{"stream_name":"stdout","time":2908.788892499,"data":"VRAM 2026/10/03 19:24:59.575, 0, 3323 MiB, 15360 MiB, 100 %\n"}
,{"stream_name":"stdout","time":2908.790539763,"data":"VRAM 2026/10/03 19:24:59.578, 1, 3323 MiB, 15360 MiB, 100 %\n"}
,{"stream_name":"stdout","time":3028.803365755,"data":"VRAM 2026/10/03 19:26:59.589, 0, 3323 MiB, 15360 MiB, 100 %\n"}
,{"stream_name":"stdout","time":3028.803754503,"data":"VRAM 2026/10/03 19:26:59.591, 1, 3323 MiB, 15360 MiB, 100 %\n"}
,{"stream_name":"stdout","time":3148.814884497,"data":"VRAM 2026/10/03 19:28:59.602, 0, 3323 MiB, 15360 MiB, 100 %\n"}
,{"stream_name":"stdout","time":3148.816480323,"data":"VRAM 2026/10/03 19:28:59.604, 1, 3323 MiB, 15360 MiB, 100 %\n"}
,{"stream_name":"stdout","time":3268.827572712,"data":"VRAM 2026/10/03 19:30:59.614, 0, 3323 MiB, 15360 MiB, 100 %\n"}
,{"stream_name":"stdout","time":3268.829082146,"data":"VRAM 2026/10/03 19:30:59.616, 1, 3323 MiB, 15360 MiB, 100 %\n"}
,{"stream_name":"stdout","time":3388.840838495,"data":"VRAM 2026/10/03 19:32:59.627, 0, 3323 MiB, 15360 MiB, 100 %\n"}
,{"stream_name":"stdout","time":3388.842499644,"data":"VRAM 2026/10/03 19:32:59.630, 1, 3323 MiB, 15360 MiB, 100 %\n"}
,{"stream_name":"stdout","time":3508.854995524,"data":"VRAM 2026/10/03 19:34:59.641, 0, 3323 MiB, 15360 MiB, 100 %\n"}
,{"stream_name":"stdout","time":3508.85518772,"data":"VRAM 2026/10/03 19:34:59.642, 1, 3323 MiB, 15360 MiB, 100 %\n"}
,{"stream_name":"stdout","time":3628.865952279,"data":"VRAM 2026/10/03 19:36:59.653, 0, 3323 MiB, 15360 MiB, 100 %\n"}
,{"stream_name":"stdout","time":3628.867888547,"data":"VRAM 2026/10/03 19:36:59.655, 1, 3323 MiB, 15360 MiB, 100 %\n"}
,{"stream_name":"stdout","time":3690.399352085,"data":"    it   3000  grad-match [0.23504, 0.19189] {'psnr_consensus': 9.929, 'psnr_best_seed': 9.843}\n"}
,{"stream_name":"stdout","time":3732.130621787,"data":"    it   3000  grad-match [0.19146, 0.16028] {'psnr_consensus': 9.068, 'psnr_best_seed': 8.813}\n"}
,{"stream_name":"stdout","time":3748.879898397,"data":"VRAM 2026/10/03 19:38:59.666, 0, 3323 MiB, 15360 MiB, 100 %\n"}
,{"stream_name":"stdout","time":3748.880199939,"data":"VRAM 2026/10/03 19:38:59.667, 1, 3323 MiB, 15360 MiB, 100 %\n"}
,{"stream_name":"stdout","time":3868.891302915,"data":"VRAM 2026/10/03 19:40:59.678, 0, 3323 MiB, 15360 MiB, 100 %\n"}
,{"stream_name":"stdout","time":3868.892923508,"data":"VRAM 2026/10/03 19:40:59.680, 1, 3323 MiB, 15360 MiB, 100 %\n"}
,{"stream_name":"stdout","time":3988.904328799,"data":"VRAM 2026/10/03 19:42:59.691, 0, 3323 MiB, 15360 MiB, 100 %\n"}
,{"stream_name":"stdout","time":3988.906037996,"data":"VRAM 2026/10/03 19:42:59.693, 1, 3323 MiB, 15360 MiB, 100 %\n"}
,{"stream_name":"stdout","time":4108.918611481,"data":"VRAM 2026/10/03 19:44:59.704, 0, 3323 MiB, 15360 MiB, 100 %\n"}
,{"stream_name":"stdout","time":4108.918907651,"data":"VRAM 2026/10/03 19:44:59.706, 1, 3323 MiB, 15360 MiB, 100 %\n"}
,{"stream_name":"stdout","time":4228.929920534,"data":"VRAM 2026/10/03 19:46:59.717, 0, 3323 MiB, 15360 MiB, 100 %\n"}
,{"stream_name":"stdout","time":4228.931670191,"data":"VRAM 2026/10/03 19:46:59.719, 1, 3323 MiB, 15360 MiB, 100 %\n"}
,{"stream_name":"stdout","time":4348.944174114,"data":"VRAM 2026/10/03 19:48:59.729, 0, 3323 MiB, 15360 MiB, 100 %\n"}
,{"stream_name":"stdout","time":4348.944541619,"data":"VRAM 2026/10/03 19:48:59.731, 1, 3323 MiB, 15360 MiB, 100 %\n"}
,{"stream_name":"stdout","time":4468.957465408,"data":"VRAM 2026/10/03 19:50:59.743, 0, 3323 MiB, 15360 MiB, 100 %\n"}
,{"stream_name":"stdout","time":4468.959084596,"data":"VRAM 2026/10/03 19:50:59.746, 1, 3323 MiB, 15360 MiB, 100 %\n"}
,{"stream_name":"stdout","time":4588.970625831,"data":"VRAM 2026/10/03 19:52:59.757, 0, 3323 MiB, 15360 MiB, 100 %\n"}
,{"stream_name":"stdout","time":4588.972058398,"data":"VRAM 2026/10/03 19:52:59.759, 1, 3323 MiB, 15360 MiB, 100 %\n"}
,{"stream_name":"stdout","time":4708.983407897,"data":"VRAM 2026/10/03 19:54:59.770, 0, 3323 MiB, 15360 MiB, 100 %\n"}
,{"stream_name":"stdout","time":4708.985296866,"data":"VRAM 2026/10/03 19:54:59.772, 1, 3323 MiB, 15360 MiB, 100 %\n"}
,{"stream_name":"stdout","time":4762.211220612,"data":"    it   4000  grad-match [0.17452, 0.10088] {'psnr_consensus': 10.672, 'psnr_best_seed': 10.228}\n"}
,{"stream_name":"stdout","time":4817.945854565,"data":"    it   4000  grad-match [0.18683, 0.13894] {'psnr_consensus': 9.195, 'psnr_best_seed': 9.015}\n"}
,{"stream_name":"stdout","time":4828.997715882,"data":"VRAM 2026/10/03 19:56:59.783, 0, 3323 MiB, 15360 MiB, 100 %\n"}
,{"stream_name":"stdout","time":4828.999207447,"data":"VRAM 2026/10/03 19:56:59.786, 1, 3323 MiB, 15360 MiB, 100 %\n"}
,{"stream_name":"stdout","time":4949.011075236,"data":"VRAM 2026/10/03 19:58:59.798, 0, 3323 MiB, 15360 MiB, 100 %\n"}
,{"stream_name":"stdout","time":4949.012536074,"data":"VRAM 2026/10/03 19:58:59.800, 1, 3323 MiB, 15360 MiB, 100 %\n"}
,{"stream_name":"stdout","time":5069.023633876,"data":"VRAM 2026/10/03 20:00:59.811, 0, 3323 MiB, 15360 MiB, 100 %\n"}
,{"stream_name":"stdout","time":5069.025289995,"data":"VRAM 2026/10/03 20:00:59.812, 1, 3323 MiB, 15360 MiB, 100 %\n"}
,{"stream_name":"stdout","time":5189.036410355,"data":"VRAM 2026/10/03 20:02:59.823, 0, 3323 MiB, 15360 MiB, 100 %\n"}
,{"stream_name":"stdout","time":5189.040069757,"data":"VRAM 2026/10/03 20:02:59.825, 1, 3323 MiB, 15360 MiB, 100 %\n"}
,{"stream_name":"stdout","time":5309.051487844,"data":"VRAM 2026/10/03 20:04:59.839, 0, 3323 MiB, 15360 MiB, 100 %\n"}
,{"stream_name":"stdout","time":5309.053187856,"data":"VRAM 2026/10/03 20:04:59.840, 1, 3323 MiB, 15360 MiB, 100 %\n"}
,{"stream_name":"stdout","time":5429.063879133,"data":"VRAM 2026/10/03 20:06:59.851, 0, 3323 MiB, 15360 MiB, 100 %\n"}
,{"stream_name":"stdout","time":5429.065278003,"data":"VRAM 2026/10/03 20:06:59.853, 1, 3323 MiB, 15360 MiB, 100 %\n"}
,{"stream_name":"stdout","time":5549.076190419,"data":"VRAM 2026/10/03 20:08:59.863, 0, 3323 MiB, 15360 MiB, 100 %\n"}
,{"stream_name":"stdout","time":5549.078072701,"data":"VRAM 2026/10/03 20:08:59.865, 1, 3323 MiB, 15360 MiB, 100 %\n"}
,{"stream_name":"stdout","time":5669.09022943,"data":"VRAM 2026/10/03 20:10:59.876, 0, 3323 MiB, 15360 MiB, 100 %\n"}
,{"stream_name":"stdout","time":5669.091797052,"data":"VRAM 2026/10/03 20:10:59.879, 1, 3323 MiB, 15360 MiB, 100 %\n"}
,{"stream_name":"stdout","time":5789.103305442,"data":"VRAM 2026/10/03 20:12:59.890, 0, 3323 MiB, 15360 MiB, 100 %\n"}
,{"stream_name":"stdout","time":5789.104845076,"data":"VRAM 2026/10/03 20:12:59.892, 1, 3323 MiB, 15360 MiB, 100 %\n"}
,{"stream_name":"stdout","time":5834.902967868,"data":"    it   5000  grad-match [0.21297, 0.20763] {'psnr_consensus': 10.308, 'psnr_best_seed': 9.747}\n"}
,{"stream_name":"stdout","time":5904.595677247,"data":"    it   5000  grad-match [0.14857, 0.5954] {'psnr_consensus': 8.67, 'psnr_best_seed': 8.995}\n"}
,{"stream_name":"stdout","time":5909.116167032,"data":"VRAM 2026/10/03 20:14:59.903, 0, 3323 MiB, 15360 MiB, 100 %\n"}
,{"stream_name":"stdout","time":5909.117622667,"data":"VRAM 2026/10/03 20:14:59.905, 1, 3323 MiB, 15360 MiB, 100 %\n"}
,{"stream_name":"stdout","time":6029.129243271,"data":"VRAM 2026/10/03 20:16:59.916, 0, 3323 MiB, 15360 MiB, 100 %\n"}
,{"stream_name":"stdout","time":6029.130833218,"data":"VRAM 2026/10/03 20:16:59.918, 1, 3323 MiB, 15360 MiB, 100 %\n"}
,{"stream_name":"stdout","time":6149.141588801,"data":"VRAM 2026/10/03 20:18:59.929, 0, 3323 MiB, 15360 MiB, 100 %\n"}
,{"stream_name":"stdout","time":6149.143398677,"data":"VRAM 2026/10/03 20:18:59.930, 1, 3323 MiB, 15360 MiB, 100 %\n"}
,{"stream_name":"stdout","time":6269.154824178,"data":"VRAM 2026/10/03 20:20:59.941, 0, 3323 MiB, 15360 MiB, 100 %\n"}
,{"stream_name":"stdout","time":6269.156833115,"data":"VRAM 2026/10/03 20:20:59.944, 1, 3323 MiB, 15360 MiB, 100 %\n"}
,{"stream_name":"stdout","time":6389.167719667,"data":"VRAM 2026/10/03 20:22:59.955, 0, 3323 MiB, 15360 MiB, 100 %\n"}
,{"stream_name":"stdout","time":6389.170016289,"data":"VRAM 2026/10/03 20:22:59.956, 1, 3323 MiB, 15360 MiB, 100 %\n"}
,{"stream_name":"stdout","time":6509.182850203,"data":"VRAM 2026/10/03 20:24:59.968, 0, 3323 MiB, 15360 MiB, 100 %\n"}
,{"stream_name":"stdout","time":6509.183230874,"data":"VRAM 2026/10/03 20:24:59.970, 1, 3323 MiB, 15360 MiB, 100 %\n"}
,{"stream_name":"stdout","time":6629.194163474,"data":"VRAM 2026/10/03 20:26:59.981, 0, 3323 MiB, 15360 MiB, 100 %\n"}
,{"stream_name":"stdout","time":6629.196271189,"data":"VRAM 2026/10/03 20:26:59.983, 1, 3323 MiB, 15360 MiB, 100 %\n"}
,{"stream_name":"stdout","time":6749.208488882,"data":"VRAM 2026/10/03 20:28:59.994, 0, 3323 MiB, 15360 MiB, 100 %\n"}
,{"stream_name":"stdout","time":6749.208711982,"data":"VRAM 2026/10/03 20:28:59.996, 1, 3323 MiB, 15360 MiB, 100 %\n"}
,{"stream_name":"stdout","time":6869.21982909,"data":"VRAM 2026/10/03 20:31:00.007, 0, 3323 MiB, 15360 MiB, 100 %\n"}
,{"stream_name":"stdout","time":6869.221197128,"data":"VRAM 2026/10/03 20:31:00.009, 1, 3323 MiB, 15360 MiB, 100 %\n"}
,{"stream_name":"stdout","time":6910.182174356,"data":"    it   6000  grad-match [0.22269, 0.2272] {'psnr_consensus': 10.554, 'psnr_best_seed': 9.962}\n"}
,{"stream_name":"stdout","time":6989.233227477,"data":"VRAM 2026/10/03 20:33:00.019, 0, 3323 MiB, 15360 MiB, 100 %\n"}
,{"stream_name":"stdout","time":6989.236990253,"data":"VRAM 2026/10/03 20:33:00.022, 1, 3323 MiB, 15360 MiB, 100 %\n"}
,{"stream_name":"stdout","time":6993.132551111,"data":"    it   6000  grad-match [0.13418, 0.29633] {'psnr_consensus': 9.044, 'psnr_best_seed': 9.101}\n"}
,{"stream_name":"stdout","time":7109.249892097,"data":"VRAM 2026/10/03 20:35:00.035, 0, 3323 MiB, 15360 MiB, 100 %\n"}
,{"stream_name":"stdout","time":7109.250049555,"data":"VRAM 2026/10/03 20:35:00.037, 1, 3323 MiB, 15360 MiB, 100 %\n"}
,{"stream_name":"stdout","time":7229.2610117,"data":"VRAM 2026/10/03 20:37:00.048, 0, 3323 MiB, 15360 MiB, 100 %\n"}
,{"stream_name":"stdout","time":7229.262761135,"data":"VRAM 2026/10/03 20:37:00.050, 1, 3323 MiB, 15360 MiB, 100 %\n"}
,{"stream_name":"stdout","time":7349.273232982,"data":"VRAM 2026/10/03 20:39:00.060, 0, 3323 MiB, 15360 MiB, 100 %\n"}
,{"stream_name":"stdout","time":7349.274780451,"data":"VRAM 2026/10/03 20:39:00.062, 1, 3323 MiB, 15360 MiB, 100 %\n"}
,{"stream_name":"stdout","time":7469.285524935,"data":"VRAM 2026/10/03 20:41:00.073, 0, 3323 MiB, 15360 MiB, 100 %\n"}
,{"stream_name":"stdout","time":7469.287445919,"data":"VRAM 2026/10/03 20:41:00.074, 1, 3323 MiB, 15360 MiB, 100 %\n"}
,{"stream_name":"stdout","time":7589.298032282,"data":"VRAM 2026/10/03 20:43:00.085, 0, 3323 MiB, 15360 MiB, 100 %\n"}
,{"stream_name":"stdout","time":7589.30019906,"data":"VRAM 2026/10/03 20:43:00.087, 1, 3323 MiB, 15360 MiB, 100 %\n"}
,{"stream_name":"stdout","time":7709.313643695,"data":"VRAM 2026/10/03 20:45:00.099, 0, 3323 MiB, 15360 MiB, 100 %\n"}
,{"stream_name":"stdout","time":7709.313716305,"data":"VRAM 2026/10/03 20:45:00.101, 1, 3323 MiB, 15360 MiB, 100 %\n"}
,{"stream_name":"stdout","time":7829.324650288,"data":"VRAM 2026/10/03 20:47:00.112, 0, 3323 MiB, 15360 MiB, 100 %\n"}
,{"stream_name":"stdout","time":7829.326431238,"data":"VRAM 2026/10/03 20:47:00.113, 1, 3323 MiB, 15360 MiB, 100 %\n"}
,{"stream_name":"stdout","time":7949.33802771,"data":"VRAM 2026/10/03 20:49:00.125, 0, 3323 MiB, 15360 MiB, 100 %\n"}
,{"stream_name":"stdout","time":7949.339658377,"data":"VRAM 2026/10/03 20:49:00.127, 1, 3323 MiB, 15360 MiB, 100 %\n"}
,{"stream_name":"stdout","time":7983.691687916,"data":"    it   7000  grad-match [0.10984, 0.13479] {'psnr_consensus': 11.292, 'psnr_best_seed': 10.92}\n"}
,{"stream_name":"stdout","time":8069.350764378,"data":"VRAM 2026/10/03 20:51:00.138, 0, 3323 MiB, 15360 MiB, 100 %\n"}
,{"stream_name":"stdout","time":8069.352316726,"data":"VRAM 2026/10/03 20:51:00.140, 1, 3323 MiB, 15360 MiB, 100 %\n"}
,{"stream_name":"stdout","time":8080.368124481,"data":"    it   7000  grad-match [0.10093, 0.13539] {'psnr_consensus': 9.217, 'psnr_best_seed': 9.265}\n"}
,{"stream_name":"stdout","time":8189.363402382,"data":"VRAM 2026/10/03 20:53:00.150, 0, 3323 MiB, 15360 MiB, 100 %\n"}
,{"stream_name":"stdout","time":8189.365478269,"data":"VRAM 2026/10/03 20:53:00.152, 1, 3323 MiB, 15360 MiB, 100 %\n"}
,{"stream_name":"stdout","time":8309.376997611,"data":"VRAM 2026/10/03 20:55:00.164, 0, 3323 MiB, 15360 MiB, 100 %\n"}
,{"stream_name":"stdout","time":8309.378902039,"data":"VRAM 2026/10/03 20:55:00.166, 1, 3323 MiB, 15360 MiB, 100 %\n"}
,{"stream_name":"stdout","time":8429.390748231,"data":"VRAM 2026/10/03 20:57:00.177, 0, 3323 MiB, 15360 MiB, 100 %\n"}
,{"stream_name":"stdout","time":8429.392974806,"data":"VRAM 2026/10/03 20:57:00.179, 1, 3323 MiB, 15360 MiB, 100 %\n"}
,{"stream_name":"stdout","time":8549.404036523,"data":"VRAM 2026/10/03 20:59:00.191, 0, 3323 MiB, 15360 MiB, 100 %\n"}
,{"stream_name":"stdout","time":8549.405790276,"data":"VRAM 2026/10/03 20:59:00.193, 1, 3323 MiB, 15360 MiB, 100 %\n"}
,{"stream_name":"stdout","time":8669.416924217,"data":"VRAM 2026/10/03 21:01:00.204, 0, 3323 MiB, 15360 MiB, 100 %\n"}
,{"stream_name":"stdout","time":8669.419230544,"data":"VRAM 2026/10/03 21:01:00.206, 1, 3323 MiB, 15360 MiB, 100 %\n"}
,{"stream_name":"stdout","time":8789.432676598,"data":"VRAM 2026/10/03 21:03:00.218, 0, 3323 MiB, 15360 MiB, 100 %\n"}
,{"stream_name":"stdout","time":8789.432925159,"data":"VRAM 2026/10/03 21:03:00.220, 1, 3323 MiB, 15360 MiB, 100 %\n"}
,{"stream_name":"stdout","time":8909.444747925,"data":"VRAM 2026/10/03 21:05:00.231, 0, 3323 MiB, 15360 MiB, 100 %\n"}
,{"stream_name":"stdout","time":8909.446416045,"data":"VRAM 2026/10/03 21:05:00.234, 1, 3323 MiB, 15360 MiB, 100 %\n"}
,{"stream_name":"stdout","time":9029.46084896,"data":"VRAM 2026/10/03 21:07:00.245, 0, 3323 MiB, 15360 MiB, 100 %\n"}
,{"stream_name":"stdout","time":9029.461059223,"data":"VRAM 2026/10/03 21:07:00.248, 1, 3323 MiB, 15360 MiB, 100 %\n"}
,{"stream_name":"stdout","time":9054.608043697,"data":"    it   8000  grad-match [0.16945, 0.24048] {'psnr_consensus': 11.374, 'psnr_best_seed': 10.981}\n"}
,{"stream_name":"stdout","time":9149.472534936,"data":"VRAM 2026/10/03 21:09:00.260, 0, 3323 MiB, 15360 MiB, 100 %\n"}
,{"stream_name":"stdout","time":9149.474268944,"data":"VRAM 2026/10/03 21:09:00.261, 1, 3323 MiB, 15360 MiB, 100 %\n"}
,{"stream_name":"stdout","time":9164.862178382,"data":"    it   8000  grad-match [0.10449, 0.13692] {'psnr_consensus': 9.361, 'psnr_best_seed': 9.328}\n"}
,{"stream_name":"stdout","time":9269.485248256,"data":"VRAM 2026/10/03 21:11:00.272, 0, 3323 MiB, 15360 MiB, 100 %\n"}
,{"stream_name":"stdout","time":9269.486931296,"data":"VRAM 2026/10/03 21:11:00.274, 1, 3323 MiB, 15360 MiB, 100 %\n"}
,{"stream_name":"stdout","time":9389.498241721,"data":"VRAM 2026/10/03 21:13:00.285, 0, 3323 MiB, 15360 MiB, 100 %\n"}
,{"stream_name":"stdout","time":9389.499944227,"data":"VRAM 2026/10/03 21:13:00.287, 1, 3323 MiB, 15360 MiB, 100 %\n"}
,{"stream_name":"stdout","time":9509.511377646,"data":"VRAM 2026/10/03 21:15:00.298, 0, 3323 MiB, 15360 MiB, 100 %\n"}
,{"stream_name":"stdout","time":9509.512645522,"data":"VRAM 2026/10/03 21:15:00.300, 1, 3323 MiB, 15360 MiB, 100 %\n"}
,{"stream_name":"stdout","time":9629.523866003,"data":"VRAM 2026/10/03 21:17:00.311, 0, 3323 MiB, 15360 MiB, 100 %\n"}
,{"stream_name":"stdout","time":9629.525612883,"data":"VRAM 2026/10/03 21:17:00.313, 1, 3323 MiB, 15360 MiB, 100 %\n"}
,{"stream_name":"stdout","time":9749.536715424,"data":"VRAM 2026/10/03 21:19:00.324, 0, 3323 MiB, 15360 MiB, 100 %\n"}
,{"stream_name":"stdout","time":9749.538592999,"data":"VRAM 2026/10/03 21:19:00.326, 1, 3323 MiB, 15360 MiB, 100 %\n"}
,{"stream_name":"stdout","time":9869.549922931,"data":"VRAM 2026/10/03 21:21:00.337, 0, 3323 MiB, 15360 MiB, 100 %\n"}
,{"stream_name":"stdout","time":9869.552366377,"data":"VRAM 2026/10/03 21:21:00.339, 1, 3323 MiB, 15360 MiB, 100 %\n"}
,{"stream_name":"stdout","time":9989.56366818,"data":"VRAM 2026/10/03 21:23:00.350, 0, 3323 MiB, 15360 MiB, 100 %\n"}
,{"stream_name":"stdout","time":9989.565211804,"data":"VRAM 2026/10/03 21:23:00.352, 1, 3323 MiB, 15360 MiB, 100 %\n"}
,{"stream_name":"stdout","time":10109.576248314,"data":"VRAM 2026/10/03 21:25:00.363, 0, 3323 MiB, 15360 MiB, 100 %\n"}
,{"stream_name":"stdout","time":10109.577749501,"data":"VRAM 2026/10/03 21:25:00.365, 1, 3323 MiB, 15360 MiB, 100 %\n"}
,{"stream_name":"stdout","time":10127.891902665,"data":"    it   9000  grad-match [0.11435, 0.19584] {'psnr_consensus': 11.089, 'psnr_best_seed': 9.896}\n"}
,{"stream_name":"stdout","time":10229.588994095,"data":"VRAM 2026/10/03 21:27:00.376, 0, 3323 MiB, 15360 MiB, 100 %\n"}
,{"stream_name":"stdout","time":10229.590446145,"data":"VRAM 2026/10/03 21:27:00.378, 1, 3323 MiB, 15360 MiB, 100 %\n"}
,{"stream_name":"stdout","time":10250.391702806,"data":"    it   9000  grad-match [0.0776, 0.10738] {'psnr_consensus': 9.437, 'psnr_best_seed': 9.463}\n"}
,{"stream_name":"stdout","time":10349.60190079,"data":"VRAM 2026/10/03 21:29:00.388, 0, 3323 MiB, 15360 MiB, 100 %\n"}
,{"stream_name":"stdout","time":10349.603695677,"data":"VRAM 2026/10/03 21:29:00.391, 1, 3323 MiB, 15360 MiB, 100 %\n"}
,{"stream_name":"stdout","time":10469.616473524,"data":"VRAM 2026/10/03 21:31:00.402, 0, 3323 MiB, 15360 MiB, 100 %\n"}
,{"stream_name":"stdout","time":10469.616761919,"data":"VRAM 2026/10/03 21:31:00.404, 1, 3323 MiB, 15360 MiB, 100 %\n"}
,{"stream_name":"stdout","time":10589.628027512,"data":"VRAM 2026/10/03 21:33:00.415, 0, 3323 MiB, 15360 MiB, 100 %\n"}
,{"stream_name":"stdout","time":10589.630105977,"data":"VRAM 2026/10/03 21:33:00.417, 1, 3323 MiB, 15360 MiB, 100 %\n"}
,{"stream_name":"stdout","time":10709.641258425,"data":"VRAM 2026/10/03 21:35:00.429, 0, 3323 MiB, 15360 MiB, 100 %\n"}
,{"stream_name":"stdout","time":10709.643737994,"data":"VRAM 2026/10/03 21:35:00.430, 1, 3323 MiB, 15360 MiB, 100 %\n"}
,{"stream_name":"stdout","time":10829.655307874,"data":"VRAM 2026/10/03 21:37:00.442, 0, 3323 MiB, 15360 MiB, 100 %\n"}
,{"stream_name":"stdout","time":10829.657078604,"data":"VRAM 2026/10/03 21:37:00.444, 1, 3323 MiB, 15360 MiB, 100 %\n"}
,{"stream_name":"stdout","time":10949.667643435,"data":"VRAM 2026/10/03 21:39:00.455, 0, 3323 MiB, 15360 MiB, 100 %\n"}
,{"stream_name":"stdout","time":10949.669045882,"data":"VRAM 2026/10/03 21:39:00.456, 1, 3323 MiB, 15360 MiB, 100 %\n"}
,{"stream_name":"stdout","time":11069.681617357,"data":"VRAM 2026/10/03 21:41:00.468, 0, 3323 MiB, 15360 MiB, 100 %\n"}
,{"stream_name":"stdout","time":11069.681940902,"data":"VRAM 2026/10/03 21:41:00.469, 1, 3323 MiB, 15360 MiB, 100 %\n"}
,{"stream_name":"stdout","time":11189.69424343,"data":"VRAM 2026/10/03 21:43:00.480, 0, 3323 MiB, 15360 MiB, 100 %\n"}
,{"stream_name":"stdout","time":11189.696073466,"data":"VRAM 2026/10/03 21:43:00.483, 1, 3323 MiB, 15360 MiB, 100 %\n"}
,{"stream_name":"stdout","time":11202.876330713,"data":"    it  10000  grad-match [0.15221, 0.07666] {'psnr_consensus': 11.394, 'psnr_best_seed': 11.418}\n"}
,{"stream_name":"stdout","time":11309.708222573,"data":"VRAM 2026/10/03 21:45:00.495, 0, 3323 MiB, 15360 MiB, 100 %\n"}
,{"stream_name":"stdout","time":11309.709598971,"data":"VRAM 2026/10/03 21:45:00.497, 1, 3323 MiB, 15360 MiB, 100 %\n"}
,{"stream_name":"stdout","time":11336.879088321,"data":"    it  10000  grad-match [0.14102, 0.0831] {'psnr_consensus': 9.178, 'psnr_best_seed': 9.085}\n"}
,{"stream_name":"stdout","time":11429.720609521,"data":"VRAM 2026/10/03 21:47:00.508, 0, 3323 MiB, 15360 MiB, 100 %\n"}
,{"stream_name":"stdout","time":11429.722285957,"data":"VRAM 2026/10/03 21:47:00.509, 1, 3323 MiB, 15360 MiB, 100 %\n"}
,{"stream_name":"stdout","time":11549.732865216,"data":"VRAM 2026/10/03 21:49:00.520, 0, 3323 MiB, 15360 MiB, 100 %\n"}
,{"stream_name":"stdout","time":11549.734719994,"data":"VRAM 2026/10/03 21:49:00.522, 1, 3323 MiB, 15360 MiB, 100 %\n"}
,{"stream_name":"stdout","time":11669.747319278,"data":"VRAM 2026/10/03 21:51:00.533, 0, 3323 MiB, 15360 MiB, 100 %\n"}
,{"stream_name":"stdout","time":11669.747363694,"data":"VRAM 2026/10/03 21:51:00.534, 1, 3323 MiB, 15360 MiB, 100 %\n"}
,{"stream_name":"stdout","time":11789.758732451,"data":"VRAM 2026/10/03 21:53:00.546, 0, 3323 MiB, 15360 MiB, 100 %\n"}
,{"stream_name":"stdout","time":11789.760943545,"data":"VRAM 2026/10/03 21:53:00.548, 1, 3323 MiB, 15360 MiB, 100 %\n"}
,{"stream_name":"stdout","time":11909.772419045,"data":"VRAM 2026/10/03 21:55:00.560, 0, 3323 MiB, 15360 MiB, 100 %\n"}
,{"stream_name":"stdout","time":11909.774642751,"data":"VRAM 2026/10/03 21:55:00.561, 1, 3323 MiB, 15360 MiB, 100 %\n"}
,{"stream_name":"stdout","time":12029.785761272,"data":"VRAM 2026/10/03 21:57:00.573, 0, 3323 MiB, 15360 MiB, 100 %\n"}
,{"stream_name":"stdout","time":12029.788066659,"data":"VRAM 2026/10/03 21:57:00.575, 1, 3323 MiB, 15360 MiB, 100 %\n"}
,{"stream_name":"stdout","time":12149.800019805,"data":"VRAM 2026/10/03 21:59:00.586, 0, 3323 MiB, 15360 MiB, 100 %\n"}
,{"stream_name":"stdout","time":12149.801778263,"data":"VRAM 2026/10/03 21:59:00.589, 1, 3323 MiB, 15360 MiB, 100 %\n"}
,{"stream_name":"stdout","time":12269.814753389,"data":"VRAM 2026/10/03 22:01:00.600, 0, 3323 MiB, 15360 MiB, 100 %\n"}
,{"stream_name":"stdout","time":12269.816886539,"data":"VRAM 2026/10/03 22:01:00.604, 1, 3323 MiB, 15360 MiB, 100 %\n"}
,{"stream_name":"stdout","time":12277.515004162,"data":"    it  11000  grad-match [0.17275, 0.06113] {'psnr_consensus': 11.554, 'psnr_best_seed': 11.731}\n"}
,{"stream_name":"stdout","time":12389.828353256,"data":"VRAM 2026/10/03 22:03:00.615, 0, 3323 MiB, 15360 MiB, 100 %\n"}
,{"stream_name":"stdout","time":12389.830186686,"data":"VRAM 2026/10/03 22:03:00.617, 1, 3323 MiB, 15360 MiB, 100 %\n"}
,{"stream_name":"stdout","time":12423.426737097,"data":"    it  11000  grad-match [0.10479, 0.07677] {'psnr_consensus': 9.484, 'psnr_best_seed': 9.3}\n"}
,{"stream_name":"stdout","time":12509.842559948,"data":"VRAM 2026/10/03 22:05:00.628, 0, 3323 MiB, 15360 MiB, 100 %\n"}
,{"stream_name":"stdout","time":12509.842731471,"data":"VRAM 2026/10/03 22:05:00.630, 1, 3323 MiB, 15360 MiB, 100 %\n"}
,{"stream_name":"stdout","time":12629.853327809,"data":"VRAM 2026/10/03 22:07:00.641, 0, 3323 MiB, 15360 MiB, 100 %\n"}
,{"stream_name":"stdout","time":12629.855149723,"data":"VRAM 2026/10/03 22:07:00.642, 1, 3323 MiB, 15360 MiB, 100 %\n"}
,{"stream_name":"stdout","time":12749.866881104,"data":"VRAM 2026/10/03 22:09:00.653, 0, 3323 MiB, 15360 MiB, 100 %\n"}
,{"stream_name":"stdout","time":12749.8687897,"data":"VRAM 2026/10/03 22:09:00.656, 1, 3323 MiB, 15360 MiB, 100 %\n"}
,{"stream_name":"stdout","time":12869.880287946,"data":"VRAM 2026/10/03 22:11:00.667, 0, 3323 MiB, 15360 MiB, 100 %\n"}
,{"stream_name":"stdout","time":12869.881951802,"data":"VRAM 2026/10/03 22:11:00.669, 1, 3323 MiB, 15360 MiB, 100 %\n"}
,{"stream_name":"stdout","time":12989.893722085,"data":"VRAM 2026/10/03 22:13:00.681, 0, 3323 MiB, 15360 MiB, 100 %\n"}
,{"stream_name":"stdout","time":12989.895328726,"data":"VRAM 2026/10/03 22:13:00.683, 1, 3323 MiB, 15360 MiB, 100 %\n"}
,{"stream_name":"stdout","time":13109.906815288,"data":"VRAM 2026/10/03 22:15:00.694, 0, 3323 MiB, 15360 MiB, 100 %\n"}
,{"stream_name":"stdout","time":13109.908414436,"data":"VRAM 2026/10/03 22:15:00.696, 1, 3323 MiB, 15360 MiB, 100 %\n"}
,{"stream_name":"stdout","time":13229.920093321,"data":"VRAM 2026/10/03 22:17:00.707, 0, 3323 MiB, 15360 MiB, 100 %\n"}
,{"stream_name":"stdout","time":13229.92154689,"data":"VRAM 2026/10/03 22:17:00.709, 1, 3323 MiB, 15360 MiB, 100 %\n"}
,{"stream_name":"stdout","time":13349.933769987,"data":"VRAM 2026/10/03 22:19:00.719, 0, 3323 MiB, 15360 MiB, 100 %\n"}
,{"stream_name":"stdout","time":13349.933868162,"data":"VRAM 2026/10/03 22:19:00.721, 1, 3323 MiB, 15360 MiB, 100 %\n"}
,{"stream_name":"stdout","time":13352.032856874,"data":"    it  12000  grad-match [0.22811, 0.06038] {'psnr_consensus': 11.743, 'psnr_best_seed': 11.68}\n"}
,{"stream_name":"stdout","time":13469.946687424,"data":"VRAM 2026/10/03 22:21:00.732, 0, 3323 MiB, 15360 MiB, 100 %\n"}
,{"stream_name":"stdout","time":13469.947032802,"data":"VRAM 2026/10/03 22:21:00.734, 1, 3323 MiB, 15360 MiB, 100 %\n"}
,{"stream_name":"stdout","time":13509.571978904,"data":"    it  12000  grad-match [0.08877, 0.06676] {'psnr_consensus': 9.678, 'psnr_best_seed': 9.395}\n"}
,{"stream_name":"stdout","time":13589.958704112,"data":"VRAM 2026/10/03 22:23:00.745, 0, 3323 MiB, 15360 MiB, 100 %\n"}
,{"stream_name":"stdout","time":13589.960865087,"data":"VRAM 2026/10/03 22:23:00.748, 1, 3323 MiB, 15360 MiB, 100 %\n"}
,{"stream_name":"stdout","time":13709.973700087,"data":"VRAM 2026/10/03 22:25:00.759, 0, 3323 MiB, 15360 MiB, 100 %\n"}
,{"stream_name":"stdout","time":13709.974048744,"data":"VRAM 2026/10/03 22:25:00.761, 1, 3323 MiB, 15360 MiB, 100 %\n"}
,{"stream_name":"stdout","time":13829.985546886,"data":"VRAM 2026/10/03 22:27:00.773, 0, 3323 MiB, 15360 MiB, 100 %\n"}
,{"stream_name":"stdout","time":13829.987496339,"data":"VRAM 2026/10/03 22:27:00.774, 1, 3323 MiB, 15360 MiB, 100 %\n"}
,{"stream_name":"stdout","time":13949.998906287,"data":"VRAM 2026/10/03 22:29:00.785, 0, 3323 MiB, 15360 MiB, 100 %\n"}
,{"stream_name":"stdout","time":13950.000527584,"data":"VRAM 2026/10/03 22:29:00.788, 1, 3323 MiB, 15360 MiB, 100 %\n"}
,{"stream_name":"stdout","time":14070.011118188,"data":"VRAM 2026/10/03 22:31:00.798, 0, 3323 MiB, 15360 MiB, 100 %\n"}
,{"stream_name":"stdout","time":14070.012756658,"data":"VRAM 2026/10/03 22:31:00.800, 1, 3323 MiB, 15360 MiB, 100 %\n"}
,{"stream_name":"stdout","time":14190.024319842,"data":"VRAM 2026/10/03 22:33:00.811, 0, 3323 MiB, 15360 MiB, 100 %\n"}
,{"stream_name":"stdout","time":14190.025852052,"data":"VRAM 2026/10/03 22:33:00.813, 1, 3323 MiB, 15360 MiB, 100 %\n"}
,{"stream_name":"stdout","time":14310.03713478,"data":"VRAM 2026/10/03 22:35:00.824, 0, 3323 MiB, 15360 MiB, 100 %\n"}
,{"stream_name":"stdout","time":14310.038819282,"data":"VRAM 2026/10/03 22:35:00.826, 1, 3323 MiB, 15360 MiB, 100 %\n"}
,{"stream_name":"stdout","time":14426.356482282,"data":"    it  13000  grad-match [0.08297, 0.05107] {'psnr_consensus': 12.02, 'psnr_best_seed': 12.028}\n"}
,{"stream_name":"stdout","time":14430.049358028,"data":"VRAM 2026/10/03 22:37:00.836, 0, 3323 MiB, 15360 MiB, 100 %\n"}
,{"stream_name":"stdout","time":14430.050922328,"data":"VRAM 2026/10/03 22:37:00.838, 1, 3323 MiB, 15360 MiB, 100 %\n"}
,{"stream_name":"stdout","time":14550.062068355,"data":"VRAM 2026/10/03 22:39:00.849, 0, 3323 MiB, 15360 MiB, 100 %\n"}
,{"stream_name":"stdout","time":14550.063630869,"data":"VRAM 2026/10/03 22:39:00.851, 1, 3323 MiB, 15360 MiB, 100 %\n"}
,{"stream_name":"stdout","time":14595.636886112,"data":"    it  13000  grad-match [0.07671, 0.0746] {'psnr_consensus': 9.927, 'psnr_best_seed': 9.707}\n"}
,{"stream_name":"stdout","time":14670.074423204,"data":"VRAM 2026/10/03 22:41:00.861, 0, 3323 MiB, 15360 MiB, 100 %\n"}
,{"stream_name":"stdout","time":14670.076180157,"data":"VRAM 2026/10/03 22:41:00.863, 1, 3323 MiB, 15360 MiB, 100 %\n"}
,{"stream_name":"stdout","time":14790.088324868,"data":"VRAM 2026/10/03 22:43:00.874, 0, 3323 MiB, 15360 MiB, 100 %\n"}
,{"stream_name":"stdout","time":14790.088478668,"data":"VRAM 2026/10/03 22:43:00.876, 1, 3323 MiB, 15360 MiB, 100 %\n"}
,{"stream_name":"stdout","time":14910.100119521,"data":"VRAM 2026/10/03 22:45:00.887, 0, 3323 MiB, 15360 MiB, 100 %\n"}
,{"stream_name":"stdout","time":14910.103455845,"data":"VRAM 2026/10/03 22:45:00.889, 1, 3323 MiB, 15360 MiB, 100 %\n"}
,{"stream_name":"stdout","time":15030.114400516,"data":"VRAM 2026/10/03 22:47:00.901, 0, 3323 MiB, 15360 MiB, 100 %\n"}
,{"stream_name":"stdout","time":15030.116071162,"data":"VRAM 2026/10/03 22:47:00.903, 1, 3323 MiB, 15360 MiB, 100 %\n"}
,{"stream_name":"stdout","time":15150.127656729,"data":"VRAM 2026/10/03 22:49:00.914, 0, 3323 MiB, 15360 MiB, 100 %\n"}
,{"stream_name":"stdout","time":15150.129458939,"data":"VRAM 2026/10/03 22:49:00.916, 1, 3323 MiB, 15360 MiB, 100 %\n"}
,{"stream_name":"stdout","time":15270.141099577,"data":"VRAM 2026/10/03 22:51:00.928, 0, 3323 MiB, 15360 MiB, 100 %\n"}
,{"stream_name":"stdout","time":15270.142818502,"data":"VRAM 2026/10/03 22:51:00.930, 1, 3323 MiB, 15360 MiB, 100 %\n"}
,{"stream_name":"stdout","time":15390.154530838,"data":"VRAM 2026/10/03 22:53:00.941, 0, 3323 MiB, 15360 MiB, 100 %\n"}
,{"stream_name":"stdout","time":15390.156452389,"data":"VRAM 2026/10/03 22:53:00.943, 1, 3323 MiB, 15360 MiB, 100 %\n"}
,{"stream_name":"stdout","time":15501.232301654,"data":"    it  14000  grad-match [0.05143, 0.06107] {'psnr_consensus': 12.113, 'psnr_best_seed': 11.384}\n"}
,{"stream_name":"stdout","time":15510.169251429,"data":"VRAM 2026/10/03 22:55:00.954, 0, 3323 MiB, 15360 MiB, 100 %\n"}
,{"stream_name":"stdout","time":15510.1693493,"data":"VRAM 2026/10/03 22:55:00.956, 1, 3323 MiB, 15360 MiB, 100 %\n"}
,{"stream_name":"stdout","time":15630.181413331,"data":"VRAM 2026/10/03 22:57:00.968, 0, 3323 MiB, 15360 MiB, 100 %\n"}
,{"stream_name":"stdout","time":15630.182963131,"data":"VRAM 2026/10/03 22:57:00.970, 1, 3323 MiB, 15360 MiB, 100 %\n"}
,{"stream_name":"stdout","time":15682.338648937,"data":"    it  14000  grad-match [0.0726, 0.04918] {'psnr_consensus': 10.078, 'psnr_best_seed': 9.887}\n"}
,{"stream_name":"stdout","time":15750.194116861,"data":"VRAM 2026/10/03 22:59:00.981, 0, 3323 MiB, 15360 MiB, 100 %\n"}
,{"stream_name":"stdout","time":15750.195751076,"data":"VRAM 2026/10/03 22:59:00.983, 1, 3323 MiB, 15360 MiB, 100 %\n"}
,{"stream_name":"stdout","time":15870.206700064,"data":"VRAM 2026/10/03 23:01:00.994, 0, 3323 MiB, 15360 MiB, 100 %\n"}
,{"stream_name":"stdout","time":15870.208153249,"data":"VRAM 2026/10/03 23:01:00.995, 1, 3323 MiB, 15360 MiB, 100 %\n"}
,{"stream_name":"stdout","time":15990.219812925,"data":"VRAM 2026/10/03 23:03:01.007, 0, 3323 MiB, 15360 MiB, 100 %\n"}
,{"stream_name":"stdout","time":15990.22172368,"data":"VRAM 2026/10/03 23:03:01.009, 1, 3323 MiB, 15360 MiB, 100 %\n"}
,{"stream_name":"stdout","time":16110.232677752,"data":"VRAM 2026/10/03 23:05:01.019, 0, 3323 MiB, 15360 MiB, 100 %\n"}
,{"stream_name":"stdout","time":16110.234208292,"data":"VRAM 2026/10/03 23:05:01.021, 1, 3323 MiB, 15360 MiB, 100 %\n"}
,{"stream_name":"stdout","time":16230.245225893,"data":"VRAM 2026/10/03 23:07:01.032, 0, 3323 MiB, 15360 MiB, 100 %\n"}
,{"stream_name":"stdout","time":16230.247820785,"data":"VRAM 2026/10/03 23:07:01.034, 1, 3323 MiB, 15360 MiB, 100 %\n"}
,{"stream_name":"stdout","time":16350.259545235,"data":"VRAM 2026/10/03 23:09:01.045, 0, 3323 MiB, 15360 MiB, 100 %\n"}
,{"stream_name":"stdout","time":16350.261395643,"data":"VRAM 2026/10/03 23:09:01.048, 1, 3323 MiB, 15360 MiB, 100 %\n"}
,{"stream_name":"stdout","time":16470.272146156,"data":"VRAM 2026/10/03 23:11:01.059, 0, 3323 MiB, 15360 MiB, 100 %\n"}
,{"stream_name":"stdout","time":16470.273930967,"data":"VRAM 2026/10/03 23:11:01.061, 1, 3323 MiB, 15360 MiB, 100 %\n"}
,{"stream_name":"stdout","time":16574.749501882,"data":"    it  15000  grad-match [0.06322, 0.04393] {'psnr_consensus': 12.195, 'psnr_best_seed': 12.076}\n"}
,{"stream_name":"stdout","time":16590.284550855,"data":"VRAM 2026/10/03 23:13:01.072, 0, 3323 MiB, 15360 MiB, 100 %\n"}
,{"stream_name":"stdout","time":16590.286102361,"data":"VRAM 2026/10/03 23:13:01.073, 1, 3323 MiB, 15360 MiB, 100 %\n"}
,{"stream_name":"stdout","time":16710.298536063,"data":"VRAM 2026/10/03 23:15:01.084, 0, 3323 MiB, 15360 MiB, 100 %\n"}
,{"stream_name":"stdout","time":16710.298790837,"data":"VRAM 2026/10/03 23:15:01.086, 1, 3323 MiB, 15360 MiB, 100 %\n"}
,{"stream_name":"stdout","time":16768.008291765,"data":"    it  15000  grad-match [0.06518, 0.04955] {'psnr_consensus': 10.191, 'psnr_best_seed': 9.997}\n"}
,{"stream_name":"stdout","time":16830.31022372,"data":"VRAM 2026/10/03 23:17:01.097, 0, 3323 MiB, 15360 MiB, 100 %\n"}
,{"stream_name":"stdout","time":16830.311697811,"data":"VRAM 2026/10/03 23:17:01.099, 1, 3323 MiB, 15360 MiB, 100 %\n"}
,{"stream_name":"stdout","time":16950.323061417,"data":"VRAM 2026/10/03 23:19:01.110, 0, 3323 MiB, 15360 MiB, 100 %\n"}
,{"stream_name":"stdout","time":16950.324813993,"data":"VRAM 2026/10/03 23:19:01.112, 1, 3323 MiB, 15360 MiB, 100 %\n"}
,{"stream_name":"stdout","time":17070.335933623,"data":"VRAM 2026/10/03 23:21:01.123, 0, 3323 MiB, 15360 MiB, 100 %\n"}
,{"stream_name":"stdout","time":17070.337461896,"data":"VRAM 2026/10/03 23:21:01.125, 1, 3323 MiB, 15360 MiB, 100 %\n"}
,{"stream_name":"stdout","time":17190.348686199,"data":"VRAM 2026/10/03 23:23:01.136, 0, 3323 MiB, 15360 MiB, 100 %\n"}
,{"stream_name":"stdout","time":17190.35024077,"data":"VRAM 2026/10/03 23:23:01.137, 1, 3323 MiB, 15360 MiB, 100 %\n"}
,{"stream_name":"stdout","time":17310.362109702,"data":"VRAM 2026/10/03 23:25:01.149, 0, 3323 MiB, 15360 MiB, 100 %\n"}
,{"stream_name":"stdout","time":17310.364621432,"data":"VRAM 2026/10/03 23:25:01.151, 1, 3323 MiB, 15360 MiB, 100 %\n"}
,{"stream_name":"stdout","time":17430.37790002,"data":"VRAM 2026/10/03 23:27:01.163, 0, 3323 MiB, 15360 MiB, 100 %\n"}
,{"stream_name":"stdout","time":17430.378286131,"data":"VRAM 2026/10/03 23:27:01.165, 1, 3323 MiB, 15360 MiB, 100 %\n"}
,{"stream_name":"stdout","time":17550.389912496,"data":"VRAM 2026/10/03 23:29:01.176, 0, 3323 MiB, 15360 MiB, 100 %\n"}
,{"stream_name":"stdout","time":17550.391555071,"data":"VRAM 2026/10/03 23:29:01.178, 1, 3323 MiB, 15360 MiB, 100 %\n"}
,{"stream_name":"stdout","time":17650.637588998,"data":"    it  16000  grad-match [0.0391, 0.04089] {'psnr_consensus': 12.224, 'psnr_best_seed': 11.608}\n"}
,{"stream_name":"stdout","time":17670.403679161,"data":"VRAM 2026/10/03 23:31:01.189, 0, 3323 MiB, 15360 MiB, 100 %\n"}
,{"stream_name":"stdout","time":17670.403950043,"data":"VRAM 2026/10/03 23:31:01.191, 1, 3323 MiB, 15360 MiB, 100 %\n"}
,{"stream_name":"stdout","time":17790.414500951,"data":"VRAM 2026/10/03 23:33:01.202, 0, 3323 MiB, 15360 MiB, 100 %\n"}
,{"stream_name":"stdout","time":17790.416978062,"data":"VRAM 2026/10/03 23:33:01.203, 1, 3323 MiB, 15360 MiB, 100 %\n"}
,{"stream_name":"stdout","time":17854.601464888,"data":"    it  16000  grad-match [0.06044, 0.04726] {'psnr_consensus': 10.275, 'psnr_best_seed': 10.082}\n"}
,{"stream_name":"stdout","time":17910.428044829,"data":"VRAM 2026/10/03 23:35:01.215, 0, 3323 MiB, 15360 MiB, 100 %\n"}
,{"stream_name":"stdout","time":17910.429808911,"data":"VRAM 2026/10/03 23:35:01.217, 1, 3323 MiB, 15360 MiB, 100 %\n"}
,{"stream_name":"stdout","time":18030.443419495,"data":"VRAM 2026/10/03 23:37:01.228, 0, 3323 MiB, 15360 MiB, 100 %\n"}
,{"stream_name":"stdout","time":18030.443482955,"data":"VRAM 2026/10/03 23:37:01.231, 1, 3323 MiB, 15360 MiB, 100 %\n"}
,{"stream_name":"stdout","time":18150.453971105,"data":"VRAM 2026/10/03 23:39:01.241, 0, 3323 MiB, 15360 MiB, 100 %\n"}
,{"stream_name":"stdout","time":18150.45546245,"data":"VRAM 2026/10/03 23:39:01.243, 1, 3323 MiB, 15360 MiB, 100 %\n"}
,{"stream_name":"stdout","time":18270.467370105,"data":"VRAM 2026/10/03 23:41:01.254, 0, 3323 MiB, 15360 MiB, 100 %\n"}
,{"stream_name":"stdout","time":18270.469106988,"data":"VRAM 2026/10/03 23:41:01.256, 1, 3323 MiB, 15360 MiB, 100 %\n"}
,{"stream_name":"stdout","time":18390.480682683,"data":"VRAM 2026/10/03 23:43:01.267, 0, 3323 MiB, 15360 MiB, 100 %\n"}
,{"stream_name":"stdout","time":18390.482320269,"data":"VRAM 2026/10/03 23:43:01.269, 1, 3323 MiB, 15360 MiB, 100 %\n"}
,{"stream_name":"stdout","time":18510.493687557,"data":"VRAM 2026/10/03 23:45:01.281, 0, 3323 MiB, 15360 MiB, 100 %\n"}
,{"stream_name":"stdout","time":18510.495444894,"data":"VRAM 2026/10/03 23:45:01.282, 1, 3323 MiB, 15360 MiB, 100 %\n"}
,{"stream_name":"stdout","time":18630.506246796,"data":"VRAM 2026/10/03 23:47:01.293, 0, 3323 MiB, 15360 MiB, 100 %\n"}
,{"stream_name":"stdout","time":18630.507986523,"data":"VRAM 2026/10/03 23:47:01.295, 1, 3323 MiB, 15360 MiB, 100 %\n"}
,{"stream_name":"stdout","time":18722.466140153,"data":"    it  17000  grad-match [0.03604, 0.03974] {'psnr_consensus': 12.227, 'psnr_best_seed': 11.649}\n"}
,{"stream_name":"stdout","time":18750.519435433,"data":"VRAM 2026/10/03 23:49:01.307, 0, 3323 MiB, 15360 MiB, 100 %\n"}
,{"stream_name":"stdout","time":18750.521833707,"data":"VRAM 2026/10/03 23:49:01.308, 1, 3323 MiB, 15360 MiB, 100 %\n"}
,{"stream_name":"stdout","time":18870.534665989,"data":"VRAM 2026/10/03 23:51:01.320, 0, 3323 MiB, 15360 MiB, 100 %\n"}
,{"stream_name":"stdout","time":18870.535205337,"data":"VRAM 2026/10/03 23:51:01.322, 1, 3323 MiB, 15360 MiB, 100 %\n"}
,{"stream_name":"stdout","time":18939.113421073,"data":"    it  17000  grad-match [0.05758, 0.03905] {'psnr_consensus': 10.331, 'psnr_best_seed': 10.15}\n"}
,{"stream_name":"stdout","time":18990.547781805,"data":"VRAM 2026/10/03 23:53:01.333, 0, 3323 MiB, 15360 MiB, 100 %\n"}
,{"stream_name":"stdout","time":18990.547957515,"data":"VRAM 2026/10/03 23:53:01.335, 1, 3323 MiB, 15360 MiB, 100 %\n"}
,{"stream_name":"stdout","time":19110.560731108,"data":"VRAM 2026/10/03 23:55:01.347, 0, 3323 MiB, 15360 MiB, 100 %\n"}
,{"stream_name":"stdout","time":19110.561635439,"data":"VRAM 2026/10/03 23:55:01.349, 1, 3323 MiB, 15360 MiB, 100 %\n"}
,{"stream_name":"stdout","time":19230.572034228,"data":"VRAM 2026/10/03 23:57:01.359, 0, 3323 MiB, 15360 MiB, 100 %\n"}
,{"stream_name":"stdout","time":19230.573501472,"data":"VRAM 2026/10/03 23:57:01.361, 1, 3323 MiB, 15360 MiB, 100 %\n"}
,{"stream_name":"stdout","time":19350.584659524,"data":"VRAM 2026/10/03 23:59:01.371, 0, 3323 MiB, 15360 MiB, 100 %\n"}
,{"stream_name":"stdout","time":19350.586659182,"data":"VRAM 2026/10/03 23:59:01.373, 1, 3323 MiB, 15360 MiB, 100 %\n"}
,{"stream_name":"stdout","time":19470.597606151,"data":"VRAM 2026/10/04 00:01:01.385, 0, 3323 MiB, 15360 MiB, 100 %\n"}
,{"stream_name":"stdout","time":19470.598996258,"data":"VRAM 2026/10/04 00:01:01.386, 1, 3323 MiB, 15360 MiB, 100 %\n"}
,{"stream_name":"stdout","time":19590.610331248,"data":"VRAM 2026/10/04 00:03:01.397, 0, 3323 MiB, 15360 MiB, 100 %\n"}
,{"stream_name":"stdout","time":19590.611769413,"data":"VRAM 2026/10/04 00:03:01.399, 1, 3323 MiB, 15360 MiB, 100 %\n"}
,{"stream_name":"stdout","time":19710.622692155,"data":"VRAM 2026/10/04 00:05:01.410, 0, 3323 MiB, 15360 MiB, 100 %\n"}
,{"stream_name":"stdout","time":19710.624365918,"data":"VRAM 2026/10/04 00:05:01.412, 1, 3323 MiB, 15360 MiB, 100 %\n"}
,{"stream_name":"stdout","time":19797.134700422,"data":"    it  18000  grad-match [0.03448, 0.03923] {'psnr_consensus': 12.227, 'psnr_best_seed': 11.671}\n"}
,{"stream_name":"stdout","time":19830.635900951,"data":"VRAM 2026/10/04 00:07:01.423, 0, 3323 MiB, 15360 MiB, 100 %\n"}
,{"stream_name":"stdout","time":19830.637681241,"data":"VRAM 2026/10/04 00:07:01.425, 1, 3323 MiB, 15360 MiB, 100 %\n"}
,{"stream_name":"stdout","time":19950.650085649,"data":"VRAM 2026/10/04 00:09:01.436, 0, 3323 MiB, 15360 MiB, 100 %\n"}
,{"stream_name":"stdout","time":19950.651845414,"data":"VRAM 2026/10/04 00:09:01.439, 1, 3323 MiB, 15360 MiB, 100 %\n"}
,{"stream_name":"stdout","time":20025.444554941,"data":"    it  18000  grad-match [0.05524, 0.03687] {'psnr_consensus': 10.364, 'psnr_best_seed': 10.188}\n"}
,{"stream_name":"stdout","time":20070.665682777,"data":"VRAM 2026/10/04 00:11:01.450, 0, 3323 MiB, 15360 MiB, 100 %\n"}
,{"stream_name":"stdout","time":20070.665994331,"data":"VRAM 2026/10/04 00:11:01.453, 1, 3323 MiB, 15360 MiB, 100 %\n"}
,{"stream_name":"stdout","time":20190.677615569,"data":"VRAM 2026/10/04 00:13:01.465, 0, 3323 MiB, 15360 MiB, 100 %\n"}
,{"stream_name":"stdout","time":20190.67996851,"data":"VRAM 2026/10/04 00:13:01.466, 1, 3323 MiB, 15360 MiB, 100 %\n"}
,{"stream_name":"stdout","time":20310.691566455,"data":"VRAM 2026/10/04 00:15:01.479, 0, 3323 MiB, 15360 MiB, 100 %\n"}
,{"stream_name":"stdout","time":20310.693075144,"data":"VRAM 2026/10/04 00:15:01.480, 1, 3323 MiB, 15360 MiB, 100 %\n"}
,{"stream_name":"stdout","time":20430.705443286,"data":"VRAM 2026/10/04 00:17:01.491, 0, 3323 MiB, 15360 MiB, 100 %\n"}
,{"stream_name":"stdout","time":20430.705767204,"data":"VRAM 2026/10/04 00:17:01.493, 1, 3323 MiB, 15360 MiB, 100 %\n"}
,{"stream_name":"stdout","time":20550.717295809,"data":"VRAM 2026/10/04 00:19:01.504, 0, 3323 MiB, 15360 MiB, 100 %\n"}
,{"stream_name":"stdout","time":20550.718934466,"data":"VRAM 2026/10/04 00:19:01.506, 1, 3323 MiB, 15360 MiB, 100 %\n"}
,{"stream_name":"stdout","time":20670.729804109,"data":"VRAM 2026/10/04 00:21:01.517, 0, 3323 MiB, 15360 MiB, 100 %\n"}
,{"stream_name":"stdout","time":20670.731359226,"data":"VRAM 2026/10/04 00:21:01.519, 1, 3323 MiB, 15360 MiB, 100 %\n"}
,{"stream_name":"stdout","time":20790.742505066,"data":"VRAM 2026/10/04 00:23:01.529, 0, 3323 MiB, 15360 MiB, 100 %\n"}
,{"stream_name":"stdout","time":20790.744334756,"data":"VRAM 2026/10/04 00:23:01.531, 1, 3323 MiB, 15360 MiB, 100 %\n"}
,{"stream_name":"stdout","time":20871.622907883,"data":"    it  19000  grad-match [0.03373, 0.03898] {'psnr_consensus': 12.228, 'psnr_best_seed': 11.683}\n"}
,{"stream_name":"stdout","time":20910.75567607,"data":"VRAM 2026/10/04 00:25:01.543, 0, 3323 MiB, 15360 MiB, 100 %\n"}
,{"stream_name":"stdout","time":20910.757449877,"data":"VRAM 2026/10/04 00:25:01.544, 1, 3323 MiB, 15360 MiB, 100 %\n"}
,{"stream_name":"stdout","time":21030.768640364,"data":"VRAM 2026/10/04 00:27:01.556, 0, 3323 MiB, 15360 MiB, 100 %\n"}
,{"stream_name":"stdout","time":21030.770219747,"data":"VRAM 2026/10/04 00:27:01.557, 1, 3323 MiB, 15360 MiB, 100 %\n"}
,{"stream_name":"stdout","time":21111.657757632,"data":"    it  19000  grad-match [0.05439, 0.03613] {'psnr_consensus': 10.379, 'psnr_best_seed': 10.206}\n"}
,{"stream_name":"stdout","time":21150.780699286,"data":"VRAM 2026/10/04 00:29:01.568, 0, 3323 MiB, 15360 MiB, 100 %\n"}
,{"stream_name":"stdout","time":21150.782201788,"data":"VRAM 2026/10/04 00:29:01.570, 1, 3323 MiB, 15360 MiB, 100 %\n"}
,{"stream_name":"stdout","time":21270.793775542,"data":"VRAM 2026/10/04 00:31:01.581, 0, 3323 MiB, 15360 MiB, 100 %\n"}
,{"stream_name":"stdout","time":21270.795795741,"data":"VRAM 2026/10/04 00:31:01.583, 1, 3323 MiB, 15360 MiB, 100 %\n"}
,{"stream_name":"stdout","time":21390.809017484,"data":"VRAM 2026/10/04 00:33:01.594, 0, 3323 MiB, 15360 MiB, 100 %\n"}
,{"stream_name":"stdout","time":21390.809344728,"data":"VRAM 2026/10/04 00:33:01.596, 1, 3323 MiB, 15360 MiB, 100 %\n"}
,{"stream_name":"stdout","time":21510.8214357,"data":"VRAM 2026/10/04 00:35:01.608, 0, 3323 MiB, 15360 MiB, 100 %\n"}
,{"stream_name":"stdout","time":21510.822772868,"data":"VRAM 2026/10/04 00:35:01.610, 1, 3323 MiB, 15360 MiB, 100 %\n"}
,{"stream_name":"stdout","time":21630.835587853,"data":"VRAM 2026/10/04 00:37:01.621, 0, 3323 MiB, 15360 MiB, 100 %\n"}
,{"stream_name":"stdout","time":21630.83586528,"data":"VRAM 2026/10/04 00:37:01.623, 1, 3323 MiB, 15360 MiB, 100 %\n"}
,{"stream_name":"stdout","time":21750.847198272,"data":"VRAM 2026/10/04 00:39:01.634, 0, 3323 MiB, 15360 MiB, 100 %\n"}
,{"stream_name":"stdout","time":21750.848709972,"data":"VRAM 2026/10/04 00:39:01.636, 1, 3323 MiB, 15360 MiB, 100 %\n"}
,{"stream_name":"stdout","time":21870.859329087,"data":"VRAM 2026/10/04 00:41:01.647, 0, 3323 MiB, 15360 MiB, 100 %\n"}
,{"stream_name":"stdout","time":21870.86086491,"data":"VRAM 2026/10/04 00:41:01.648, 1, 3323 MiB, 15360 MiB, 100 %\n"}
,{"stream_name":"stdout","time":21945.331801574,"data":"    it  19999  grad-match [0.03359, 0.03893] {'psnr_consensus': 12.228, 'psnr_best_seed': 11.686}\n"}
,{"stream_name":"stdout","time":21945.782376039,"data":"RESULT [dinov2] client p002: PSNR consensus 12.23 dB | best seed 11.69 dB | gray floor 9.45 dB | label acc 0.88 | 357.9 min\n"}
,{"stream_name":"stdout","time":21990.872969651,"data":"VRAM 2026/10/04 00:43:01.659, 0, 0 MiB, 15360 MiB, 0 %\n"}
,{"stream_name":"stdout","time":21990.874611056,"data":"VRAM 2026/10/04 00:43:01.662, 1, 3323 MiB, 15360 MiB, 100 %\n"}
,{"stream_name":"stdout","time":22110.886352498,"data":"VRAM 2026/10/04 00:45:01.672, 0, 0 MiB, 15360 MiB, 0 %\n"}
,{"stream_name":"stdout","time":22110.887775914,"data":"VRAM 2026/10/04 00:45:01.675, 1, 3323 MiB, 15360 MiB, 100 %\n"}
,{"stream_name":"stdout","time":22197.581974301,"data":"    it  19999  grad-match [0.05423, 0.03597] {'psnr_consensus': 10.382, 'psnr_best_seed': 10.21}\n"}
,{"stream_name":"stdout","time":22198.018172732,"data":"RESULT [dinov2] client p021: PSNR consensus 10.38 dB | best seed 10.21 dB | gray floor 9.48 dB | label acc 0.88 | 362.1 min\n"}
,{"stream_name":"stderr","time":22202.198641093,"data":"/usr/local/lib/python3.13/dist-packages/mistune.py:435: SyntaxWarning: invalid escape sequence '\\|'\n"}
,{"stream_name":"stderr","time":22202.198683135,"data":"  cells[i][c] = re.sub('\\\\\\\\\\|', '|', cell)\n"}
,{"stream_name":"stderr","time":22202.608214509,"data":"/usr/local/lib/python3.13/dist-packages/nbconvert/filters/filter_links.py:36: SyntaxWarning: invalid escape sequence '\\_'\n"}
,{"stream_name":"stderr","time":22202.608250596,"data":"  text = re.sub(r'_', '\\_', text) # Escape underscores in display text\n"}
,{"stream_name":"stderr","time":22203.544660423,"data":"[NbConvertApp] Converting notebook __script__.ipynb to html\n"}
,{"stream_name":"stderr","time":22204.85422687,"data":"[NbConvertApp] Writing 274214 bytes to __results__.html\n"}
]