[{"stream_name":"stderr","time":0.721246889,"data":"Cloning into '/tmp/repo'...\n"}
,{"stream_name":"stdout","time":17.19864992,"data":"VRAM 2026/10/03 18:17:55.018, 0, 0 MiB, 15360 MiB, 0 %\n"}
,{"stream_name":"stdout","time":17.202085012,"data":"VRAM 2026/10/03 18:17:55.022, 1, 0 MiB, 15360 MiB, 0 %\n"}
,{"stream_name":"stdout","time":137.212380495,"data":"VRAM 2026/10/03 18:19:55.033, 0, 0 MiB, 15360 MiB, 0 %\n"}
,{"stream_name":"stdout","time":137.214261613,"data":"VRAM 2026/10/03 18:19:55.036, 1, 0 MiB, 15360 MiB, 0 %\n"}
,{"stream_name":"stdout","time":257.225389669,"data":"VRAM 2026/10/03 18:21:55.046, 0, 0 MiB, 15360 MiB, 0 %\n"}
,{"stream_name":"stdout","time":257.227821036,"data":"VRAM 2026/10/03 18:21:55.049, 1, 0 MiB, 15360 MiB, 0 %\n"}
,{"stream_name":"stdout","time":377.238768765,"data":"VRAM 2026/10/03 18:23:55.060, 0, 0 MiB, 15360 MiB, 0 %\n"}
,{"stream_name":"stdout","time":377.240776929,"data":"VRAM 2026/10/03 18:23:55.062, 1, 0 MiB, 15360 MiB, 0 %\n"}
,{"stream_name":"stdout","time":497.251237116,"data":"VRAM 2026/10/03 18:25:55.072, 0, 0 MiB, 15360 MiB, 0 %\n"}
,{"stream_name":"stdout","time":497.25347759,"data":"VRAM 2026/10/03 18:25:55.075, 1, 0 MiB, 15360 MiB, 0 %\n"}
,{"stream_name":"stdout","time":617.263865597,"data":"VRAM 2026/10/03 18:27:55.085, 0, 0 MiB, 15360 MiB, 0 %\n"}
,{"stream_name":"stdout","time":617.26573646,"data":"VRAM 2026/10/03 18:27:55.087, 1, 0 MiB, 15360 MiB, 0 %\n"}
,{"stream_name":"stdout","time":664.227085734,"data":"data_root: /kaggle/input/competitions/state-farm-distracted-driver-detection | victims: /kaggle/input/notebooks/mohamedelsayed10/fedkd-gi-victim/victim | jobs: [('gpu0', 'p012', ['--settings', 'dinov2', '--iterations', '20000', '--num_seeds', '2', '--alpha_tv', '1', '--alpha_noise', '0', '--log_every', '1000', '--track_psnr', '1', '--time_budget_hours', '11.5']), ('gpu1', 'p014', ['--settings', 'dinov2', '--iterations', '20000', '--num_seeds', '2', '--alpha_tv', '1', '--alpha_noise', '0', '--log_every', '1000', '--track_psnr', '1', '--time_budget_hours', '11.5'])]\n"}
,{"stream_name":"stdout","time":737.276049009,"data":"VRAM 2026/10/03 18:29:55.097, 0, 0 MiB, 15360 MiB, 0 %\n"}
,{"stream_name":"stdout","time":737.278296892,"data":"VRAM 2026/10/03 18:29:55.100, 1, 0 MiB, 15360 MiB, 0 %\n"}
,{"stream_name":"stderr","time":789.445488425,"data":"Warning: You are sending unauthenticated requests to the HF Hub. Please set a HF_TOKEN to enable higher rate limits and faster downloads.\n"}
,{"stream_name":"stderr","time":806.151646043,"data":"Warning: You are sending unauthenticated requests to the HF Hub. Please set a HF_TOKEN to enable higher rate limits and faster downloads.\n"}
,{"stream_name":"stderr","time":806.235054275,"data":"Warning: You are sending unauthenticated requests to the HF Hub. Please set a HF_TOKEN to enable higher rate limits and faster downloads.\n"}
,{"stream_name":"stdout","time":811.378135794,"data":"[dinov2] client p012: true labels [0, 1, 2, 3, 5, 7, 8, 9] restored [0, 1, 2, 4, 5, 6, 8, 9]\n"}
,{"stream_name":"stdout","time":811.378172004,"data":"[dinov2] client p014: true labels [0, 1, 2, 4, 5, 6, 7, 9] restored [0, 1, 2, 5, 6, 7, 8, 9]\n"}
,{"stream_name":"stdout","time":813.814609725,"data":"    it      0  grad-match [3.80372, 4.36359] {'psnr_consensus': 7.872, 'psnr_best_seed': 6.429}\n"}
,{"stream_name":"stdout","time":813.814647084,"data":"    it      0  grad-match [31.64498, 33.47546] {'psnr_consensus': 7.903, 'psnr_best_seed': 6.448}\n"}
,{"stream_name":"stdout","time":857.289747527,"data":"VRAM 2026/10/03 18:31:55.110, 0, 3323 MiB, 15360 MiB, 100 %\n"}
,{"stream_name":"stdout","time":857.2902333,"data":"VRAM 2026/10/03 18:31:55.112, 1, 3323 MiB, 15360 MiB, 100 %\n"}
,{"stream_name":"stdout","time":977.299634801,"data":"VRAM 2026/10/03 18:33:55.121, 0, 3323 MiB, 15360 MiB, 100 %\n"}
,{"stream_name":"stdout","time":977.301195265,"data":"VRAM 2026/10/03 18:33:55.123, 1, 3323 MiB, 15360 MiB, 100 %\n"}
,{"stream_name":"stdout","time":1097.312099613,"data":"VRAM 2026/10/03 18:35:55.133, 0, 3323 MiB, 15360 MiB, 100 %\n"}
,{"stream_name":"stdout","time":1097.313465469,"data":"VRAM 2026/10/03 18:35:55.136, 1, 3323 MiB, 15360 MiB, 100 %\n"}
,{"stream_name":"stdout","time":1217.324821857,"data":"VRAM 2026/10/03 18:37:55.145, 0, 3323 MiB, 15360 MiB, 100 %\n"}
,{"stream_name":"stdout","time":1217.325200348,"data":"VRAM 2026/10/03 18:37:55.147, 1, 3323 MiB, 15360 MiB, 100 %\n"}
,{"stream_name":"stdout","time":1337.33542777,"data":"VRAM 2026/10/03 18:39:55.157, 0, 3323 MiB, 15360 MiB, 100 %\n"}
,{"stream_name":"stdout","time":1337.337292039,"data":"VRAM 2026/10/03 18:39:55.159, 1, 3323 MiB, 15360 MiB, 100 %\n"}
,{"stream_name":"stdout","time":1457.348136137,"data":"VRAM 2026/10/03 18:41:55.169, 0, 3323 MiB, 15360 MiB, 100 %\n"}
,{"stream_name":"stdout","time":1457.349882357,"data":"VRAM 2026/10/03 18:41:55.172, 1, 3323 MiB, 15360 MiB, 100 %\n"}
,{"stream_name":"stdout","time":1577.35971108,"data":"VRAM 2026/10/03 18:43:55.181, 0, 3323 MiB, 15360 MiB, 100 %\n"}
,{"stream_name":"stdout","time":1577.36132534,"data":"VRAM 2026/10/03 18:43:55.183, 1, 3323 MiB, 15360 MiB, 100 %\n"}
,{"stream_name":"stdout","time":1697.370867706,"data":"VRAM 2026/10/03 18:45:55.193, 0, 3323 MiB, 15360 MiB, 100 %\n"}
,{"stream_name":"stdout","time":1697.372220235,"data":"VRAM 2026/10/03 18:45:55.194, 1, 3323 MiB, 15360 MiB, 100 %\n"}
,{"stream_name":"stdout","time":1817.382183046,"data":"VRAM 2026/10/03 18:47:55.204, 0, 3323 MiB, 15360 MiB, 100 %\n"}
,{"stream_name":"stdout","time":1817.383790121,"data":"VRAM 2026/10/03 18:47:55.206, 1, 3323 MiB, 15360 MiB, 100 %\n"}
,{"stream_name":"stdout","time":1873.648064979,"data":"    it   1000  grad-match [0.11419, 0.10291] {'psnr_consensus': 9.826, 'psnr_best_seed': 9.538}\n"}
,{"stream_name":"stdout","time":1912.195305321,"data":"    it   1000  grad-match [0.29156, 0.26961] {'psnr_consensus': 10.075, 'psnr_best_seed': 9.745}\n"}
,{"stream_name":"stdout","time":1937.393426439,"data":"VRAM 2026/10/03 18:49:55.215, 0, 3323 MiB, 15360 MiB, 100 %\n"}
,{"stream_name":"stdout","time":1937.394895193,"data":"VRAM 2026/10/03 18:49:55.217, 1, 3323 MiB, 15360 MiB, 100 %\n"}
,{"stream_name":"stdout","time":2057.404633265,"data":"VRAM 2026/10/03 18:51:55.226, 0, 3323 MiB, 15360 MiB, 100 %\n"}
,{"stream_name":"stdout","time":2057.406253278,"data":"VRAM 2026/10/03 18:51:55.228, 1, 3323 MiB, 15360 MiB, 100 %\n"}
,{"stream_name":"stdout","time":2177.417189796,"data":"VRAM 2026/10/03 18:53:55.237, 0, 3323 MiB, 15360 MiB, 100 %\n"}
,{"stream_name":"stdout","time":2177.418573734,"data":"VRAM 2026/10/03 18:53:55.241, 1, 3323 MiB, 15360 MiB, 100 %\n"}
,{"stream_name":"stdout","time":2297.431329399,"data":"VRAM 2026/10/03 18:55:55.250, 0, 3323 MiB, 15360 MiB, 100 %\n"}
,{"stream_name":"stdout","time":2297.431374673,"data":"VRAM 2026/10/03 18:55:55.252, 1, 3323 MiB, 15360 MiB, 100 %\n"}
,{"stream_name":"stdout","time":2417.441262036,"data":"VRAM 2026/10/03 18:57:55.263, 0, 3323 MiB, 15360 MiB, 100 %\n"}
,{"stream_name":"stdout","time":2417.442546655,"data":"VRAM 2026/10/03 18:57:55.265, 1, 3323 MiB, 15360 MiB, 100 %\n"}
,{"stream_name":"stdout","time":2537.452254704,"data":"VRAM 2026/10/03 18:59:55.274, 0, 3323 MiB, 15360 MiB, 100 %\n"}
,{"stream_name":"stdout","time":2537.45378102,"data":"VRAM 2026/10/03 18:59:55.276, 1, 3323 MiB, 15360 MiB, 100 %\n"}
,{"stream_name":"stdout","time":2657.463591611,"data":"VRAM 2026/10/03 19:01:55.285, 0, 3323 MiB, 15360 MiB, 100 %\n"}
,{"stream_name":"stdout","time":2657.465053266,"data":"VRAM 2026/10/03 19:01:55.287, 1, 3323 MiB, 15360 MiB, 100 %\n"}
,{"stream_name":"stdout","time":2777.474873795,"data":"VRAM 2026/10/03 19:03:55.297, 0, 3323 MiB, 15360 MiB, 100 %\n"}
,{"stream_name":"stdout","time":2777.476316102,"data":"VRAM 2026/10/03 19:03:55.298, 1, 3323 MiB, 15360 MiB, 100 %\n"}
,{"stream_name":"stdout","time":2897.489221649,"data":"VRAM 2026/10/03 19:05:55.308, 0, 3323 MiB, 15360 MiB, 100 %\n"}
,{"stream_name":"stdout","time":2897.489328452,"data":"VRAM 2026/10/03 19:05:55.310, 1, 3323 MiB, 15360 MiB, 100 %\n"}
,{"stream_name":"stdout","time":2937.623728913,"data":"    it   2000  grad-match [0.17135, 0.08841] {'psnr_consensus': 9.192, 'psnr_best_seed': 9.823}\n"}
,{"stream_name":"stdout","time":3017.501807671,"data":"VRAM 2026/10/03 19:07:55.322, 0, 3323 MiB, 15360 MiB, 100 %\n"}
,{"stream_name":"stdout","time":3017.502139543,"data":"VRAM 2026/10/03 19:07:55.323, 1, 3323 MiB, 15360 MiB, 100 %\n"}
,{"stream_name":"stdout","time":3038.298543913,"data":"    it   2000  grad-match [0.26543, 0.32324] {'psnr_consensus': 10.087, 'psnr_best_seed': 9.313}\n"}
,{"stream_name":"stdout","time":3137.512481599,"data":"VRAM 2026/10/03 19:09:55.334, 0, 3323 MiB, 15360 MiB, 100 %\n"}
,{"stream_name":"stdout","time":3137.513906511,"data":"VRAM 2026/10/03 19:09:55.336, 1, 3323 MiB, 15360 MiB, 100 %\n"}
,{"stream_name":"stdout","time":3257.524300129,"data":"VRAM 2026/10/03 19:11:55.346, 0, 3323 MiB, 15360 MiB, 100 %\n"}
,{"stream_name":"stdout","time":3257.525722023,"data":"VRAM 2026/10/03 19:11:55.348, 1, 3323 MiB, 15360 MiB, 100 %\n"}
,{"stream_name":"stdout","time":3377.53540028,"data":"VRAM 2026/10/03 19:13:55.357, 0, 3323 MiB, 15360 MiB, 100 %\n"}
,{"stream_name":"stdout","time":3377.537236821,"data":"VRAM 2026/10/03 19:13:55.359, 1, 3323 MiB, 15360 MiB, 100 %\n"}
,{"stream_name":"stdout","time":3497.548423858,"data":"VRAM 2026/10/03 19:15:55.368, 0, 3323 MiB, 15360 MiB, 100 %\n"}
,{"stream_name":"stdout","time":3497.548714189,"data":"VRAM 2026/10/03 19:15:55.370, 1, 3323 MiB, 15360 MiB, 100 %\n"}
,{"stream_name":"stdout","time":3617.560335743,"data":"VRAM 2026/10/03 19:17:55.380, 0, 3323 MiB, 15360 MiB, 100 %\n"}
,{"stream_name":"stdout","time":3617.560720242,"data":"VRAM 2026/10/03 19:17:55.382, 1, 3323 MiB, 15360 MiB, 100 %\n"}
,{"stream_name":"stdout","time":3737.570763098,"data":"VRAM 2026/10/03 19:19:55.392, 0, 3323 MiB, 15360 MiB, 100 %\n"}
,{"stream_name":"stdout","time":3737.572412189,"data":"VRAM 2026/10/03 19:19:55.394, 1, 3323 MiB, 15360 MiB, 100 %\n"}
,{"stream_name":"stdout","time":3857.581838613,"data":"VRAM 2026/10/03 19:21:55.404, 0, 3323 MiB, 15360 MiB, 100 %\n"}
,{"stream_name":"stdout","time":3857.58325032,"data":"VRAM 2026/10/03 19:21:55.405, 1, 3323 MiB, 15360 MiB, 100 %\n"}
,{"stream_name":"stdout","time":3977.59311675,"data":"VRAM 2026/10/03 19:23:55.415, 0, 3323 MiB, 15360 MiB, 100 %\n"}
,{"stream_name":"stdout","time":3977.594357005,"data":"VRAM 2026/10/03 19:23:55.417, 1, 3323 MiB, 15360 MiB, 100 %\n"}
,{"stream_name":"stdout","time":4003.830794497,"data":"    it   3000  grad-match [0.09375, 0.0799] {'psnr_consensus': 9.983, 'psnr_best_seed': 10.05}\n"}
,{"stream_name":"stdout","time":4097.604415652,"data":"VRAM 2026/10/03 19:25:55.426, 0, 3323 MiB, 15360 MiB, 100 %\n"}
,{"stream_name":"stdout","time":4097.60595813,"data":"VRAM 2026/10/03 19:25:55.428, 1, 3323 MiB, 15360 MiB, 100 %\n"}
,{"stream_name":"stdout","time":4163.364865897,"data":"    it   3000  grad-match [0.30403, 0.17416] {'psnr_consensus': 10.553, 'psnr_best_seed': 10.19}\n"}
,{"stream_name":"stdout","time":4217.615719202,"data":"VRAM 2026/10/03 19:27:55.437, 0, 3323 MiB, 15360 MiB, 100 %\n"}
,{"stream_name":"stdout","time":4217.617133112,"data":"VRAM 2026/10/03 19:27:55.439, 1, 3323 MiB, 15360 MiB, 100 %\n"}
,{"stream_name":"stdout","time":4337.626805901,"data":"VRAM 2026/10/03 19:29:55.449, 0, 3323 MiB, 15360 MiB, 100 %\n"}
,{"stream_name":"stdout","time":4337.629574546,"data":"VRAM 2026/10/03 19:29:55.450, 1, 3323 MiB, 15360 MiB, 100 %\n"}
,{"stream_name":"stdout","time":4457.639247432,"data":"VRAM 2026/10/03 19:31:55.461, 0, 3323 MiB, 15360 MiB, 100 %\n"}
,{"stream_name":"stdout","time":4457.640900168,"data":"VRAM 2026/10/03 19:31:55.463, 1, 3323 MiB, 15360 MiB, 100 %\n"}
,{"stream_name":"stdout","time":4577.651233706,"data":"VRAM 2026/10/03 19:33:55.472, 0, 3323 MiB, 15360 MiB, 100 %\n"}
,{"stream_name":"stdout","time":4577.652908153,"data":"VRAM 2026/10/03 19:33:55.475, 1, 3323 MiB, 15360 MiB, 100 %\n"}
,{"stream_name":"stdout","time":4697.663345111,"data":"VRAM 2026/10/03 19:35:55.485, 0, 3323 MiB, 15360 MiB, 100 %\n"}
,{"stream_name":"stdout","time":4697.664845537,"data":"VRAM 2026/10/03 19:35:55.487, 1, 3323 MiB, 15360 MiB, 100 %\n"}
,{"stream_name":"stdout","time":4817.674644914,"data":"VRAM 2026/10/03 19:37:55.496, 0, 3323 MiB, 15360 MiB, 100 %\n"}
,{"stream_name":"stdout","time":4817.676678621,"data":"VRAM 2026/10/03 19:37:55.498, 1, 3323 MiB, 15360 MiB, 100 %\n"}
,{"stream_name":"stdout","time":4937.686973001,"data":"VRAM 2026/10/03 19:39:55.509, 0, 3323 MiB, 15360 MiB, 100 %\n"}
,{"stream_name":"stdout","time":4937.689088624,"data":"VRAM 2026/10/03 19:39:55.510, 1, 3323 MiB, 15360 MiB, 100 %\n"}
,{"stream_name":"stdout","time":5057.698786364,"data":"VRAM 2026/10/03 19:41:55.521, 0, 3323 MiB, 15360 MiB, 100 %\n"}
,{"stream_name":"stdout","time":5057.700223595,"data":"VRAM 2026/10/03 19:41:55.522, 1, 3323 MiB, 15360 MiB, 100 %\n"}
,{"stream_name":"stdout","time":5066.445861967,"data":"    it   4000  grad-match [0.09672, 0.0973] {'psnr_consensus': 10.282, 'psnr_best_seed': 9.876}\n"}
,{"stream_name":"stdout","time":5177.710991721,"data":"VRAM 2026/10/03 19:43:55.532, 0, 3323 MiB, 15360 MiB, 100 %\n"}
,{"stream_name":"stdout","time":5177.712400495,"data":"VRAM 2026/10/03 19:43:55.534, 1, 3323 MiB, 15360 MiB, 100 %\n"}
,{"stream_name":"stdout","time":5289.443811498,"data":"    it   4000  grad-match [0.27555, 0.27409] {'psnr_consensus': 10.101, 'psnr_best_seed': 8.611}\n"}
,{"stream_name":"stdout","time":5297.72220348,"data":"VRAM 2026/10/03 19:45:55.544, 0, 3323 MiB, 15360 MiB, 100 %\n"}
,{"stream_name":"stdout","time":5297.723477822,"data":"VRAM 2026/10/03 19:45:55.546, 1, 3323 MiB, 15360 MiB, 100 %\n"}
,{"stream_name":"stdout","time":5417.733416226,"data":"VRAM 2026/10/03 19:47:55.555, 0, 3323 MiB, 15360 MiB, 100 %\n"}
,{"stream_name":"stdout","time":5417.73485705,"data":"VRAM 2026/10/03 19:47:55.557, 1, 3323 MiB, 15360 MiB, 100 %\n"}
,{"stream_name":"stdout","time":5537.745105688,"data":"VRAM 2026/10/03 19:49:55.567, 0, 3323 MiB, 15360 MiB, 100 %\n"}
,{"stream_name":"stdout","time":5537.746753161,"data":"VRAM 2026/10/03 19:49:55.569, 1, 3323 MiB, 15360 MiB, 100 %\n"}
,{"stream_name":"stdout","time":5657.756947376,"data":"VRAM 2026/10/03 19:51:55.579, 0, 3323 MiB, 15360 MiB, 100 %\n"}
,{"stream_name":"stdout","time":5657.758610995,"data":"VRAM 2026/10/03 19:51:55.580, 1, 3323 MiB, 15360 MiB, 100 %\n"}
,{"stream_name":"stdout","time":5777.768237523,"data":"VRAM 2026/10/03 19:53:55.590, 0, 3323 MiB, 15360 MiB, 100 %\n"}
,{"stream_name":"stdout","time":5777.769925305,"data":"VRAM 2026/10/03 19:53:55.592, 1, 3323 MiB, 15360 MiB, 100 %\n"}
,{"stream_name":"stdout","time":5897.780418742,"data":"VRAM 2026/10/03 19:55:55.602, 0, 3323 MiB, 15360 MiB, 100 %\n"}
,{"stream_name":"stdout","time":5897.782213951,"data":"VRAM 2026/10/03 19:55:55.604, 1, 3323 MiB, 15360 MiB, 100 %\n"}
,{"stream_name":"stdout","time":6017.792352834,"data":"VRAM 2026/10/03 19:57:55.614, 0, 3323 MiB, 15360 MiB, 100 %\n"}
,{"stream_name":"stdout","time":6017.793916542,"data":"VRAM 2026/10/03 19:57:55.616, 1, 3323 MiB, 15360 MiB, 100 %\n"}
,{"stream_name":"stdout","time":6128.17258602,"data":"    it   5000  grad-match [0.09513, 0.08622] {'psnr_consensus': 10.432, 'psnr_best_seed': 10.157}\n"}
,{"stream_name":"stdout","time":6137.804219553,"data":"VRAM 2026/10/03 19:59:55.626, 0, 3323 MiB, 15360 MiB, 100 %\n"}
,{"stream_name":"stdout","time":6137.805876623,"data":"VRAM 2026/10/03 19:59:55.628, 1, 3323 MiB, 15360 MiB, 100 %\n"}
,{"stream_name":"stdout","time":6257.816104838,"data":"VRAM 2026/10/03 20:01:55.637, 0, 3323 MiB, 15360 MiB, 100 %\n"}
,{"stream_name":"stdout","time":6257.817551807,"data":"VRAM 2026/10/03 20:01:55.640, 1, 3323 MiB, 15360 MiB, 100 %\n"}
,{"stream_name":"stdout","time":6377.827976765,"data":"VRAM 2026/10/03 20:03:55.649, 0, 3323 MiB, 15360 MiB, 100 %\n"}
,{"stream_name":"stdout","time":6377.828900888,"data":"VRAM 2026/10/03 20:03:55.651, 1, 3323 MiB, 15360 MiB, 100 %\n"}
,{"stream_name":"stdout","time":6414.693595119,"data":"    it   5000  grad-match [0.28858, 0.19285] {'psnr_consensus': 10.114, 'psnr_best_seed': 9.268}\n"}
,{"stream_name":"stdout","time":6497.838846607,"data":"VRAM 2026/10/03 20:05:55.661, 0, 3323 MiB, 15360 MiB, 100 %\n"}
,{"stream_name":"stdout","time":6497.842357701,"data":"VRAM 2026/10/03 20:05:55.662, 1, 3323 MiB, 15360 MiB, 100 %\n"}
,{"stream_name":"stdout","time":6617.853106885,"data":"VRAM 2026/10/03 20:07:55.674, 0, 3323 MiB, 15360 MiB, 100 %\n"}
,{"stream_name":"stdout","time":6617.85532312,"data":"VRAM 2026/10/03 20:07:55.677, 1, 3323 MiB, 15360 MiB, 100 %\n"}
,{"stream_name":"stdout","time":6737.865268973,"data":"VRAM 2026/10/03 20:09:55.687, 0, 3323 MiB, 15360 MiB, 100 %\n"}
,{"stream_name":"stdout","time":6737.867109019,"data":"VRAM 2026/10/03 20:09:55.689, 1, 3323 MiB, 15360 MiB, 100 %\n"}
,{"stream_name":"stdout","time":6857.877418819,"data":"VRAM 2026/10/03 20:11:55.699, 0, 3323 MiB, 15360 MiB, 100 %\n"}
,{"stream_name":"stdout","time":6857.878962679,"data":"VRAM 2026/10/03 20:11:55.701, 1, 3323 MiB, 15360 MiB, 100 %\n"}
,{"stream_name":"stdout","time":6977.888440133,"data":"VRAM 2026/10/03 20:13:55.710, 0, 3323 MiB, 15360 MiB, 100 %\n"}
,{"stream_name":"stdout","time":6977.889985747,"data":"VRAM 2026/10/03 20:13:55.712, 1, 3323 MiB, 15360 MiB, 100 %\n"}
,{"stream_name":"stdout","time":7097.901932663,"data":"VRAM 2026/10/03 20:15:55.722, 0, 3323 MiB, 15360 MiB, 100 %\n"}
,{"stream_name":"stdout","time":7097.902219777,"data":"VRAM 2026/10/03 20:15:55.723, 1, 3323 MiB, 15360 MiB, 100 %\n"}
,{"stream_name":"stdout","time":7190.914240733,"data":"    it   6000  grad-match [0.20835, 0.12457] {'psnr_consensus': 9.829, 'psnr_best_seed': 8.289}\n"}
,{"stream_name":"stdout","time":7217.913316955,"data":"VRAM 2026/10/03 20:17:55.734, 0, 3323 MiB, 15360 MiB, 100 %\n"}
,{"stream_name":"stdout","time":7217.915468723,"data":"VRAM 2026/10/03 20:17:55.737, 1, 3323 MiB, 15360 MiB, 100 %\n"}
,{"stream_name":"stdout","time":7337.925363804,"data":"VRAM 2026/10/03 20:19:55.747, 0, 3323 MiB, 15360 MiB, 100 %\n"}
,{"stream_name":"stdout","time":7337.927342462,"data":"VRAM 2026/10/03 20:19:55.749, 1, 3323 MiB, 15360 MiB, 100 %\n"}
,{"stream_name":"stdout","time":7457.937228169,"data":"VRAM 2026/10/03 20:21:55.759, 0, 3323 MiB, 15360 MiB, 100 %\n"}
,{"stream_name":"stdout","time":7457.938648039,"data":"VRAM 2026/10/03 20:21:55.761, 1, 3323 MiB, 15360 MiB, 100 %\n"}
,{"stream_name":"stdout","time":7542.447690172,"data":"    it   6000  grad-match [0.28348, 0.2189] {'psnr_consensus': 10.045, 'psnr_best_seed': 8.553}\n"}
,{"stream_name":"stdout","time":7577.948243894,"data":"VRAM 2026/10/03 20:23:55.770, 0, 3323 MiB, 15360 MiB, 100 %\n"}
,{"stream_name":"stdout","time":7577.950092583,"data":"VRAM 2026/10/03 20:23:55.772, 1, 3323 MiB, 15360 MiB, 100 %\n"}
,{"stream_name":"stdout","time":7697.960008524,"data":"VRAM 2026/10/03 20:25:55.782, 0, 3323 MiB, 15360 MiB, 100 %\n"}
,{"stream_name":"stdout","time":7697.962643185,"data":"VRAM 2026/10/03 20:25:55.783, 1, 3323 MiB, 15360 MiB, 100 %\n"}
,{"stream_name":"stdout","time":7817.974792492,"data":"VRAM 2026/10/03 20:27:55.794, 0, 3323 MiB, 15360 MiB, 100 %\n"}
,{"stream_name":"stdout","time":7817.975467287,"data":"VRAM 2026/10/03 20:27:55.797, 1, 3323 MiB, 15360 MiB, 100 %\n"}
,{"stream_name":"stdout","time":7937.985653535,"data":"VRAM 2026/10/03 20:29:55.807, 0, 3323 MiB, 15360 MiB, 100 %\n"}
,{"stream_name":"stdout","time":7937.987561648,"data":"VRAM 2026/10/03 20:29:55.809, 1, 3323 MiB, 15360 MiB, 100 %\n"}
,{"stream_name":"stdout","time":8057.999744327,"data":"VRAM 2026/10/03 20:31:55.819, 0, 3323 MiB, 15360 MiB, 100 %\n"}
,{"stream_name":"stdout","time":8058.000072117,"data":"VRAM 2026/10/03 20:31:55.821, 1, 3323 MiB, 15360 MiB, 100 %\n"}
,{"stream_name":"stdout","time":8178.010583987,"data":"VRAM 2026/10/03 20:33:55.832, 0, 3323 MiB, 15360 MiB, 100 %\n"}
,{"stream_name":"stdout","time":8178.012476679,"data":"VRAM 2026/10/03 20:33:55.834, 1, 3323 MiB, 15360 MiB, 100 %\n"}
,{"stream_name":"stdout","time":8256.795672311,"data":"    it   7000  grad-match [0.09716, 0.1008] {'psnr_consensus': 9.647, 'psnr_best_seed': 8.465}\n"}
,{"stream_name":"stdout","time":8298.022364021,"data":"VRAM 2026/10/03 20:35:55.844, 0, 3323 MiB, 15360 MiB, 100 %\n"}
,{"stream_name":"stdout","time":8298.02399814,"data":"VRAM 2026/10/03 20:35:55.846, 1, 3323 MiB, 15360 MiB, 100 %\n"}
,{"stream_name":"stdout","time":8418.036773785,"data":"VRAM 2026/10/03 20:37:55.856, 0, 3323 MiB, 15360 MiB, 100 %\n"}
,{"stream_name":"stdout","time":8418.036982283,"data":"VRAM 2026/10/03 20:37:55.858, 1, 3323 MiB, 15360 MiB, 100 %\n"}
,{"stream_name":"stdout","time":8538.048157346,"data":"VRAM 2026/10/03 20:39:55.869, 0, 3323 MiB, 15360 MiB, 100 %\n"}
,{"stream_name":"stdout","time":8538.0496998,"data":"VRAM 2026/10/03 20:39:55.872, 1, 3323 MiB, 15360 MiB, 100 %\n"}
,{"stream_name":"stdout","time":8658.059620881,"data":"VRAM 2026/10/03 20:41:55.881, 0, 3323 MiB, 15360 MiB, 100 %\n"}
,{"stream_name":"stdout","time":8658.061371344,"data":"VRAM 2026/10/03 20:41:55.883, 1, 3323 MiB, 15360 MiB, 100 %\n"}
,{"stream_name":"stdout","time":8667.533758209,"data":"    it   7000  grad-match [0.20365, 0.22973] {'psnr_consensus': 10.411, 'psnr_best_seed': 9.79}\n"}
,{"stream_name":"stdout","time":8778.071762403,"data":"VRAM 2026/10/03 20:43:55.893, 0, 3323 MiB, 15360 MiB, 100 %\n"}
,{"stream_name":"stdout","time":8778.073592266,"data":"VRAM 2026/10/03 20:43:55.895, 1, 3323 MiB, 15360 MiB, 100 %\n"}
,{"stream_name":"stdout","time":8898.083626759,"data":"VRAM 2026/10/03 20:45:55.905, 0, 3323 MiB, 15360 MiB, 100 %\n"}
,{"stream_name":"stdout","time":8898.086325802,"data":"VRAM 2026/10/03 20:45:55.907, 1, 3323 MiB, 15360 MiB, 100 %\n"}
,{"stream_name":"stdout","time":9018.096355303,"data":"VRAM 2026/10/03 20:47:55.918, 0, 3323 MiB, 15360 MiB, 100 %\n"}
,{"stream_name":"stdout","time":9018.098028281,"data":"VRAM 2026/10/03 20:47:55.920, 1, 3323 MiB, 15360 MiB, 100 %\n"}
,{"stream_name":"stdout","time":9138.107397283,"data":"VRAM 2026/10/03 20:49:55.929, 0, 3323 MiB, 15360 MiB, 100 %\n"}
,{"stream_name":"stdout","time":9138.109162804,"data":"VRAM 2026/10/03 20:49:55.931, 1, 3323 MiB, 15360 MiB, 100 %\n"}
,{"stream_name":"stdout","time":9258.119395866,"data":"VRAM 2026/10/03 20:51:55.941, 0, 3323 MiB, 15360 MiB, 100 %\n"}
,{"stream_name":"stdout","time":9258.122133008,"data":"VRAM 2026/10/03 20:51:55.943, 1, 3323 MiB, 15360 MiB, 100 %\n"}
,{"stream_name":"stdout","time":9322.363774263,"data":"    it   8000  grad-match [0.08088, 0.09526] {'psnr_consensus': 10.1, 'psnr_best_seed': 9.898}\n"}
,{"stream_name":"stdout","time":9378.133429346,"data":"VRAM 2026/10/03 20:53:55.954, 0, 3323 MiB, 15360 MiB, 100 %\n"}
,{"stream_name":"stdout","time":9378.133891204,"data":"VRAM 2026/10/03 20:53:55.955, 1, 3323 MiB, 15360 MiB, 100 %\n"}
,{"stream_name":"stdout","time":9498.143624472,"data":"VRAM 2026/10/03 20:55:55.965, 0, 3323 MiB, 15360 MiB, 100 %\n"}
,{"stream_name":"stdout","time":9498.145332754,"data":"VRAM 2026/10/03 20:55:55.967, 1, 3323 MiB, 15360 MiB, 100 %\n"}
,{"stream_name":"stdout","time":9618.155703898,"data":"VRAM 2026/10/03 20:57:55.977, 0, 3323 MiB, 15360 MiB, 100 %\n"}
,{"stream_name":"stdout","time":9618.157066103,"data":"VRAM 2026/10/03 20:57:55.979, 1, 3323 MiB, 15360 MiB, 100 %\n"}
,{"stream_name":"stdout","time":9738.168163147,"data":"VRAM 2026/10/03 20:59:55.989, 0, 3323 MiB, 15360 MiB, 100 %\n"}
,{"stream_name":"stdout","time":9738.169970371,"data":"VRAM 2026/10/03 20:59:55.992, 1, 3323 MiB, 15360 MiB, 100 %\n"}
,{"stream_name":"stdout","time":9793.631656282,"data":"    it   8000  grad-match [0.27864, 0.20107] {'psnr_consensus': 10.733, 'psnr_best_seed': 9.83}\n"}
,{"stream_name":"stdout","time":9858.181245911,"data":"VRAM 2026/10/03 21:01:56.002, 0, 3323 MiB, 15360 MiB, 100 %\n"}
,{"stream_name":"stdout","time":9858.181331018,"data":"VRAM 2026/10/03 21:01:56.003, 1, 3323 MiB, 15360 MiB, 100 %\n"}
,{"stream_name":"stdout","time":9978.191437676,"data":"VRAM 2026/10/03 21:03:56.013, 0, 3323 MiB, 15360 MiB, 100 %\n"}
,{"stream_name":"stdout","time":9978.193386787,"data":"VRAM 2026/10/03 21:03:56.015, 1, 3323 MiB, 15360 MiB, 100 %\n"}
,{"stream_name":"stdout","time":10098.203721781,"data":"VRAM 2026/10/03 21:05:56.025, 0, 3323 MiB, 15360 MiB, 100 %\n"}
,{"stream_name":"stdout","time":10098.205092622,"data":"VRAM 2026/10/03 21:05:56.027, 1, 3323 MiB, 15360 MiB, 100 %\n"}
,{"stream_name":"stdout","time":10218.214833095,"data":"VRAM 2026/10/03 21:07:56.037, 0, 3323 MiB, 15360 MiB, 100 %\n"}
,{"stream_name":"stdout","time":10218.216164814,"data":"VRAM 2026/10/03 21:07:56.038, 1, 3323 MiB, 15360 MiB, 100 %\n"}
,{"stream_name":"stdout","time":10338.226906453,"data":"VRAM 2026/10/03 21:09:56.048, 0, 3323 MiB, 15360 MiB, 100 %\n"}
,{"stream_name":"stdout","time":10338.228223829,"data":"VRAM 2026/10/03 21:09:56.050, 1, 3323 MiB, 15360 MiB, 100 %\n"}
,{"stream_name":"stdout","time":10386.77609123,"data":"    it   9000  grad-match [0.08596, 0.07265] {'psnr_consensus': 10.379, 'psnr_best_seed': 10.098}\n"}
,{"stream_name":"stdout","time":10458.24046319,"data":"VRAM 2026/10/03 21:11:56.060, 0, 3323 MiB, 15360 MiB, 100 %\n"}
,{"stream_name":"stdout","time":10458.24082132,"data":"VRAM 2026/10/03 21:11:56.062, 1, 3323 MiB, 15360 MiB, 100 %\n"}
,{"stream_name":"stdout","time":10578.25321454,"data":"VRAM 2026/10/03 21:13:56.073, 0, 3323 MiB, 15360 MiB, 100 %\n"}
,{"stream_name":"stdout","time":10578.253699011,"data":"VRAM 2026/10/03 21:13:56.075, 1, 3323 MiB, 15360 MiB, 100 %\n"}
,{"stream_name":"stdout","time":10698.265268057,"data":"VRAM 2026/10/03 21:15:56.086, 0, 3323 MiB, 15360 MiB, 100 %\n"}
,{"stream_name":"stdout","time":10698.26714958,"data":"VRAM 2026/10/03 21:15:56.089, 1, 3323 MiB, 15360 MiB, 100 %\n"}
,{"stream_name":"stdout","time":10818.277377139,"data":"VRAM 2026/10/03 21:17:56.099, 0, 3323 MiB, 15360 MiB, 100 %\n"}
,{"stream_name":"stdout","time":10818.278790509,"data":"VRAM 2026/10/03 21:17:56.101, 1, 3323 MiB, 15360 MiB, 100 %\n"}
,{"stream_name":"stdout","time":10919.38765028,"data":"    it   9000  grad-match [0.14682, 0.20493] {'psnr_consensus': 11.046, 'psnr_best_seed': 10.263}\n"}
,{"stream_name":"stdout","time":10938.290754346,"data":"VRAM 2026/10/03 21:19:56.110, 0, 3323 MiB, 15360 MiB, 100 %\n"}
,{"stream_name":"stdout","time":10938.290882995,"data":"VRAM 2026/10/03 21:19:56.112, 1, 3323 MiB, 15360 MiB, 100 %\n"}
,{"stream_name":"stdout","time":11058.303566779,"data":"VRAM 2026/10/03 21:21:56.122, 0, 3323 MiB, 15360 MiB, 100 %\n"}
,{"stream_name":"stdout","time":11058.303854308,"data":"VRAM 2026/10/03 21:21:56.126, 1, 3323 MiB, 15360 MiB, 100 %\n"}
,{"stream_name":"stdout","time":11178.317711752,"data":"VRAM 2026/10/03 21:23:56.136, 0, 3323 MiB, 15360 MiB, 100 %\n"}
,{"stream_name":"stdout","time":11178.317993773,"data":"VRAM 2026/10/03 21:23:56.140, 1, 3323 MiB, 15360 MiB, 100 %\n"}
,{"stream_name":"stdout","time":11298.328278162,"data":"VRAM 2026/10/03 21:25:56.149, 0, 3323 MiB, 15360 MiB, 100 %\n"}
,{"stream_name":"stdout","time":11298.32963297,"data":"VRAM 2026/10/03 21:25:56.152, 1, 3323 MiB, 15360 MiB, 100 %\n"}
,{"stream_name":"stdout","time":11418.339275094,"data":"VRAM 2026/10/03 21:27:56.161, 0, 3323 MiB, 15360 MiB, 100 %\n"}
,{"stream_name":"stdout","time":11418.340841254,"data":"VRAM 2026/10/03 21:27:56.163, 1, 3323 MiB, 15360 MiB, 100 %\n"}
,{"stream_name":"stdout","time":11449.699379404,"data":"    it  10000  grad-match [0.08836, 0.07249] {'psnr_consensus': 10.297, 'psnr_best_seed': 10.404}\n"}
,{"stream_name":"stdout","time":11538.350183165,"data":"VRAM 2026/10/03 21:29:56.172, 0, 3323 MiB, 15360 MiB, 100 %\n"}
,{"stream_name":"stdout","time":11538.351651472,"data":"VRAM 2026/10/03 21:29:56.174, 1, 3323 MiB, 15360 MiB, 100 %\n"}
,{"stream_name":"stdout","time":11658.361880434,"data":"VRAM 2026/10/03 21:31:56.184, 0, 3323 MiB, 15360 MiB, 100 %\n"}
,{"stream_name":"stdout","time":11658.363570802,"data":"VRAM 2026/10/03 21:31:56.185, 1, 3323 MiB, 15360 MiB, 100 %\n"}
,{"stream_name":"stdout","time":11778.373978679,"data":"VRAM 2026/10/03 21:33:56.196, 0, 3323 MiB, 15360 MiB, 100 %\n"}
,{"stream_name":"stdout","time":11778.375835733,"data":"VRAM 2026/10/03 21:33:56.197, 1, 3323 MiB, 15360 MiB, 100 %\n"}
,{"stream_name":"stdout","time":11898.386970291,"data":"VRAM 2026/10/03 21:35:56.207, 0, 3323 MiB, 15360 MiB, 100 %\n"}
,{"stream_name":"stdout","time":11898.387244356,"data":"VRAM 2026/10/03 21:35:56.209, 1, 3323 MiB, 15360 MiB, 100 %\n"}
,{"stream_name":"stdout","time":12018.398409074,"data":"VRAM 2026/10/03 21:37:56.219, 0, 3323 MiB, 15360 MiB, 100 %\n"}
,{"stream_name":"stdout","time":12018.400337064,"data":"VRAM 2026/10/03 21:37:56.222, 1, 3323 MiB, 15360 MiB, 100 %\n"}
,{"stream_name":"stdout","time":12046.591600297,"data":"    it  10000  grad-match [0.14979, 0.1377] {'psnr_consensus': 11.287, 'psnr_best_seed': 10.704}\n"}
,{"stream_name":"stdout","time":12138.409914064,"data":"VRAM 2026/10/03 21:39:56.232, 0, 3323 MiB, 15360 MiB, 100 %\n"}
,{"stream_name":"stdout","time":12138.412266349,"data":"VRAM 2026/10/03 21:39:56.233, 1, 3323 MiB, 15360 MiB, 100 %\n"}
,{"stream_name":"stdout","time":12258.42215483,"data":"VRAM 2026/10/03 21:41:56.244, 0, 3323 MiB, 15360 MiB, 100 %\n"}
,{"stream_name":"stdout","time":12258.423964635,"data":"VRAM 2026/10/03 21:41:56.246, 1, 3323 MiB, 15360 MiB, 100 %\n"}
,{"stream_name":"stdout","time":12378.434266514,"data":"VRAM 2026/10/03 21:43:56.255, 0, 3323 MiB, 15360 MiB, 100 %\n"}
,{"stream_name":"stdout","time":12378.436052169,"data":"VRAM 2026/10/03 21:43:56.258, 1, 3323 MiB, 15360 MiB, 100 %\n"}
,{"stream_name":"stdout","time":12498.448492753,"data":"VRAM 2026/10/03 21:45:56.268, 0, 3323 MiB, 15360 MiB, 100 %\n"}
,{"stream_name":"stdout","time":12498.448732462,"data":"VRAM 2026/10/03 21:45:56.270, 1, 3323 MiB, 15360 MiB, 100 %\n"}
,{"stream_name":"stdout","time":12514.090528224,"data":"    it  11000  grad-match [0.05146, 0.05814] {'psnr_consensus': 10.916, 'psnr_best_seed': 10.485}\n"}
,{"stream_name":"stdout","time":12618.458698367,"data":"VRAM 2026/10/03 21:47:56.280, 0, 3323 MiB, 15360 MiB, 100 %\n"}
,{"stream_name":"stdout","time":12618.460763919,"data":"VRAM 2026/10/03 21:47:56.282, 1, 3323 MiB, 15360 MiB, 100 %\n"}
,{"stream_name":"stdout","time":12738.470835487,"data":"VRAM 2026/10/03 21:49:56.293, 0, 3323 MiB, 15360 MiB, 100 %\n"}
,{"stream_name":"stdout","time":12738.472253404,"data":"VRAM 2026/10/03 21:49:56.294, 1, 3323 MiB, 15360 MiB, 100 %\n"}
,{"stream_name":"stdout","time":12858.482558919,"data":"VRAM 2026/10/03 21:51:56.304, 0, 3323 MiB, 15360 MiB, 100 %\n"}
,{"stream_name":"stdout","time":12858.484205593,"data":"VRAM 2026/10/03 21:51:56.306, 1, 3323 MiB, 15360 MiB, 100 %\n"}
,{"stream_name":"stdout","time":12978.494171791,"data":"VRAM 2026/10/03 21:53:56.316, 0, 3323 MiB, 15360 MiB, 100 %\n"}
,{"stream_name":"stdout","time":12978.495783694,"data":"VRAM 2026/10/03 21:53:56.318, 1, 3323 MiB, 15360 MiB, 100 %\n"}
,{"stream_name":"stdout","time":13098.506061407,"data":"VRAM 2026/10/03 21:55:56.328, 0, 3323 MiB, 15360 MiB, 100 %\n"}
,{"stream_name":"stdout","time":13098.50760103,"data":"VRAM 2026/10/03 21:55:56.330, 1, 3323 MiB, 15360 MiB, 100 %\n"}
,{"stream_name":"stdout","time":13172.277731473,"data":"    it  11000  grad-match [0.12096, 0.12484] {'psnr_consensus': 11.652, 'psnr_best_seed': 10.974}\n"}
,{"stream_name":"stdout","time":13218.518887628,"data":"VRAM 2026/10/03 21:57:56.339, 0, 3323 MiB, 15360 MiB, 100 %\n"}
,{"stream_name":"stdout","time":13218.519420503,"data":"VRAM 2026/10/03 21:57:56.341, 1, 3323 MiB, 15360 MiB, 100 %\n"}
,{"stream_name":"stdout","time":13338.529492202,"data":"VRAM 2026/10/03 21:59:56.351, 0, 3323 MiB, 15360 MiB, 100 %\n"}
,{"stream_name":"stdout","time":13338.533001767,"data":"VRAM 2026/10/03 21:59:56.353, 1, 3323 MiB, 15360 MiB, 100 %\n"}
,{"stream_name":"stdout","time":13458.543450668,"data":"VRAM 2026/10/03 22:01:56.364, 0, 3323 MiB, 15360 MiB, 100 %\n"}
,{"stream_name":"stdout","time":13458.544842093,"data":"VRAM 2026/10/03 22:01:56.367, 1, 3323 MiB, 15360 MiB, 100 %\n"}
,{"stream_name":"stdout","time":13577.052346268,"data":"    it  12000  grad-match [0.05251, 0.05994] {'psnr_consensus': 10.866, 'psnr_best_seed': 10.166}\n"}
,{"stream_name":"stdout","time":13578.556113025,"data":"VRAM 2026/10/03 22:03:56.377, 0, 3323 MiB, 15360 MiB, 100 %\n"}
,{"stream_name":"stdout","time":13578.558394439,"data":"VRAM 2026/10/03 22:03:56.379, 1, 3323 MiB, 15360 MiB, 100 %\n"}
,{"stream_name":"stdout","time":13698.570664028,"data":"VRAM 2026/10/03 22:05:56.390, 0, 3323 MiB, 15360 MiB, 100 %\n"}
,{"stream_name":"stdout","time":13698.570710866,"data":"VRAM 2026/10/03 22:05:56.392, 1, 3323 MiB, 15360 MiB, 100 %\n"}
,{"stream_name":"stdout","time":13818.580670683,"data":"VRAM 2026/10/03 22:07:56.402, 0, 3323 MiB, 15360 MiB, 100 %\n"}
,{"stream_name":"stdout","time":13818.583017812,"data":"VRAM 2026/10/03 22:07:56.404, 1, 3323 MiB, 15360 MiB, 100 %\n"}
,{"stream_name":"stdout","time":13938.593786571,"data":"VRAM 2026/10/03 22:09:56.415, 0, 3323 MiB, 15360 MiB, 100 %\n"}
,{"stream_name":"stdout","time":13938.595781311,"data":"VRAM 2026/10/03 22:09:56.417, 1, 3323 MiB, 15360 MiB, 100 %\n"}
,{"stream_name":"stdout","time":14058.605394232,"data":"VRAM 2026/10/03 22:11:56.427, 0, 3323 MiB, 15360 MiB, 100 %\n"}
,{"stream_name":"stdout","time":14058.607441599,"data":"VRAM 2026/10/03 22:11:56.429, 1, 3323 MiB, 15360 MiB, 100 %\n"}
,{"stream_name":"stdout","time":14178.61697178,"data":"VRAM 2026/10/03 22:13:56.439, 0, 3323 MiB, 15360 MiB, 100 %\n"}
,{"stream_name":"stdout","time":14178.618358648,"data":"VRAM 2026/10/03 22:13:56.440, 1, 3323 MiB, 15360 MiB, 100 %\n"}
,{"stream_name":"stdout","time":14298.464687763,"data":"    it  12000  grad-match [0.16718, 0.13879] {'psnr_consensus': 11.754, 'psnr_best_seed': 11.237}\n"}
,{"stream_name":"stdout","time":14298.627952516,"data":"VRAM 2026/10/03 22:15:56.450, 0, 3323 MiB, 15360 MiB, 84 %\n"}
,{"stream_name":"stdout","time":14298.629474886,"data":"VRAM 2026/10/03 22:15:56.451, 1, 3323 MiB, 15360 MiB, 100 %\n"}
,{"stream_name":"stdout","time":14418.6397019,"data":"VRAM 2026/10/03 22:17:56.461, 0, 3323 MiB, 15360 MiB, 100 %\n"}
,{"stream_name":"stdout","time":14418.641397093,"data":"VRAM 2026/10/03 22:17:56.463, 1, 3323 MiB, 15360 MiB, 100 %\n"}
,{"stream_name":"stdout","time":14538.652510797,"data":"VRAM 2026/10/03 22:19:56.474, 0, 3323 MiB, 15360 MiB, 100 %\n"}
,{"stream_name":"stdout","time":14538.654177342,"data":"VRAM 2026/10/03 22:19:56.476, 1, 3323 MiB, 15360 MiB, 100 %\n"}
,{"stream_name":"stdout","time":14639.74334552,"data":"    it  13000  grad-match [0.04894, 0.05039] {'psnr_consensus': 11.075, 'psnr_best_seed': 10.664}\n"}
,{"stream_name":"stdout","time":14658.664625962,"data":"VRAM 2026/10/03 22:21:56.486, 0, 3323 MiB, 15360 MiB, 100 %\n"}
,{"stream_name":"stdout","time":14658.66602732,"data":"VRAM 2026/10/03 22:21:56.488, 1, 3323 MiB, 15360 MiB, 100 %\n"}
,{"stream_name":"stdout","time":14778.676312976,"data":"VRAM 2026/10/03 22:23:56.498, 0, 3323 MiB, 15360 MiB, 100 %\n"}
,{"stream_name":"stdout","time":14778.67771408,"data":"VRAM 2026/10/03 22:23:56.500, 1, 3323 MiB, 15360 MiB, 100 %\n"}
,{"stream_name":"stdout","time":14898.688142918,"data":"VRAM 2026/10/03 22:25:56.510, 0, 3323 MiB, 15360 MiB, 100 %\n"}
,{"stream_name":"stdout","time":14898.689755753,"data":"VRAM 2026/10/03 22:25:56.512, 1, 3323 MiB, 15360 MiB, 100 %\n"}
,{"stream_name":"stdout","time":15018.700221733,"data":"VRAM 2026/10/03 22:27:56.521, 0, 3323 MiB, 15360 MiB, 100 %\n"}
,{"stream_name":"stdout","time":15018.701619786,"data":"VRAM 2026/10/03 22:27:56.524, 1, 3323 MiB, 15360 MiB, 100 %\n"}
,{"stream_name":"stdout","time":15138.714120594,"data":"VRAM 2026/10/03 22:29:56.533, 0, 3323 MiB, 15360 MiB, 100 %\n"}
,{"stream_name":"stdout","time":15138.714177596,"data":"VRAM 2026/10/03 22:29:56.535, 1, 3323 MiB, 15360 MiB, 100 %\n"}
,{"stream_name":"stdout","time":15258.724910328,"data":"VRAM 2026/10/03 22:31:56.546, 0, 3323 MiB, 15360 MiB, 100 %\n"}
,{"stream_name":"stdout","time":15258.72646097,"data":"VRAM 2026/10/03 22:31:56.548, 1, 3323 MiB, 15360 MiB, 100 %\n"}
,{"stream_name":"stdout","time":15378.737000968,"data":"VRAM 2026/10/03 22:33:56.559, 0, 3323 MiB, 15360 MiB, 100 %\n"}
,{"stream_name":"stdout","time":15378.73906005,"data":"VRAM 2026/10/03 22:33:56.560, 1, 3323 MiB, 15360 MiB, 100 %\n"}
,{"stream_name":"stdout","time":15423.311674192,"data":"    it  13000  grad-match [0.11722, 0.12831] {'psnr_consensus': 11.989, 'psnr_best_seed': 11.542}\n"}
,{"stream_name":"stdout","time":15498.750933982,"data":"VRAM 2026/10/03 22:35:56.571, 0, 3323 MiB, 15360 MiB, 100 %\n"}
,{"stream_name":"stdout","time":15498.751275367,"data":"VRAM 2026/10/03 22:35:56.573, 1, 3323 MiB, 15360 MiB, 100 %\n"}
,{"stream_name":"stdout","time":15618.760920076,"data":"VRAM 2026/10/03 22:37:56.583, 0, 3323 MiB, 15360 MiB, 100 %\n"}
,{"stream_name":"stdout","time":15618.762252261,"data":"VRAM 2026/10/03 22:37:56.584, 1, 3323 MiB, 15360 MiB, 100 %\n"}
,{"stream_name":"stdout","time":15702.792607222,"data":"    it  14000  grad-match [0.04355, 0.05441] {'psnr_consensus': 11.083, 'psnr_best_seed': 10.811}\n"}
,{"stream_name":"stdout","time":15738.771887282,"data":"VRAM 2026/10/03 22:39:56.594, 0, 3323 MiB, 15360 MiB, 100 %\n"}
,{"stream_name":"stdout","time":15738.773368489,"data":"VRAM 2026/10/03 22:39:56.595, 1, 3323 MiB, 15360 MiB, 100 %\n"}
,{"stream_name":"stdout","time":15858.783493175,"data":"VRAM 2026/10/03 22:41:56.605, 0, 3323 MiB, 15360 MiB, 100 %\n"}
,{"stream_name":"stdout","time":15858.785372525,"data":"VRAM 2026/10/03 22:41:56.607, 1, 3323 MiB, 15360 MiB, 100 %\n"}
,{"stream_name":"stdout","time":15978.800105384,"data":"VRAM 2026/10/03 22:43:56.618, 0, 3323 MiB, 15360 MiB, 100 %\n"}
,{"stream_name":"stdout","time":15978.800150736,"data":"VRAM 2026/10/03 22:43:56.619, 1, 3323 MiB, 15360 MiB, 100 %\n"}
,{"stream_name":"stdout","time":16098.809592936,"data":"VRAM 2026/10/03 22:45:56.631, 0, 3323 MiB, 15360 MiB, 100 %\n"}
,{"stream_name":"stdout","time":16098.810276013,"data":"VRAM 2026/10/03 22:45:56.632, 1, 3323 MiB, 15360 MiB, 100 %\n"}
,{"stream_name":"stdout","time":16218.820516089,"data":"VRAM 2026/10/03 22:47:56.642, 0, 3323 MiB, 15360 MiB, 100 %\n"}
,{"stream_name":"stdout","time":16218.821954906,"data":"VRAM 2026/10/03 22:47:56.644, 1, 3323 MiB, 15360 MiB, 100 %\n"}
,{"stream_name":"stdout","time":16338.833928823,"data":"VRAM 2026/10/03 22:49:56.654, 0, 3323 MiB, 15360 MiB, 100 %\n"}
,{"stream_name":"stdout","time":16338.834079267,"data":"VRAM 2026/10/03 22:49:56.656, 1, 3323 MiB, 15360 MiB, 100 %\n"}
,{"stream_name":"stdout","time":16458.844273331,"data":"VRAM 2026/10/03 22:51:56.666, 0, 3323 MiB, 15360 MiB, 100 %\n"}
,{"stream_name":"stdout","time":16458.845545671,"data":"VRAM 2026/10/03 22:51:56.668, 1, 3323 MiB, 15360 MiB, 100 %\n"}
,{"stream_name":"stdout","time":16548.940238639,"data":"    it  14000  grad-match [0.10525, 0.07126] {'psnr_consensus': 12.2, 'psnr_best_seed': 11.9}\n"}
,{"stream_name":"stdout","time":16578.855893076,"data":"VRAM 2026/10/03 22:53:56.678, 0, 3323 MiB, 15360 MiB, 100 %\n"}
,{"stream_name":"stdout","time":16578.858405142,"data":"VRAM 2026/10/03 22:53:56.679, 1, 3323 MiB, 15360 MiB, 100 %\n"}
,{"stream_name":"stdout","time":16698.870981789,"data":"VRAM 2026/10/03 22:55:56.690, 0, 3323 MiB, 15360 MiB, 100 %\n"}
,{"stream_name":"stdout","time":16698.871391985,"data":"VRAM 2026/10/03 22:55:56.692, 1, 3323 MiB, 15360 MiB, 100 %\n"}
,{"stream_name":"stdout","time":16763.03688376,"data":"    it  15000  grad-match [0.04177, 0.04827] {'psnr_consensus': 11.186, 'psnr_best_seed': 10.891}\n"}
,{"stream_name":"stdout","time":16818.881304125,"data":"VRAM 2026/10/03 22:57:56.703, 0, 3323 MiB, 15360 MiB, 100 %\n"}
,{"stream_name":"stdout","time":16818.88330077,"data":"VRAM 2026/10/03 22:57:56.705, 1, 3323 MiB, 15360 MiB, 100 %\n"}
,{"stream_name":"stdout","time":16938.893487015,"data":"VRAM 2026/10/03 22:59:56.715, 0, 3323 MiB, 15360 MiB, 100 %\n"}
,{"stream_name":"stdout","time":16938.895172973,"data":"VRAM 2026/10/03 22:59:56.717, 1, 3323 MiB, 15360 MiB, 100 %\n"}
,{"stream_name":"stdout","time":17058.907776876,"data":"VRAM 2026/10/03 23:01:56.727, 0, 3323 MiB, 15360 MiB, 100 %\n"}
,{"stream_name":"stdout","time":17058.907981778,"data":"VRAM 2026/10/03 23:01:56.729, 1, 3323 MiB, 15360 MiB, 100 %\n"}
,{"stream_name":"stdout","time":17178.919860526,"data":"VRAM 2026/10/03 23:03:56.740, 0, 3323 MiB, 15360 MiB, 100 %\n"}
,{"stream_name":"stdout","time":17178.920231338,"data":"VRAM 2026/10/03 23:03:56.742, 1, 3323 MiB, 15360 MiB, 100 %\n"}
,{"stream_name":"stdout","time":17298.93008732,"data":"VRAM 2026/10/03 23:05:56.752, 0, 3323 MiB, 15360 MiB, 100 %\n"}
,{"stream_name":"stdout","time":17298.932328305,"data":"VRAM 2026/10/03 23:05:56.754, 1, 3323 MiB, 15360 MiB, 100 %\n"}
,{"stream_name":"stdout","time":17418.942000934,"data":"VRAM 2026/10/03 23:07:56.764, 0, 3323 MiB, 15360 MiB, 100 %\n"}
,{"stream_name":"stdout","time":17418.943623167,"data":"VRAM 2026/10/03 23:07:56.765, 1, 3323 MiB, 15360 MiB, 100 %\n"}
,{"stream_name":"stdout","time":17538.954938875,"data":"VRAM 2026/10/03 23:09:56.776, 0, 3323 MiB, 15360 MiB, 100 %\n"}
,{"stream_name":"stdout","time":17538.957174715,"data":"VRAM 2026/10/03 23:09:56.778, 1, 3323 MiB, 15360 MiB, 100 %\n"}
,{"stream_name":"stdout","time":17658.967191569,"data":"VRAM 2026/10/03 23:11:56.789, 0, 3323 MiB, 15360 MiB, 100 %\n"}
,{"stream_name":"stdout","time":17658.968618812,"data":"VRAM 2026/10/03 23:11:56.791, 1, 3323 MiB, 15360 MiB, 100 %\n"}
,{"stream_name":"stdout","time":17675.243918272,"data":"    it  15000  grad-match [0.08375, 0.07671] {'psnr_consensus': 12.407, 'psnr_best_seed': 12.071}\n"}
,{"stream_name":"stdout","time":17778.978492981,"data":"VRAM 2026/10/03 23:13:56.800, 0, 3323 MiB, 15360 MiB, 100 %\n"}
,{"stream_name":"stdout","time":17778.979960106,"data":"VRAM 2026/10/03 23:13:56.802, 1, 3323 MiB, 15360 MiB, 100 %\n"}
,{"stream_name":"stdout","time":17823.767658108,"data":"    it  16000  grad-match [0.04078, 0.04507] {'psnr_consensus': 11.243, 'psnr_best_seed': 10.928}\n"}
,{"stream_name":"stdout","time":17898.990459316,"data":"VRAM 2026/10/03 23:15:56.812, 0, 3323 MiB, 15360 MiB, 100 %\n"}
,{"stream_name":"stdout","time":17898.991825216,"data":"VRAM 2026/10/03 23:15:56.814, 1, 3323 MiB, 15360 MiB, 100 %\n"}
,{"stream_name":"stdout","time":18019.002049278,"data":"VRAM 2026/10/03 23:17:56.824, 0, 3323 MiB, 15360 MiB, 100 %\n"}
,{"stream_name":"stdout","time":18019.004575892,"data":"VRAM 2026/10/03 23:17:56.825, 1, 3323 MiB, 15360 MiB, 100 %\n"}
,{"stream_name":"stdout","time":18139.015166877,"data":"VRAM 2026/10/03 23:19:56.836, 0, 3323 MiB, 15360 MiB, 100 %\n"}
,{"stream_name":"stdout","time":18139.018103686,"data":"VRAM 2026/10/03 23:19:56.839, 1, 3323 MiB, 15360 MiB, 100 %\n"}
,{"stream_name":"stdout","time":18259.027958935,"data":"VRAM 2026/10/03 23:21:56.849, 0, 3323 MiB, 15360 MiB, 100 %\n"}
,{"stream_name":"stdout","time":18259.029160721,"data":"VRAM 2026/10/03 23:21:56.851, 1, 3323 MiB, 15360 MiB, 100 %\n"}
,{"stream_name":"stdout","time":18379.040110129,"data":"VRAM 2026/10/03 23:23:56.861, 0, 3323 MiB, 15360 MiB, 100 %\n"}
,{"stream_name":"stdout","time":18379.040403468,"data":"VRAM 2026/10/03 23:23:56.862, 1, 3323 MiB, 15360 MiB, 100 %\n"}
,{"stream_name":"stdout","time":18499.05055406,"data":"VRAM 2026/10/03 23:25:56.872, 0, 3323 MiB, 15360 MiB, 100 %\n"}
,{"stream_name":"stdout","time":18499.053100408,"data":"VRAM 2026/10/03 23:25:56.874, 1, 3323 MiB, 15360 MiB, 100 %\n"}
,{"stream_name":"stdout","time":18619.06405057,"data":"VRAM 2026/10/03 23:27:56.885, 0, 3323 MiB, 15360 MiB, 100 %\n"}
,{"stream_name":"stdout","time":18619.06621992,"data":"VRAM 2026/10/03 23:27:56.888, 1, 3323 MiB, 15360 MiB, 100 %\n"}
,{"stream_name":"stdout","time":18739.076256604,"data":"VRAM 2026/10/03 23:29:56.898, 0, 3323 MiB, 15360 MiB, 100 %\n"}
,{"stream_name":"stdout","time":18739.078367436,"data":"VRAM 2026/10/03 23:29:56.900, 1, 3323 MiB, 15360 MiB, 100 %\n"}
,{"stream_name":"stdout","time":18801.416036722,"data":"    it  16000  grad-match [0.0638, 0.07349] {'psnr_consensus': 12.52, 'psnr_best_seed': 12.222}\n"}
,{"stream_name":"stdout","time":18859.090774774,"data":"VRAM 2026/10/03 23:31:56.910, 0, 3323 MiB, 15360 MiB, 100 %\n"}
,{"stream_name":"stdout","time":18859.091007714,"data":"VRAM 2026/10/03 23:31:56.912, 1, 3323 MiB, 15360 MiB, 100 %\n"}
,{"stream_name":"stdout","time":18884.145126643,"data":"    it  17000  grad-match [0.03982, 0.04378] {'psnr_consensus': 11.269, 'psnr_best_seed': 10.954}\n"}
,{"stream_name":"stdout","time":18979.103085717,"data":"VRAM 2026/10/03 23:33:56.923, 0, 3323 MiB, 15360 MiB, 100 %\n"}
,{"stream_name":"stdout","time":18979.103331402,"data":"VRAM 2026/10/03 23:33:56.925, 1, 3323 MiB, 15360 MiB, 100 %\n"}
,{"stream_name":"stdout","time":19099.114560066,"data":"VRAM 2026/10/03 23:35:56.935, 0, 3323 MiB, 15360 MiB, 100 %\n"}
,{"stream_name":"stdout","time":19099.115821131,"data":"VRAM 2026/10/03 23:35:56.938, 1, 3323 MiB, 15360 MiB, 100 %\n"}
,{"stream_name":"stdout","time":19219.126034688,"data":"VRAM 2026/10/03 23:37:56.948, 0, 3323 MiB, 15360 MiB, 100 %\n"}
,{"stream_name":"stdout","time":19219.128647633,"data":"VRAM 2026/10/03 23:37:56.949, 1, 3323 MiB, 15360 MiB, 100 %\n"}
,{"stream_name":"stdout","time":19339.140726439,"data":"VRAM 2026/10/03 23:39:56.961, 0, 3323 MiB, 15360 MiB, 100 %\n"}
,{"stream_name":"stdout","time":19339.141086989,"data":"VRAM 2026/10/03 23:39:56.963, 1, 3323 MiB, 15360 MiB, 100 %\n"}
,{"stream_name":"stdout","time":19459.150970122,"data":"VRAM 2026/10/03 23:41:56.973, 0, 3323 MiB, 15360 MiB, 100 %\n"}
,{"stream_name":"stdout","time":19459.152510115,"data":"VRAM 2026/10/03 23:41:56.975, 1, 3323 MiB, 15360 MiB, 100 %\n"}
,{"stream_name":"stdout","time":19579.162672498,"data":"VRAM 2026/10/03 23:43:56.984, 0, 3323 MiB, 15360 MiB, 100 %\n"}
,{"stream_name":"stdout","time":19579.164069993,"data":"VRAM 2026/10/03 23:43:56.986, 1, 3323 MiB, 15360 MiB, 100 %\n"}
,{"stream_name":"stdout","time":19699.173864097,"data":"VRAM 2026/10/03 23:45:56.996, 0, 3323 MiB, 15360 MiB, 100 %\n"}
,{"stream_name":"stdout","time":19699.175217364,"data":"VRAM 2026/10/03 23:45:56.997, 1, 3323 MiB, 15360 MiB, 100 %\n"}
,{"stream_name":"stdout","time":19819.186222824,"data":"VRAM 2026/10/03 23:47:57.007, 0, 3323 MiB, 15360 MiB, 100 %\n"}
,{"stream_name":"stdout","time":19819.188227709,"data":"VRAM 2026/10/03 23:47:57.010, 1, 3323 MiB, 15360 MiB, 100 %\n"}
,{"stream_name":"stdout","time":19926.120611477,"data":"    it  17000  grad-match [0.04722, 0.05302] {'psnr_consensus': 12.639, 'psnr_best_seed': 12.346}\n"}
,{"stream_name":"stdout","time":19939.198415252,"data":"VRAM 2026/10/03 23:49:57.020, 0, 3323 MiB, 15360 MiB, 100 %\n"}
,{"stream_name":"stdout","time":19939.200014374,"data":"VRAM 2026/10/03 23:49:57.022, 1, 3323 MiB, 15360 MiB, 100 %\n"}
,{"stream_name":"stdout","time":19947.205308592,"data":"    it  18000  grad-match [0.03939, 0.04304] {'psnr_consensus': 11.279, 'psnr_best_seed': 10.963}\n"}
,{"stream_name":"stdout","time":20059.211686031,"data":"VRAM 2026/10/03 23:51:57.031, 0, 3323 MiB, 15360 MiB, 100 %\n"}
,{"stream_name":"stdout","time":20059.211729691,"data":"VRAM 2026/10/03 23:51:57.034, 1, 3323 MiB, 15360 MiB, 100 %\n"}
,{"stream_name":"stdout","time":20179.221424577,"data":"VRAM 2026/10/03 23:53:57.043, 0, 3323 MiB, 15360 MiB, 100 %\n"}
,{"stream_name":"stdout","time":20179.223288705,"data":"VRAM 2026/10/03 23:53:57.045, 1, 3323 MiB, 15360 MiB, 100 %\n"}
,{"stream_name":"stdout","time":20299.232776558,"data":"VRAM 2026/10/03 23:55:57.054, 0, 3323 MiB, 15360 MiB, 100 %\n"}
,{"stream_name":"stdout","time":20299.234596381,"data":"VRAM 2026/10/03 23:55:57.056, 1, 3323 MiB, 15360 MiB, 100 %\n"}
,{"stream_name":"stdout","time":20419.247272254,"data":"VRAM 2026/10/03 23:57:57.066, 0, 3323 MiB, 15360 MiB, 100 %\n"}
,{"stream_name":"stdout","time":20419.247459934,"data":"VRAM 2026/10/03 23:57:57.069, 1, 3323 MiB, 15360 MiB, 100 %\n"}
,{"stream_name":"stdout","time":20539.25771001,"data":"VRAM 2026/10/03 23:59:57.079, 0, 3323 MiB, 15360 MiB, 100 %\n"}
,{"stream_name":"stdout","time":20539.259134695,"data":"VRAM 2026/10/03 23:59:57.081, 1, 3323 MiB, 15360 MiB, 100 %\n"}
,{"stream_name":"stdout","time":20659.268941655,"data":"VRAM 2026/10/04 00:01:57.091, 0, 3323 MiB, 15360 MiB, 100 %\n"}
,{"stream_name":"stdout","time":20659.270928868,"data":"VRAM 2026/10/04 00:01:57.092, 1, 3323 MiB, 15360 MiB, 100 %\n"}
,{"stream_name":"stdout","time":20779.281075926,"data":"VRAM 2026/10/04 00:03:57.103, 0, 3323 MiB, 15360 MiB, 100 %\n"}
,{"stream_name":"stdout","time":20779.28290552,"data":"VRAM 2026/10/04 00:03:57.104, 1, 3323 MiB, 15360 MiB, 100 %\n"}
,{"stream_name":"stdout","time":20899.293004617,"data":"VRAM 2026/10/04 00:05:57.115, 0, 3323 MiB, 15360 MiB, 100 %\n"}
,{"stream_name":"stdout","time":20899.294385366,"data":"VRAM 2026/10/04 00:05:57.116, 1, 3323 MiB, 15360 MiB, 100 %\n"}
,{"stream_name":"stdout","time":21008.881944084,"data":"    it  19000  grad-match [0.03914, 0.04267] {'psnr_consensus': 11.283, 'psnr_best_seed': 10.966}\n"}
,{"stream_name":"stdout","time":21019.304110888,"data":"VRAM 2026/10/04 00:07:57.126, 0, 3323 MiB, 15360 MiB, 100 %\n"}
,{"stream_name":"stdout","time":21019.305624729,"data":"VRAM 2026/10/04 00:07:57.128, 1, 3323 MiB, 15360 MiB, 100 %\n"}
,{"stream_name":"stdout","time":21051.750717006,"data":"    it  18000  grad-match [0.03792, 0.05033] {'psnr_consensus': 12.691, 'psnr_best_seed': 12.417}\n"}
,{"stream_name":"stdout","time":21139.315904251,"data":"VRAM 2026/10/04 00:09:57.137, 0, 3323 MiB, 15360 MiB, 100 %\n"}
,{"stream_name":"stdout","time":21139.317481341,"data":"VRAM 2026/10/04 00:09:57.139, 1, 3323 MiB, 15360 MiB, 100 %\n"}
,{"stream_name":"stdout","time":21259.329417514,"data":"VRAM 2026/10/04 00:11:57.149, 0, 3323 MiB, 15360 MiB, 100 %\n"}
,{"stream_name":"stdout","time":21259.32947871,"data":"VRAM 2026/10/04 00:11:57.151, 1, 3323 MiB, 15360 MiB, 100 %\n"}
,{"stream_name":"stdout","time":21379.339562556,"data":"VRAM 2026/10/04 00:13:57.161, 0, 3323 MiB, 15360 MiB, 100 %\n"}
,{"stream_name":"stdout","time":21379.341853154,"data":"VRAM 2026/10/04 00:13:57.163, 1, 3323 MiB, 15360 MiB, 100 %\n"}
,{"stream_name":"stdout","time":21499.351822352,"data":"VRAM 2026/10/04 00:15:57.174, 0, 3323 MiB, 15360 MiB, 100 %\n"}
,{"stream_name":"stdout","time":21499.353663776,"data":"VRAM 2026/10/04 00:15:57.175, 1, 3323 MiB, 15360 MiB, 100 %\n"}
,{"stream_name":"stdout","time":21619.363840639,"data":"VRAM 2026/10/04 00:17:57.185, 0, 3323 MiB, 15360 MiB, 100 %\n"}
,{"stream_name":"stdout","time":21619.365067673,"data":"VRAM 2026/10/04 00:17:57.187, 1, 3323 MiB, 15360 MiB, 100 %\n"}
,{"stream_name":"stdout","time":21739.375626305,"data":"VRAM 2026/10/04 00:19:57.196, 0, 3323 MiB, 15360 MiB, 100 %\n"}
,{"stream_name":"stdout","time":21739.377203065,"data":"VRAM 2026/10/04 00:19:57.199, 1, 3323 MiB, 15360 MiB, 100 %\n"}
,{"stream_name":"stdout","time":21859.387347573,"data":"VRAM 2026/10/04 00:21:57.209, 0, 3323 MiB, 15360 MiB, 100 %\n"}
,{"stream_name":"stdout","time":21859.389839245,"data":"VRAM 2026/10/04 00:21:57.211, 1, 3323 MiB, 15360 MiB, 100 %\n"}
,{"stream_name":"stdout","time":21979.399655507,"data":"VRAM 2026/10/04 00:23:57.221, 0, 3323 MiB, 15360 MiB, 100 %\n"}
,{"stream_name":"stdout","time":21979.401160001,"data":"VRAM 2026/10/04 00:23:57.223, 1, 3323 MiB, 15360 MiB, 100 %\n"}
,{"stream_name":"stdout","time":22071.020380313,"data":"    it  19999  grad-match [0.03908, 0.0426] {'psnr_consensus': 11.283, 'psnr_best_seed': 10.966}\n"}
,{"stream_name":"stdout","time":22071.477631987,"data":"RESULT [dinov2] client p014: PSNR consensus 11.28 dB | best seed 10.97 dB | gray floor 10.08 dB | label acc 0.88 | 354.4 min\n"}
,{"stream_name":"stdout","time":22099.411179686,"data":"VRAM 2026/10/04 00:25:57.233, 0, 3323 MiB, 15360 MiB, 100 %\n"}
,{"stream_name":"stdout","time":22099.413783082,"data":"VRAM 2026/10/04 00:25:57.235, 1, 0 MiB, 15360 MiB, 0 %\n"}
,{"stream_name":"stdout","time":22179.143990113,"data":"    it  19000  grad-match [0.03689, 0.04933] {'psnr_consensus': 12.711, 'psnr_best_seed': 12.445}\n"}
,{"stream_name":"stdout","time":22219.423799651,"data":"VRAM 2026/10/04 00:27:57.245, 0, 3323 MiB, 15360 MiB, 100 %\n"}
,{"stream_name":"stdout","time":22219.425931707,"data":"VRAM 2026/10/04 00:27:57.247, 1, 0 MiB, 15360 MiB, 0 %\n"}
,{"stream_name":"stdout","time":22339.43589728,"data":"VRAM 2026/10/04 00:29:57.257, 0, 3323 MiB, 15360 MiB, 100 %\n"}
,{"stream_name":"stdout","time":22339.438076845,"data":"VRAM 2026/10/04 00:29:57.259, 1, 0 MiB, 15360 MiB, 0 %\n"}
,{"stream_name":"stdout","time":22459.447900525,"data":"VRAM 2026/10/04 00:31:57.270, 0, 3323 MiB, 15360 MiB, 100 %\n"}
,{"stream_name":"stdout","time":22459.450362168,"data":"VRAM 2026/10/04 00:31:57.271, 1, 0 MiB, 15360 MiB, 0 %\n"}
,{"stream_name":"stdout","time":22579.460144893,"data":"VRAM 2026/10/04 00:33:57.282, 0, 3323 MiB, 15360 MiB, 100 %\n"}
,{"stream_name":"stdout","time":22579.462443791,"data":"VRAM 2026/10/04 00:33:57.283, 1, 0 MiB, 15360 MiB, 0 %\n"}
,{"stream_name":"stdout","time":22699.473673586,"data":"VRAM 2026/10/04 00:35:57.294, 0, 3323 MiB, 15360 MiB, 100 %\n"}
,{"stream_name":"stdout","time":22699.475925873,"data":"VRAM 2026/10/04 00:35:57.297, 1, 0 MiB, 15360 MiB, 0 %\n"}
,{"stream_name":"stdout","time":22819.486213193,"data":"VRAM 2026/10/04 00:37:57.308, 0, 3323 MiB, 15360 MiB, 100 %\n"}
,{"stream_name":"stdout","time":22819.488548888,"data":"VRAM 2026/10/04 00:37:57.310, 1, 0 MiB, 15360 MiB, 0 %\n"}
,{"stream_name":"stdout","time":22939.499636064,"data":"VRAM 2026/10/04 00:39:57.320, 0, 3323 MiB, 15360 MiB, 100 %\n"}
,{"stream_name":"stdout","time":22939.50202739,"data":"VRAM 2026/10/04 00:39:57.323, 1, 0 MiB, 15360 MiB, 0 %\n"}
,{"stream_name":"stdout","time":23059.51170724,"data":"VRAM 2026/10/04 00:41:57.334, 0, 3323 MiB, 15360 MiB, 100 %\n"}
,{"stream_name":"stdout","time":23059.513961772,"data":"VRAM 2026/10/04 00:41:57.335, 1, 0 MiB, 15360 MiB, 0 %\n"}
,{"stream_name":"stdout","time":23179.523729587,"data":"VRAM 2026/10/04 00:43:57.345, 0, 3323 MiB, 15360 MiB, 100 %\n"}
,{"stream_name":"stdout","time":23179.52588707,"data":"VRAM 2026/10/04 00:43:57.347, 1, 0 MiB, 15360 MiB, 0 %\n"}
,{"stream_name":"stdout","time":23299.536376637,"data":"VRAM 2026/10/04 00:45:57.358, 0, 3323 MiB, 15360 MiB, 100 %\n"}
,{"stream_name":"stdout","time":23299.538477183,"data":"VRAM 2026/10/04 00:45:57.360, 1, 0 MiB, 15360 MiB, 0 %\n"}
,{"stream_name":"stdout","time":23303.208316397,"data":"    it  19999  grad-match [0.03669, 0.04914] {'psnr_consensus': 12.714, 'psnr_best_seed': 12.45}\n"}
,{"stream_name":"stdout","time":23303.61563425,"data":"RESULT [dinov2] client p012: PSNR consensus 12.71 dB | best seed 12.45 dB | gray floor 10.03 dB | label acc 0.75 | 374.9 min\n"}
,{"stream_name":"stderr","time":23307.281330155,"data":"/usr/local/lib/python3.13/dist-packages/mistune.py:435: SyntaxWarning: invalid escape sequence '\\|'\n"}
,{"stream_name":"stderr","time":23307.28136658,"data":"  cells[i][c] = re.sub('\\\\\\\\\\|', '|', cell)\n"}
,{"stream_name":"stderr","time":23307.508184853,"data":"/usr/local/lib/python3.13/dist-packages/nbconvert/filters/filter_links.py:36: SyntaxWarning: invalid escape sequence '\\_'\n"}
,{"stream_name":"stderr","time":23307.50821933,"data":"  text = re.sub(r'_', '\\_', text) # Escape underscores in display text\n"}
,{"stream_name":"stderr","time":23308.338464707,"data":"[NbConvertApp] Converting notebook __script__.ipynb to html\n"}
,{"stream_name":"stderr","time":23309.250673443,"data":"[NbConvertApp] Writing 274214 bytes to __results__.html\n"}
]