[{"stream_name":"stderr","time":0.745373213,"data":"Cloning into '/tmp/repo'...\n"}
,{"stream_name":"stdout","time":18.481369919,"data":"VRAM 2026/10/03 18:36:50.859, 0, 0 MiB, 15360 MiB, 0 %\n"}
,{"stream_name":"stdout","time":18.484660112,"data":"VRAM 2026/10/03 18:36:50.863, 1, 0 MiB, 15360 MiB, 0 %\n"}
,{"stream_name":"stdout","time":138.502107427,"data":"VRAM 2026/10/03 18:38:50.881, 0, 0 MiB, 15360 MiB, 0 %\n"}
,{"stream_name":"stdout","time":138.504483422,"data":"VRAM 2026/10/03 18:38:50.883, 1, 0 MiB, 15360 MiB, 0 %\n"}
,{"stream_name":"stdout","time":258.522079799,"data":"VRAM 2026/10/03 18:40:50.901, 0, 0 MiB, 15360 MiB, 0 %\n"}
,{"stream_name":"stdout","time":258.524371385,"data":"VRAM 2026/10/03 18:40:50.903, 1, 0 MiB, 15360 MiB, 0 %\n"}
,{"stream_name":"stdout","time":276.890649371,"data":"data_root: /kaggle/input/competitions/state-farm-distracted-driver-detection | victims: /kaggle/input/datasets/kerolossamyebrahem/fedkd-gi-victim | jobs: [('gpu0', 'p015', ['--settings', 'dinov2', '--iterations', '20000', '--num_seeds', '2', '--alpha_tv', '1', '--alpha_noise', '0', '--log_every', '1000', '--track_psnr', '1', '--time_budget_hours', '11.5']), ('gpu1', 'p035', ['--settings', 'dinov2', '--iterations', '20000', '--num_seeds', '2', '--alpha_tv', '1', '--alpha_noise', '0', '--log_every', '1000', '--track_psnr', '1', '--time_budget_hours', '11.5'])]\n"}
,{"stream_name":"stdout","time":378.542405211,"data":"VRAM 2026/10/03 18:42:50.921, 0, 0 MiB, 15360 MiB, 0 %\n"}
,{"stream_name":"stdout","time":378.544424539,"data":"VRAM 2026/10/03 18:42:50.924, 1, 0 MiB, 15360 MiB, 0 %\n"}
,{"stream_name":"stderr","time":387.010998804,"data":"Warning: You are sending unauthenticated requests to the HF Hub. Please set a HF_TOKEN to enable higher rate limits and faster downloads.\n"}
,{"stream_name":"stderr","time":391.090286013,"data":"Warning: You are sending unauthenticated requests to the HF Hub. Please set a HF_TOKEN to enable higher rate limits and faster downloads.\n"}
,{"stream_name":"stdout","time":392.049191009,"data":"[dinov2] client p015: true labels [0, 1, 2, 4, 5, 6, 7, 8] restored [0, 2, 4, 5, 6, 7, 8, 9]\n"}
,{"stream_name":"stdout","time":392.049223453,"data":"[dinov2] client p035: true labels [0, 1, 3, 4, 5, 6, 7, 9] restored [0, 1, 2, 4, 6, 7, 8, 9]\n"}
,{"stream_name":"stdout","time":394.661519395,"data":"    it      0  grad-match [6.85401, 7.12518] {'psnr_consensus': 7.31, 'psnr_best_seed': 6.022}\n"}
,{"stream_name":"stdout","time":394.664289488,"data":"    it      0  grad-match [2.05926, 2.05957] {'psnr_consensus': 7.798, 'psnr_best_seed': 6.376}\n"}
,{"stream_name":"stdout","time":498.561933252,"data":"VRAM 2026/10/03 18:44:50.941, 0, 3323 MiB, 15360 MiB, 100 %\n"}
,{"stream_name":"stdout","time":498.563357662,"data":"VRAM 2026/10/03 18:44:50.943, 1, 3323 MiB, 15360 MiB, 100 %\n"}
,{"stream_name":"stdout","time":618.580828051,"data":"VRAM 2026/10/03 18:46:50.960, 0, 3323 MiB, 15360 MiB, 100 %\n"}
,{"stream_name":"stdout","time":618.582394505,"data":"VRAM 2026/10/03 18:46:50.962, 1, 3323 MiB, 15360 MiB, 100 %\n"}
,{"stream_name":"stdout","time":738.599929201,"data":"VRAM 2026/10/03 18:48:50.979, 0, 3323 MiB, 15360 MiB, 100 %\n"}
,{"stream_name":"stdout","time":738.601842303,"data":"VRAM 2026/10/03 18:48:50.981, 1, 3323 MiB, 15360 MiB, 100 %\n"}
,{"stream_name":"stdout","time":858.619118479,"data":"VRAM 2026/10/03 18:50:50.999, 0, 3323 MiB, 15360 MiB, 100 %\n"}
,{"stream_name":"stdout","time":858.621294062,"data":"VRAM 2026/10/03 18:50:51.000, 1, 3323 MiB, 15360 MiB, 100 %\n"}
,{"stream_name":"stdout","time":978.638163339,"data":"VRAM 2026/10/03 18:52:51.018, 0, 3323 MiB, 15360 MiB, 100 %\n"}
,{"stream_name":"stdout","time":978.640600497,"data":"VRAM 2026/10/03 18:52:51.019, 1, 3323 MiB, 15360 MiB, 100 %\n"}
,{"stream_name":"stdout","time":1098.657630216,"data":"VRAM 2026/10/03 18:54:51.037, 0, 3323 MiB, 15360 MiB, 100 %\n"}
,{"stream_name":"stdout","time":1098.659309518,"data":"VRAM 2026/10/03 18:54:51.039, 1, 3323 MiB, 15360 MiB, 100 %\n"}
,{"stream_name":"stdout","time":1218.677194598,"data":"VRAM 2026/10/03 18:56:51.056, 0, 3323 MiB, 15360 MiB, 100 %\n"}
,{"stream_name":"stdout","time":1218.679338567,"data":"VRAM 2026/10/03 18:56:51.058, 1, 3323 MiB, 15360 MiB, 100 %\n"}
,{"stream_name":"stdout","time":1338.697826415,"data":"VRAM 2026/10/03 18:58:51.075, 0, 3323 MiB, 15360 MiB, 100 %\n"}
,{"stream_name":"stdout","time":1338.698010797,"data":"VRAM 2026/10/03 18:58:51.077, 1, 3323 MiB, 15360 MiB, 100 %\n"}
,{"stream_name":"stdout","time":1458.715948449,"data":"VRAM 2026/10/03 19:00:51.095, 0, 3323 MiB, 15360 MiB, 100 %\n"}
,{"stream_name":"stdout","time":1458.71779432,"data":"VRAM 2026/10/03 19:00:51.097, 1, 3323 MiB, 15360 MiB, 100 %\n"}
,{"stream_name":"stdout","time":1465.360400515,"data":"    it   1000  grad-match [0.23667, 0.20345] {'psnr_consensus': 10.164, 'psnr_best_seed': 9.523}\n"}
,{"stream_name":"stdout","time":1515.312229198,"data":"    it   1000  grad-match [0.03987, 0.03177] {'psnr_consensus': 9.303, 'psnr_best_seed': 9.017}\n"}
,{"stream_name":"stdout","time":1578.73563334,"data":"VRAM 2026/10/03 19:02:51.114, 0, 3323 MiB, 15360 MiB, 100 %\n"}
,{"stream_name":"stdout","time":1578.737073758,"data":"VRAM 2026/10/03 19:02:51.117, 1, 3323 MiB, 15360 MiB, 100 %\n"}
,{"stream_name":"stdout","time":1698.753911929,"data":"VRAM 2026/10/03 19:04:51.133, 0, 3323 MiB, 15360 MiB, 100 %\n"}
,{"stream_name":"stdout","time":1698.756768897,"data":"VRAM 2026/10/03 19:04:51.135, 1, 3323 MiB, 15360 MiB, 100 %\n"}
,{"stream_name":"stdout","time":1818.774328559,"data":"VRAM 2026/10/03 19:06:51.154, 0, 3323 MiB, 15360 MiB, 100 %\n"}
,{"stream_name":"stdout","time":1818.775984999,"data":"VRAM 2026/10/03 19:06:51.156, 1, 3323 MiB, 15360 MiB, 100 %\n"}
,{"stream_name":"stdout","time":1938.792714582,"data":"VRAM 2026/10/03 19:08:51.172, 0, 3323 MiB, 15360 MiB, 100 %\n"}
,{"stream_name":"stdout","time":1938.794292981,"data":"VRAM 2026/10/03 19:08:51.174, 1, 3323 MiB, 15360 MiB, 100 %\n"}
,{"stream_name":"stdout","time":2058.811284247,"data":"VRAM 2026/10/03 19:10:51.191, 0, 3323 MiB, 15360 MiB, 100 %\n"}
,{"stream_name":"stdout","time":2058.813535592,"data":"VRAM 2026/10/03 19:10:51.193, 1, 3323 MiB, 15360 MiB, 100 %\n"}
,{"stream_name":"stdout","time":2178.831490116,"data":"VRAM 2026/10/03 19:12:51.210, 0, 3323 MiB, 15360 MiB, 100 %\n"}
,{"stream_name":"stdout","time":2178.83318184,"data":"VRAM 2026/10/03 19:12:51.213, 1, 3323 MiB, 15360 MiB, 100 %\n"}
,{"stream_name":"stdout","time":2298.852071284,"data":"VRAM 2026/10/03 19:14:51.230, 0, 3323 MiB, 15360 MiB, 100 %\n"}
,{"stream_name":"stdout","time":2298.852308467,"data":"VRAM 2026/10/03 19:14:51.232, 1, 3323 MiB, 15360 MiB, 100 %\n"}
,{"stream_name":"stdout","time":2418.869900648,"data":"VRAM 2026/10/03 19:16:51.249, 0, 3323 MiB, 15360 MiB, 100 %\n"}
,{"stream_name":"stdout","time":2418.871400381,"data":"VRAM 2026/10/03 19:16:51.251, 1, 3323 MiB, 15360 MiB, 100 %\n"}
,{"stream_name":"stdout","time":2538.88835828,"data":"VRAM 2026/10/03 19:18:51.268, 0, 3323 MiB, 15360 MiB, 100 %\n"}
,{"stream_name":"stdout","time":2538.890354389,"data":"VRAM 2026/10/03 19:18:51.270, 1, 3323 MiB, 15360 MiB, 100 %\n"}
,{"stream_name":"stdout","time":2539.625733313,"data":"    it   2000  grad-match [0.14995, 0.27479] {'psnr_consensus': 10.426, 'psnr_best_seed': 9.907}\n"}
,{"stream_name":"stdout","time":2641.104583932,"data":"    it   2000  grad-match [0.03135, 0.03263] {'psnr_consensus': 9.408, 'psnr_best_seed': 9.021}\n"}
,{"stream_name":"stdout","time":2658.908128738,"data":"VRAM 2026/10/03 19:20:51.287, 0, 3323 MiB, 15360 MiB, 100 %\n"}
,{"stream_name":"stdout","time":2658.909617526,"data":"VRAM 2026/10/03 19:20:51.289, 1, 3323 MiB, 15360 MiB, 100 %\n"}
,{"stream_name":"stdout","time":2778.92721618,"data":"VRAM 2026/10/03 19:22:51.307, 0, 3323 MiB, 15360 MiB, 100 %\n"}
,{"stream_name":"stdout","time":2778.928883595,"data":"VRAM 2026/10/03 19:22:51.308, 1, 3323 MiB, 15360 MiB, 100 %\n"}
,{"stream_name":"stdout","time":2898.946080329,"data":"VRAM 2026/10/03 19:24:51.325, 0, 3323 MiB, 15360 MiB, 100 %\n"}
,{"stream_name":"stdout","time":2898.948086844,"data":"VRAM 2026/10/03 19:24:51.327, 1, 3323 MiB, 15360 MiB, 100 %\n"}
,{"stream_name":"stdout","time":3018.965513082,"data":"VRAM 2026/10/03 19:26:51.344, 0, 3323 MiB, 15360 MiB, 100 %\n"}
,{"stream_name":"stdout","time":3018.966897636,"data":"VRAM 2026/10/03 19:26:51.347, 1, 3323 MiB, 15360 MiB, 100 %\n"}
,{"stream_name":"stdout","time":3138.984246445,"data":"VRAM 2026/10/03 19:28:51.363, 0, 3323 MiB, 15360 MiB, 100 %\n"}
,{"stream_name":"stdout","time":3138.985634853,"data":"VRAM 2026/10/03 19:28:51.365, 1, 3323 MiB, 15360 MiB, 100 %\n"}
,{"stream_name":"stdout","time":3259.002360355,"data":"VRAM 2026/10/03 19:30:51.382, 0, 3323 MiB, 15360 MiB, 100 %\n"}
,{"stream_name":"stdout","time":3259.003900364,"data":"VRAM 2026/10/03 19:30:51.384, 1, 3323 MiB, 15360 MiB, 100 %\n"}
,{"stream_name":"stdout","time":3379.021119664,"data":"VRAM 2026/10/03 19:32:51.400, 0, 3323 MiB, 15360 MiB, 100 %\n"}
,{"stream_name":"stdout","time":3379.022480524,"data":"VRAM 2026/10/03 19:32:51.402, 1, 3323 MiB, 15360 MiB, 100 %\n"}
,{"stream_name":"stdout","time":3499.040532216,"data":"VRAM 2026/10/03 19:34:51.419, 0, 3323 MiB, 15360 MiB, 100 %\n"}
,{"stream_name":"stdout","time":3499.040853632,"data":"VRAM 2026/10/03 19:34:51.421, 1, 3323 MiB, 15360 MiB, 100 %\n"}
,{"stream_name":"stdout","time":3615.385923606,"data":"    it   3000  grad-match [0.27146, 0.2117] {'psnr_consensus': 10.742, 'psnr_best_seed': 9.966}\n"}
,{"stream_name":"stdout","time":3619.058352911,"data":"VRAM 2026/10/03 19:36:51.437, 0, 3323 MiB, 15360 MiB, 100 %\n"}
,{"stream_name":"stdout","time":3619.059890908,"data":"VRAM 2026/10/03 19:36:51.440, 1, 3323 MiB, 15360 MiB, 100 %\n"}
,{"stream_name":"stdout","time":3739.077077008,"data":"VRAM 2026/10/03 19:38:51.456, 0, 3323 MiB, 15360 MiB, 100 %\n"}
,{"stream_name":"stdout","time":3739.079194151,"data":"VRAM 2026/10/03 19:38:51.458, 1, 3323 MiB, 15360 MiB, 100 %\n"}
,{"stream_name":"stdout","time":3769.618289371,"data":"    it   3000  grad-match [0.02949, 0.02477] {'psnr_consensus': 9.915, 'psnr_best_seed': 9.548}\n"}
,{"stream_name":"stdout","time":3859.096764485,"data":"VRAM 2026/10/03 19:40:51.476, 0, 3323 MiB, 15360 MiB, 100 %\n"}
,{"stream_name":"stdout","time":3859.100089305,"data":"VRAM 2026/10/03 19:40:51.478, 1, 3323 MiB, 15360 MiB, 100 %\n"}
,{"stream_name":"stdout","time":3979.118503521,"data":"VRAM 2026/10/03 19:42:51.497, 0, 3323 MiB, 15360 MiB, 100 %\n"}
,{"stream_name":"stdout","time":3979.12032755,"data":"VRAM 2026/10/03 19:42:51.500, 1, 3323 MiB, 15360 MiB, 100 %\n"}
,{"stream_name":"stdout","time":4099.13711876,"data":"VRAM 2026/10/03 19:44:51.517, 0, 3323 MiB, 15360 MiB, 100 %\n"}
,{"stream_name":"stdout","time":4099.138559355,"data":"VRAM 2026/10/03 19:44:51.518, 1, 3323 MiB, 15360 MiB, 100 %\n"}
,{"stream_name":"stdout","time":4219.156307858,"data":"VRAM 2026/10/03 19:46:51.535, 0, 3323 MiB, 15360 MiB, 100 %\n"}
,{"stream_name":"stdout","time":4219.156425832,"data":"VRAM 2026/10/03 19:46:51.536, 1, 3323 MiB, 15360 MiB, 100 %\n"}
,{"stream_name":"stdout","time":4339.173445931,"data":"VRAM 2026/10/03 19:48:51.553, 0, 3323 MiB, 15360 MiB, 100 %\n"}
,{"stream_name":"stdout","time":4339.175491082,"data":"VRAM 2026/10/03 19:48:51.555, 1, 3323 MiB, 15360 MiB, 100 %\n"}
,{"stream_name":"stdout","time":4459.192427199,"data":"VRAM 2026/10/03 19:50:51.572, 0, 3323 MiB, 15360 MiB, 100 %\n"}
,{"stream_name":"stdout","time":4459.194585328,"data":"VRAM 2026/10/03 19:50:51.574, 1, 3323 MiB, 15360 MiB, 100 %\n"}
,{"stream_name":"stdout","time":4579.212425313,"data":"VRAM 2026/10/03 19:52:51.592, 0, 3323 MiB, 15360 MiB, 100 %\n"}
,{"stream_name":"stdout","time":4579.214683953,"data":"VRAM 2026/10/03 19:52:51.594, 1, 3323 MiB, 15360 MiB, 100 %\n"}
,{"stream_name":"stdout","time":4690.776590247,"data":"    it   4000  grad-match [0.30899, 0.24378] {'psnr_consensus': 10.712, 'psnr_best_seed': 10.218}\n"}
,{"stream_name":"stdout","time":4699.23417715,"data":"VRAM 2026/10/03 19:54:51.612, 0, 3323 MiB, 15360 MiB, 100 %\n"}
,{"stream_name":"stdout","time":4699.234518044,"data":"VRAM 2026/10/03 19:54:51.614, 1, 3323 MiB, 15360 MiB, 100 %\n"}
,{"stream_name":"stdout","time":4819.253892867,"data":"VRAM 2026/10/03 19:56:51.632, 0, 3323 MiB, 15360 MiB, 100 %\n"}
,{"stream_name":"stdout","time":4819.254170435,"data":"VRAM 2026/10/03 19:56:51.634, 1, 3323 MiB, 15360 MiB, 100 %\n"}
,{"stream_name":"stdout","time":4895.916694406,"data":"    it   4000  grad-match [0.02659, 0.04044] {'psnr_consensus': 9.706, 'psnr_best_seed': 9.515}\n"}
,{"stream_name":"stdout","time":4939.272091864,"data":"VRAM 2026/10/03 19:58:51.651, 0, 3323 MiB, 15360 MiB, 100 %\n"}
,{"stream_name":"stdout","time":4939.274037759,"data":"VRAM 2026/10/03 19:58:51.654, 1, 3323 MiB, 15360 MiB, 100 %\n"}
,{"stream_name":"stdout","time":5059.291669787,"data":"VRAM 2026/10/03 20:00:51.671, 0, 3323 MiB, 15360 MiB, 100 %\n"}
,{"stream_name":"stdout","time":5059.293374712,"data":"VRAM 2026/10/03 20:00:51.673, 1, 3323 MiB, 15360 MiB, 100 %\n"}
,{"stream_name":"stdout","time":5179.311494187,"data":"VRAM 2026/10/03 20:02:51.690, 0, 3323 MiB, 15360 MiB, 100 %\n"}
,{"stream_name":"stdout","time":5179.314477879,"data":"VRAM 2026/10/03 20:02:51.693, 1, 3323 MiB, 15360 MiB, 100 %\n"}
,{"stream_name":"stdout","time":5299.331821384,"data":"VRAM 2026/10/03 20:04:51.711, 0, 3323 MiB, 15360 MiB, 100 %\n"}
,{"stream_name":"stdout","time":5299.33339574,"data":"VRAM 2026/10/03 20:04:51.713, 1, 3323 MiB, 15360 MiB, 100 %\n"}
,{"stream_name":"stdout","time":5419.351287372,"data":"VRAM 2026/10/03 20:06:51.730, 0, 3323 MiB, 15360 MiB, 100 %\n"}
,{"stream_name":"stdout","time":5419.353587602,"data":"VRAM 2026/10/03 20:06:51.732, 1, 3323 MiB, 15360 MiB, 100 %\n"}
,{"stream_name":"stdout","time":5539.37098255,"data":"VRAM 2026/10/03 20:08:51.750, 0, 3323 MiB, 15360 MiB, 100 %\n"}
,{"stream_name":"stdout","time":5539.372745541,"data":"VRAM 2026/10/03 20:08:51.752, 1, 3323 MiB, 15360 MiB, 100 %\n"}
,{"stream_name":"stdout","time":5659.390363914,"data":"VRAM 2026/10/03 20:10:51.770, 0, 3323 MiB, 15360 MiB, 100 %\n"}
,{"stream_name":"stdout","time":5659.392568242,"data":"VRAM 2026/10/03 20:10:51.772, 1, 3323 MiB, 15360 MiB, 100 %\n"}
,{"stream_name":"stdout","time":5766.400410706,"data":"    it   5000  grad-match [0.29782, 0.20795] {'psnr_consensus': 10.773, 'psnr_best_seed': 10.353}\n"}
,{"stream_name":"stdout","time":5779.411117928,"data":"VRAM 2026/10/03 20:12:51.789, 0, 3323 MiB, 15360 MiB, 100 %\n"}
,{"stream_name":"stdout","time":5779.411239539,"data":"VRAM 2026/10/03 20:12:51.791, 1, 3323 MiB, 15360 MiB, 100 %\n"}
,{"stream_name":"stdout","time":5899.430103711,"data":"VRAM 2026/10/03 20:14:51.808, 0, 3323 MiB, 15360 MiB, 100 %\n"}
,{"stream_name":"stdout","time":5899.430388874,"data":"VRAM 2026/10/03 20:14:51.810, 1, 3323 MiB, 15360 MiB, 100 %\n"}
,{"stream_name":"stdout","time":6019.446903193,"data":"VRAM 2026/10/03 20:16:51.827, 0, 3323 MiB, 15360 MiB, 100 %\n"}
,{"stream_name":"stdout","time":6019.448367911,"data":"VRAM 2026/10/03 20:16:51.828, 1, 3323 MiB, 15360 MiB, 100 %\n"}
,{"stream_name":"stdout","time":6025.135493917,"data":"    it   5000  grad-match [0.03576, 0.02694] {'psnr_consensus': 9.429, 'psnr_best_seed': 8.904}\n"}
,{"stream_name":"stdout","time":6139.465436292,"data":"VRAM 2026/10/03 20:18:51.845, 0, 3323 MiB, 15360 MiB, 100 %\n"}
,{"stream_name":"stdout","time":6139.467792498,"data":"VRAM 2026/10/03 20:18:51.847, 1, 3323 MiB, 15360 MiB, 100 %\n"}
,{"stream_name":"stdout","time":6259.484354471,"data":"VRAM 2026/10/03 20:20:51.864, 0, 3323 MiB, 15360 MiB, 100 %\n"}
,{"stream_name":"stdout","time":6259.485847012,"data":"VRAM 2026/10/03 20:20:51.866, 1, 3323 MiB, 15360 MiB, 100 %\n"}
,{"stream_name":"stdout","time":6379.503406121,"data":"VRAM 2026/10/03 20:22:51.882, 0, 3323 MiB, 15360 MiB, 100 %\n"}
,{"stream_name":"stdout","time":6379.504427168,"data":"VRAM 2026/10/03 20:22:51.884, 1, 3323 MiB, 15360 MiB, 100 %\n"}
,{"stream_name":"stdout","time":6499.521229205,"data":"VRAM 2026/10/03 20:24:51.901, 0, 3323 MiB, 15360 MiB, 100 %\n"}
,{"stream_name":"stdout","time":6499.522744106,"data":"VRAM 2026/10/03 20:24:51.903, 1, 3323 MiB, 15360 MiB, 100 %\n"}
,{"stream_name":"stdout","time":6619.543340274,"data":"VRAM 2026/10/03 20:26:51.919, 0, 3323 MiB, 15360 MiB, 100 %\n"}
,{"stream_name":"stdout","time":6619.543739138,"data":"VRAM 2026/10/03 20:26:51.922, 1, 3323 MiB, 15360 MiB, 100 %\n"}
,{"stream_name":"stdout","time":6739.561001433,"data":"VRAM 2026/10/03 20:28:51.941, 0, 3323 MiB, 15360 MiB, 100 %\n"}
,{"stream_name":"stdout","time":6739.563089571,"data":"VRAM 2026/10/03 20:28:51.942, 1, 3323 MiB, 15360 MiB, 100 %\n"}
,{"stream_name":"stdout","time":6842.888998092,"data":"    it   6000  grad-match [0.28316, 0.18985] {'psnr_consensus': 10.9, 'psnr_best_seed': 10.21}\n"}
,{"stream_name":"stdout","time":6859.58203316,"data":"VRAM 2026/10/03 20:30:51.960, 0, 3323 MiB, 15360 MiB, 100 %\n"}
,{"stream_name":"stdout","time":6859.583429995,"data":"VRAM 2026/10/03 20:30:51.963, 1, 3323 MiB, 15360 MiB, 100 %\n"}
,{"stream_name":"stdout","time":6979.600915018,"data":"VRAM 2026/10/03 20:32:51.980, 0, 3323 MiB, 15360 MiB, 100 %\n"}
,{"stream_name":"stdout","time":6979.602363464,"data":"VRAM 2026/10/03 20:32:51.982, 1, 3323 MiB, 15360 MiB, 100 %\n"}
,{"stream_name":"stdout","time":7099.619585614,"data":"VRAM 2026/10/03 20:34:51.999, 0, 3323 MiB, 15360 MiB, 100 %\n"}
,{"stream_name":"stdout","time":7099.621312084,"data":"VRAM 2026/10/03 20:34:52.001, 1, 3323 MiB, 15360 MiB, 100 %\n"}
,{"stream_name":"stdout","time":7153.991858164,"data":"    it   6000  grad-match [0.02506, 0.01934] {'psnr_consensus': 9.725, 'psnr_best_seed': 9.281}\n"}
,{"stream_name":"stdout","time":7219.638845393,"data":"VRAM 2026/10/03 20:36:52.018, 0, 3323 MiB, 15360 MiB, 100 %\n"}
,{"stream_name":"stdout","time":7219.640340934,"data":"VRAM 2026/10/03 20:36:52.020, 1, 3323 MiB, 15360 MiB, 100 %\n"}
,{"stream_name":"stdout","time":7339.657341969,"data":"VRAM 2026/10/03 20:38:52.037, 0, 3323 MiB, 15360 MiB, 100 %\n"}
,{"stream_name":"stdout","time":7339.658987442,"data":"VRAM 2026/10/03 20:38:52.039, 1, 3323 MiB, 15360 MiB, 100 %\n"}
,{"stream_name":"stdout","time":7459.677470697,"data":"VRAM 2026/10/03 20:40:52.056, 0, 3323 MiB, 15360 MiB, 100 %\n"}
,{"stream_name":"stdout","time":7459.679399179,"data":"VRAM 2026/10/03 20:40:52.059, 1, 3323 MiB, 15360 MiB, 100 %\n"}
,{"stream_name":"stdout","time":7579.696677088,"data":"VRAM 2026/10/03 20:42:52.076, 0, 3323 MiB, 15360 MiB, 100 %\n"}
,{"stream_name":"stdout","time":7579.698254975,"data":"VRAM 2026/10/03 20:42:52.078, 1, 3323 MiB, 15360 MiB, 100 %\n"}
,{"stream_name":"stdout","time":7699.71584311,"data":"VRAM 2026/10/03 20:44:52.095, 0, 3323 MiB, 15360 MiB, 100 %\n"}
,{"stream_name":"stdout","time":7699.717504764,"data":"VRAM 2026/10/03 20:44:52.097, 1, 3323 MiB, 15360 MiB, 100 %\n"}
,{"stream_name":"stdout","time":7819.734828963,"data":"VRAM 2026/10/03 20:46:52.114, 0, 3323 MiB, 15360 MiB, 100 %\n"}
,{"stream_name":"stdout","time":7819.736528987,"data":"VRAM 2026/10/03 20:46:52.116, 1, 3323 MiB, 15360 MiB, 100 %\n"}
,{"stream_name":"stdout","time":7920.226252371,"data":"    it   7000  grad-match [0.2489, 0.24743] {'psnr_consensus': 10.78, 'psnr_best_seed': 9.786}\n"}
,{"stream_name":"stdout","time":7939.754021968,"data":"VRAM 2026/10/03 20:48:52.133, 0, 3323 MiB, 15360 MiB, 100 %\n"}
,{"stream_name":"stdout","time":7939.75539639,"data":"VRAM 2026/10/03 20:48:52.135, 1, 3323 MiB, 15360 MiB, 100 %\n"}
,{"stream_name":"stdout","time":8059.772124213,"data":"VRAM 2026/10/03 20:50:52.152, 0, 3323 MiB, 15360 MiB, 100 %\n"}
,{"stream_name":"stdout","time":8059.77448315,"data":"VRAM 2026/10/03 20:50:52.153, 1, 3323 MiB, 15360 MiB, 100 %\n"}
,{"stream_name":"stdout","time":8179.790998659,"data":"VRAM 2026/10/03 20:52:52.171, 0, 3323 MiB, 15360 MiB, 100 %\n"}
,{"stream_name":"stdout","time":8179.79273105,"data":"VRAM 2026/10/03 20:52:52.172, 1, 3323 MiB, 15360 MiB, 100 %\n"}
,{"stream_name":"stdout","time":8282.260718528,"data":"    it   7000  grad-match [0.04421, 0.05298] {'psnr_consensus': 8.699, 'psnr_best_seed': 7.87}\n"}
,{"stream_name":"stdout","time":8299.81022053,"data":"VRAM 2026/10/03 20:54:52.189, 0, 3323 MiB, 15360 MiB, 100 %\n"}
,{"stream_name":"stdout","time":8299.811069914,"data":"VRAM 2026/10/03 20:54:52.191, 1, 3323 MiB, 15360 MiB, 100 %\n"}
,{"stream_name":"stdout","time":8419.828522049,"data":"VRAM 2026/10/03 20:56:52.208, 0, 3323 MiB, 15360 MiB, 100 %\n"}
,{"stream_name":"stdout","time":8419.83098892,"data":"VRAM 2026/10/03 20:56:52.210, 1, 3323 MiB, 15360 MiB, 100 %\n"}
,{"stream_name":"stdout","time":8539.850674131,"data":"VRAM 2026/10/03 20:58:52.228, 0, 3323 MiB, 15360 MiB, 100 %\n"}
,{"stream_name":"stdout","time":8539.850723605,"data":"VRAM 2026/10/03 20:58:52.229, 1, 3323 MiB, 15360 MiB, 100 %\n"}
,{"stream_name":"stdout","time":8659.867458614,"data":"VRAM 2026/10/03 21:00:52.247, 0, 3323 MiB, 15360 MiB, 100 %\n"}
,{"stream_name":"stdout","time":8659.869576735,"data":"VRAM 2026/10/03 21:00:52.249, 1, 3323 MiB, 15360 MiB, 100 %\n"}
,{"stream_name":"stdout","time":8779.889237802,"data":"VRAM 2026/10/03 21:02:52.266, 0, 3323 MiB, 15360 MiB, 100 %\n"}
,{"stream_name":"stdout","time":8779.889554942,"data":"VRAM 2026/10/03 21:02:52.268, 1, 3323 MiB, 15360 MiB, 100 %\n"}
,{"stream_name":"stdout","time":8899.906804692,"data":"VRAM 2026/10/03 21:04:52.286, 0, 3323 MiB, 15360 MiB, 100 %\n"}
,{"stream_name":"stdout","time":8899.909102218,"data":"VRAM 2026/10/03 21:04:52.288, 1, 3323 MiB, 15360 MiB, 100 %\n"}
,{"stream_name":"stdout","time":8995.92039116,"data":"    it   8000  grad-match [0.28439, 0.18652] {'psnr_consensus': 10.98, 'psnr_best_seed': 10.416}\n"}
,{"stream_name":"stdout","time":9019.926457156,"data":"VRAM 2026/10/03 21:06:52.306, 0, 3323 MiB, 15360 MiB, 100 %\n"}
,{"stream_name":"stdout","time":9019.927840313,"data":"VRAM 2026/10/03 21:06:52.308, 1, 3323 MiB, 15360 MiB, 100 %\n"}
,{"stream_name":"stdout","time":9139.945527795,"data":"VRAM 2026/10/03 21:08:52.325, 0, 3323 MiB, 15360 MiB, 100 %\n"}
,{"stream_name":"stdout","time":9139.947027483,"data":"VRAM 2026/10/03 21:08:52.327, 1, 3323 MiB, 15360 MiB, 100 %\n"}
,{"stream_name":"stdout","time":9259.963975677,"data":"VRAM 2026/10/03 21:10:52.344, 0, 3323 MiB, 15360 MiB, 100 %\n"}
,{"stream_name":"stdout","time":9259.965366302,"data":"VRAM 2026/10/03 21:10:52.345, 1, 3323 MiB, 15360 MiB, 100 %\n"}
,{"stream_name":"stdout","time":9379.984384529,"data":"VRAM 2026/10/03 21:12:52.362, 0, 3323 MiB, 15360 MiB, 100 %\n"}
,{"stream_name":"stdout","time":9379.984634132,"data":"VRAM 2026/10/03 21:12:52.364, 1, 3323 MiB, 15360 MiB, 100 %\n"}
,{"stream_name":"stdout","time":9409.076035396,"data":"    it   8000  grad-match [0.06156, 0.04353] {'psnr_consensus': 8.979, 'psnr_best_seed': 8.238}\n"}
,{"stream_name":"stdout","time":9500.002287098,"data":"VRAM 2026/10/03 21:14:52.381, 0, 3323 MiB, 15360 MiB, 100 %\n"}
,{"stream_name":"stdout","time":9500.003476578,"data":"VRAM 2026/10/03 21:14:52.383, 1, 3323 MiB, 15360 MiB, 100 %\n"}
,{"stream_name":"stdout","time":9620.020106499,"data":"VRAM 2026/10/03 21:16:52.400, 0, 3323 MiB, 15360 MiB, 100 %\n"}
,{"stream_name":"stdout","time":9620.021827889,"data":"VRAM 2026/10/03 21:16:52.401, 1, 3323 MiB, 15360 MiB, 100 %\n"}
,{"stream_name":"stdout","time":9740.039126328,"data":"VRAM 2026/10/03 21:18:52.419, 0, 3323 MiB, 15360 MiB, 100 %\n"}
,{"stream_name":"stdout","time":9740.041832221,"data":"VRAM 2026/10/03 21:18:52.420, 1, 3323 MiB, 15360 MiB, 100 %\n"}
,{"stream_name":"stdout","time":9860.059144681,"data":"VRAM 2026/10/03 21:20:52.439, 0, 3323 MiB, 15360 MiB, 100 %\n"}
,{"stream_name":"stdout","time":9860.061507898,"data":"VRAM 2026/10/03 21:20:52.440, 1, 3323 MiB, 15360 MiB, 100 %\n"}
,{"stream_name":"stdout","time":9980.078484823,"data":"VRAM 2026/10/03 21:22:52.458, 0, 3323 MiB, 15360 MiB, 100 %\n"}
,{"stream_name":"stdout","time":9980.08064136,"data":"VRAM 2026/10/03 21:22:52.460, 1, 3323 MiB, 15360 MiB, 100 %\n"}
,{"stream_name":"stdout","time":10072.798944521,"data":"    it   9000  grad-match [0.14565, 0.12239] {'psnr_consensus': 11.307, 'psnr_best_seed': 10.907}\n"}
,{"stream_name":"stdout","time":10100.099036554,"data":"VRAM 2026/10/03 21:24:52.478, 0, 3323 MiB, 15360 MiB, 100 %\n"}
,{"stream_name":"stdout","time":10100.100816038,"data":"VRAM 2026/10/03 21:24:52.480, 1, 3323 MiB, 15360 MiB, 100 %\n"}
,{"stream_name":"stdout","time":10220.119255666,"data":"VRAM 2026/10/03 21:26:52.497, 0, 3323 MiB, 15360 MiB, 100 %\n"}
,{"stream_name":"stdout","time":10220.120216964,"data":"VRAM 2026/10/03 21:26:52.500, 1, 3323 MiB, 15360 MiB, 100 %\n"}
,{"stream_name":"stdout","time":10340.137951769,"data":"VRAM 2026/10/03 21:28:52.517, 0, 3323 MiB, 15360 MiB, 100 %\n"}
,{"stream_name":"stdout","time":10340.139390569,"data":"VRAM 2026/10/03 21:28:52.519, 1, 3323 MiB, 15360 MiB, 100 %\n"}
,{"stream_name":"stdout","time":10460.157366688,"data":"VRAM 2026/10/03 21:30:52.536, 0, 3323 MiB, 15360 MiB, 100 %\n"}
,{"stream_name":"stdout","time":10460.158166275,"data":"VRAM 2026/10/03 21:30:52.538, 1, 3323 MiB, 15360 MiB, 100 %\n"}
,{"stream_name":"stdout","time":10537.835327257,"data":"    it   9000  grad-match [0.01942, 0.02309] {'psnr_consensus': 9.627, 'psnr_best_seed': 9.712}\n"}
,{"stream_name":"stdout","time":10580.174766737,"data":"VRAM 2026/10/03 21:32:52.554, 0, 3323 MiB, 15360 MiB, 100 %\n"}
,{"stream_name":"stdout","time":10580.176262705,"data":"VRAM 2026/10/03 21:32:52.556, 1, 3323 MiB, 15360 MiB, 100 %\n"}
,{"stream_name":"stdout","time":10700.193017807,"data":"VRAM 2026/10/03 21:34:52.573, 0, 3323 MiB, 15360 MiB, 100 %\n"}
,{"stream_name":"stdout","time":10700.194525365,"data":"VRAM 2026/10/03 21:34:52.574, 1, 3323 MiB, 15360 MiB, 100 %\n"}
,{"stream_name":"stdout","time":10820.212792206,"data":"VRAM 2026/10/03 21:36:52.591, 0, 3323 MiB, 15360 MiB, 100 %\n"}
,{"stream_name":"stdout","time":10820.212842918,"data":"VRAM 2026/10/03 21:36:52.593, 1, 3323 MiB, 15360 MiB, 100 %\n"}
,{"stream_name":"stdout","time":10940.230561215,"data":"VRAM 2026/10/03 21:38:52.610, 0, 3323 MiB, 15360 MiB, 100 %\n"}
,{"stream_name":"stdout","time":10940.232221095,"data":"VRAM 2026/10/03 21:38:52.612, 1, 3323 MiB, 15360 MiB, 100 %\n"}
,{"stream_name":"stdout","time":11060.249806899,"data":"VRAM 2026/10/03 21:40:52.629, 0, 3323 MiB, 15360 MiB, 100 %\n"}
,{"stream_name":"stdout","time":11060.251290453,"data":"VRAM 2026/10/03 21:40:52.631, 1, 3323 MiB, 15360 MiB, 100 %\n"}
,{"stream_name":"stdout","time":11149.333190616,"data":"    it  10000  grad-match [0.16329, 0.28695] {'psnr_consensus': 11.307, 'psnr_best_seed': 10.708}\n"}
,{"stream_name":"stdout","time":11180.270201019,"data":"VRAM 2026/10/03 21:42:52.648, 0, 3323 MiB, 15360 MiB, 100 %\n"}
,{"stream_name":"stdout","time":11180.271743073,"data":"VRAM 2026/10/03 21:42:52.651, 1, 3323 MiB, 15360 MiB, 100 %\n"}
,{"stream_name":"stdout","time":11300.289563593,"data":"VRAM 2026/10/03 21:44:52.669, 0, 3323 MiB, 15360 MiB, 100 %\n"}
,{"stream_name":"stdout","time":11300.291187035,"data":"VRAM 2026/10/03 21:44:52.671, 1, 3323 MiB, 15360 MiB, 100 %\n"}
,{"stream_name":"stdout","time":11420.308189757,"data":"VRAM 2026/10/03 21:46:52.688, 0, 3323 MiB, 15360 MiB, 100 %\n"}
,{"stream_name":"stdout","time":11420.310834682,"data":"VRAM 2026/10/03 21:46:52.689, 1, 3323 MiB, 15360 MiB, 100 %\n"}
,{"stream_name":"stdout","time":11540.328036655,"data":"VRAM 2026/10/03 21:48:52.707, 0, 3323 MiB, 15360 MiB, 100 %\n"}
,{"stream_name":"stdout","time":11540.32952756,"data":"VRAM 2026/10/03 21:48:52.709, 1, 3323 MiB, 15360 MiB, 100 %\n"}
,{"stream_name":"stdout","time":11660.346262365,"data":"VRAM 2026/10/03 21:50:52.726, 0, 3323 MiB, 15360 MiB, 100 %\n"}
,{"stream_name":"stdout","time":11660.34770611,"data":"VRAM 2026/10/03 21:50:52.727, 1, 3323 MiB, 15360 MiB, 100 %\n"}
,{"stream_name":"stdout","time":11664.805689007,"data":"    it  10000  grad-match [0.0415, 0.01921] {'psnr_consensus': 9.597, 'psnr_best_seed': 9.162}\n"}
,{"stream_name":"stdout","time":11780.36467772,"data":"VRAM 2026/10/03 21:52:52.744, 0, 3323 MiB, 15360 MiB, 100 %\n"}
,{"stream_name":"stdout","time":11780.366113002,"data":"VRAM 2026/10/03 21:52:52.746, 1, 3323 MiB, 15360 MiB, 100 %\n"}
,{"stream_name":"stdout","time":11900.383372223,"data":"VRAM 2026/10/03 21:54:52.763, 0, 3323 MiB, 15360 MiB, 100 %\n"}
,{"stream_name":"stdout","time":11900.385377635,"data":"VRAM 2026/10/03 21:54:52.765, 1, 3323 MiB, 15360 MiB, 100 %\n"}
,{"stream_name":"stdout","time":12020.404507235,"data":"VRAM 2026/10/03 21:56:52.782, 0, 3323 MiB, 15360 MiB, 100 %\n"}
,{"stream_name":"stdout","time":12020.404551721,"data":"VRAM 2026/10/03 21:56:52.784, 1, 3323 MiB, 15360 MiB, 100 %\n"}
,{"stream_name":"stdout","time":12140.421658459,"data":"VRAM 2026/10/03 21:58:52.801, 0, 3323 MiB, 15360 MiB, 100 %\n"}
,{"stream_name":"stdout","time":12140.422922059,"data":"VRAM 2026/10/03 21:58:52.803, 1, 3323 MiB, 15360 MiB, 100 %\n"}
,{"stream_name":"stdout","time":12225.233081729,"data":"    it  11000  grad-match [0.2812, 0.13453] {'psnr_consensus': 11.494, 'psnr_best_seed': 10.954}\n"}
,{"stream_name":"stdout","time":12260.440659203,"data":"VRAM 2026/10/03 22:00:52.820, 0, 3323 MiB, 15360 MiB, 100 %\n"}
,{"stream_name":"stdout","time":12260.442099102,"data":"VRAM 2026/10/03 22:00:52.822, 1, 3323 MiB, 15360 MiB, 100 %\n"}
,{"stream_name":"stdout","time":12380.459120121,"data":"VRAM 2026/10/03 22:02:52.839, 0, 3323 MiB, 15360 MiB, 100 %\n"}
,{"stream_name":"stdout","time":12380.46133021,"data":"VRAM 2026/10/03 22:02:52.840, 1, 3323 MiB, 15360 MiB, 100 %\n"}
,{"stream_name":"stdout","time":12500.478335672,"data":"VRAM 2026/10/03 22:04:52.858, 0, 3323 MiB, 15360 MiB, 100 %\n"}
,{"stream_name":"stdout","time":12500.480173317,"data":"VRAM 2026/10/03 22:04:52.860, 1, 3323 MiB, 15360 MiB, 100 %\n"}
,{"stream_name":"stdout","time":12620.499018569,"data":"VRAM 2026/10/03 22:06:52.877, 0, 3323 MiB, 15360 MiB, 100 %\n"}
,{"stream_name":"stdout","time":12620.499105503,"data":"VRAM 2026/10/03 22:06:52.878, 1, 3323 MiB, 15360 MiB, 100 %\n"}
,{"stream_name":"stdout","time":12740.516726564,"data":"VRAM 2026/10/03 22:08:52.896, 0, 3323 MiB, 15360 MiB, 100 %\n"}
,{"stream_name":"stdout","time":12740.518366919,"data":"VRAM 2026/10/03 22:08:52.898, 1, 3323 MiB, 15360 MiB, 100 %\n"}
,{"stream_name":"stdout","time":12792.557551527,"data":"    it  11000  grad-match [0.092, 0.02022] {'psnr_consensus': 9.597, 'psnr_best_seed': 9.025}\n"}
,{"stream_name":"stdout","time":12860.53573404,"data":"VRAM 2026/10/03 22:10:52.915, 0, 3323 MiB, 15360 MiB, 100 %\n"}
,{"stream_name":"stdout","time":12860.537612672,"data":"VRAM 2026/10/03 22:10:52.917, 1, 3323 MiB, 15360 MiB, 100 %\n"}
,{"stream_name":"stdout","time":12980.555536385,"data":"VRAM 2026/10/03 22:12:52.935, 0, 3323 MiB, 15360 MiB, 100 %\n"}
,{"stream_name":"stdout","time":12980.556803573,"data":"VRAM 2026/10/03 22:12:52.937, 1, 3323 MiB, 15360 MiB, 100 %\n"}
,{"stream_name":"stdout","time":13100.574386668,"data":"VRAM 2026/10/03 22:14:52.954, 0, 3323 MiB, 15360 MiB, 100 %\n"}
,{"stream_name":"stdout","time":13100.575858661,"data":"VRAM 2026/10/03 22:14:52.956, 1, 3323 MiB, 15360 MiB, 100 %\n"}
,{"stream_name":"stdout","time":13220.593731171,"data":"VRAM 2026/10/03 22:16:52.973, 0, 3323 MiB, 15360 MiB, 100 %\n"}
,{"stream_name":"stdout","time":13220.595148499,"data":"VRAM 2026/10/03 22:16:52.975, 1, 3323 MiB, 15360 MiB, 100 %\n"}
,{"stream_name":"stdout","time":13301.584193347,"data":"    it  12000  grad-match [0.11709, 0.21956] {'psnr_consensus': 11.662, 'psnr_best_seed': 11.159}\n"}
,{"stream_name":"stdout","time":13340.613349806,"data":"VRAM 2026/10/03 22:18:52.992, 0, 3323 MiB, 15360 MiB, 100 %\n"}
,{"stream_name":"stdout","time":13340.614826646,"data":"VRAM 2026/10/03 22:18:52.995, 1, 3323 MiB, 15360 MiB, 100 %\n"}
,{"stream_name":"stdout","time":13460.633377764,"data":"VRAM 2026/10/03 22:20:53.012, 0, 3323 MiB, 15360 MiB, 100 %\n"}
,{"stream_name":"stdout","time":13460.633622318,"data":"VRAM 2026/10/03 22:20:53.014, 1, 3323 MiB, 15360 MiB, 100 %\n"}
,{"stream_name":"stdout","time":13580.652381717,"data":"VRAM 2026/10/03 22:22:53.030, 0, 3323 MiB, 15360 MiB, 100 %\n"}
,{"stream_name":"stdout","time":13580.652685562,"data":"VRAM 2026/10/03 22:22:53.031, 1, 3323 MiB, 15360 MiB, 100 %\n"}
,{"stream_name":"stdout","time":13700.669858431,"data":"VRAM 2026/10/03 22:24:53.050, 0, 3323 MiB, 15360 MiB, 100 %\n"}
,{"stream_name":"stdout","time":13700.671320312,"data":"VRAM 2026/10/03 22:24:53.051, 1, 3323 MiB, 15360 MiB, 100 %\n"}
,{"stream_name":"stdout","time":13820.688635204,"data":"VRAM 2026/10/03 22:26:53.068, 0, 3323 MiB, 15360 MiB, 100 %\n"}
,{"stream_name":"stdout","time":13820.690431782,"data":"VRAM 2026/10/03 22:26:53.070, 1, 3323 MiB, 15360 MiB, 100 %\n"}
,{"stream_name":"stdout","time":13917.037693403,"data":"    it  12000  grad-match [0.02871, 0.01677] {'psnr_consensus': 9.973, 'psnr_best_seed': 9.46}\n"}
,{"stream_name":"stdout","time":13940.707189553,"data":"VRAM 2026/10/03 22:28:53.087, 0, 3323 MiB, 15360 MiB, 100 %\n"}
,{"stream_name":"stdout","time":13940.708836323,"data":"VRAM 2026/10/03 22:28:53.089, 1, 3323 MiB, 15360 MiB, 100 %\n"}
,{"stream_name":"stdout","time":14060.72718927,"data":"VRAM 2026/10/03 22:30:53.106, 0, 3323 MiB, 15360 MiB, 100 %\n"}
,{"stream_name":"stdout","time":14060.728519851,"data":"VRAM 2026/10/03 22:30:53.108, 1, 3323 MiB, 15360 MiB, 100 %\n"}
,{"stream_name":"stdout","time":14180.745763051,"data":"VRAM 2026/10/03 22:32:53.125, 0, 3323 MiB, 15360 MiB, 100 %\n"}
,{"stream_name":"stdout","time":14180.747253709,"data":"VRAM 2026/10/03 22:32:53.127, 1, 3323 MiB, 15360 MiB, 100 %\n"}
,{"stream_name":"stdout","time":14300.764537044,"data":"VRAM 2026/10/03 22:34:53.143, 0, 3323 MiB, 15360 MiB, 100 %\n"}
,{"stream_name":"stdout","time":14300.766860422,"data":"VRAM 2026/10/03 22:34:53.146, 1, 3323 MiB, 15360 MiB, 100 %\n"}
,{"stream_name":"stdout","time":14377.274201934,"data":"    it  13000  grad-match [0.13915, 0.11816] {'psnr_consensus': 11.805, 'psnr_best_seed': 11.314}\n"}
,{"stream_name":"stdout","time":14420.784028012,"data":"VRAM 2026/10/03 22:36:53.164, 0, 3323 MiB, 15360 MiB, 100 %\n"}
,{"stream_name":"stdout","time":14420.785525793,"data":"VRAM 2026/10/03 22:36:53.165, 1, 3323 MiB, 15360 MiB, 100 %\n"}
,{"stream_name":"stdout","time":14540.802916812,"data":"VRAM 2026/10/03 22:38:53.182, 0, 3323 MiB, 15360 MiB, 100 %\n"}
,{"stream_name":"stdout","time":14540.804717262,"data":"VRAM 2026/10/03 22:38:53.184, 1, 3323 MiB, 15360 MiB, 100 %\n"}
,{"stream_name":"stdout","time":14660.824270119,"data":"VRAM 2026/10/03 22:40:53.202, 0, 3323 MiB, 15360 MiB, 100 %\n"}
,{"stream_name":"stdout","time":14660.824557575,"data":"VRAM 2026/10/03 22:40:53.204, 1, 3323 MiB, 15360 MiB, 100 %\n"}
,{"stream_name":"stdout","time":14780.842215082,"data":"VRAM 2026/10/03 22:42:53.222, 0, 3323 MiB, 15360 MiB, 100 %\n"}
,{"stream_name":"stdout","time":14780.843781743,"data":"VRAM 2026/10/03 22:42:53.223, 1, 3323 MiB, 15360 MiB, 100 %\n"}
,{"stream_name":"stdout","time":14900.860891733,"data":"VRAM 2026/10/03 22:44:53.240, 0, 3323 MiB, 15360 MiB, 100 %\n"}
,{"stream_name":"stdout","time":14900.862371506,"data":"VRAM 2026/10/03 22:44:53.242, 1, 3323 MiB, 15360 MiB, 100 %\n"}
,{"stream_name":"stdout","time":15020.879747186,"data":"VRAM 2026/10/03 22:46:53.259, 0, 3323 MiB, 15360 MiB, 100 %\n"}
,{"stream_name":"stdout","time":15020.881073942,"data":"VRAM 2026/10/03 22:46:53.261, 1, 3323 MiB, 15360 MiB, 100 %\n"}
,{"stream_name":"stdout","time":15041.923378534,"data":"    it  13000  grad-match [0.02216, 0.02162] {'psnr_consensus': 9.988, 'psnr_best_seed': 9.193}\n"}
,{"stream_name":"stdout","time":15140.898890221,"data":"VRAM 2026/10/03 22:48:53.277, 0, 3323 MiB, 15360 MiB, 100 %\n"}
,{"stream_name":"stdout","time":15140.899011301,"data":"VRAM 2026/10/03 22:48:53.279, 1, 3323 MiB, 15360 MiB, 100 %\n"}
,{"stream_name":"stdout","time":15260.916485075,"data":"VRAM 2026/10/03 22:50:53.296, 0, 3323 MiB, 15360 MiB, 100 %\n"}
,{"stream_name":"stdout","time":15260.91840689,"data":"VRAM 2026/10/03 22:50:53.298, 1, 3323 MiB, 15360 MiB, 100 %\n"}
,{"stream_name":"stdout","time":15380.935274487,"data":"VRAM 2026/10/03 22:52:53.315, 0, 3323 MiB, 15360 MiB, 100 %\n"}
,{"stream_name":"stdout","time":15380.936741783,"data":"VRAM 2026/10/03 22:52:53.317, 1, 3323 MiB, 15360 MiB, 100 %\n"}
,{"stream_name":"stdout","time":15453.394358571,"data":"    it  14000  grad-match [0.11444, 0.22816] {'psnr_consensus': 12.005, 'psnr_best_seed': 11.533}\n"}
,{"stream_name":"stdout","time":15500.954020037,"data":"VRAM 2026/10/03 22:54:53.334, 0, 3323 MiB, 15360 MiB, 100 %\n"}
,{"stream_name":"stdout","time":15500.955408198,"data":"VRAM 2026/10/03 22:54:53.335, 1, 3323 MiB, 15360 MiB, 100 %\n"}
,{"stream_name":"stdout","time":15620.973353497,"data":"VRAM 2026/10/03 22:56:53.352, 0, 3323 MiB, 15360 MiB, 100 %\n"}
,{"stream_name":"stdout","time":15620.974446279,"data":"VRAM 2026/10/03 22:56:53.353, 1, 3323 MiB, 15360 MiB, 100 %\n"}
,{"stream_name":"stdout","time":15740.991725133,"data":"VRAM 2026/10/03 22:58:53.371, 0, 3323 MiB, 15360 MiB, 100 %\n"}
,{"stream_name":"stdout","time":15740.993398002,"data":"VRAM 2026/10/03 22:58:53.373, 1, 3323 MiB, 15360 MiB, 100 %\n"}
,{"stream_name":"stdout","time":15861.010960139,"data":"VRAM 2026/10/03 23:00:53.390, 0, 3323 MiB, 15360 MiB, 100 %\n"}
,{"stream_name":"stdout","time":15861.012474823,"data":"VRAM 2026/10/03 23:00:53.392, 1, 3323 MiB, 15360 MiB, 100 %\n"}
,{"stream_name":"stdout","time":15981.031362295,"data":"VRAM 2026/10/03 23:02:53.409, 0, 3323 MiB, 15360 MiB, 100 %\n"}
,{"stream_name":"stdout","time":15981.031710783,"data":"VRAM 2026/10/03 23:02:53.411, 1, 3323 MiB, 15360 MiB, 100 %\n"}
,{"stream_name":"stdout","time":16101.049070578,"data":"VRAM 2026/10/03 23:04:53.429, 0, 3323 MiB, 15360 MiB, 100 %\n"}
,{"stream_name":"stdout","time":16101.050643628,"data":"VRAM 2026/10/03 23:04:53.430, 1, 3323 MiB, 15360 MiB, 100 %\n"}
,{"stream_name":"stdout","time":16168.513530963,"data":"    it  14000  grad-match [0.02226, 0.01592] {'psnr_consensus': 10.077, 'psnr_best_seed': 9.671}\n"}
,{"stream_name":"stdout","time":16221.068610469,"data":"VRAM 2026/10/03 23:06:53.448, 0, 3323 MiB, 15360 MiB, 100 %\n"}
,{"stream_name":"stdout","time":16221.071332987,"data":"VRAM 2026/10/03 23:06:53.450, 1, 3323 MiB, 15360 MiB, 100 %\n"}
,{"stream_name":"stdout","time":16341.090936047,"data":"VRAM 2026/10/03 23:08:53.468, 0, 3323 MiB, 15360 MiB, 100 %\n"}
,{"stream_name":"stdout","time":16341.093614893,"data":"VRAM 2026/10/03 23:08:53.472, 1, 3323 MiB, 15360 MiB, 100 %\n"}
,{"stream_name":"stdout","time":16461.110222815,"data":"VRAM 2026/10/03 23:10:53.490, 0, 3323 MiB, 15360 MiB, 100 %\n"}
,{"stream_name":"stdout","time":16461.111895877,"data":"VRAM 2026/10/03 23:10:53.492, 1, 3323 MiB, 15360 MiB, 100 %\n"}
,{"stream_name":"stdout","time":16530.768749004,"data":"    it  15000  grad-match [0.07474, 0.04561] {'psnr_consensus': 12.165, 'psnr_best_seed': 11.815}\n"}
,{"stream_name":"stdout","time":16581.128617726,"data":"VRAM 2026/10/03 23:12:53.509, 0, 3323 MiB, 15360 MiB, 100 %\n"}
,{"stream_name":"stdout","time":16581.131300613,"data":"VRAM 2026/10/03 23:12:53.510, 1, 3323 MiB, 15360 MiB, 100 %\n"}
,{"stream_name":"stdout","time":16701.15125641,"data":"VRAM 2026/10/03 23:14:53.528, 0, 3323 MiB, 15360 MiB, 100 %\n"}
,{"stream_name":"stdout","time":16701.151460106,"data":"VRAM 2026/10/03 23:14:53.531, 1, 3323 MiB, 15360 MiB, 100 %\n"}
,{"stream_name":"stdout","time":16821.16862126,"data":"VRAM 2026/10/03 23:16:53.548, 0, 3323 MiB, 15360 MiB, 100 %\n"}
,{"stream_name":"stdout","time":16821.170456962,"data":"VRAM 2026/10/03 23:16:53.550, 1, 3323 MiB, 15360 MiB, 100 %\n"}
,{"stream_name":"stdout","time":16941.188588184,"data":"VRAM 2026/10/03 23:18:53.568, 0, 3323 MiB, 15360 MiB, 100 %\n"}
,{"stream_name":"stdout","time":16941.190196652,"data":"VRAM 2026/10/03 23:18:53.570, 1, 3323 MiB, 15360 MiB, 100 %\n"}
,{"stream_name":"stdout","time":17061.207220758,"data":"VRAM 2026/10/03 23:20:53.587, 0, 3323 MiB, 15360 MiB, 100 %\n"}
,{"stream_name":"stdout","time":17061.208797307,"data":"VRAM 2026/10/03 23:20:53.588, 1, 3323 MiB, 15360 MiB, 100 %\n"}
,{"stream_name":"stdout","time":17181.225664765,"data":"VRAM 2026/10/03 23:22:53.605, 0, 3323 MiB, 15360 MiB, 100 %\n"}
,{"stream_name":"stdout","time":17181.227813326,"data":"VRAM 2026/10/03 23:22:53.607, 1, 3323 MiB, 15360 MiB, 100 %\n"}
,{"stream_name":"stdout","time":17293.027461142,"data":"    it  15000  grad-match [0.01963, 0.01425] {'psnr_consensus': 10.098, 'psnr_best_seed': 9.684}\n"}
,{"stream_name":"stdout","time":17301.245690462,"data":"VRAM 2026/10/03 23:24:53.624, 0, 3323 MiB, 15360 MiB, 100 %\n"}
,{"stream_name":"stdout","time":17301.245998751,"data":"VRAM 2026/10/03 23:24:53.626, 1, 3323 MiB, 15360 MiB, 100 %\n"}
,{"stream_name":"stdout","time":17421.263938178,"data":"VRAM 2026/10/03 23:26:53.643, 0, 3323 MiB, 15360 MiB, 100 %\n"}
,{"stream_name":"stdout","time":17421.265620185,"data":"VRAM 2026/10/03 23:26:53.645, 1, 3323 MiB, 15360 MiB, 99 %\n"}
,{"stream_name":"stdout","time":17541.284374777,"data":"VRAM 2026/10/03 23:28:53.662, 0, 3323 MiB, 15360 MiB, 100 %\n"}
,{"stream_name":"stdout","time":17541.284670827,"data":"VRAM 2026/10/03 23:28:53.664, 1, 3323 MiB, 15360 MiB, 100 %\n"}
,{"stream_name":"stdout","time":17606.360982481,"data":"    it  16000  grad-match [0.0813, 0.04389] {'psnr_consensus': 12.234, 'psnr_best_seed': 11.926}\n"}
,{"stream_name":"stdout","time":17661.302489506,"data":"VRAM 2026/10/03 23:30:53.681, 0, 3323 MiB, 15360 MiB, 100 %\n"}
,{"stream_name":"stdout","time":17661.304279298,"data":"VRAM 2026/10/03 23:30:53.684, 1, 3323 MiB, 15360 MiB, 100 %\n"}
,{"stream_name":"stdout","time":17781.321933604,"data":"VRAM 2026/10/03 23:32:53.701, 0, 3323 MiB, 15360 MiB, 100 %\n"}
,{"stream_name":"stdout","time":17781.323436628,"data":"VRAM 2026/10/03 23:32:53.703, 1, 3323 MiB, 15360 MiB, 100 %\n"}
,{"stream_name":"stdout","time":17901.34061713,"data":"VRAM 2026/10/03 23:34:53.720, 0, 3323 MiB, 15360 MiB, 100 %\n"}
,{"stream_name":"stdout","time":17901.34272602,"data":"VRAM 2026/10/03 23:34:53.722, 1, 3323 MiB, 15360 MiB, 99 %\n"}
,{"stream_name":"stdout","time":18021.360712235,"data":"VRAM 2026/10/03 23:36:53.740, 0, 3323 MiB, 15360 MiB, 100 %\n"}
,{"stream_name":"stdout","time":18021.362791928,"data":"VRAM 2026/10/03 23:36:53.742, 1, 3323 MiB, 15360 MiB, 100 %\n"}
,{"stream_name":"stdout","time":18141.380095577,"data":"VRAM 2026/10/03 23:38:53.760, 0, 3323 MiB, 15360 MiB, 99 %\n"}
,{"stream_name":"stdout","time":18141.38234155,"data":"VRAM 2026/10/03 23:38:53.761, 1, 3323 MiB, 15360 MiB, 100 %\n"}
,{"stream_name":"stdout","time":18261.398717422,"data":"VRAM 2026/10/03 23:40:53.778, 0, 3323 MiB, 15360 MiB, 100 %\n"}
,{"stream_name":"stdout","time":18261.400245954,"data":"VRAM 2026/10/03 23:40:53.780, 1, 3323 MiB, 15360 MiB, 100 %\n"}
,{"stream_name":"stdout","time":18381.419021677,"data":"VRAM 2026/10/03 23:42:53.797, 0, 3323 MiB, 15360 MiB, 100 %\n"}
,{"stream_name":"stdout","time":18381.419205495,"data":"VRAM 2026/10/03 23:42:53.798, 1, 3323 MiB, 15360 MiB, 100 %\n"}
,{"stream_name":"stdout","time":18416.098633222,"data":"    it  16000  grad-match [0.02624, 0.01304] {'psnr_consensus': 10.073, 'psnr_best_seed': 9.705}\n"}
,{"stream_name":"stdout","time":18501.436262596,"data":"VRAM 2026/10/03 23:44:53.816, 0, 3323 MiB, 15360 MiB, 100 %\n"}
,{"stream_name":"stdout","time":18501.439333807,"data":"VRAM 2026/10/03 23:44:53.818, 1, 3323 MiB, 15360 MiB, 100 %\n"}
,{"stream_name":"stdout","time":18621.456601478,"data":"VRAM 2026/10/03 23:46:53.836, 0, 3323 MiB, 15360 MiB, 100 %\n"}
,{"stream_name":"stdout","time":18621.458422574,"data":"VRAM 2026/10/03 23:46:53.838, 1, 3323 MiB, 15360 MiB, 100 %\n"}
,{"stream_name":"stdout","time":18682.579473635,"data":"    it  17000  grad-match [0.04787, 0.03601] {'psnr_consensus': 12.326, 'psnr_best_seed': 12.015}\n"}
,{"stream_name":"stdout","time":18741.476400989,"data":"VRAM 2026/10/03 23:48:53.855, 0, 3323 MiB, 15360 MiB, 100 %\n"}
,{"stream_name":"stdout","time":18741.477366651,"data":"VRAM 2026/10/03 23:48:53.857, 1, 3323 MiB, 15360 MiB, 100 %\n"}
,{"stream_name":"stdout","time":18861.494799459,"data":"VRAM 2026/10/03 23:50:53.874, 0, 3323 MiB, 15360 MiB, 100 %\n"}
,{"stream_name":"stdout","time":18861.497041514,"data":"VRAM 2026/10/03 23:50:53.876, 1, 3323 MiB, 15360 MiB, 100 %\n"}
,{"stream_name":"stdout","time":18981.514528139,"data":"VRAM 2026/10/03 23:52:53.893, 0, 3323 MiB, 15360 MiB, 100 %\n"}
,{"stream_name":"stdout","time":18981.516175771,"data":"VRAM 2026/10/03 23:52:53.896, 1, 3323 MiB, 15360 MiB, 100 %\n"}
,{"stream_name":"stdout","time":19101.533032499,"data":"VRAM 2026/10/03 23:54:53.913, 0, 3323 MiB, 15360 MiB, 100 %\n"}
,{"stream_name":"stdout","time":19101.53463481,"data":"VRAM 2026/10/03 23:54:53.914, 1, 3323 MiB, 15360 MiB, 100 %\n"}
,{"stream_name":"stdout","time":19221.551930945,"data":"VRAM 2026/10/03 23:56:53.932, 0, 3323 MiB, 15360 MiB, 100 %\n"}
,{"stream_name":"stdout","time":19221.553467366,"data":"VRAM 2026/10/03 23:56:53.933, 1, 3323 MiB, 15360 MiB, 100 %\n"}
,{"stream_name":"stdout","time":19341.572699217,"data":"VRAM 2026/10/03 23:58:53.950, 0, 3323 MiB, 15360 MiB, 100 %\n"}
,{"stream_name":"stdout","time":19341.572856665,"data":"VRAM 2026/10/03 23:58:53.952, 1, 3323 MiB, 15360 MiB, 100 %\n"}
,{"stream_name":"stdout","time":19461.591615858,"data":"VRAM 2026/10/04 00:00:53.970, 0, 3323 MiB, 15360 MiB, 100 %\n"}
,{"stream_name":"stdout","time":19461.59301102,"data":"VRAM 2026/10/04 00:00:53.973, 1, 3323 MiB, 15360 MiB, 100 %\n"}
,{"stream_name":"stdout","time":19541.678214861,"data":"    it  17000  grad-match [0.02293, 0.01211] {'psnr_consensus': 10.162, 'psnr_best_seed': 9.724}\n"}
,{"stream_name":"stdout","time":19581.610692015,"data":"VRAM 2026/10/04 00:02:53.990, 0, 3323 MiB, 15360 MiB, 100 %\n"}
,{"stream_name":"stdout","time":19581.612784958,"data":"VRAM 2026/10/04 00:02:53.992, 1, 3323 MiB, 15360 MiB, 100 %\n"}
,{"stream_name":"stdout","time":19701.629943844,"data":"VRAM 2026/10/04 00:04:54.010, 0, 3323 MiB, 15360 MiB, 100 %\n"}
,{"stream_name":"stdout","time":19701.632255406,"data":"VRAM 2026/10/04 00:04:54.011, 1, 3323 MiB, 15360 MiB, 100 %\n"}
,{"stream_name":"stdout","time":19759.83334813,"data":"    it  18000  grad-match [0.04422, 0.03317] {'psnr_consensus': 12.37, 'psnr_best_seed': 12.057}\n"}
,{"stream_name":"stdout","time":19821.649634125,"data":"VRAM 2026/10/04 00:06:54.029, 0, 3323 MiB, 15360 MiB, 100 %\n"}
,{"stream_name":"stdout","time":19821.652178765,"data":"VRAM 2026/10/04 00:06:54.031, 1, 3323 MiB, 15360 MiB, 100 %\n"}
,{"stream_name":"stdout","time":19941.669095442,"data":"VRAM 2026/10/04 00:08:54.049, 0, 3323 MiB, 15360 MiB, 100 %\n"}
,{"stream_name":"stdout","time":19941.671309598,"data":"VRAM 2026/10/04 00:08:54.050, 1, 3323 MiB, 15360 MiB, 100 %\n"}
,{"stream_name":"stdout","time":20061.688455366,"data":"VRAM 2026/10/04 00:10:54.068, 0, 3323 MiB, 15360 MiB, 100 %\n"}
,{"stream_name":"stdout","time":20061.689834554,"data":"VRAM 2026/10/04 00:10:54.070, 1, 3323 MiB, 15360 MiB, 100 %\n"}
,{"stream_name":"stdout","time":20181.706999453,"data":"VRAM 2026/10/04 00:12:54.087, 0, 3323 MiB, 15360 MiB, 100 %\n"}
,{"stream_name":"stdout","time":20181.709263286,"data":"VRAM 2026/10/04 00:12:54.088, 1, 3323 MiB, 15360 MiB, 100 %\n"}
,{"stream_name":"stdout","time":20301.726446938,"data":"VRAM 2026/10/04 00:14:54.106, 0, 3323 MiB, 15360 MiB, 100 %\n"}
,{"stream_name":"stdout","time":20301.728174951,"data":"VRAM 2026/10/04 00:14:54.108, 1, 3323 MiB, 15360 MiB, 100 %\n"}
,{"stream_name":"stdout","time":20421.74554852,"data":"VRAM 2026/10/04 00:16:54.125, 0, 3323 MiB, 15360 MiB, 100 %\n"}
,{"stream_name":"stdout","time":20421.747516245,"data":"VRAM 2026/10/04 00:16:54.127, 1, 3323 MiB, 15360 MiB, 100 %\n"}
,{"stream_name":"stdout","time":20541.766479369,"data":"VRAM 2026/10/04 00:18:54.144, 0, 3323 MiB, 15360 MiB, 100 %\n"}
,{"stream_name":"stdout","time":20541.766655301,"data":"VRAM 2026/10/04 00:18:54.146, 1, 3323 MiB, 15360 MiB, 100 %\n"}
,{"stream_name":"stdout","time":20661.784241807,"data":"VRAM 2026/10/04 00:20:54.164, 0, 3323 MiB, 15360 MiB, 100 %\n"}
,{"stream_name":"stdout","time":20661.786010895,"data":"VRAM 2026/10/04 00:20:54.166, 1, 3323 MiB, 15360 MiB, 100 %\n"}
,{"stream_name":"stdout","time":20667.92435363,"data":"    it  18000  grad-match [0.0209, 0.01156] {'psnr_consensus': 10.19, 'psnr_best_seed': 9.727}\n"}
,{"stream_name":"stdout","time":20781.803704183,"data":"VRAM 2026/10/04 00:22:54.183, 0, 3323 MiB, 15360 MiB, 100 %\n"}
,{"stream_name":"stdout","time":20781.805487358,"data":"VRAM 2026/10/04 00:22:54.185, 1, 3323 MiB, 15360 MiB, 100 %\n"}
,{"stream_name":"stdout","time":20836.844338956,"data":"    it  19000  grad-match [0.04279, 0.03209] {'psnr_consensus': 12.388, 'psnr_best_seed': 12.074}\n"}
,{"stream_name":"stdout","time":20901.82237965,"data":"VRAM 2026/10/04 00:24:54.202, 0, 3323 MiB, 15360 MiB, 100 %\n"}
,{"stream_name":"stdout","time":20901.824147421,"data":"VRAM 2026/10/04 00:24:54.204, 1, 3323 MiB, 15360 MiB, 100 %\n"}
,{"stream_name":"stdout","time":21021.840564104,"data":"VRAM 2026/10/04 00:26:54.220, 0, 3323 MiB, 15360 MiB, 100 %\n"}
,{"stream_name":"stdout","time":21021.842626235,"data":"VRAM 2026/10/04 00:26:54.222, 1, 3323 MiB, 15360 MiB, 100 %\n"}
,{"stream_name":"stdout","time":21141.86020486,"data":"VRAM 2026/10/04 00:28:54.239, 0, 3323 MiB, 15360 MiB, 100 %\n"}
,{"stream_name":"stdout","time":21141.86262006,"data":"VRAM 2026/10/04 00:28:54.241, 1, 3323 MiB, 15360 MiB, 100 %\n"}
,{"stream_name":"stdout","time":21261.880441947,"data":"VRAM 2026/10/04 00:30:54.260, 0, 3323 MiB, 15360 MiB, 100 %\n"}
,{"stream_name":"stdout","time":21261.882117884,"data":"VRAM 2026/10/04 00:30:54.261, 1, 3323 MiB, 15360 MiB, 100 %\n"}
,{"stream_name":"stdout","time":21381.899195879,"data":"VRAM 2026/10/04 00:32:54.279, 0, 3323 MiB, 15360 MiB, 100 %\n"}
,{"stream_name":"stdout","time":21381.901176721,"data":"VRAM 2026/10/04 00:32:54.280, 1, 3323 MiB, 15360 MiB, 100 %\n"}
,{"stream_name":"stdout","time":21501.918831749,"data":"VRAM 2026/10/04 00:34:54.298, 0, 3323 MiB, 15360 MiB, 100 %\n"}
,{"stream_name":"stdout","time":21501.920244989,"data":"VRAM 2026/10/04 00:34:54.300, 1, 3323 MiB, 15360 MiB, 100 %\n"}
,{"stream_name":"stdout","time":21621.937403478,"data":"VRAM 2026/10/04 00:36:54.317, 0, 3323 MiB, 15360 MiB, 100 %\n"}
,{"stream_name":"stdout","time":21621.938912339,"data":"VRAM 2026/10/04 00:36:54.319, 1, 3323 MiB, 15360 MiB, 100 %\n"}
,{"stream_name":"stdout","time":21741.955859135,"data":"VRAM 2026/10/04 00:38:54.335, 0, 3323 MiB, 15360 MiB, 100 %\n"}
,{"stream_name":"stdout","time":21741.957494264,"data":"VRAM 2026/10/04 00:38:54.337, 1, 3323 MiB, 15360 MiB, 100 %\n"}
,{"stream_name":"stdout","time":21794.069926491,"data":"    it  19000  grad-match [0.02002, 0.01128] {'psnr_consensus': 10.2, 'psnr_best_seed': 9.729}\n"}
,{"stream_name":"stdout","time":21861.974083034,"data":"VRAM 2026/10/04 00:40:54.354, 0, 3323 MiB, 15360 MiB, 100 %\n"}
,{"stream_name":"stdout","time":21861.976178386,"data":"VRAM 2026/10/04 00:40:54.355, 1, 3323 MiB, 15360 MiB, 100 %\n"}
,{"stream_name":"stdout","time":21913.356547574,"data":"    it  19999  grad-match [0.04252, 0.03188] {'psnr_consensus': 12.391, 'psnr_best_seed': 12.077}\n"}
,{"stream_name":"stdout","time":21913.969801599,"data":"RESULT [dinov2] client p015: PSNR consensus 12.39 dB | best seed 12.08 dB | gray floor 9.91 dB | label acc 0.88 | 358.7 min\n"}
,{"stream_name":"stdout","time":21981.993969033,"data":"VRAM 2026/10/04 00:42:54.373, 0, 0 MiB, 15360 MiB, 0 %\n"}
,{"stream_name":"stdout","time":21981.995840359,"data":"VRAM 2026/10/04 00:42:54.375, 1, 3323 MiB, 15360 MiB, 100 %\n"}
,{"stream_name":"stdout","time":22102.013503803,"data":"VRAM 2026/10/04 00:44:54.392, 0, 0 MiB, 15360 MiB, 0 %\n"}
,{"stream_name":"stdout","time":22102.015342911,"data":"VRAM 2026/10/04 00:44:54.395, 1, 3323 MiB, 15360 MiB, 100 %\n"}
,{"stream_name":"stdout","time":22222.033084503,"data":"VRAM 2026/10/04 00:46:54.412, 0, 0 MiB, 15360 MiB, 0 %\n"}
,{"stream_name":"stdout","time":22222.034375053,"data":"VRAM 2026/10/04 00:46:54.414, 1, 3323 MiB, 15360 MiB, 100 %\n"}
,{"stream_name":"stdout","time":22342.0521061,"data":"VRAM 2026/10/04 00:48:54.431, 0, 0 MiB, 15360 MiB, 0 %\n"}
,{"stream_name":"stdout","time":22342.053778056,"data":"VRAM 2026/10/04 00:48:54.433, 1, 3323 MiB, 15360 MiB, 100 %\n"}
,{"stream_name":"stdout","time":22462.071929617,"data":"VRAM 2026/10/04 00:50:54.450, 0, 0 MiB, 15360 MiB, 0 %\n"}
,{"stream_name":"stdout","time":22462.073797719,"data":"VRAM 2026/10/04 00:50:54.453, 1, 3323 MiB, 15360 MiB, 100 %\n"}
,{"stream_name":"stdout","time":22582.091021606,"data":"VRAM 2026/10/04 00:52:54.470, 0, 0 MiB, 15360 MiB, 0 %\n"}
,{"stream_name":"stdout","time":22582.092428966,"data":"VRAM 2026/10/04 00:52:54.472, 1, 3323 MiB, 15360 MiB, 100 %\n"}
,{"stream_name":"stdout","time":22702.110736341,"data":"VRAM 2026/10/04 00:54:54.489, 0, 0 MiB, 15360 MiB, 0 %\n"}
,{"stream_name":"stdout","time":22702.112079648,"data":"VRAM 2026/10/04 00:54:54.492, 1, 3323 MiB, 15360 MiB, 100 %\n"}
,{"stream_name":"stdout","time":22822.130870667,"data":"VRAM 2026/10/04 00:56:54.509, 0, 0 MiB, 15360 MiB, 0 %\n"}
,{"stream_name":"stdout","time":22822.13249276,"data":"VRAM 2026/10/04 00:56:54.512, 1, 3323 MiB, 15360 MiB, 100 %\n"}
,{"stream_name":"stdout","time":22917.273413073,"data":"    it  19999  grad-match [0.01989, 0.01122] {'psnr_consensus': 10.201, 'psnr_best_seed': 9.729}\n"}
,{"stream_name":"stdout","time":22917.632411703,"data":"RESULT [dinov2] client p035: PSNR consensus 10.20 dB | best seed 9.73 dB | gray floor 9.15 dB | label acc 0.75 | 375.5 min\n"}
,{"stream_name":"stderr","time":22921.752501626,"data":"/usr/local/lib/python3.13/dist-packages/mistune.py:435: SyntaxWarning: invalid escape sequence '\\|'\n"}
,{"stream_name":"stderr","time":22921.752558703,"data":"  cells[i][c] = re.sub('\\\\\\\\\\|', '|', cell)\n"}
,{"stream_name":"stderr","time":22922.09661009,"data":"/usr/local/lib/python3.13/dist-packages/nbconvert/filters/filter_links.py:36: SyntaxWarning: invalid escape sequence '\\_'\n"}
,{"stream_name":"stderr","time":22922.096639117,"data":"  text = re.sub(r'_', '\\_', text) # Escape underscores in display text\n"}
,{"stream_name":"stderr","time":22923.01133012,"data":"[NbConvertApp] Converting notebook __script__.ipynb to html\n"}
,{"stream_name":"stderr","time":22924.107115547,"data":"[NbConvertApp] Writing 274214 bytes to __results__.html\n"}
]