[{"stream_name":"stderr","time":1.999520771,"data":"Cloning into '/tmp/repo'...\n"}
,{"stream_name":"stdout","time":33.006473187,"data":"VRAM 2026/10/08 15:44:55.628, 0, 0 MiB, 15360 MiB, 0 %\n"}
,{"stream_name":"stdout","time":33.009638011,"data":"VRAM 2026/10/08 15:44:55.632, 1, 0 MiB, 15360 MiB, 0 %\n"}
,{"stream_name":"stdout","time":153.022220094,"data":"VRAM 2026/10/08 15:46:55.646, 0, 0 MiB, 15360 MiB, 0 %\n"}
,{"stream_name":"stdout","time":153.02411266,"data":"VRAM 2026/10/08 15:46:55.648, 1, 0 MiB, 15360 MiB, 0 %\n"}
,{"stream_name":"stdout","time":273.037517176,"data":"VRAM 2026/10/08 15:48:55.661, 0, 0 MiB, 15360 MiB, 0 %\n"}
,{"stream_name":"stdout","time":273.039515084,"data":"VRAM 2026/10/08 15:48:55.664, 1, 0 MiB, 15360 MiB, 0 %\n"}
,{"stream_name":"stdout","time":311.344913532,"data":"data_root: /kaggle/input/competitions/state-farm-distracted-driver-detection | victims: /kaggle/input/notebooks/mohamedelsayed10/fedkd-gi-victim/victim | jobs: [('S2_full/p012', 'p012', ['--settings', 'dinov2', '--iterations', '20000', '--num_seeds', '2', '--alpha_tv', '1', '--alpha_noise', '0', '--log_every', '1000', '--track_psnr', '1', '--time_budget_hours', '11.5']), ('S2_full/p014', 'p014', ['--settings', 'dinov2', '--iterations', '20000', '--num_seeds', '2', '--alpha_tv', '1', '--alpha_noise', '0', '--log_every', '1000', '--track_psnr', '1', '--time_budget_hours', '11.5']), ('S1_full/p012', 'p012', ['--settings', 'none', '--iterations', '20000', '--num_seeds', '2', '--alpha_tv', '1', '--alpha_noise', '0', '--log_every', '1000', '--track_psnr', '1', '--time_budget_hours', '11.5']), ('S1_full/p014', 'p014', ['--settings', 'none', '--iterations', '20000', '--num_seeds', '2', '--alpha_tv', '1', '--alpha_noise', '0', '--log_every', '1000', '--track_psnr', '1', '--time_budget_hours', '11.5'])]\n"}
,{"stream_name":"stdout","time":393.053113257,"data":"VRAM 2026/10/08 15:50:55.677, 0, 0 MiB, 15360 MiB, 0 %\n"}
,{"stream_name":"stdout","time":393.055114281,"data":"VRAM 2026/10/08 15:50:55.679, 1, 0 MiB, 15360 MiB, 0 %\n"}
,{"stream_name":"stderr","time":420.172700264,"data":"Warning: You are sending unauthenticated requests to the HF Hub. Please set a HF_TOKEN to enable higher rate limits and faster downloads.\n"}
,{"stream_name":"stderr","time":441.089714103,"data":"Warning: You are sending unauthenticated requests to the HF Hub. Please set a HF_TOKEN to enable higher rate limits and faster downloads.\n"}
,{"stream_name":"stderr","time":445.738715846,"data":"Warning: You are sending unauthenticated requests to the HF Hub. Please set a HF_TOKEN to enable higher rate limits and faster downloads.\n"}
,{"stream_name":"stdout","time":446.708933656,"data":"[dinov2] client p012: true labels [0, 1, 2, 3, 5, 7, 8, 9] restored [0, 1, 2, 3, 4, 5, 8, 9]\n"}
,{"stream_name":"stdout","time":446.708964589,"data":"[dinov2] client p014: true labels [0, 1, 2, 4, 5, 6, 7, 9] restored [0, 1, 2, 3, 5, 7, 8, 9]\n"}
,{"stream_name":"stdout","time":450.570265852,"data":"    it      0  grad-match [36.8633, 35.43221] {'psnr_consensus': 7.947, 'psnr_best_seed': 6.48}\n"}
,{"stream_name":"stdout","time":450.572361749,"data":"    it      0  grad-match [7.62898, 8.26852] {'psnr_consensus': 7.846, 'psnr_best_seed': 6.412}\n"}
,{"stream_name":"stdout","time":513.067588423,"data":"VRAM 2026/10/08 15:52:55.692, 0, 3323 MiB, 15360 MiB, 100 %\n"}
,{"stream_name":"stdout","time":513.070413413,"data":"VRAM 2026/10/08 15:52:55.694, 1, 3323 MiB, 15360 MiB, 100 %\n"}
,{"stream_name":"stdout","time":633.083502253,"data":"VRAM 2026/10/08 15:54:55.708, 0, 3323 MiB, 15360 MiB, 100 %\n"}
,{"stream_name":"stdout","time":633.085006942,"data":"VRAM 2026/10/08 15:54:55.709, 1, 3323 MiB, 15360 MiB, 100 %\n"}
,{"stream_name":"stdout","time":753.09728583,"data":"VRAM 2026/10/08 15:56:55.721, 0, 3323 MiB, 15360 MiB, 100 %\n"}
,{"stream_name":"stdout","time":753.098898196,"data":"VRAM 2026/10/08 15:56:55.723, 1, 3323 MiB, 15360 MiB, 100 %\n"}
,{"stream_name":"stdout","time":873.111153846,"data":"VRAM 2026/10/08 15:58:55.735, 0, 3323 MiB, 15360 MiB, 100 %\n"}
,{"stream_name":"stdout","time":873.112800952,"data":"VRAM 2026/10/08 15:58:55.737, 1, 3323 MiB, 15360 MiB, 100 %\n"}
,{"stream_name":"stdout","time":993.124817961,"data":"VRAM 2026/10/08 16:00:55.749, 0, 3323 MiB, 15360 MiB, 100 %\n"}
,{"stream_name":"stdout","time":993.126553957,"data":"VRAM 2026/10/08 16:00:55.751, 1, 3323 MiB, 15360 MiB, 100 %\n"}
,{"stream_name":"stdout","time":1113.138393424,"data":"VRAM 2026/10/08 16:02:55.763, 0, 3323 MiB, 15360 MiB, 100 %\n"}
,{"stream_name":"stdout","time":1113.140087079,"data":"VRAM 2026/10/08 16:02:55.764, 1, 3323 MiB, 15360 MiB, 100 %\n"}
,{"stream_name":"stdout","time":1233.152590284,"data":"VRAM 2026/10/08 16:04:55.777, 0, 3323 MiB, 15360 MiB, 100 %\n"}
,{"stream_name":"stdout","time":1233.154229661,"data":"VRAM 2026/10/08 16:04:55.779, 1, 3323 MiB, 15360 MiB, 100 %\n"}
,{"stream_name":"stdout","time":1353.167473605,"data":"VRAM 2026/10/08 16:06:55.791, 0, 3323 MiB, 15360 MiB, 100 %\n"}
,{"stream_name":"stdout","time":1353.16830874,"data":"VRAM 2026/10/08 16:06:55.793, 1, 3323 MiB, 15360 MiB, 100 %\n"}
,{"stream_name":"stdout","time":1473.181119164,"data":"VRAM 2026/10/08 16:08:55.805, 0, 3323 MiB, 15360 MiB, 100 %\n"}
,{"stream_name":"stdout","time":1473.182482074,"data":"VRAM 2026/10/08 16:08:55.807, 1, 3323 MiB, 15360 MiB, 100 %\n"}
,{"stream_name":"stdout","time":1593.195291423,"data":"VRAM 2026/10/08 16:10:55.820, 0, 3323 MiB, 15360 MiB, 100 %\n"}
,{"stream_name":"stdout","time":1593.197565182,"data":"VRAM 2026/10/08 16:10:55.821, 1, 3323 MiB, 15360 MiB, 100 %\n"}
,{"stream_name":"stdout","time":1609.2229171,"data":"    it   1000  grad-match [0.2533, 0.30647] {'psnr_consensus': 9.728, 'psnr_best_seed': 9.389}\n"}
,{"stream_name":"stdout","time":1686.331678554,"data":"    it   1000  grad-match [0.10362, 0.10287] {'psnr_consensus': 9.754, 'psnr_best_seed': 9.414}\n"}
,{"stream_name":"stdout","time":1713.210752143,"data":"VRAM 2026/10/08 16:12:55.835, 0, 3323 MiB, 15360 MiB, 100 %\n"}
,{"stream_name":"stdout","time":1713.212822411,"data":"VRAM 2026/10/08 16:12:55.837, 1, 3323 MiB, 15360 MiB, 100 %\n"}
,{"stream_name":"stdout","time":1833.225328323,"data":"VRAM 2026/10/08 16:14:55.850, 0, 3323 MiB, 15360 MiB, 100 %\n"}
,{"stream_name":"stdout","time":1833.22691662,"data":"VRAM 2026/10/08 16:14:55.851, 1, 3323 MiB, 15360 MiB, 100 %\n"}
,{"stream_name":"stdout","time":1953.2408097,"data":"VRAM 2026/10/08 16:16:55.863, 0, 3323 MiB, 15360 MiB, 100 %\n"}
,{"stream_name":"stdout","time":1953.241149252,"data":"VRAM 2026/10/08 16:16:55.866, 1, 3323 MiB, 15360 MiB, 100 %\n"}
,{"stream_name":"stdout","time":2073.253047697,"data":"VRAM 2026/10/08 16:18:55.877, 0, 3323 MiB, 15360 MiB, 100 %\n"}
,{"stream_name":"stdout","time":2073.255489158,"data":"VRAM 2026/10/08 16:18:55.879, 1, 3323 MiB, 15360 MiB, 100 %\n"}
,{"stream_name":"stdout","time":2193.268419092,"data":"VRAM 2026/10/08 16:20:55.892, 0, 3323 MiB, 15360 MiB, 100 %\n"}
,{"stream_name":"stdout","time":2193.270106633,"data":"VRAM 2026/10/08 16:20:55.894, 1, 3323 MiB, 15360 MiB, 100 %\n"}
,{"stream_name":"stdout","time":2313.282235638,"data":"VRAM 2026/10/08 16:22:55.907, 0, 3323 MiB, 15360 MiB, 100 %\n"}
,{"stream_name":"stdout","time":2313.283550445,"data":"VRAM 2026/10/08 16:22:55.908, 1, 3323 MiB, 15360 MiB, 100 %\n"}
,{"stream_name":"stdout","time":2433.297925519,"data":"VRAM 2026/10/08 16:24:55.920, 0, 3323 MiB, 15360 MiB, 100 %\n"}
,{"stream_name":"stdout","time":2433.297985446,"data":"VRAM 2026/10/08 16:24:55.922, 1, 3323 MiB, 15360 MiB, 100 %\n"}
,{"stream_name":"stdout","time":2553.310179126,"data":"VRAM 2026/10/08 16:26:55.935, 0, 3323 MiB, 15360 MiB, 100 %\n"}
,{"stream_name":"stdout","time":2553.312126675,"data":"VRAM 2026/10/08 16:26:55.936, 1, 3323 MiB, 15360 MiB, 100 %\n"}
,{"stream_name":"stdout","time":2673.324556365,"data":"VRAM 2026/10/08 16:28:55.949, 0, 3323 MiB, 15360 MiB, 100 %\n"}
,{"stream_name":"stdout","time":2673.326219532,"data":"VRAM 2026/10/08 16:28:55.951, 1, 3323 MiB, 15360 MiB, 100 %\n"}
,{"stream_name":"stdout","time":2780.819034325,"data":"    it   2000  grad-match [0.22462, 0.28696] {'psnr_consensus': 10.139, 'psnr_best_seed': 9.669}\n"}
,{"stream_name":"stdout","time":2793.339520661,"data":"VRAM 2026/10/08 16:30:55.963, 0, 3323 MiB, 15360 MiB, 100 %\n"}
,{"stream_name":"stdout","time":2793.340278778,"data":"VRAM 2026/10/08 16:30:55.965, 1, 3323 MiB, 15360 MiB, 100 %\n"}
,{"stream_name":"stdout","time":2913.35347879,"data":"VRAM 2026/10/08 16:32:55.977, 0, 3323 MiB, 15360 MiB, 100 %\n"}
,{"stream_name":"stdout","time":2913.3556588,"data":"VRAM 2026/10/08 16:32:55.979, 1, 3323 MiB, 15360 MiB, 100 %\n"}
,{"stream_name":"stdout","time":2937.536639152,"data":"    it   2000  grad-match [0.12919, 0.12387] {'psnr_consensus': 9.666, 'psnr_best_seed': 9.031}\n"}
,{"stream_name":"stdout","time":3033.368555969,"data":"VRAM 2026/10/08 16:34:55.993, 0, 3323 MiB, 15360 MiB, 100 %\n"}
,{"stream_name":"stdout","time":3033.370843177,"data":"VRAM 2026/10/08 16:34:55.995, 1, 3323 MiB, 15360 MiB, 100 %\n"}
,{"stream_name":"stdout","time":3153.383153711,"data":"VRAM 2026/10/08 16:36:56.007, 0, 3323 MiB, 15360 MiB, 100 %\n"}
,{"stream_name":"stdout","time":3153.384997361,"data":"VRAM 2026/10/08 16:36:56.009, 1, 3323 MiB, 15360 MiB, 100 %\n"}
,{"stream_name":"stdout","time":3273.397535103,"data":"VRAM 2026/10/08 16:38:56.021, 0, 3323 MiB, 15360 MiB, 100 %\n"}
,{"stream_name":"stdout","time":3273.399015337,"data":"VRAM 2026/10/08 16:38:56.024, 1, 3323 MiB, 15360 MiB, 100 %\n"}
,{"stream_name":"stdout","time":3393.412443328,"data":"VRAM 2026/10/08 16:40:56.036, 0, 3323 MiB, 15360 MiB, 100 %\n"}
,{"stream_name":"stdout","time":3393.413655977,"data":"VRAM 2026/10/08 16:40:56.038, 1, 3323 MiB, 15360 MiB, 100 %\n"}
,{"stream_name":"stdout","time":3513.42756583,"data":"VRAM 2026/10/08 16:42:56.050, 0, 3323 MiB, 15360 MiB, 100 %\n"}
,{"stream_name":"stdout","time":3513.427685955,"data":"VRAM 2026/10/08 16:42:56.052, 1, 3323 MiB, 15360 MiB, 100 %\n"}
,{"stream_name":"stdout","time":3633.440792941,"data":"VRAM 2026/10/08 16:44:56.065, 0, 3323 MiB, 15360 MiB, 100 %\n"}
,{"stream_name":"stdout","time":3633.44224772,"data":"VRAM 2026/10/08 16:44:56.067, 1, 3323 MiB, 15360 MiB, 100 %\n"}
,{"stream_name":"stdout","time":3753.455051895,"data":"VRAM 2026/10/08 16:46:56.079, 0, 3323 MiB, 15360 MiB, 100 %\n"}
,{"stream_name":"stdout","time":3753.456748589,"data":"VRAM 2026/10/08 16:46:56.081, 1, 3323 MiB, 15360 MiB, 100 %\n"}
,{"stream_name":"stdout","time":3873.46881024,"data":"VRAM 2026/10/08 16:48:56.093, 0, 3323 MiB, 15360 MiB, 100 %\n"}
,{"stream_name":"stdout","time":3873.470338115,"data":"VRAM 2026/10/08 16:48:56.095, 1, 3323 MiB, 15360 MiB, 100 %\n"}
,{"stream_name":"stdout","time":3950.148107638,"data":"    it   3000  grad-match [0.21744, 0.24384] {'psnr_consensus': 10.22, 'psnr_best_seed': 9.899}\n"}
,{"stream_name":"stdout","time":3993.484825172,"data":"VRAM 2026/10/08 16:50:56.107, 0, 3323 MiB, 15360 MiB, 100 %\n"}
,{"stream_name":"stdout","time":3993.485329035,"data":"VRAM 2026/10/08 16:50:56.109, 1, 3323 MiB, 15360 MiB, 100 %\n"}
,{"stream_name":"stdout","time":4113.497945515,"data":"VRAM 2026/10/08 16:52:56.122, 0, 3323 MiB, 15360 MiB, 100 %\n"}
,{"stream_name":"stdout","time":4113.500256039,"data":"VRAM 2026/10/08 16:52:56.124, 1, 3323 MiB, 15360 MiB, 100 %\n"}
,{"stream_name":"stdout","time":4188.17934737,"data":"    it   3000  grad-match [0.11074, 0.10934] {'psnr_consensus': 9.789, 'psnr_best_seed': 9.075}\n"}
,{"stream_name":"stdout","time":4233.512654592,"data":"VRAM 2026/10/08 16:54:56.137, 0, 3323 MiB, 15360 MiB, 100 %\n"}
,{"stream_name":"stdout","time":4233.514292504,"data":"VRAM 2026/10/08 16:54:56.139, 1, 3323 MiB, 15360 MiB, 100 %\n"}
,{"stream_name":"stdout","time":4353.527511032,"data":"VRAM 2026/10/08 16:56:56.151, 0, 3323 MiB, 15360 MiB, 100 %\n"}
,{"stream_name":"stdout","time":4353.529318566,"data":"VRAM 2026/10/08 16:56:56.153, 1, 3323 MiB, 15360 MiB, 100 %\n"}
,{"stream_name":"stdout","time":4473.542008437,"data":"VRAM 2026/10/08 16:58:56.166, 0, 3323 MiB, 15360 MiB, 100 %\n"}
,{"stream_name":"stdout","time":4473.544198126,"data":"VRAM 2026/10/08 16:58:56.168, 1, 3323 MiB, 15360 MiB, 100 %\n"}
,{"stream_name":"stdout","time":4593.556348828,"data":"VRAM 2026/10/08 17:00:56.181, 0, 3323 MiB, 15360 MiB, 100 %\n"}
,{"stream_name":"stdout","time":4593.55808836,"data":"VRAM 2026/10/08 17:00:56.182, 1, 3323 MiB, 15360 MiB, 100 %\n"}
,{"stream_name":"stdout","time":4713.571688287,"data":"VRAM 2026/10/08 17:02:56.195, 0, 3323 MiB, 15360 MiB, 100 %\n"}
,{"stream_name":"stdout","time":4713.573491126,"data":"VRAM 2026/10/08 17:02:56.198, 1, 3323 MiB, 15360 MiB, 100 %\n"}
,{"stream_name":"stdout","time":4833.585362335,"data":"VRAM 2026/10/08 17:04:56.210, 0, 3323 MiB, 15360 MiB, 100 %\n"}
,{"stream_name":"stdout","time":4833.586936469,"data":"VRAM 2026/10/08 17:04:56.211, 1, 3323 MiB, 15360 MiB, 99 %\n"}
,{"stream_name":"stdout","time":4953.601579401,"data":"VRAM 2026/10/08 17:06:56.224, 0, 3323 MiB, 15360 MiB, 100 %\n"}
,{"stream_name":"stdout","time":4953.602051472,"data":"VRAM 2026/10/08 17:06:56.225, 1, 3323 MiB, 15360 MiB, 100 %\n"}
,{"stream_name":"stdout","time":5073.61455145,"data":"VRAM 2026/10/08 17:08:56.239, 0, 3323 MiB, 15360 MiB, 100 %\n"}
,{"stream_name":"stdout","time":5073.616219793,"data":"VRAM 2026/10/08 17:08:56.241, 1, 3323 MiB, 15360 MiB, 100 %\n"}
,{"stream_name":"stdout","time":5115.28035908,"data":"    it   4000  grad-match [0.28202, 0.287] {'psnr_consensus': 10.097, 'psnr_best_seed': 9.033}\n"}
,{"stream_name":"stdout","time":5193.628435571,"data":"VRAM 2026/10/08 17:10:56.253, 0, 3323 MiB, 15360 MiB, 100 %\n"}
,{"stream_name":"stdout","time":5193.629946265,"data":"VRAM 2026/10/08 17:10:56.254, 1, 3323 MiB, 15360 MiB, 100 %\n"}
,{"stream_name":"stdout","time":5313.641747849,"data":"VRAM 2026/10/08 17:12:56.266, 0, 3323 MiB, 15360 MiB, 100 %\n"}
,{"stream_name":"stdout","time":5313.643495774,"data":"VRAM 2026/10/08 17:12:56.268, 1, 3323 MiB, 15360 MiB, 100 %\n"}
,{"stream_name":"stdout","time":5433.655928504,"data":"VRAM 2026/10/08 17:14:56.280, 0, 3323 MiB, 15360 MiB, 100 %\n"}
,{"stream_name":"stdout","time":5433.657865112,"data":"VRAM 2026/10/08 17:14:56.282, 1, 3323 MiB, 15360 MiB, 100 %\n"}
,{"stream_name":"stdout","time":5437.34107011,"data":"    it   4000  grad-match [0.12274, 0.11866] {'psnr_consensus': 9.069, 'psnr_best_seed': 8.28}\n"}
,{"stream_name":"stdout","time":5553.670099225,"data":"VRAM 2026/10/08 17:16:56.295, 0, 3323 MiB, 15360 MiB, 100 %\n"}
,{"stream_name":"stdout","time":5553.67189867,"data":"VRAM 2026/10/08 17:16:56.296, 1, 3323 MiB, 15360 MiB, 100 %\n"}
,{"stream_name":"stdout","time":5673.684552835,"data":"VRAM 2026/10/08 17:18:56.309, 0, 3323 MiB, 15360 MiB, 100 %\n"}
,{"stream_name":"stdout","time":5673.686038612,"data":"VRAM 2026/10/08 17:18:56.310, 1, 3323 MiB, 15360 MiB, 100 %\n"}
,{"stream_name":"stdout","time":5793.699464642,"data":"VRAM 2026/10/08 17:20:56.323, 0, 3323 MiB, 15360 MiB, 100 %\n"}
,{"stream_name":"stdout","time":5793.701129139,"data":"VRAM 2026/10/08 17:20:56.325, 1, 3323 MiB, 15360 MiB, 100 %\n"}
,{"stream_name":"stdout","time":5913.713827361,"data":"VRAM 2026/10/08 17:22:56.338, 0, 3323 MiB, 15360 MiB, 100 %\n"}
,{"stream_name":"stdout","time":5913.715949193,"data":"VRAM 2026/10/08 17:22:56.340, 1, 3323 MiB, 15360 MiB, 99 %\n"}
,{"stream_name":"stdout","time":6033.728655548,"data":"VRAM 2026/10/08 17:24:56.352, 0, 3323 MiB, 15360 MiB, 100 %\n"}
,{"stream_name":"stdout","time":6033.730493083,"data":"VRAM 2026/10/08 17:24:56.355, 1, 3323 MiB, 15360 MiB, 100 %\n"}
,{"stream_name":"stdout","time":6153.74328084,"data":"VRAM 2026/10/08 17:26:56.368, 0, 3323 MiB, 15360 MiB, 100 %\n"}
,{"stream_name":"stdout","time":6153.74514276,"data":"VRAM 2026/10/08 17:26:56.369, 1, 3323 MiB, 15360 MiB, 100 %\n"}
,{"stream_name":"stdout","time":6273.756992554,"data":"VRAM 2026/10/08 17:28:56.381, 0, 3323 MiB, 15360 MiB, 100 %\n"}
,{"stream_name":"stdout","time":6273.758581312,"data":"VRAM 2026/10/08 17:28:56.383, 1, 3323 MiB, 15360 MiB, 100 %\n"}
,{"stream_name":"stdout","time":6279.320587315,"data":"    it   5000  grad-match [0.2372, 0.33755] {'psnr_consensus': 9.756, 'psnr_best_seed': 9.404}\n"}
,{"stream_name":"stdout","time":6393.77081151,"data":"VRAM 2026/10/08 17:30:56.395, 0, 3323 MiB, 15360 MiB, 100 %\n"}
,{"stream_name":"stdout","time":6393.772621045,"data":"VRAM 2026/10/08 17:30:56.397, 1, 3323 MiB, 15360 MiB, 100 %\n"}
,{"stream_name":"stdout","time":6513.784594552,"data":"VRAM 2026/10/08 17:32:56.409, 0, 3323 MiB, 15360 MiB, 100 %\n"}
,{"stream_name":"stdout","time":6513.786146535,"data":"VRAM 2026/10/08 17:32:56.411, 1, 3323 MiB, 15360 MiB, 100 %\n"}
,{"stream_name":"stdout","time":6633.800156676,"data":"VRAM 2026/10/08 17:34:56.422, 0, 3323 MiB, 15360 MiB, 100 %\n"}
,{"stream_name":"stdout","time":6633.800346079,"data":"VRAM 2026/10/08 17:34:56.424, 1, 3323 MiB, 15360 MiB, 100 %\n"}
,{"stream_name":"stdout","time":6685.495342942,"data":"    it   5000  grad-match [0.07034, 0.0802] {'psnr_consensus': 9.799, 'psnr_best_seed': 9.499}\n"}
,{"stream_name":"stdout","time":6753.813266099,"data":"VRAM 2026/10/08 17:36:56.437, 0, 3323 MiB, 15360 MiB, 100 %\n"}
,{"stream_name":"stdout","time":6753.815449073,"data":"VRAM 2026/10/08 17:36:56.439, 1, 3323 MiB, 15360 MiB, 100 %\n"}
,{"stream_name":"stdout","time":6873.829548738,"data":"VRAM 2026/10/08 17:38:56.452, 0, 3323 MiB, 15360 MiB, 100 %\n"}
,{"stream_name":"stdout","time":6873.829820173,"data":"VRAM 2026/10/08 17:38:56.454, 1, 3323 MiB, 15360 MiB, 100 %\n"}
,{"stream_name":"stdout","time":6993.843326584,"data":"VRAM 2026/10/08 17:40:56.467, 0, 3323 MiB, 15360 MiB, 100 %\n"}
,{"stream_name":"stdout","time":6993.845598786,"data":"VRAM 2026/10/08 17:40:56.469, 1, 3323 MiB, 15360 MiB, 100 %\n"}
,{"stream_name":"stdout","time":7113.857585838,"data":"VRAM 2026/10/08 17:42:56.482, 0, 3323 MiB, 15360 MiB, 100 %\n"}
,{"stream_name":"stdout","time":7113.86012589,"data":"VRAM 2026/10/08 17:42:56.484, 1, 3323 MiB, 15360 MiB, 100 %\n"}
,{"stream_name":"stdout","time":7233.873475106,"data":"VRAM 2026/10/08 17:44:56.497, 0, 3323 MiB, 15360 MiB, 100 %\n"}
,{"stream_name":"stdout","time":7233.873917552,"data":"VRAM 2026/10/08 17:44:56.498, 1, 3323 MiB, 15360 MiB, 100 %\n"}
,{"stream_name":"stdout","time":7353.886056013,"data":"VRAM 2026/10/08 17:46:56.510, 0, 3323 MiB, 15360 MiB, 100 %\n"}
,{"stream_name":"stdout","time":7353.88751353,"data":"VRAM 2026/10/08 17:46:56.512, 1, 3323 MiB, 15360 MiB, 100 %\n"}
,{"stream_name":"stdout","time":7447.063438093,"data":"    it   6000  grad-match [0.23663, 0.32734] {'psnr_consensus': 9.944, 'psnr_best_seed': 9.442}\n"}
,{"stream_name":"stdout","time":7473.900321773,"data":"VRAM 2026/10/08 17:48:56.524, 0, 3323 MiB, 15360 MiB, 100 %\n"}
,{"stream_name":"stdout","time":7473.901723594,"data":"VRAM 2026/10/08 17:48:56.526, 1, 3323 MiB, 15360 MiB, 100 %\n"}
,{"stream_name":"stdout","time":7593.915086267,"data":"VRAM 2026/10/08 17:50:56.539, 0, 3323 MiB, 15360 MiB, 100 %\n"}
,{"stream_name":"stdout","time":7593.916621666,"data":"VRAM 2026/10/08 17:50:56.541, 1, 3323 MiB, 15360 MiB, 100 %\n"}
,{"stream_name":"stdout","time":7713.92950711,"data":"VRAM 2026/10/08 17:52:56.554, 0, 3323 MiB, 15360 MiB, 100 %\n"}
,{"stream_name":"stdout","time":7713.931542829,"data":"VRAM 2026/10/08 17:52:56.556, 1, 3323 MiB, 15360 MiB, 100 %\n"}
,{"stream_name":"stdout","time":7833.945718649,"data":"VRAM 2026/10/08 17:54:56.568, 0, 3323 MiB, 15360 MiB, 100 %\n"}
,{"stream_name":"stdout","time":7833.947356432,"data":"VRAM 2026/10/08 17:54:56.572, 1, 3323 MiB, 15360 MiB, 100 %\n"}
,{"stream_name":"stdout","time":7937.521434265,"data":"    it   6000  grad-match [0.06006, 0.06951] {'psnr_consensus': 9.73, 'psnr_best_seed': 9.187}\n"}
,{"stream_name":"stdout","time":7953.960862174,"data":"VRAM 2026/10/08 17:56:56.584, 0, 3323 MiB, 15360 MiB, 100 %\n"}
,{"stream_name":"stdout","time":7953.961344476,"data":"VRAM 2026/10/08 17:56:56.586, 1, 3323 MiB, 15360 MiB, 100 %\n"}
,{"stream_name":"stdout","time":8073.974575373,"data":"VRAM 2026/10/08 17:58:56.598, 0, 3323 MiB, 15360 MiB, 100 %\n"}
,{"stream_name":"stdout","time":8073.976087905,"data":"VRAM 2026/10/08 17:58:56.601, 1, 3323 MiB, 15360 MiB, 100 %\n"}
,{"stream_name":"stdout","time":8193.988944164,"data":"VRAM 2026/10/08 18:00:56.613, 0, 3323 MiB, 15360 MiB, 100 %\n"}
,{"stream_name":"stdout","time":8193.990512737,"data":"VRAM 2026/10/08 18:00:56.615, 1, 3323 MiB, 15360 MiB, 100 %\n"}
,{"stream_name":"stdout","time":8314.002460047,"data":"VRAM 2026/10/08 18:02:56.627, 0, 3323 MiB, 15360 MiB, 100 %\n"}
,{"stream_name":"stdout","time":8314.004293323,"data":"VRAM 2026/10/08 18:02:56.628, 1, 3323 MiB, 15360 MiB, 100 %\n"}
,{"stream_name":"stdout","time":8434.016905142,"data":"VRAM 2026/10/08 18:04:56.641, 0, 3323 MiB, 15360 MiB, 100 %\n"}
,{"stream_name":"stdout","time":8434.018555835,"data":"VRAM 2026/10/08 18:04:56.643, 1, 3323 MiB, 15360 MiB, 100 %\n"}
,{"stream_name":"stdout","time":8554.03119694,"data":"VRAM 2026/10/08 18:06:56.655, 0, 3323 MiB, 15360 MiB, 100 %\n"}
,{"stream_name":"stdout","time":8554.033156334,"data":"VRAM 2026/10/08 18:06:56.657, 1, 3323 MiB, 15360 MiB, 100 %\n"}
,{"stream_name":"stdout","time":8618.832906986,"data":"    it   7000  grad-match [0.21312, 0.23641] {'psnr_consensus': 10.172, 'psnr_best_seed': 9.523}\n"}
,{"stream_name":"stdout","time":8674.045860851,"data":"VRAM 2026/10/08 18:08:56.670, 0, 3323 MiB, 15360 MiB, 99 %\n"}
,{"stream_name":"stdout","time":8674.047422317,"data":"VRAM 2026/10/08 18:08:56.672, 1, 3323 MiB, 15360 MiB, 100 %\n"}
,{"stream_name":"stdout","time":8794.061428306,"data":"VRAM 2026/10/08 18:10:56.684, 0, 3323 MiB, 15360 MiB, 100 %\n"}
,{"stream_name":"stdout","time":8794.061796212,"data":"VRAM 2026/10/08 18:10:56.686, 1, 3323 MiB, 15360 MiB, 100 %\n"}
,{"stream_name":"stdout","time":8914.073975004,"data":"VRAM 2026/10/08 18:12:56.698, 0, 3323 MiB, 15360 MiB, 100 %\n"}
,{"stream_name":"stdout","time":8914.075491114,"data":"VRAM 2026/10/08 18:12:56.700, 1, 3323 MiB, 15360 MiB, 100 %\n"}
,{"stream_name":"stdout","time":9034.088448648,"data":"VRAM 2026/10/08 18:14:56.713, 0, 3323 MiB, 15360 MiB, 100 %\n"}
,{"stream_name":"stdout","time":9034.090477461,"data":"VRAM 2026/10/08 18:14:56.715, 1, 3323 MiB, 15360 MiB, 100 %\n"}
,{"stream_name":"stdout","time":9154.103384033,"data":"VRAM 2026/10/08 18:16:56.728, 0, 3323 MiB, 15360 MiB, 100 %\n"}
,{"stream_name":"stdout","time":9154.104799104,"data":"VRAM 2026/10/08 18:16:56.729, 1, 3323 MiB, 15360 MiB, 100 %\n"}
,{"stream_name":"stdout","time":9189.230595646,"data":"    it   7000  grad-match [0.08572, 0.09127] {'psnr_consensus': 9.252, 'psnr_best_seed': 8.559}\n"}
,{"stream_name":"stdout","time":9274.118130726,"data":"VRAM 2026/10/08 18:18:56.742, 0, 3323 MiB, 15360 MiB, 100 %\n"}
,{"stream_name":"stdout","time":9274.119573596,"data":"VRAM 2026/10/08 18:18:56.744, 1, 3323 MiB, 15360 MiB, 100 %\n"}
,{"stream_name":"stdout","time":9394.132590715,"data":"VRAM 2026/10/08 18:20:56.757, 0, 3323 MiB, 15360 MiB, 100 %\n"}
,{"stream_name":"stdout","time":9394.134281554,"data":"VRAM 2026/10/08 18:20:56.759, 1, 3323 MiB, 15360 MiB, 100 %\n"}
,{"stream_name":"stdout","time":9514.148453765,"data":"VRAM 2026/10/08 18:22:56.771, 0, 3323 MiB, 15360 MiB, 100 %\n"}
,{"stream_name":"stdout","time":9514.148753424,"data":"VRAM 2026/10/08 18:22:56.773, 1, 3323 MiB, 15360 MiB, 100 %\n"}
,{"stream_name":"stdout","time":9634.160973761,"data":"VRAM 2026/10/08 18:24:56.785, 0, 3323 MiB, 15360 MiB, 100 %\n"}
,{"stream_name":"stdout","time":9634.162507808,"data":"VRAM 2026/10/08 18:24:56.787, 1, 3323 MiB, 15360 MiB, 100 %\n"}
,{"stream_name":"stdout","time":9754.174995489,"data":"VRAM 2026/10/08 18:26:56.799, 0, 3323 MiB, 15360 MiB, 100 %\n"}
,{"stream_name":"stdout","time":9754.176419815,"data":"VRAM 2026/10/08 18:26:56.801, 1, 3323 MiB, 15360 MiB, 100 %\n"}
,{"stream_name":"stdout","time":9787.990970413,"data":"    it   8000  grad-match [0.21988, 0.20771] {'psnr_consensus': 10.331, 'psnr_best_seed': 9.733}\n"}
,{"stream_name":"stdout","time":9874.189424302,"data":"VRAM 2026/10/08 18:28:56.814, 0, 3323 MiB, 15360 MiB, 100 %\n"}
,{"stream_name":"stdout","time":9874.191744913,"data":"VRAM 2026/10/08 18:28:56.815, 1, 3323 MiB, 15360 MiB, 100 %\n"}
,{"stream_name":"stdout","time":9994.204393524,"data":"VRAM 2026/10/08 18:30:56.828, 0, 3323 MiB, 15360 MiB, 100 %\n"}
,{"stream_name":"stdout","time":9994.206517632,"data":"VRAM 2026/10/08 18:30:56.830, 1, 3323 MiB, 15360 MiB, 100 %\n"}
,{"stream_name":"stdout","time":10114.219363191,"data":"VRAM 2026/10/08 18:32:56.844, 0, 3323 MiB, 15360 MiB, 100 %\n"}
,{"stream_name":"stdout","time":10114.2209716,"data":"VRAM 2026/10/08 18:32:56.845, 1, 3323 MiB, 15360 MiB, 100 %\n"}
,{"stream_name":"stdout","time":10234.233288833,"data":"VRAM 2026/10/08 18:34:56.857, 0, 3323 MiB, 15360 MiB, 100 %\n"}
,{"stream_name":"stdout","time":10234.234497044,"data":"VRAM 2026/10/08 18:34:56.859, 1, 3323 MiB, 15360 MiB, 100 %\n"}
,{"stream_name":"stdout","time":10354.247399786,"data":"VRAM 2026/10/08 18:36:56.871, 0, 3323 MiB, 15360 MiB, 99 %\n"}
,{"stream_name":"stdout","time":10354.249331682,"data":"VRAM 2026/10/08 18:36:56.873, 1, 3323 MiB, 15360 MiB, 100 %\n"}
,{"stream_name":"stdout","time":10440.260397368,"data":"    it   8000  grad-match [0.07411, 0.0609] {'psnr_consensus': 9.743, 'psnr_best_seed': 9.179}\n"}
,{"stream_name":"stdout","time":10474.262523072,"data":"VRAM 2026/10/08 18:38:56.886, 0, 3323 MiB, 15360 MiB, 100 %\n"}
,{"stream_name":"stdout","time":10474.264581432,"data":"VRAM 2026/10/08 18:38:56.889, 1, 3323 MiB, 15360 MiB, 100 %\n"}
,{"stream_name":"stdout","time":10594.276776272,"data":"VRAM 2026/10/08 18:40:56.901, 0, 3323 MiB, 15360 MiB, 100 %\n"}
,{"stream_name":"stdout","time":10594.278404643,"data":"VRAM 2026/10/08 18:40:56.903, 1, 3323 MiB, 15360 MiB, 100 %\n"}
,{"stream_name":"stdout","time":10714.290296891,"data":"VRAM 2026/10/08 18:42:56.915, 0, 3323 MiB, 15360 MiB, 100 %\n"}
,{"stream_name":"stdout","time":10714.292347178,"data":"VRAM 2026/10/08 18:42:56.916, 1, 3323 MiB, 15360 MiB, 100 %\n"}
,{"stream_name":"stdout","time":10834.307908315,"data":"VRAM 2026/10/08 18:44:56.929, 0, 3323 MiB, 15360 MiB, 100 %\n"}
,{"stream_name":"stdout","time":10834.307958583,"data":"VRAM 2026/10/08 18:44:56.932, 1, 3323 MiB, 15360 MiB, 100 %\n"}
,{"stream_name":"stdout","time":10954.320749698,"data":"VRAM 2026/10/08 18:46:56.945, 0, 3323 MiB, 15360 MiB, 100 %\n"}
,{"stream_name":"stdout","time":10954.32209064,"data":"VRAM 2026/10/08 18:46:56.946, 1, 3323 MiB, 15360 MiB, 100 %\n"}
,{"stream_name":"stdout","time":10957.222996507,"data":"    it   9000  grad-match [0.22527, 0.29308] {'psnr_consensus': 10.233, 'psnr_best_seed': 9.773}\n"}
,{"stream_name":"stdout","time":11074.334958547,"data":"VRAM 2026/10/08 18:48:56.959, 0, 3323 MiB, 15360 MiB, 100 %\n"}
,{"stream_name":"stdout","time":11074.336591433,"data":"VRAM 2026/10/08 18:48:56.961, 1, 3323 MiB, 15360 MiB, 100 %\n"}
,{"stream_name":"stdout","time":11194.35225993,"data":"VRAM 2026/10/08 18:50:56.973, 0, 3323 MiB, 15360 MiB, 100 %\n"}
,{"stream_name":"stdout","time":11194.352413023,"data":"VRAM 2026/10/08 18:50:56.976, 1, 3323 MiB, 15360 MiB, 100 %\n"}
,{"stream_name":"stdout","time":11314.366731455,"data":"VRAM 2026/10/08 18:52:56.989, 0, 3323 MiB, 15360 MiB, 100 %\n"}
,{"stream_name":"stdout","time":11314.367146706,"data":"VRAM 2026/10/08 18:52:56.991, 1, 3323 MiB, 15360 MiB, 100 %\n"}
,{"stream_name":"stdout","time":11434.380288846,"data":"VRAM 2026/10/08 18:54:57.004, 0, 3323 MiB, 15360 MiB, 100 %\n"}
,{"stream_name":"stdout","time":11434.381665826,"data":"VRAM 2026/10/08 18:54:57.006, 1, 3323 MiB, 15360 MiB, 100 %\n"}
,{"stream_name":"stdout","time":11554.394217012,"data":"VRAM 2026/10/08 18:56:57.018, 0, 3323 MiB, 15360 MiB, 100 %\n"}
,{"stream_name":"stdout","time":11554.395678622,"data":"VRAM 2026/10/08 18:56:57.020, 1, 3323 MiB, 15360 MiB, 100 %\n"}
,{"stream_name":"stdout","time":11674.40825049,"data":"VRAM 2026/10/08 18:58:57.032, 0, 3323 MiB, 15360 MiB, 100 %\n"}
,{"stream_name":"stdout","time":11674.410118251,"data":"VRAM 2026/10/08 18:58:57.034, 1, 3323 MiB, 15360 MiB, 100 %\n"}
,{"stream_name":"stdout","time":11690.801956919,"data":"    it   9000  grad-match [0.08966, 0.05203] {'psnr_consensus': 9.685, 'psnr_best_seed': 9.161}\n"}
,{"stream_name":"stdout","time":11794.423271884,"data":"VRAM 2026/10/08 19:00:57.047, 0, 3323 MiB, 15360 MiB, 100 %\n"}
,{"stream_name":"stdout","time":11794.424671375,"data":"VRAM 2026/10/08 19:00:57.049, 1, 3323 MiB, 15360 MiB, 100 %\n"}
,{"stream_name":"stdout","time":11914.437748829,"data":"VRAM 2026/10/08 19:02:57.061, 0, 3323 MiB, 15360 MiB, 100 %\n"}
,{"stream_name":"stdout","time":11914.440017876,"data":"VRAM 2026/10/08 19:02:57.064, 1, 3323 MiB, 15360 MiB, 100 %\n"}
,{"stream_name":"stdout","time":12034.453488863,"data":"VRAM 2026/10/08 19:04:57.077, 0, 3323 MiB, 15360 MiB, 100 %\n"}
,{"stream_name":"stdout","time":12034.455705968,"data":"VRAM 2026/10/08 19:04:57.079, 1, 3323 MiB, 15360 MiB, 100 %\n"}
,{"stream_name":"stdout","time":12130.538567374,"data":"    it  10000  grad-match [0.28121, 0.35743] {'psnr_consensus': 10.281, 'psnr_best_seed': 9.454}\n"}
,{"stream_name":"stdout","time":12154.468583591,"data":"VRAM 2026/10/08 19:06:57.093, 0, 3323 MiB, 15360 MiB, 100 %\n"}
,{"stream_name":"stdout","time":12154.470199229,"data":"VRAM 2026/10/08 19:06:57.095, 1, 3323 MiB, 15360 MiB, 100 %\n"}
,{"stream_name":"stdout","time":12274.482609747,"data":"VRAM 2026/10/08 19:08:57.107, 0, 3323 MiB, 15360 MiB, 100 %\n"}
,{"stream_name":"stdout","time":12274.484087861,"data":"VRAM 2026/10/08 19:08:57.109, 1, 3323 MiB, 15360 MiB, 100 %\n"}
,{"stream_name":"stdout","time":12394.496869589,"data":"VRAM 2026/10/08 19:10:57.121, 0, 3323 MiB, 15360 MiB, 100 %\n"}
,{"stream_name":"stdout","time":12394.498639848,"data":"VRAM 2026/10/08 19:10:57.123, 1, 3323 MiB, 15360 MiB, 100 %\n"}
,{"stream_name":"stdout","time":12514.510992763,"data":"VRAM 2026/10/08 19:12:57.135, 0, 3323 MiB, 15360 MiB, 100 %\n"}
,{"stream_name":"stdout","time":12514.512561981,"data":"VRAM 2026/10/08 19:12:57.137, 1, 3323 MiB, 15360 MiB, 100 %\n"}
,{"stream_name":"stdout","time":12634.525659967,"data":"VRAM 2026/10/08 19:14:57.149, 0, 3323 MiB, 15360 MiB, 100 %\n"}
,{"stream_name":"stdout","time":12634.527273935,"data":"VRAM 2026/10/08 19:14:57.152, 1, 3323 MiB, 15360 MiB, 100 %\n"}
,{"stream_name":"stdout","time":12754.539018567,"data":"VRAM 2026/10/08 19:16:57.163, 0, 3323 MiB, 15360 MiB, 100 %\n"}
,{"stream_name":"stdout","time":12754.540940595,"data":"VRAM 2026/10/08 19:16:57.165, 1, 3323 MiB, 15360 MiB, 100 %\n"}
,{"stream_name":"stdout","time":12874.553326975,"data":"VRAM 2026/10/08 19:18:57.177, 0, 3323 MiB, 15360 MiB, 100 %\n"}
,{"stream_name":"stdout","time":12874.555634729,"data":"VRAM 2026/10/08 19:18:57.179, 1, 3323 MiB, 15360 MiB, 100 %\n"}
,{"stream_name":"stdout","time":12943.21127822,"data":"    it  10000  grad-match [0.06047, 0.08185] {'psnr_consensus': 9.811, 'psnr_best_seed': 9.817}\n"}
,{"stream_name":"stdout","time":12994.568245885,"data":"VRAM 2026/10/08 19:20:57.193, 0, 3323 MiB, 15360 MiB, 100 %\n"}
,{"stream_name":"stdout","time":12994.570099083,"data":"VRAM 2026/10/08 19:20:57.194, 1, 3323 MiB, 15360 MiB, 100 %\n"}
,{"stream_name":"stdout","time":13114.583885783,"data":"VRAM 2026/10/08 19:22:57.207, 0, 3323 MiB, 15360 MiB, 100 %\n"}
,{"stream_name":"stdout","time":13114.584291642,"data":"VRAM 2026/10/08 19:22:57.208, 1, 3323 MiB, 15360 MiB, 100 %\n"}
,{"stream_name":"stdout","time":13234.596903905,"data":"VRAM 2026/10/08 19:24:57.221, 0, 3323 MiB, 15360 MiB, 100 %\n"}
,{"stream_name":"stdout","time":13234.599188147,"data":"VRAM 2026/10/08 19:24:57.223, 1, 3323 MiB, 15360 MiB, 100 %\n"}
,{"stream_name":"stdout","time":13300.561896394,"data":"    it  11000  grad-match [0.21445, 0.34486] {'psnr_consensus': 10.547, 'psnr_best_seed': 9.933}\n"}
,{"stream_name":"stdout","time":13354.610985378,"data":"VRAM 2026/10/08 19:26:57.235, 0, 3323 MiB, 15360 MiB, 100 %\n"}
,{"stream_name":"stdout","time":13354.612681931,"data":"VRAM 2026/10/08 19:26:57.237, 1, 3323 MiB, 15360 MiB, 100 %\n"}
,{"stream_name":"stdout","time":13474.626055508,"data":"VRAM 2026/10/08 19:28:57.249, 0, 3323 MiB, 15360 MiB, 100 %\n"}
,{"stream_name":"stdout","time":13474.626236292,"data":"VRAM 2026/10/08 19:28:57.250, 1, 3323 MiB, 15360 MiB, 100 %\n"}
,{"stream_name":"stdout","time":13594.639200443,"data":"VRAM 2026/10/08 19:30:57.263, 0, 3323 MiB, 15360 MiB, 100 %\n"}
,{"stream_name":"stdout","time":13594.640866878,"data":"VRAM 2026/10/08 19:30:57.265, 1, 3323 MiB, 15360 MiB, 100 %\n"}
,{"stream_name":"stdout","time":13714.653442959,"data":"VRAM 2026/10/08 19:32:57.278, 0, 3323 MiB, 15360 MiB, 100 %\n"}
,{"stream_name":"stdout","time":13714.655044317,"data":"VRAM 2026/10/08 19:32:57.279, 1, 3323 MiB, 15360 MiB, 100 %\n"}
,{"stream_name":"stdout","time":13834.669367751,"data":"VRAM 2026/10/08 19:34:57.292, 0, 3323 MiB, 15360 MiB, 100 %\n"}
,{"stream_name":"stdout","time":13834.669616011,"data":"VRAM 2026/10/08 19:34:57.294, 1, 3323 MiB, 15360 MiB, 100 %\n"}
,{"stream_name":"stdout","time":13954.68417877,"data":"VRAM 2026/10/08 19:36:57.307, 0, 3323 MiB, 15360 MiB, 100 %\n"}
,{"stream_name":"stdout","time":13954.684558609,"data":"VRAM 2026/10/08 19:36:57.309, 1, 3323 MiB, 15360 MiB, 100 %\n"}
,{"stream_name":"stdout","time":14074.697373697,"data":"VRAM 2026/10/08 19:38:57.322, 0, 3323 MiB, 15360 MiB, 100 %\n"}
,{"stream_name":"stdout","time":14074.698879915,"data":"VRAM 2026/10/08 19:38:57.323, 1, 3323 MiB, 15360 MiB, 100 %\n"}
,{"stream_name":"stdout","time":14194.710889798,"data":"VRAM 2026/10/08 19:40:57.335, 0, 3323 MiB, 15360 MiB, 100 %\n"}
,{"stream_name":"stdout","time":14194.712701651,"data":"VRAM 2026/10/08 19:40:57.337, 1, 3323 MiB, 15360 MiB, 100 %\n"}
,{"stream_name":"stdout","time":14195.754309256,"data":"    it  11000  grad-match [0.06213, 0.06115] {'psnr_consensus': 9.674, 'psnr_best_seed': 9.532}\n"}
,{"stream_name":"stdout","time":14314.725272822,"data":"VRAM 2026/10/08 19:42:57.349, 0, 3323 MiB, 15360 MiB, 100 %\n"}
,{"stream_name":"stdout","time":14314.727438111,"data":"VRAM 2026/10/08 19:42:57.351, 1, 3323 MiB, 15360 MiB, 100 %\n"}
,{"stream_name":"stdout","time":14434.739964419,"data":"VRAM 2026/10/08 19:44:57.364, 0, 3323 MiB, 15360 MiB, 100 %\n"}
,{"stream_name":"stdout","time":14434.74184792,"data":"VRAM 2026/10/08 19:44:57.366, 1, 3323 MiB, 15360 MiB, 100 %\n"}
,{"stream_name":"stdout","time":14465.856306463,"data":"    it  12000  grad-match [0.12411, 0.16279] {'psnr_consensus': 10.787, 'psnr_best_seed': 10.414}\n"}
,{"stream_name":"stdout","time":14554.754416739,"data":"VRAM 2026/10/08 19:46:57.378, 0, 3323 MiB, 15360 MiB, 100 %\n"}
,{"stream_name":"stdout","time":14554.756157664,"data":"VRAM 2026/10/08 19:46:57.380, 1, 3323 MiB, 15360 MiB, 100 %\n"}
,{"stream_name":"stdout","time":14674.768358404,"data":"VRAM 2026/10/08 19:48:57.393, 0, 3323 MiB, 15360 MiB, 100 %\n"}
,{"stream_name":"stdout","time":14674.769979565,"data":"VRAM 2026/10/08 19:48:57.394, 1, 3323 MiB, 15360 MiB, 100 %\n"}
,{"stream_name":"stdout","time":14794.782569088,"data":"VRAM 2026/10/08 19:50:57.406, 0, 3323 MiB, 15360 MiB, 100 %\n"}
,{"stream_name":"stdout","time":14794.784042639,"data":"VRAM 2026/10/08 19:50:57.408, 1, 3323 MiB, 15360 MiB, 100 %\n"}
,{"stream_name":"stdout","time":14914.796833467,"data":"VRAM 2026/10/08 19:52:57.421, 0, 3323 MiB, 15360 MiB, 100 %\n"}
,{"stream_name":"stdout","time":14914.799236801,"data":"VRAM 2026/10/08 19:52:57.423, 1, 3323 MiB, 15360 MiB, 100 %\n"}
,{"stream_name":"stdout","time":15034.812269598,"data":"VRAM 2026/10/08 19:54:57.436, 0, 3323 MiB, 15360 MiB, 100 %\n"}
,{"stream_name":"stdout","time":15034.813233656,"data":"VRAM 2026/10/08 19:54:57.438, 1, 3323 MiB, 15360 MiB, 100 %\n"}
,{"stream_name":"stdout","time":15154.82641511,"data":"VRAM 2026/10/08 19:56:57.450, 0, 3323 MiB, 15360 MiB, 100 %\n"}
,{"stream_name":"stdout","time":15154.828624799,"data":"VRAM 2026/10/08 19:56:57.452, 1, 3323 MiB, 15360 MiB, 100 %\n"}
,{"stream_name":"stdout","time":15274.840548705,"data":"VRAM 2026/10/08 19:58:57.465, 0, 3323 MiB, 15360 MiB, 100 %\n"}
,{"stream_name":"stdout","time":15274.842205906,"data":"VRAM 2026/10/08 19:58:57.467, 1, 3323 MiB, 15360 MiB, 100 %\n"}
,{"stream_name":"stdout","time":15394.855261793,"data":"VRAM 2026/10/08 20:00:57.478, 0, 3323 MiB, 15360 MiB, 100 %\n"}
,{"stream_name":"stdout","time":15394.855599095,"data":"VRAM 2026/10/08 20:00:57.480, 1, 3323 MiB, 15360 MiB, 100 %\n"}
,{"stream_name":"stdout","time":15448.627412611,"data":"    it  12000  grad-match [0.04958, 0.07565] {'psnr_consensus': 9.645, 'psnr_best_seed': 9.431}\n"}
,{"stream_name":"stdout","time":15514.868336753,"data":"VRAM 2026/10/08 20:02:57.493, 0, 3323 MiB, 15360 MiB, 100 %\n"}
,{"stream_name":"stdout","time":15514.870087878,"data":"VRAM 2026/10/08 20:02:57.494, 1, 3323 MiB, 15360 MiB, 100 %\n"}
,{"stream_name":"stdout","time":15624.607021661,"data":"    it  13000  grad-match [0.26763, 0.13255] {'psnr_consensus': 11.083, 'psnr_best_seed': 10.71}\n"}
,{"stream_name":"stdout","time":15634.882583804,"data":"VRAM 2026/10/08 20:04:57.507, 0, 3323 MiB, 15360 MiB, 100 %\n"}
,{"stream_name":"stdout","time":15634.884566037,"data":"VRAM 2026/10/08 20:04:57.509, 1, 3323 MiB, 15360 MiB, 100 %\n"}
,{"stream_name":"stdout","time":15754.897340055,"data":"VRAM 2026/10/08 20:06:57.521, 0, 3323 MiB, 15360 MiB, 100 %\n"}
,{"stream_name":"stdout","time":15754.89892991,"data":"VRAM 2026/10/08 20:06:57.523, 1, 3323 MiB, 15360 MiB, 100 %\n"}
,{"stream_name":"stdout","time":15874.911799876,"data":"VRAM 2026/10/08 20:08:57.536, 0, 3323 MiB, 15360 MiB, 100 %\n"}
,{"stream_name":"stdout","time":15874.913446252,"data":"VRAM 2026/10/08 20:08:57.538, 1, 3323 MiB, 15360 MiB, 100 %\n"}
,{"stream_name":"stdout","time":15994.925363238,"data":"VRAM 2026/10/08 20:10:57.550, 0, 3323 MiB, 15360 MiB, 100 %\n"}
,{"stream_name":"stdout","time":15994.926872858,"data":"VRAM 2026/10/08 20:10:57.551, 1, 3323 MiB, 15360 MiB, 100 %\n"}
,{"stream_name":"stdout","time":16114.940828908,"data":"VRAM 2026/10/08 20:12:57.563, 0, 3323 MiB, 15360 MiB, 100 %\n"}
,{"stream_name":"stdout","time":16114.940878158,"data":"VRAM 2026/10/08 20:12:57.565, 1, 3323 MiB, 15360 MiB, 100 %\n"}
,{"stream_name":"stdout","time":16234.95338178,"data":"VRAM 2026/10/08 20:14:57.577, 0, 3323 MiB, 15360 MiB, 100 %\n"}
,{"stream_name":"stdout","time":16234.955808575,"data":"VRAM 2026/10/08 20:14:57.580, 1, 3323 MiB, 15360 MiB, 100 %\n"}
,{"stream_name":"stdout","time":16354.96934946,"data":"VRAM 2026/10/08 20:16:57.593, 0, 3323 MiB, 15360 MiB, 100 %\n"}
,{"stream_name":"stdout","time":16354.971889882,"data":"VRAM 2026/10/08 20:16:57.595, 1, 3323 MiB, 15360 MiB, 100 %\n"}
,{"stream_name":"stdout","time":16474.984754169,"data":"VRAM 2026/10/08 20:18:57.609, 0, 3323 MiB, 15360 MiB, 100 %\n"}
,{"stream_name":"stdout","time":16474.98685122,"data":"VRAM 2026/10/08 20:18:57.611, 1, 3323 MiB, 15360 MiB, 100 %\n"}
,{"stream_name":"stdout","time":16595.001531782,"data":"VRAM 2026/10/08 20:20:57.624, 0, 3323 MiB, 15360 MiB, 100 %\n"}
,{"stream_name":"stdout","time":16595.00190155,"data":"VRAM 2026/10/08 20:20:57.626, 1, 3323 MiB, 15360 MiB, 100 %\n"}
,{"stream_name":"stdout","time":16701.839896227,"data":"    it  13000  grad-match [0.04823, 0.06159] {'psnr_consensus': 9.865, 'psnr_best_seed': 9.457}\n"}
,{"stream_name":"stdout","time":16715.016039595,"data":"VRAM 2026/10/08 20:22:57.639, 0, 3323 MiB, 15360 MiB, 100 %\n"}
,{"stream_name":"stdout","time":16715.017563188,"data":"VRAM 2026/10/08 20:22:57.642, 1, 3323 MiB, 15360 MiB, 100 %\n"}
,{"stream_name":"stdout","time":16787.11932789,"data":"    it  14000  grad-match [0.10939, 0.1597] {'psnr_consensus': 11.387, 'psnr_best_seed': 10.995}\n"}
,{"stream_name":"stdout","time":16835.030388822,"data":"VRAM 2026/10/08 20:24:57.654, 0, 3323 MiB, 15360 MiB, 100 %\n"}
,{"stream_name":"stdout","time":16835.032277218,"data":"VRAM 2026/10/08 20:24:57.656, 1, 3323 MiB, 15360 MiB, 100 %\n"}
,{"stream_name":"stdout","time":16955.047756833,"data":"VRAM 2026/10/08 20:26:57.669, 0, 3323 MiB, 15360 MiB, 100 %\n"}
,{"stream_name":"stdout","time":16955.047809669,"data":"VRAM 2026/10/08 20:26:57.671, 1, 3323 MiB, 15360 MiB, 100 %\n"}
,{"stream_name":"stdout","time":17075.060261716,"data":"VRAM 2026/10/08 20:28:57.684, 0, 3323 MiB, 15360 MiB, 100 %\n"}
,{"stream_name":"stdout","time":17075.062022325,"data":"VRAM 2026/10/08 20:28:57.686, 1, 3323 MiB, 15360 MiB, 100 %\n"}
,{"stream_name":"stdout","time":17195.07515173,"data":"VRAM 2026/10/08 20:30:57.699, 0, 3323 MiB, 15360 MiB, 100 %\n"}
,{"stream_name":"stdout","time":17195.077016669,"data":"VRAM 2026/10/08 20:30:57.701, 1, 3323 MiB, 15360 MiB, 100 %\n"}
,{"stream_name":"stdout","time":17315.089778141,"data":"VRAM 2026/10/08 20:32:57.713, 0, 3323 MiB, 15360 MiB, 100 %\n"}
,{"stream_name":"stdout","time":17315.091278205,"data":"VRAM 2026/10/08 20:32:57.716, 1, 3323 MiB, 15360 MiB, 100 %\n"}
,{"stream_name":"stdout","time":17435.104107075,"data":"VRAM 2026/10/08 20:34:57.728, 0, 3323 MiB, 15360 MiB, 100 %\n"}
,{"stream_name":"stdout","time":17435.105950565,"data":"VRAM 2026/10/08 20:34:57.730, 1, 3323 MiB, 15360 MiB, 100 %\n"}
,{"stream_name":"stdout","time":17555.118542713,"data":"VRAM 2026/10/08 20:36:57.743, 0, 3323 MiB, 15360 MiB, 100 %\n"}
,{"stream_name":"stdout","time":17555.121277513,"data":"VRAM 2026/10/08 20:36:57.744, 1, 3323 MiB, 15360 MiB, 100 %\n"}
,{"stream_name":"stdout","time":17675.135331374,"data":"VRAM 2026/10/08 20:38:57.758, 0, 3323 MiB, 15360 MiB, 100 %\n"}
,{"stream_name":"stdout","time":17675.13576935,"data":"VRAM 2026/10/08 20:38:57.760, 1, 3323 MiB, 15360 MiB, 100 %\n"}
,{"stream_name":"stdout","time":17795.149130533,"data":"VRAM 2026/10/08 20:40:57.772, 0, 3323 MiB, 15360 MiB, 100 %\n"}
,{"stream_name":"stdout","time":17795.150868098,"data":"VRAM 2026/10/08 20:40:57.775, 1, 3323 MiB, 15360 MiB, 100 %\n"}
,{"stream_name":"stdout","time":17915.16393612,"data":"VRAM 2026/10/08 20:42:57.788, 0, 3323 MiB, 15360 MiB, 100 %\n"}
,{"stream_name":"stdout","time":17915.167493994,"data":"VRAM 2026/10/08 20:42:57.790, 1, 3323 MiB, 15360 MiB, 100 %\n"}
,{"stream_name":"stdout","time":17953.388391267,"data":"    it  15000  grad-match [0.07724, 0.10661] {'psnr_consensus': 11.597, 'psnr_best_seed': 11.265}\n"}
,{"stream_name":"stdout","time":17953.929593719,"data":"    it  14000  grad-match [0.04333, 0.05518] {'psnr_consensus': 10.12, 'psnr_best_seed': 9.848}\n"}
,{"stream_name":"stdout","time":18035.179941716,"data":"VRAM 2026/10/08 20:44:57.804, 0, 3323 MiB, 15360 MiB, 100 %\n"}
,{"stream_name":"stdout","time":18035.181974727,"data":"VRAM 2026/10/08 20:44:57.806, 1, 3323 MiB, 15360 MiB, 100 %\n"}
,{"stream_name":"stdout","time":18155.194157087,"data":"VRAM 2026/10/08 20:46:57.819, 0, 3323 MiB, 15360 MiB, 100 %\n"}
,{"stream_name":"stdout","time":18155.19594293,"data":"VRAM 2026/10/08 20:46:57.820, 1, 3323 MiB, 15360 MiB, 100 %\n"}
,{"stream_name":"stdout","time":18275.208985009,"data":"VRAM 2026/10/08 20:48:57.832, 0, 3323 MiB, 15360 MiB, 100 %\n"}
,{"stream_name":"stdout","time":18275.210713175,"data":"VRAM 2026/10/08 20:48:57.835, 1, 3323 MiB, 15360 MiB, 100 %\n"}
,{"stream_name":"stdout","time":18395.222759336,"data":"VRAM 2026/10/08 20:50:57.847, 0, 3323 MiB, 15360 MiB, 100 %\n"}
,{"stream_name":"stdout","time":18395.224298542,"data":"VRAM 2026/10/08 20:50:57.849, 1, 3323 MiB, 15360 MiB, 100 %\n"}
,{"stream_name":"stdout","time":18515.238297481,"data":"VRAM 2026/10/08 20:52:57.861, 0, 3323 MiB, 15360 MiB, 100 %\n"}
,{"stream_name":"stdout","time":18515.239642375,"data":"VRAM 2026/10/08 20:52:57.863, 1, 3323 MiB, 15360 MiB, 100 %\n"}
,{"stream_name":"stdout","time":18635.252586043,"data":"VRAM 2026/10/08 20:54:57.876, 0, 3323 MiB, 15360 MiB, 100 %\n"}
,{"stream_name":"stdout","time":18635.254119144,"data":"VRAM 2026/10/08 20:54:57.879, 1, 3323 MiB, 15360 MiB, 100 %\n"}
,{"stream_name":"stdout","time":18755.266386292,"data":"VRAM 2026/10/08 20:56:57.891, 0, 3323 MiB, 15360 MiB, 100 %\n"}
,{"stream_name":"stdout","time":18755.268141135,"data":"VRAM 2026/10/08 20:56:57.892, 1, 3323 MiB, 15360 MiB, 100 %\n"}
,{"stream_name":"stdout","time":18875.280465568,"data":"VRAM 2026/10/08 20:58:57.905, 0, 3323 MiB, 15360 MiB, 100 %\n"}
,{"stream_name":"stdout","time":18875.282257236,"data":"VRAM 2026/10/08 20:58:57.907, 1, 3323 MiB, 15360 MiB, 100 %\n"}
,{"stream_name":"stdout","time":18995.29492528,"data":"VRAM 2026/10/08 21:00:57.919, 0, 3323 MiB, 15360 MiB, 100 %\n"}
,{"stream_name":"stdout","time":18995.296735218,"data":"VRAM 2026/10/08 21:00:57.921, 1, 3323 MiB, 15360 MiB, 100 %\n"}
,{"stream_name":"stdout","time":19115.309431237,"data":"VRAM 2026/10/08 21:02:57.933, 0, 3323 MiB, 15360 MiB, 100 %\n"}
,{"stream_name":"stdout","time":19115.310900722,"data":"VRAM 2026/10/08 21:02:57.935, 1, 3323 MiB, 15360 MiB, 100 %\n"}
,{"stream_name":"stdout","time":19116.372286093,"data":"    it  16000  grad-match [0.11752, 0.09644] {'psnr_consensus': 11.784, 'psnr_best_seed': 11.485}\n"}
,{"stream_name":"stdout","time":19207.000276926,"data":"    it  15000  grad-match [0.04054, 0.05134] {'psnr_consensus': 10.261, 'psnr_best_seed': 10.056}\n"}
,{"stream_name":"stdout","time":19235.324841377,"data":"VRAM 2026/10/08 21:04:57.947, 0, 3323 MiB, 15360 MiB, 100 %\n"}
,{"stream_name":"stdout","time":19235.324957365,"data":"VRAM 2026/10/08 21:04:57.949, 1, 3323 MiB, 15360 MiB, 100 %\n"}
,{"stream_name":"stdout","time":19355.337305442,"data":"VRAM 2026/10/08 21:06:57.962, 0, 3323 MiB, 15360 MiB, 100 %\n"}
,{"stream_name":"stdout","time":19355.339012342,"data":"VRAM 2026/10/08 21:06:57.963, 1, 3323 MiB, 15360 MiB, 100 %\n"}
,{"stream_name":"stdout","time":19475.352560841,"data":"VRAM 2026/10/08 21:08:57.976, 0, 3323 MiB, 15360 MiB, 100 %\n"}
,{"stream_name":"stdout","time":19475.354312883,"data":"VRAM 2026/10/08 21:08:57.979, 1, 3323 MiB, 15360 MiB, 100 %\n"}
,{"stream_name":"stdout","time":19595.368574123,"data":"VRAM 2026/10/08 21:10:57.991, 0, 3323 MiB, 15360 MiB, 100 %\n"}
,{"stream_name":"stdout","time":19595.36867424,"data":"VRAM 2026/10/08 21:10:57.993, 1, 3323 MiB, 15360 MiB, 100 %\n"}
,{"stream_name":"stdout","time":19715.382670931,"data":"VRAM 2026/10/08 21:12:58.006, 0, 3323 MiB, 15360 MiB, 100 %\n"}
,{"stream_name":"stdout","time":19715.384401314,"data":"VRAM 2026/10/08 21:12:58.009, 1, 3323 MiB, 15360 MiB, 100 %\n"}
,{"stream_name":"stdout","time":19835.398944207,"data":"VRAM 2026/10/08 21:14:58.021, 0, 3323 MiB, 15360 MiB, 100 %\n"}
,{"stream_name":"stdout","time":19835.398992584,"data":"VRAM 2026/10/08 21:14:58.023, 1, 3323 MiB, 15360 MiB, 100 %\n"}
,{"stream_name":"stdout","time":19955.411228789,"data":"VRAM 2026/10/08 21:16:58.035, 0, 3323 MiB, 15360 MiB, 100 %\n"}
,{"stream_name":"stdout","time":19955.412759412,"data":"VRAM 2026/10/08 21:16:58.037, 1, 3323 MiB, 15360 MiB, 100 %\n"}
,{"stream_name":"stdout","time":20075.425398481,"data":"VRAM 2026/10/08 21:18:58.050, 0, 3323 MiB, 15360 MiB, 100 %\n"}
,{"stream_name":"stdout","time":20075.427926457,"data":"VRAM 2026/10/08 21:18:58.051, 1, 3323 MiB, 15360 MiB, 100 %\n"}
,{"stream_name":"stdout","time":20195.440813613,"data":"VRAM 2026/10/08 21:20:58.065, 0, 3323 MiB, 15360 MiB, 100 %\n"}
,{"stream_name":"stdout","time":20195.442675705,"data":"VRAM 2026/10/08 21:20:58.067, 1, 3323 MiB, 15360 MiB, 100 %\n"}
,{"stream_name":"stdout","time":20280.66960922,"data":"    it  17000  grad-match [0.06216, 0.04249] {'psnr_consensus': 11.919, 'psnr_best_seed': 11.687}\n"}
,{"stream_name":"stdout","time":20315.45536997,"data":"VRAM 2026/10/08 21:22:58.079, 0, 3323 MiB, 15360 MiB, 100 %\n"}
,{"stream_name":"stdout","time":20315.457133115,"data":"VRAM 2026/10/08 21:22:58.081, 1, 3323 MiB, 15360 MiB, 100 %\n"}
,{"stream_name":"stdout","time":20435.469771654,"data":"VRAM 2026/10/08 21:24:58.094, 0, 3323 MiB, 15360 MiB, 99 %\n"}
,{"stream_name":"stdout","time":20435.471379926,"data":"VRAM 2026/10/08 21:24:58.096, 1, 3323 MiB, 15360 MiB, 100 %\n"}
,{"stream_name":"stdout","time":20458.028018882,"data":"    it  16000  grad-match [0.03777, 0.04752] {'psnr_consensus': 10.35, 'psnr_best_seed': 10.168}\n"}
,{"stream_name":"stdout","time":20555.484590859,"data":"VRAM 2026/10/08 21:26:58.108, 0, 3323 MiB, 15360 MiB, 100 %\n"}
,{"stream_name":"stdout","time":20555.486528742,"data":"VRAM 2026/10/08 21:26:58.111, 1, 3323 MiB, 15360 MiB, 100 %\n"}
,{"stream_name":"stdout","time":20675.498643037,"data":"VRAM 2026/10/08 21:28:58.123, 0, 3323 MiB, 15360 MiB, 100 %\n"}
,{"stream_name":"stdout","time":20675.500236815,"data":"VRAM 2026/10/08 21:28:58.125, 1, 3323 MiB, 15360 MiB, 100 %\n"}
,{"stream_name":"stdout","time":20795.511955042,"data":"VRAM 2026/10/08 21:30:58.136, 0, 3323 MiB, 15360 MiB, 100 %\n"}
,{"stream_name":"stdout","time":20795.513579161,"data":"VRAM 2026/10/08 21:30:58.138, 1, 3323 MiB, 15360 MiB, 100 %\n"}
,{"stream_name":"stdout","time":20915.526347817,"data":"VRAM 2026/10/08 21:32:58.150, 0, 3323 MiB, 15360 MiB, 100 %\n"}
,{"stream_name":"stdout","time":20915.5279045,"data":"VRAM 2026/10/08 21:32:58.152, 1, 3323 MiB, 15360 MiB, 100 %\n"}
,{"stream_name":"stdout","time":21035.542891199,"data":"VRAM 2026/10/08 21:34:58.165, 0, 3323 MiB, 15360 MiB, 100 %\n"}
,{"stream_name":"stdout","time":21035.54294185,"data":"VRAM 2026/10/08 21:34:58.167, 1, 3323 MiB, 15360 MiB, 100 %\n"}
,{"stream_name":"stdout","time":21155.55536778,"data":"VRAM 2026/10/08 21:36:58.180, 0, 3323 MiB, 15360 MiB, 100 %\n"}
,{"stream_name":"stdout","time":21155.557187616,"data":"VRAM 2026/10/08 21:36:58.181, 1, 3323 MiB, 15360 MiB, 100 %\n"}
,{"stream_name":"stdout","time":21275.569613999,"data":"VRAM 2026/10/08 21:38:58.194, 0, 3323 MiB, 15360 MiB, 100 %\n"}
,{"stream_name":"stdout","time":21275.571888887,"data":"VRAM 2026/10/08 21:38:58.196, 1, 3323 MiB, 15360 MiB, 100 %\n"}
,{"stream_name":"stdout","time":21395.584566086,"data":"VRAM 2026/10/08 21:40:58.209, 0, 3323 MiB, 15360 MiB, 100 %\n"}
,{"stream_name":"stdout","time":21395.586178194,"data":"VRAM 2026/10/08 21:40:58.211, 1, 3323 MiB, 15360 MiB, 100 %\n"}
,{"stream_name":"stdout","time":21449.743952856,"data":"    it  18000  grad-match [0.04297, 0.03611] {'psnr_consensus': 11.981, 'psnr_best_seed': 11.777}\n"}
,{"stream_name":"stdout","time":21515.598212801,"data":"VRAM 2026/10/08 21:42:58.223, 0, 3323 MiB, 15360 MiB, 100 %\n"}
,{"stream_name":"stdout","time":21515.599611955,"data":"VRAM 2026/10/08 21:42:58.224, 1, 3323 MiB, 15360 MiB, 100 %\n"}
,{"stream_name":"stdout","time":21635.613509854,"data":"VRAM 2026/10/08 21:44:58.237, 0, 3323 MiB, 15360 MiB, 100 %\n"}
,{"stream_name":"stdout","time":21635.614157307,"data":"VRAM 2026/10/08 21:44:58.238, 1, 3323 MiB, 15360 MiB, 100 %\n"}
,{"stream_name":"stdout","time":21710.541915287,"data":"    it  17000  grad-match [0.03477, 0.04497] {'psnr_consensus': 10.413, 'psnr_best_seed': 10.259}\n"}
,{"stream_name":"stdout","time":21755.627639663,"data":"VRAM 2026/10/08 21:46:58.251, 0, 3323 MiB, 15360 MiB, 100 %\n"}
,{"stream_name":"stdout","time":21755.630369885,"data":"VRAM 2026/10/08 21:46:58.254, 1, 3323 MiB, 15360 MiB, 100 %\n"}
,{"stream_name":"stdout","time":21875.645596398,"data":"VRAM 2026/10/08 21:48:58.267, 0, 3323 MiB, 15360 MiB, 100 %\n"}
,{"stream_name":"stdout","time":21875.645972873,"data":"VRAM 2026/10/08 21:48:58.269, 1, 3323 MiB, 15360 MiB, 100 %\n"}
,{"stream_name":"stdout","time":21995.658586946,"data":"VRAM 2026/10/08 21:50:58.282, 0, 3323 MiB, 15360 MiB, 100 %\n"}
,{"stream_name":"stdout","time":21995.660404665,"data":"VRAM 2026/10/08 21:50:58.285, 1, 3323 MiB, 15360 MiB, 100 %\n"}
,{"stream_name":"stdout","time":22115.672710622,"data":"VRAM 2026/10/08 21:52:58.297, 0, 3323 MiB, 15360 MiB, 100 %\n"}
,{"stream_name":"stdout","time":22115.674281858,"data":"VRAM 2026/10/08 21:52:58.299, 1, 3323 MiB, 15360 MiB, 100 %\n"}
,{"stream_name":"stdout","time":22235.687210638,"data":"VRAM 2026/10/08 21:54:58.311, 0, 3323 MiB, 15360 MiB, 100 %\n"}
,{"stream_name":"stdout","time":22235.688834219,"data":"VRAM 2026/10/08 21:54:58.313, 1, 3323 MiB, 15360 MiB, 100 %\n"}
,{"stream_name":"stdout","time":22355.703812185,"data":"VRAM 2026/10/08 21:56:58.325, 0, 3323 MiB, 15360 MiB, 100 %\n"}
,{"stream_name":"stdout","time":22355.704213133,"data":"VRAM 2026/10/08 21:56:58.328, 1, 3323 MiB, 15360 MiB, 100 %\n"}
,{"stream_name":"stdout","time":22475.71671538,"data":"VRAM 2026/10/08 21:58:58.341, 0, 3323 MiB, 15360 MiB, 100 %\n"}
,{"stream_name":"stdout","time":22475.718698495,"data":"VRAM 2026/10/08 21:58:58.343, 1, 3323 MiB, 15360 MiB, 100 %\n"}
,{"stream_name":"stdout","time":22595.731435507,"data":"VRAM 2026/10/08 22:00:58.356, 0, 3323 MiB, 15360 MiB, 100 %\n"}
,{"stream_name":"stdout","time":22595.733025477,"data":"VRAM 2026/10/08 22:00:58.357, 1, 3323 MiB, 15360 MiB, 100 %\n"}
,{"stream_name":"stdout","time":22615.294780965,"data":"    it  19000  grad-match [0.04027, 0.03402] {'psnr_consensus': 12.006, 'psnr_best_seed': 11.815}\n"}
,{"stream_name":"stdout","time":22715.745374937,"data":"VRAM 2026/10/08 22:02:58.369, 0, 3323 MiB, 15360 MiB, 100 %\n"}
,{"stream_name":"stdout","time":22715.747232762,"data":"VRAM 2026/10/08 22:02:58.371, 1, 3323 MiB, 15360 MiB, 100 %\n"}
,{"stream_name":"stdout","time":22835.759917692,"data":"VRAM 2026/10/08 22:04:58.384, 0, 3323 MiB, 15360 MiB, 100 %\n"}
,{"stream_name":"stdout","time":22835.761476312,"data":"VRAM 2026/10/08 22:04:58.386, 1, 3323 MiB, 15360 MiB, 100 %\n"}
,{"stream_name":"stdout","time":22955.773710542,"data":"VRAM 2026/10/08 22:06:58.398, 0, 3323 MiB, 15360 MiB, 100 %\n"}
,{"stream_name":"stdout","time":22955.775853052,"data":"VRAM 2026/10/08 22:06:58.400, 1, 3323 MiB, 15360 MiB, 100 %\n"}
,{"stream_name":"stdout","time":22964.740033728,"data":"    it  18000  grad-match [0.03406, 0.0434] {'psnr_consensus': 10.451, 'psnr_best_seed': 10.309}\n"}
,{"stream_name":"stdout","time":23075.789425005,"data":"VRAM 2026/10/08 22:08:58.413, 0, 3323 MiB, 15360 MiB, 100 %\n"}
,{"stream_name":"stdout","time":23075.791302491,"data":"VRAM 2026/10/08 22:08:58.415, 1, 3323 MiB, 15360 MiB, 100 %\n"}
,{"stream_name":"stdout","time":23195.804039628,"data":"VRAM 2026/10/08 22:10:58.428, 0, 3323 MiB, 15360 MiB, 100 %\n"}
,{"stream_name":"stdout","time":23195.806332137,"data":"VRAM 2026/10/08 22:10:58.430, 1, 3323 MiB, 15360 MiB, 100 %\n"}
,{"stream_name":"stdout","time":23315.81838882,"data":"VRAM 2026/10/08 22:12:58.443, 0, 3323 MiB, 15360 MiB, 100 %\n"}
,{"stream_name":"stdout","time":23315.82000758,"data":"VRAM 2026/10/08 22:12:58.444, 1, 3323 MiB, 15360 MiB, 100 %\n"}
,{"stream_name":"stdout","time":23435.832612607,"data":"VRAM 2026/10/08 22:14:58.457, 0, 3323 MiB, 15360 MiB, 99 %\n"}
,{"stream_name":"stdout","time":23435.834132188,"data":"VRAM 2026/10/08 22:14:58.459, 1, 3323 MiB, 15360 MiB, 100 %\n"}
,{"stream_name":"stdout","time":23555.846447399,"data":"VRAM 2026/10/08 22:16:58.471, 0, 3323 MiB, 15360 MiB, 100 %\n"}
,{"stream_name":"stdout","time":23555.848063109,"data":"VRAM 2026/10/08 22:16:58.472, 1, 3323 MiB, 15360 MiB, 100 %\n"}
,{"stream_name":"stdout","time":23675.862668031,"data":"VRAM 2026/10/08 22:18:58.485, 0, 3323 MiB, 15360 MiB, 100 %\n"}
,{"stream_name":"stdout","time":23675.864144715,"data":"VRAM 2026/10/08 22:18:58.489, 1, 3323 MiB, 15360 MiB, 100 %\n"}
,{"stream_name":"stdout","time":23772.691966072,"data":"    it  19999  grad-match [0.0398, 0.03366] {'psnr_consensus': 12.011, 'psnr_best_seed': 11.822}\n"}
,{"stream_name":"stdout","time":23773.330154098,"data":"RESULT [dinov2] client p012: PSNR consensus 12.01 dB | best seed 11.82 dB | gray floor 9.99 dB | label acc 0.88 | 388.8 min\n"}
,{"stream_name":"stderr","time":23782.713940089,"data":"Warning: You are sending unauthenticated requests to the HF Hub. Please set a HF_TOKEN to enable higher rate limits and faster downloads.\n"}
,{"stream_name":"stdout","time":23783.246900911,"data":"[none] client p012: true labels [0, 1, 2, 3, 5, 7, 8, 9] restored [0, 1, 2, 3, 4, 5, 8, 9]\n"}
,{"stream_name":"stdout","time":23784.439442789,"data":"    it      0  grad-match [2.3994, 2.56744] {'psnr_consensus': 7.846, 'psnr_best_seed': 6.412}\n"}
,{"stream_name":"stdout","time":23795.876151154,"data":"VRAM 2026/10/08 22:20:58.500, 0, 1949 MiB, 15360 MiB, 100 %\n"}
,{"stream_name":"stdout","time":23795.878023671,"data":"VRAM 2026/10/08 22:20:58.502, 1, 3323 MiB, 15360 MiB, 100 %\n"}
,{"stream_name":"stdout","time":23915.890922368,"data":"VRAM 2026/10/08 22:22:58.515, 0, 1949 MiB, 15360 MiB, 100 %\n"}
,{"stream_name":"stdout","time":23915.89285061,"data":"VRAM 2026/10/08 22:22:58.517, 1, 3323 MiB, 15360 MiB, 100 %\n"}
,{"stream_name":"stdout","time":24035.905503839,"data":"VRAM 2026/10/08 22:24:58.530, 0, 1949 MiB, 15360 MiB, 100 %\n"}
,{"stream_name":"stdout","time":24035.907361671,"data":"VRAM 2026/10/08 22:24:58.531, 1, 3323 MiB, 15360 MiB, 100 %\n"}
,{"stream_name":"stdout","time":24155.921362537,"data":"VRAM 2026/10/08 22:26:58.544, 0, 1949 MiB, 15360 MiB, 99 %\n"}
,{"stream_name":"stdout","time":24155.921703483,"data":"VRAM 2026/10/08 22:26:58.546, 1, 3323 MiB, 15360 MiB, 100 %\n"}
,{"stream_name":"stdout","time":24218.134375122,"data":"    it  19000  grad-match [0.03344, 0.04271] {'psnr_consensus': 10.468, 'psnr_best_seed': 10.332}\n"}
,{"stream_name":"stdout","time":24275.935348008,"data":"VRAM 2026/10/08 22:28:58.559, 0, 1949 MiB, 15360 MiB, 100 %\n"}
,{"stream_name":"stdout","time":24275.937085239,"data":"VRAM 2026/10/08 22:28:58.561, 1, 3323 MiB, 15360 MiB, 100 %\n"}
,{"stream_name":"stdout","time":24395.951300296,"data":"VRAM 2026/10/08 22:30:58.574, 0, 1949 MiB, 15360 MiB, 100 %\n"}
,{"stream_name":"stdout","time":24395.951929312,"data":"VRAM 2026/10/08 22:30:58.576, 1, 3323 MiB, 15360 MiB, 100 %\n"}
,{"stream_name":"stdout","time":24396.849486835,"data":"    it   1000  grad-match [0.72129, 0.79488] {'psnr_consensus': 9.212, 'psnr_best_seed': 8.441}\n"}
,{"stream_name":"stdout","time":24515.964685452,"data":"VRAM 2026/10/08 22:32:58.588, 0, 1949 MiB, 15360 MiB, 100 %\n"}
,{"stream_name":"stdout","time":24515.967152665,"data":"VRAM 2026/10/08 22:32:58.591, 1, 3323 MiB, 15360 MiB, 100 %\n"}
,{"stream_name":"stdout","time":24635.98037602,"data":"VRAM 2026/10/08 22:34:58.604, 0, 1949 MiB, 15360 MiB, 100 %\n"}
,{"stream_name":"stdout","time":24635.982529514,"data":"VRAM 2026/10/08 22:34:58.606, 1, 3323 MiB, 15360 MiB, 100 %\n"}
,{"stream_name":"stdout","time":24755.995076889,"data":"VRAM 2026/10/08 22:36:58.619, 0, 1949 MiB, 15360 MiB, 100 %\n"}
,{"stream_name":"stdout","time":24755.997179101,"data":"VRAM 2026/10/08 22:36:58.621, 1, 3323 MiB, 15360 MiB, 100 %\n"}
,{"stream_name":"stdout","time":24876.010096921,"data":"VRAM 2026/10/08 22:38:58.634, 0, 1949 MiB, 15360 MiB, 100 %\n"}
,{"stream_name":"stdout","time":24876.012506786,"data":"VRAM 2026/10/08 22:38:58.636, 1, 3323 MiB, 15360 MiB, 100 %\n"}
,{"stream_name":"stdout","time":24996.026476348,"data":"VRAM 2026/10/08 22:40:58.650, 0, 1949 MiB, 15360 MiB, 100 %\n"}
,{"stream_name":"stdout","time":24996.02823272,"data":"VRAM 2026/10/08 22:40:58.652, 1, 3323 MiB, 15360 MiB, 100 %\n"}
,{"stream_name":"stdout","time":25016.535364968,"data":"    it   2000  grad-match [0.74935, 0.7114] {'psnr_consensus': 9.358, 'psnr_best_seed': 8.797}\n"}
,{"stream_name":"stdout","time":25116.040772568,"data":"VRAM 2026/10/08 22:42:58.665, 0, 1949 MiB, 15360 MiB, 100 %\n"}
,{"stream_name":"stdout","time":25116.042801659,"data":"VRAM 2026/10/08 22:42:58.667, 1, 3323 MiB, 15360 MiB, 100 %\n"}
,{"stream_name":"stdout","time":25236.055524816,"data":"VRAM 2026/10/08 22:44:58.680, 0, 1949 MiB, 15360 MiB, 100 %\n"}
,{"stream_name":"stdout","time":25236.057076254,"data":"VRAM 2026/10/08 22:44:58.681, 1, 3323 MiB, 15360 MiB, 100 %\n"}
,{"stream_name":"stdout","time":25356.071016856,"data":"VRAM 2026/10/08 22:46:58.694, 0, 1949 MiB, 15360 MiB, 100 %\n"}
,{"stream_name":"stdout","time":25356.071213007,"data":"VRAM 2026/10/08 22:46:58.695, 1, 3323 MiB, 15360 MiB, 100 %\n"}
,{"stream_name":"stdout","time":25470.856930878,"data":"    it  19999  grad-match [0.03336, 0.04258] {'psnr_consensus': 10.472, 'psnr_best_seed': 10.337}\n"}
,{"stream_name":"stdout","time":25471.43947551,"data":"RESULT [dinov2] client p014: PSNR consensus 10.47 dB | best seed 10.34 dB | gray floor 10.15 dB | label acc 0.75 | 417.1 min\n"}
,{"stream_name":"stdout","time":25476.085149159,"data":"VRAM 2026/10/08 22:48:58.708, 0, 1949 MiB, 15360 MiB, 99 %\n"}
,{"stream_name":"stdout","time":25476.086591946,"data":"VRAM 2026/10/08 22:48:58.711, 1, 0 MiB, 15360 MiB, 0 %\n"}
,{"stream_name":"stdout","time":25480.515792278,"data":"[none] client p014: true labels [0, 1, 2, 4, 5, 6, 7, 9] restored [0, 1, 2, 3, 5, 7, 8, 9]\n"}
,{"stream_name":"stdout","time":25481.783238529,"data":"    it      0  grad-match [7.79157, 7.57659] {'psnr_consensus': 7.947, 'psnr_best_seed': 6.48}\n"}
,{"stream_name":"stdout","time":25596.098889648,"data":"VRAM 2026/10/08 22:50:58.723, 0, 1949 MiB, 15360 MiB, 100 %\n"}
,{"stream_name":"stdout","time":25596.100477194,"data":"VRAM 2026/10/08 22:50:58.725, 1, 1949 MiB, 15360 MiB, 100 %\n"}
,{"stream_name":"stdout","time":25639.713277506,"data":"    it   3000  grad-match [0.73721, 0.78543] {'psnr_consensus': 9.143, 'psnr_best_seed': 8.367}\n"}
,{"stream_name":"stdout","time":25716.113042884,"data":"VRAM 2026/10/08 22:52:58.737, 0, 1949 MiB, 15360 MiB, 100 %\n"}
,{"stream_name":"stdout","time":25716.114283624,"data":"VRAM 2026/10/08 22:52:58.738, 1, 1949 MiB, 15360 MiB, 100 %\n"}
,{"stream_name":"stdout","time":25836.12857951,"data":"VRAM 2026/10/08 22:54:58.751, 0, 1949 MiB, 15360 MiB, 100 %\n"}
,{"stream_name":"stdout","time":25836.131118567,"data":"VRAM 2026/10/08 22:54:58.754, 1, 1949 MiB, 15360 MiB, 100 %\n"}
,{"stream_name":"stdout","time":25956.14447138,"data":"VRAM 2026/10/08 22:56:58.768, 0, 1949 MiB, 15360 MiB, 100 %\n"}
,{"stream_name":"stdout","time":25956.146308715,"data":"VRAM 2026/10/08 22:56:58.770, 1, 1949 MiB, 15360 MiB, 100 %\n"}
,{"stream_name":"stdout","time":26076.159210635,"data":"VRAM 2026/10/08 22:58:58.783, 0, 1949 MiB, 15360 MiB, 100 %\n"}
,{"stream_name":"stdout","time":26076.16082461,"data":"VRAM 2026/10/08 22:58:58.785, 1, 1949 MiB, 15360 MiB, 100 %\n"}
,{"stream_name":"stdout","time":26144.757547899,"data":"    it   1000  grad-match [0.4837, 0.46544] {'psnr_consensus': 9.833, 'psnr_best_seed': 9.538}\n"}
,{"stream_name":"stdout","time":26196.173097487,"data":"VRAM 2026/10/08 23:00:58.797, 0, 1949 MiB, 15360 MiB, 100 %\n"}
,{"stream_name":"stdout","time":26196.174856283,"data":"VRAM 2026/10/08 23:00:58.799, 1, 1949 MiB, 15360 MiB, 100 %\n"}
,{"stream_name":"stdout","time":26260.22989659,"data":"    it   4000  grad-match [0.74942, 0.74932] {'psnr_consensus': 9.404, 'psnr_best_seed': 8.774}\n"}
,{"stream_name":"stdout","time":26316.189342944,"data":"VRAM 2026/10/08 23:02:58.812, 0, 1949 MiB, 15360 MiB, 100 %\n"}
,{"stream_name":"stdout","time":26316.189480408,"data":"VRAM 2026/10/08 23:02:58.814, 1, 1949 MiB, 15360 MiB, 100 %\n"}
,{"stream_name":"stdout","time":26436.202447586,"data":"VRAM 2026/10/08 23:04:58.826, 0, 1949 MiB, 15360 MiB, 100 %\n"}
,{"stream_name":"stdout","time":26436.203952047,"data":"VRAM 2026/10/08 23:04:58.828, 1, 1949 MiB, 15360 MiB, 100 %\n"}
,{"stream_name":"stdout","time":26556.2165089,"data":"VRAM 2026/10/08 23:06:58.841, 0, 1949 MiB, 15360 MiB, 99 %\n"}
,{"stream_name":"stdout","time":26556.21800373,"data":"VRAM 2026/10/08 23:06:58.843, 1, 1949 MiB, 15360 MiB, 100 %\n"}
,{"stream_name":"stdout","time":26676.230553139,"data":"VRAM 2026/10/08 23:08:58.855, 0, 1949 MiB, 15360 MiB, 100 %\n"}
,{"stream_name":"stdout","time":26676.232281643,"data":"VRAM 2026/10/08 23:08:58.856, 1, 1949 MiB, 15360 MiB, 100 %\n"}
,{"stream_name":"stdout","time":26796.244084737,"data":"VRAM 2026/10/08 23:10:58.868, 0, 1949 MiB, 15360 MiB, 100 %\n"}
,{"stream_name":"stdout","time":26796.245860209,"data":"VRAM 2026/10/08 23:10:58.870, 1, 1949 MiB, 15360 MiB, 100 %\n"}
,{"stream_name":"stdout","time":26809.71728826,"data":"    it   2000  grad-match [0.55161, 0.47253] {'psnr_consensus': 9.638, 'psnr_best_seed': 9.174}\n"}
,{"stream_name":"stdout","time":26881.756321458,"data":"    it   5000  grad-match [0.79348, 0.68613] {'psnr_consensus': 9.36, 'psnr_best_seed': 8.474}\n"}
,{"stream_name":"stdout","time":26916.259423099,"data":"VRAM 2026/10/08 23:12:58.882, 0, 1949 MiB, 15360 MiB, 100 %\n"}
,{"stream_name":"stdout","time":26916.25958003,"data":"VRAM 2026/10/08 23:12:58.884, 1, 1949 MiB, 15360 MiB, 100 %\n"}
,{"stream_name":"stdout","time":27036.272092068,"data":"VRAM 2026/10/08 23:14:58.896, 0, 1949 MiB, 15360 MiB, 99 %\n"}
,{"stream_name":"stdout","time":27036.273915259,"data":"VRAM 2026/10/08 23:14:58.898, 1, 1949 MiB, 15360 MiB, 100 %\n"}
,{"stream_name":"stdout","time":27156.286153401,"data":"VRAM 2026/10/08 23:16:58.911, 0, 1949 MiB, 15360 MiB, 100 %\n"}
,{"stream_name":"stdout","time":27156.288465331,"data":"VRAM 2026/10/08 23:16:58.912, 1, 1949 MiB, 15360 MiB, 100 %\n"}
,{"stream_name":"stdout","time":27276.300333227,"data":"VRAM 2026/10/08 23:18:58.925, 0, 1949 MiB, 15360 MiB, 100 %\n"}
,{"stream_name":"stdout","time":27276.301957554,"data":"VRAM 2026/10/08 23:18:58.926, 1, 1949 MiB, 15360 MiB, 100 %\n"}
,{"stream_name":"stdout","time":27396.314304824,"data":"VRAM 2026/10/08 23:20:58.938, 0, 1949 MiB, 15360 MiB, 100 %\n"}
,{"stream_name":"stdout","time":27396.315825897,"data":"VRAM 2026/10/08 23:20:58.940, 1, 1949 MiB, 15360 MiB, 100 %\n"}
,{"stream_name":"stdout","time":27474.572804182,"data":"    it   3000  grad-match [0.42985, 0.42803] {'psnr_consensus': 10.11, 'psnr_best_seed': 9.691}\n"}
,{"stream_name":"stdout","time":27505.058743789,"data":"    it   6000  grad-match [0.89753, 0.63122] {'psnr_consensus': 9.365, 'psnr_best_seed': 8.869}\n"}
,{"stream_name":"stdout","time":27516.328477168,"data":"VRAM 2026/10/08 23:22:58.953, 0, 1949 MiB, 15360 MiB, 100 %\n"}
,{"stream_name":"stdout","time":27516.330201536,"data":"VRAM 2026/10/08 23:22:58.954, 1, 1949 MiB, 15360 MiB, 100 %\n"}
,{"stream_name":"stdout","time":27636.342030754,"data":"VRAM 2026/10/08 23:24:58.966, 0, 1949 MiB, 15360 MiB, 100 %\n"}
,{"stream_name":"stdout","time":27636.343932214,"data":"VRAM 2026/10/08 23:24:58.968, 1, 1949 MiB, 15360 MiB, 100 %\n"}
,{"stream_name":"stdout","time":27756.356843291,"data":"VRAM 2026/10/08 23:26:58.981, 0, 1949 MiB, 15360 MiB, 100 %\n"}
,{"stream_name":"stdout","time":27756.358482984,"data":"VRAM 2026/10/08 23:26:58.983, 1, 1949 MiB, 15360 MiB, 100 %\n"}
,{"stream_name":"stdout","time":27876.371232625,"data":"VRAM 2026/10/08 23:28:58.995, 0, 1949 MiB, 15360 MiB, 100 %\n"}
,{"stream_name":"stdout","time":27876.373017731,"data":"VRAM 2026/10/08 23:28:58.997, 1, 1949 MiB, 15360 MiB, 100 %\n"}
,{"stream_name":"stdout","time":27996.384963474,"data":"VRAM 2026/10/08 23:30:59.009, 0, 1949 MiB, 15360 MiB, 100 %\n"}
,{"stream_name":"stdout","time":27996.386921142,"data":"VRAM 2026/10/08 23:30:59.011, 1, 1949 MiB, 15360 MiB, 100 %\n"}
,{"stream_name":"stdout","time":28116.399443126,"data":"VRAM 2026/10/08 23:32:59.024, 0, 1949 MiB, 15360 MiB, 100 %\n"}
,{"stream_name":"stdout","time":28116.401121169,"data":"VRAM 2026/10/08 23:32:59.025, 1, 1949 MiB, 15360 MiB, 100 %\n"}
,{"stream_name":"stdout","time":28119.754373576,"data":"    it   7000  grad-match [0.72002, 0.58827] {'psnr_consensus': 9.329, 'psnr_best_seed': 8.584}\n"}
,{"stream_name":"stdout","time":28136.225040865,"data":"    it   4000  grad-match [0.4401, 0.42991] {'psnr_consensus': 10.169, 'psnr_best_seed': 9.725}\n"}
,{"stream_name":"stdout","time":28236.413372649,"data":"VRAM 2026/10/08 23:34:59.038, 0, 1949 MiB, 15360 MiB, 100 %\n"}
,{"stream_name":"stdout","time":28236.415184038,"data":"VRAM 2026/10/08 23:34:59.039, 1, 1949 MiB, 15360 MiB, 100 %\n"}
,{"stream_name":"stdout","time":28356.427218543,"data":"VRAM 2026/10/08 23:36:59.051, 0, 1949 MiB, 15360 MiB, 100 %\n"}
,{"stream_name":"stdout","time":28356.429020794,"data":"VRAM 2026/10/08 23:36:59.053, 1, 1949 MiB, 15360 MiB, 100 %\n"}
,{"stream_name":"stdout","time":28476.442117998,"data":"VRAM 2026/10/08 23:38:59.066, 0, 1949 MiB, 15360 MiB, 99 %\n"}
,{"stream_name":"stdout","time":28476.444235191,"data":"VRAM 2026/10/08 23:38:59.068, 1, 1949 MiB, 15360 MiB, 100 %\n"}
,{"stream_name":"stdout","time":28596.457497207,"data":"VRAM 2026/10/08 23:40:59.081, 0, 1949 MiB, 15360 MiB, 100 %\n"}
,{"stream_name":"stdout","time":28596.459397382,"data":"VRAM 2026/10/08 23:40:59.083, 1, 1949 MiB, 15360 MiB, 100 %\n"}
,{"stream_name":"stdout","time":28716.474049913,"data":"VRAM 2026/10/08 23:42:59.096, 0, 1949 MiB, 15360 MiB, 100 %\n"}
,{"stream_name":"stdout","time":28716.474106939,"data":"VRAM 2026/10/08 23:42:59.098, 1, 1949 MiB, 15360 MiB, 100 %\n"}
,{"stream_name":"stdout","time":28734.960600972,"data":"    it   8000  grad-match [0.77912, 0.70274] {'psnr_consensus': 9.474, 'psnr_best_seed': 8.91}\n"}
,{"stream_name":"stdout","time":28797.011525511,"data":"    it   5000  grad-match [0.42108, 0.424] {'psnr_consensus': 10.308, 'psnr_best_seed': 9.87}\n"}
,{"stream_name":"stdout","time":28836.488342567,"data":"VRAM 2026/10/08 23:44:59.111, 0, 1949 MiB, 15360 MiB, 100 %\n"}
,{"stream_name":"stdout","time":28836.488738551,"data":"VRAM 2026/10/08 23:44:59.113, 1, 1949 MiB, 15360 MiB, 100 %\n"}
,{"stream_name":"stdout","time":28956.500844849,"data":"VRAM 2026/10/08 23:46:59.125, 0, 1949 MiB, 15360 MiB, 100 %\n"}
,{"stream_name":"stdout","time":28956.502556964,"data":"VRAM 2026/10/08 23:46:59.127, 1, 1949 MiB, 15360 MiB, 100 %\n"}
,{"stream_name":"stdout","time":29076.514826692,"data":"VRAM 2026/10/08 23:48:59.140, 0, 1949 MiB, 15360 MiB, 100 %\n"}
,{"stream_name":"stdout","time":29076.516589616,"data":"VRAM 2026/10/08 23:48:59.141, 1, 1949 MiB, 15360 MiB, 100 %\n"}
,{"stream_name":"stdout","time":29196.52931855,"data":"VRAM 2026/10/08 23:50:59.154, 0, 1949 MiB, 15360 MiB, 100 %\n"}
,{"stream_name":"stdout","time":29196.531320243,"data":"VRAM 2026/10/08 23:50:59.155, 1, 1949 MiB, 15360 MiB, 100 %\n"}
,{"stream_name":"stdout","time":29316.544575848,"data":"VRAM 2026/10/08 23:52:59.168, 0, 1949 MiB, 15360 MiB, 100 %\n"}
,{"stream_name":"stdout","time":29316.546302054,"data":"VRAM 2026/10/08 23:52:59.170, 1, 1949 MiB, 15360 MiB, 100 %\n"}
,{"stream_name":"stdout","time":29357.700424943,"data":"    it   9000  grad-match [0.57123, 0.75] {'psnr_consensus': 9.387, 'psnr_best_seed': 8.552}\n"}
,{"stream_name":"stdout","time":29436.559418366,"data":"VRAM 2026/10/08 23:54:59.183, 0, 1949 MiB, 15360 MiB, 100 %\n"}
,{"stream_name":"stdout","time":29436.561540724,"data":"VRAM 2026/10/08 23:54:59.185, 1, 1949 MiB, 15360 MiB, 100 %\n"}
,{"stream_name":"stdout","time":29460.092461243,"data":"    it   6000  grad-match [0.41172, 0.45664] {'psnr_consensus': 10.402, 'psnr_best_seed': 9.979}\n"}
,{"stream_name":"stdout","time":29556.574523051,"data":"VRAM 2026/10/08 23:56:59.198, 0, 1949 MiB, 15360 MiB, 99 %\n"}
,{"stream_name":"stdout","time":29556.576419748,"data":"VRAM 2026/10/08 23:56:59.201, 1, 1949 MiB, 15360 MiB, 100 %\n"}
,{"stream_name":"stdout","time":29676.588745937,"data":"VRAM 2026/10/08 23:58:59.213, 0, 1949 MiB, 15360 MiB, 100 %\n"}
,{"stream_name":"stdout","time":29676.590585076,"data":"VRAM 2026/10/08 23:58:59.215, 1, 1949 MiB, 15360 MiB, 100 %\n"}
,{"stream_name":"stdout","time":29796.603086719,"data":"VRAM 2026/10/09 00:00:59.227, 0, 1949 MiB, 15360 MiB, 100 %\n"}
,{"stream_name":"stdout","time":29796.605428114,"data":"VRAM 2026/10/09 00:00:59.229, 1, 1949 MiB, 15360 MiB, 100 %\n"}
,{"stream_name":"stdout","time":29916.619473174,"data":"VRAM 2026/10/09 00:02:59.242, 0, 1949 MiB, 15360 MiB, 100 %\n"}
,{"stream_name":"stdout","time":29916.619804554,"data":"VRAM 2026/10/09 00:02:59.244, 1, 1949 MiB, 15360 MiB, 100 %\n"}
,{"stream_name":"stdout","time":29978.2940518,"data":"    it  10000  grad-match [0.61372, 0.70607] {'psnr_consensus': 9.674, 'psnr_best_seed': 9.066}\n"}
,{"stream_name":"stdout","time":30036.632106264,"data":"VRAM 2026/10/09 00:04:59.256, 0, 1949 MiB, 15360 MiB, 100 %\n"}
,{"stream_name":"stdout","time":30036.634633722,"data":"VRAM 2026/10/09 00:04:59.258, 1, 1949 MiB, 15360 MiB, 99 %\n"}
,{"stream_name":"stdout","time":30121.850559165,"data":"    it   7000  grad-match [0.40281, 0.41133] {'psnr_consensus': 10.557, 'psnr_best_seed': 10.051}\n"}
,{"stream_name":"stdout","time":30156.648353949,"data":"VRAM 2026/10/09 00:06:59.272, 0, 1949 MiB, 15360 MiB, 100 %\n"}
,{"stream_name":"stdout","time":30156.649272515,"data":"VRAM 2026/10/09 00:06:59.273, 1, 1949 MiB, 15360 MiB, 100 %\n"}
,{"stream_name":"stdout","time":30276.661269534,"data":"VRAM 2026/10/09 00:08:59.286, 0, 1949 MiB, 15360 MiB, 100 %\n"}
,{"stream_name":"stdout","time":30276.662982692,"data":"VRAM 2026/10/09 00:08:59.287, 1, 1949 MiB, 15360 MiB, 100 %\n"}
,{"stream_name":"stdout","time":30396.675263973,"data":"VRAM 2026/10/09 00:10:59.299, 0, 1949 MiB, 15360 MiB, 100 %\n"}
,{"stream_name":"stdout","time":30396.676674005,"data":"VRAM 2026/10/09 00:10:59.301, 1, 1949 MiB, 15360 MiB, 100 %\n"}
,{"stream_name":"stdout","time":30516.689860784,"data":"VRAM 2026/10/09 00:12:59.314, 0, 1949 MiB, 15360 MiB, 100 %\n"}
,{"stream_name":"stdout","time":30516.692539701,"data":"VRAM 2026/10/09 00:12:59.316, 1, 1949 MiB, 15360 MiB, 100 %\n"}
,{"stream_name":"stdout","time":30598.889177511,"data":"    it  11000  grad-match [0.68123, 0.73222] {'psnr_consensus': 9.599, 'psnr_best_seed': 8.632}\n"}
,{"stream_name":"stdout","time":30636.705218473,"data":"VRAM 2026/10/09 00:14:59.329, 0, 1949 MiB, 15360 MiB, 100 %\n"}
,{"stream_name":"stdout","time":30636.707241954,"data":"VRAM 2026/10/09 00:14:59.331, 1, 1949 MiB, 15360 MiB, 100 %\n"}
,{"stream_name":"stdout","time":30756.720822909,"data":"VRAM 2026/10/09 00:16:59.344, 0, 1949 MiB, 15360 MiB, 100 %\n"}
,{"stream_name":"stdout","time":30756.722941399,"data":"VRAM 2026/10/09 00:16:59.347, 1, 1949 MiB, 15360 MiB, 100 %\n"}
,{"stream_name":"stdout","time":30783.094893414,"data":"    it   8000  grad-match [0.39954, 0.426] {'psnr_consensus': 10.616, 'psnr_best_seed': 10.17}\n"}
,{"stream_name":"stdout","time":30876.737981451,"data":"VRAM 2026/10/09 00:18:59.360, 0, 1949 MiB, 15360 MiB, 100 %\n"}
,{"stream_name":"stdout","time":30876.738367353,"data":"VRAM 2026/10/09 00:18:59.362, 1, 1949 MiB, 15360 MiB, 100 %\n"}
,{"stream_name":"stdout","time":30996.751271843,"data":"VRAM 2026/10/09 00:20:59.375, 0, 1949 MiB, 15360 MiB, 100 %\n"}
,{"stream_name":"stdout","time":30996.752757926,"data":"VRAM 2026/10/09 00:20:59.377, 1, 1949 MiB, 15360 MiB, 100 %\n"}
,{"stream_name":"stdout","time":31116.767185083,"data":"VRAM 2026/10/09 00:22:59.390, 0, 1949 MiB, 15360 MiB, 100 %\n"}
,{"stream_name":"stdout","time":31116.767237305,"data":"VRAM 2026/10/09 00:22:59.391, 1, 1949 MiB, 15360 MiB, 100 %\n"}
,{"stream_name":"stdout","time":31219.749499335,"data":"    it  12000  grad-match [0.22998, 0.61532] {'psnr_consensus': 9.979, 'psnr_best_seed': 9.549}\n"}
,{"stream_name":"stdout","time":31236.779086369,"data":"VRAM 2026/10/09 00:24:59.404, 0, 1949 MiB, 15360 MiB, 100 %\n"}
,{"stream_name":"stdout","time":31236.780894414,"data":"VRAM 2026/10/09 00:24:59.405, 1, 1949 MiB, 15360 MiB, 100 %\n"}
,{"stream_name":"stdout","time":31356.793624171,"data":"VRAM 2026/10/09 00:26:59.418, 0, 1949 MiB, 15360 MiB, 100 %\n"}
,{"stream_name":"stdout","time":31356.796057158,"data":"VRAM 2026/10/09 00:26:59.420, 1, 1949 MiB, 15360 MiB, 100 %\n"}
,{"stream_name":"stdout","time":31443.952970652,"data":"    it   9000  grad-match [0.44682, 0.46101] {'psnr_consensus': 9.973, 'psnr_best_seed': 9.217}\n"}
,{"stream_name":"stdout","time":31476.808021369,"data":"VRAM 2026/10/09 00:28:59.432, 0, 1949 MiB, 15360 MiB, 100 %\n"}
,{"stream_name":"stdout","time":31476.809621081,"data":"VRAM 2026/10/09 00:28:59.434, 1, 1949 MiB, 15360 MiB, 100 %\n"}
,{"stream_name":"stdout","time":31596.821601382,"data":"VRAM 2026/10/09 00:30:59.446, 0, 1949 MiB, 15360 MiB, 100 %\n"}
,{"stream_name":"stdout","time":31596.823236277,"data":"VRAM 2026/10/09 00:30:59.448, 1, 1949 MiB, 15360 MiB, 100 %\n"}
,{"stream_name":"stdout","time":31716.835861754,"data":"VRAM 2026/10/09 00:32:59.460, 0, 1949 MiB, 15360 MiB, 100 %\n"}
,{"stream_name":"stdout","time":31716.837383603,"data":"VRAM 2026/10/09 00:32:59.462, 1, 1949 MiB, 15360 MiB, 100 %\n"}
,{"stream_name":"stdout","time":31836.851917816,"data":"VRAM 2026/10/09 00:34:59.474, 0, 1949 MiB, 15360 MiB, 100 %\n"}
,{"stream_name":"stdout","time":31836.852281329,"data":"VRAM 2026/10/09 00:34:59.477, 1, 1949 MiB, 15360 MiB, 100 %\n"}
,{"stream_name":"stdout","time":31840.593464694,"data":"    it  13000  grad-match [0.22572, 0.48597] {'psnr_consensus': 10.18, 'psnr_best_seed': 9.738}\n"}
,{"stream_name":"stdout","time":31956.865883628,"data":"VRAM 2026/10/09 00:36:59.488, 0, 1949 MiB, 15360 MiB, 100 %\n"}
,{"stream_name":"stdout","time":31956.866281086,"data":"VRAM 2026/10/09 00:36:59.490, 1, 1949 MiB, 15360 MiB, 100 %\n"}
,{"stream_name":"stdout","time":32076.878916217,"data":"VRAM 2026/10/09 00:38:59.503, 0, 1949 MiB, 15360 MiB, 100 %\n"}
,{"stream_name":"stdout","time":32076.880715485,"data":"VRAM 2026/10/09 00:38:59.505, 1, 1949 MiB, 15360 MiB, 100 %\n"}
,{"stream_name":"stdout","time":32107.97172571,"data":"    it  10000  grad-match [0.43102, 0.41663] {'psnr_consensus': 10.285, 'psnr_best_seed': 10.0}\n"}
,{"stream_name":"stdout","time":32196.892807554,"data":"VRAM 2026/10/09 00:40:59.517, 0, 1949 MiB, 15360 MiB, 100 %\n"}
,{"stream_name":"stdout","time":32196.894861325,"data":"VRAM 2026/10/09 00:40:59.519, 1, 1949 MiB, 15360 MiB, 100 %\n"}
,{"stream_name":"stdout","time":32316.907522885,"data":"VRAM 2026/10/09 00:42:59.532, 0, 1949 MiB, 15360 MiB, 100 %\n"}
,{"stream_name":"stdout","time":32316.909979613,"data":"VRAM 2026/10/09 00:42:59.534, 1, 1949 MiB, 15360 MiB, 100 %\n"}
,{"stream_name":"stdout","time":32436.922324157,"data":"VRAM 2026/10/09 00:44:59.546, 0, 1949 MiB, 15360 MiB, 99 %\n"}
,{"stream_name":"stdout","time":32436.923716589,"data":"VRAM 2026/10/09 00:44:59.548, 1, 1949 MiB, 15360 MiB, 100 %\n"}
,{"stream_name":"stdout","time":32460.008278953,"data":"    it  14000  grad-match [0.38474, 0.31888] {'psnr_consensus': 10.402, 'psnr_best_seed': 9.844}\n"}
,{"stream_name":"stdout","time":32556.93606219,"data":"VRAM 2026/10/09 00:46:59.560, 0, 1949 MiB, 15360 MiB, 100 %\n"}
,{"stream_name":"stdout","time":32556.937848024,"data":"VRAM 2026/10/09 00:46:59.562, 1, 1949 MiB, 15360 MiB, 100 %\n"}
,{"stream_name":"stdout","time":32676.95054472,"data":"VRAM 2026/10/09 00:48:59.574, 0, 1949 MiB, 15360 MiB, 100 %\n"}
,{"stream_name":"stdout","time":32676.951884379,"data":"VRAM 2026/10/09 00:48:59.576, 1, 1949 MiB, 15360 MiB, 100 %\n"}
,{"stream_name":"stdout","time":32771.148263902,"data":"    it  11000  grad-match [0.49527, 0.40293] {'psnr_consensus': 10.435, 'psnr_best_seed': 10.172}\n"}
,{"stream_name":"stdout","time":32796.964501531,"data":"VRAM 2026/10/09 00:50:59.588, 0, 1949 MiB, 15360 MiB, 99 %\n"}
,{"stream_name":"stdout","time":32796.9659585,"data":"VRAM 2026/10/09 00:50:59.591, 1, 1949 MiB, 15360 MiB, 100 %\n"}
,{"stream_name":"stdout","time":32916.978081817,"data":"VRAM 2026/10/09 00:52:59.602, 0, 1949 MiB, 15360 MiB, 100 %\n"}
,{"stream_name":"stdout","time":32916.979534582,"data":"VRAM 2026/10/09 00:52:59.604, 1, 1949 MiB, 15360 MiB, 100 %\n"}
,{"stream_name":"stdout","time":33036.992396344,"data":"VRAM 2026/10/09 00:54:59.617, 0, 1949 MiB, 15360 MiB, 100 %\n"}
,{"stream_name":"stdout","time":33036.993894755,"data":"VRAM 2026/10/09 00:54:59.618, 1, 1949 MiB, 15360 MiB, 100 %\n"}
,{"stream_name":"stdout","time":33078.008416916,"data":"    it  15000  grad-match [0.26816, 0.20021] {'psnr_consensus': 10.556, 'psnr_best_seed': 10.072}\n"}
,{"stream_name":"stdout","time":33157.005775509,"data":"VRAM 2026/10/09 00:56:59.630, 0, 1949 MiB, 15360 MiB, 100 %\n"}
,{"stream_name":"stdout","time":33157.007847742,"data":"VRAM 2026/10/09 00:56:59.632, 1, 1949 MiB, 15360 MiB, 100 %\n"}
,{"stream_name":"stdout","time":33277.020200322,"data":"VRAM 2026/10/09 00:58:59.644, 0, 1949 MiB, 15360 MiB, 100 %\n"}
,{"stream_name":"stdout","time":33277.022520531,"data":"VRAM 2026/10/09 00:58:59.646, 1, 1949 MiB, 15360 MiB, 100 %\n"}
,{"stream_name":"stdout","time":33397.037302768,"data":"VRAM 2026/10/09 01:00:59.659, 0, 1949 MiB, 15360 MiB, 100 %\n"}
,{"stream_name":"stdout","time":33397.037886477,"data":"VRAM 2026/10/09 01:00:59.661, 1, 1949 MiB, 15360 MiB, 100 %\n"}
,{"stream_name":"stdout","time":33432.352530747,"data":"    it  12000  grad-match [0.41087, 0.39214] {'psnr_consensus': 10.51, 'psnr_best_seed': 10.166}\n"}
,{"stream_name":"stdout","time":33517.050418356,"data":"VRAM 2026/10/09 01:02:59.674, 0, 1949 MiB, 15360 MiB, 100 %\n"}
,{"stream_name":"stdout","time":33517.052594876,"data":"VRAM 2026/10/09 01:02:59.676, 1, 1949 MiB, 15360 MiB, 100 %\n"}
,{"stream_name":"stdout","time":33637.065323786,"data":"VRAM 2026/10/09 01:04:59.690, 0, 1949 MiB, 15360 MiB, 100 %\n"}
,{"stream_name":"stdout","time":33637.067384857,"data":"VRAM 2026/10/09 01:04:59.691, 1, 1949 MiB, 15360 MiB, 100 %\n"}
,{"stream_name":"stdout","time":33692.516715565,"data":"    it  16000  grad-match [0.1187, 0.21855] {'psnr_consensus': 10.748, 'psnr_best_seed': 10.533}\n"}
,{"stream_name":"stdout","time":33757.08032487,"data":"VRAM 2026/10/09 01:06:59.704, 0, 1949 MiB, 15360 MiB, 100 %\n"}
,{"stream_name":"stdout","time":33757.081953557,"data":"VRAM 2026/10/09 01:06:59.706, 1, 1949 MiB, 15360 MiB, 100 %\n"}
,{"stream_name":"stdout","time":33877.093981985,"data":"VRAM 2026/10/09 01:08:59.718, 0, 1949 MiB, 15360 MiB, 100 %\n"}
,{"stream_name":"stdout","time":33877.096280799,"data":"VRAM 2026/10/09 01:08:59.720, 1, 1949 MiB, 15360 MiB, 100 %\n"}
,{"stream_name":"stdout","time":33997.108720876,"data":"VRAM 2026/10/09 01:10:59.733, 0, 1949 MiB, 15360 MiB, 100 %\n"}
,{"stream_name":"stdout","time":33997.110615891,"data":"VRAM 2026/10/09 01:10:59.735, 1, 1949 MiB, 15360 MiB, 100 %\n"}
,{"stream_name":"stdout","time":34098.301767093,"data":"    it  13000  grad-match [0.40101, 0.38573] {'psnr_consensus': 10.585, 'psnr_best_seed': 10.294}\n"}
,{"stream_name":"stdout","time":34117.12333577,"data":"VRAM 2026/10/09 01:12:59.747, 0, 1949 MiB, 15360 MiB, 100 %\n"}
,{"stream_name":"stdout","time":34117.125118966,"data":"VRAM 2026/10/09 01:12:59.749, 1, 1949 MiB, 15360 MiB, 100 %\n"}
,{"stream_name":"stdout","time":34237.138379205,"data":"VRAM 2026/10/09 01:14:59.762, 0, 1949 MiB, 15360 MiB, 100 %\n"}
,{"stream_name":"stdout","time":34237.139933151,"data":"VRAM 2026/10/09 01:14:59.764, 1, 1949 MiB, 15360 MiB, 100 %\n"}
,{"stream_name":"stdout","time":34310.247313063,"data":"    it  17000  grad-match [0.11066, 0.09726] {'psnr_consensus': 10.842, 'psnr_best_seed': 10.461}\n"}
,{"stream_name":"stdout","time":34357.153536192,"data":"VRAM 2026/10/09 01:16:59.776, 0, 1949 MiB, 15360 MiB, 100 %\n"}
,{"stream_name":"stdout","time":34357.153985816,"data":"VRAM 2026/10/09 01:16:59.778, 1, 1949 MiB, 15360 MiB, 100 %\n"}
,{"stream_name":"stdout","time":34477.167681852,"data":"VRAM 2026/10/09 01:18:59.791, 0, 1949 MiB, 15360 MiB, 100 %\n"}
,{"stream_name":"stdout","time":34477.169202378,"data":"VRAM 2026/10/09 01:18:59.794, 1, 1949 MiB, 15360 MiB, 99 %\n"}
,{"stream_name":"stdout","time":34597.18175135,"data":"VRAM 2026/10/09 01:20:59.806, 0, 1949 MiB, 15360 MiB, 100 %\n"}
,{"stream_name":"stdout","time":34597.18382598,"data":"VRAM 2026/10/09 01:20:59.808, 1, 1949 MiB, 15360 MiB, 100 %\n"}
,{"stream_name":"stdout","time":34717.196770442,"data":"VRAM 2026/10/09 01:22:59.820, 0, 1949 MiB, 15360 MiB, 100 %\n"}
,{"stream_name":"stdout","time":34717.199204646,"data":"VRAM 2026/10/09 01:22:59.823, 1, 1949 MiB, 15360 MiB, 100 %\n"}
,{"stream_name":"stdout","time":34760.952286106,"data":"    it  14000  grad-match [0.39926, 0.37917] {'psnr_consensus': 10.624, 'psnr_best_seed': 10.349}\n"}
,{"stream_name":"stdout","time":34837.211312051,"data":"VRAM 2026/10/09 01:24:59.835, 0, 1949 MiB, 15360 MiB, 100 %\n"}
,{"stream_name":"stdout","time":34837.21280244,"data":"VRAM 2026/10/09 01:24:59.837, 1, 1949 MiB, 15360 MiB, 100 %\n"}
,{"stream_name":"stdout","time":34929.364919254,"data":"    it  18000  grad-match [0.08783, 0.09933] {'psnr_consensus': 10.894, 'psnr_best_seed': 10.732}\n"}
,{"stream_name":"stdout","time":34957.227907567,"data":"VRAM 2026/10/09 01:26:59.850, 0, 1949 MiB, 15360 MiB, 100 %\n"}
,{"stream_name":"stdout","time":34957.228285723,"data":"VRAM 2026/10/09 01:26:59.852, 1, 1949 MiB, 15360 MiB, 100 %\n"}
,{"stream_name":"stdout","time":35077.240930911,"data":"VRAM 2026/10/09 01:28:59.865, 0, 1949 MiB, 15360 MiB, 100 %\n"}
,{"stream_name":"stdout","time":35077.242627048,"data":"VRAM 2026/10/09 01:28:59.867, 1, 1949 MiB, 15360 MiB, 100 %\n"}
,{"stream_name":"stdout","time":35197.256115098,"data":"VRAM 2026/10/09 01:30:59.879, 0, 1949 MiB, 15360 MiB, 100 %\n"}
,{"stream_name":"stdout","time":35197.257556397,"data":"VRAM 2026/10/09 01:30:59.882, 1, 1949 MiB, 15360 MiB, 100 %\n"}
,{"stream_name":"stdout","time":35317.273413217,"data":"VRAM 2026/10/09 01:32:59.895, 0, 1949 MiB, 15360 MiB, 100 %\n"}
,{"stream_name":"stdout","time":35317.273502806,"data":"VRAM 2026/10/09 01:32:59.896, 1, 1949 MiB, 15360 MiB, 100 %\n"}
,{"stream_name":"stdout","time":35421.68045076,"data":"    it  15000  grad-match [0.38969, 0.37574] {'psnr_consensus': 10.644, 'psnr_best_seed': 10.374}\n"}
,{"stream_name":"stdout","time":35437.286287496,"data":"VRAM 2026/10/09 01:34:59.910, 0, 1949 MiB, 15360 MiB, 100 %\n"}
,{"stream_name":"stdout","time":35437.287906441,"data":"VRAM 2026/10/09 01:34:59.912, 1, 1949 MiB, 15360 MiB, 100 %\n"}
,{"stream_name":"stdout","time":35548.612965889,"data":"    it  19000  grad-match [0.08412, 0.09249] {'psnr_consensus': 10.919, 'psnr_best_seed': 10.761}\n"}
,{"stream_name":"stdout","time":35557.300774601,"data":"VRAM 2026/10/09 01:36:59.925, 0, 1949 MiB, 15360 MiB, 99 %\n"}
,{"stream_name":"stdout","time":35557.302199441,"data":"VRAM 2026/10/09 01:36:59.927, 1, 1949 MiB, 15360 MiB, 100 %\n"}
,{"stream_name":"stdout","time":35677.318642563,"data":"VRAM 2026/10/09 01:38:59.938, 0, 1949 MiB, 15360 MiB, 100 %\n"}
,{"stream_name":"stdout","time":35677.318784255,"data":"VRAM 2026/10/09 01:38:59.942, 1, 1949 MiB, 15360 MiB, 100 %\n"}
,{"stream_name":"stdout","time":35797.33063189,"data":"VRAM 2026/10/09 01:40:59.955, 0, 1949 MiB, 15360 MiB, 100 %\n"}
,{"stream_name":"stdout","time":35797.332408317,"data":"VRAM 2026/10/09 01:40:59.957, 1, 1949 MiB, 15360 MiB, 100 %\n"}
,{"stream_name":"stdout","time":35917.344483087,"data":"VRAM 2026/10/09 01:42:59.969, 0, 1949 MiB, 15360 MiB, 100 %\n"}
,{"stream_name":"stdout","time":35917.346497098,"data":"VRAM 2026/10/09 01:42:59.970, 1, 1949 MiB, 15360 MiB, 100 %\n"}
,{"stream_name":"stdout","time":36037.360681832,"data":"VRAM 2026/10/09 01:44:59.983, 0, 1949 MiB, 15360 MiB, 100 %\n"}
,{"stream_name":"stdout","time":36037.360783799,"data":"VRAM 2026/10/09 01:44:59.985, 1, 1949 MiB, 15360 MiB, 100 %\n"}
,{"stream_name":"stdout","time":36084.81332732,"data":"    it  16000  grad-match [0.38731, 0.37286] {'psnr_consensus': 10.653, 'psnr_best_seed': 10.375}\n"}
,{"stream_name":"stdout","time":36157.373518881,"data":"VRAM 2026/10/09 01:46:59.998, 0, 1949 MiB, 15360 MiB, 100 %\n"}
,{"stream_name":"stdout","time":36157.376321927,"data":"VRAM 2026/10/09 01:47:00.000, 1, 1949 MiB, 15360 MiB, 100 %\n"}
,{"stream_name":"stdout","time":36164.566150214,"data":"    it  19999  grad-match [0.08336, 0.09135] {'psnr_consensus': 10.924, 'psnr_best_seed': 10.767}\n"}
,{"stream_name":"stdout","time":36165.204032676,"data":"RESULT [none] client p012: PSNR consensus 10.92 dB | best seed 10.77 dB | gray floor 9.99 dB | label acc 0.88 | 206.4 min\n"}
,{"stream_name":"stdout","time":36277.389397008,"data":"VRAM 2026/10/09 01:49:00.013, 0, 0 MiB, 15360 MiB, 0 %\n"}
,{"stream_name":"stdout","time":36277.390924023,"data":"VRAM 2026/10/09 01:49:00.015, 1, 1949 MiB, 15360 MiB, 100 %\n"}
,{"stream_name":"stdout","time":36397.404518077,"data":"VRAM 2026/10/09 01:51:00.028, 0, 0 MiB, 15360 MiB, 0 %\n"}
,{"stream_name":"stdout","time":36397.405925956,"data":"VRAM 2026/10/09 01:51:00.030, 1, 1949 MiB, 15360 MiB, 99 %\n"}
,{"stream_name":"stdout","time":36517.419854136,"data":"VRAM 2026/10/09 01:53:00.043, 0, 0 MiB, 15360 MiB, 0 %\n"}
,{"stream_name":"stdout","time":36517.421434479,"data":"VRAM 2026/10/09 01:53:00.046, 1, 1949 MiB, 15360 MiB, 100 %\n"}
,{"stream_name":"stdout","time":36637.434898925,"data":"VRAM 2026/10/09 01:55:00.058, 0, 0 MiB, 15360 MiB, 0 %\n"}
,{"stream_name":"stdout","time":36637.436630807,"data":"VRAM 2026/10/09 01:55:00.061, 1, 1949 MiB, 15360 MiB, 100 %\n"}
,{"stream_name":"stdout","time":36744.696483374,"data":"    it  17000  grad-match [0.38505, 0.3704] {'psnr_consensus': 10.655, 'psnr_best_seed': 10.365}\n"}
,{"stream_name":"stdout","time":36757.449908685,"data":"VRAM 2026/10/09 01:57:00.073, 0, 0 MiB, 15360 MiB, 0 %\n"}
,{"stream_name":"stdout","time":36757.451573698,"data":"VRAM 2026/10/09 01:57:00.076, 1, 1949 MiB, 15360 MiB, 100 %\n"}
,{"stream_name":"stdout","time":36877.465350168,"data":"VRAM 2026/10/09 01:59:00.089, 0, 0 MiB, 15360 MiB, 0 %\n"}
,{"stream_name":"stdout","time":36877.46859415,"data":"VRAM 2026/10/09 01:59:00.091, 1, 1949 MiB, 15360 MiB, 100 %\n"}
,{"stream_name":"stdout","time":36997.482414902,"data":"VRAM 2026/10/09 02:01:00.105, 0, 0 MiB, 15360 MiB, 0 %\n"}
,{"stream_name":"stdout","time":36997.484117428,"data":"VRAM 2026/10/09 02:01:00.108, 1, 1949 MiB, 15360 MiB, 100 %\n"}
,{"stream_name":"stdout","time":37117.497885624,"data":"VRAM 2026/10/09 02:03:00.121, 0, 0 MiB, 15360 MiB, 0 %\n"}
,{"stream_name":"stdout","time":37117.500138279,"data":"VRAM 2026/10/09 02:03:00.124, 1, 1949 MiB, 15360 MiB, 100 %\n"}
,{"stream_name":"stdout","time":37237.513632287,"data":"VRAM 2026/10/09 02:05:00.137, 0, 0 MiB, 15360 MiB, 0 %\n"}
,{"stream_name":"stdout","time":37237.51599302,"data":"VRAM 2026/10/09 02:05:00.140, 1, 1949 MiB, 15360 MiB, 100 %\n"}
,{"stream_name":"stdout","time":37357.529404517,"data":"VRAM 2026/10/09 02:07:00.153, 0, 0 MiB, 15360 MiB, 0 %\n"}
,{"stream_name":"stdout","time":37357.530874251,"data":"VRAM 2026/10/09 02:07:00.155, 1, 1949 MiB, 15360 MiB, 100 %\n"}
,{"stream_name":"stdout","time":37404.277085769,"data":"    it  18000  grad-match [0.38403, 0.36853] {'psnr_consensus': 10.658, 'psnr_best_seed': 10.361}\n"}
,{"stream_name":"stdout","time":37477.544546439,"data":"VRAM 2026/10/09 02:09:00.168, 0, 0 MiB, 15360 MiB, 0 %\n"}
,{"stream_name":"stdout","time":37477.546038611,"data":"VRAM 2026/10/09 02:09:00.171, 1, 1949 MiB, 15360 MiB, 99 %\n"}
,{"stream_name":"stdout","time":37597.55965532,"data":"VRAM 2026/10/09 02:11:00.183, 0, 0 MiB, 15360 MiB, 0 %\n"}
,{"stream_name":"stdout","time":37597.561391372,"data":"VRAM 2026/10/09 02:11:00.186, 1, 1949 MiB, 15360 MiB, 100 %\n"}
,{"stream_name":"stdout","time":37717.574389437,"data":"VRAM 2026/10/09 02:13:00.198, 0, 0 MiB, 15360 MiB, 0 %\n"}
,{"stream_name":"stdout","time":37717.576779401,"data":"VRAM 2026/10/09 02:13:00.200, 1, 1949 MiB, 15360 MiB, 100 %\n"}
,{"stream_name":"stdout","time":37837.59050564,"data":"VRAM 2026/10/09 02:15:00.214, 0, 0 MiB, 15360 MiB, 0 %\n"}
,{"stream_name":"stdout","time":37837.592054788,"data":"VRAM 2026/10/09 02:15:00.216, 1, 1949 MiB, 15360 MiB, 100 %\n"}
,{"stream_name":"stdout","time":37957.604817113,"data":"VRAM 2026/10/09 02:17:00.228, 0, 0 MiB, 15360 MiB, 0 %\n"}
,{"stream_name":"stdout","time":37957.60660008,"data":"VRAM 2026/10/09 02:17:00.231, 1, 1949 MiB, 15360 MiB, 100 %\n"}
,{"stream_name":"stdout","time":38064.283825058,"data":"    it  19000  grad-match [0.38351, 0.36744] {'psnr_consensus': 10.659, 'psnr_best_seed': 10.36}\n"}
,{"stream_name":"stdout","time":38077.619643688,"data":"VRAM 2026/10/09 02:19:00.243, 0, 0 MiB, 15360 MiB, 0 %\n"}
,{"stream_name":"stdout","time":38077.621867565,"data":"VRAM 2026/10/09 02:19:00.246, 1, 1949 MiB, 15360 MiB, 100 %\n"}
,{"stream_name":"stdout","time":38197.635497107,"data":"VRAM 2026/10/09 02:21:00.259, 0, 0 MiB, 15360 MiB, 0 %\n"}
,{"stream_name":"stdout","time":38197.638751421,"data":"VRAM 2026/10/09 02:21:00.261, 1, 1949 MiB, 15360 MiB, 99 %\n"}
,{"stream_name":"stdout","time":38317.651638165,"data":"VRAM 2026/10/09 02:23:00.275, 0, 0 MiB, 15360 MiB, 0 %\n"}
,{"stream_name":"stdout","time":38317.653889098,"data":"VRAM 2026/10/09 02:23:00.278, 1, 1949 MiB, 15360 MiB, 100 %\n"}
,{"stream_name":"stdout","time":38437.667892916,"data":"VRAM 2026/10/09 02:25:00.291, 0, 0 MiB, 15360 MiB, 0 %\n"}
,{"stream_name":"stdout","time":38437.669519517,"data":"VRAM 2026/10/09 02:25:00.293, 1, 1949 MiB, 15360 MiB, 100 %\n"}
,{"stream_name":"stdout","time":38557.682344151,"data":"VRAM 2026/10/09 02:27:00.306, 0, 0 MiB, 15360 MiB, 0 %\n"}
,{"stream_name":"stdout","time":38557.684033185,"data":"VRAM 2026/10/09 02:27:00.308, 1, 1949 MiB, 15360 MiB, 100 %\n"}
,{"stream_name":"stdout","time":38677.698289012,"data":"VRAM 2026/10/09 02:29:00.321, 0, 0 MiB, 15360 MiB, 0 %\n"}
,{"stream_name":"stdout","time":38677.699685632,"data":"VRAM 2026/10/09 02:29:00.324, 1, 1949 MiB, 15360 MiB, 100 %\n"}
,{"stream_name":"stdout","time":38722.613313552,"data":"    it  19999  grad-match [0.3834, 0.36727] {'psnr_consensus': 10.66, 'psnr_best_seed': 10.359}\n"}
,{"stream_name":"stdout","time":38723.130107578,"data":"RESULT [none] client p014: PSNR consensus 10.66 dB | best seed 10.36 dB | gray floor 10.15 dB | label acc 0.75 | 220.7 min\n"}
,{"stream_name":"stderr","time":38728.276115435,"data":"/usr/local/lib/python3.13/dist-packages/mistune.py:435: SyntaxWarning: invalid escape sequence '\\|'\n"}
,{"stream_name":"stderr","time":38728.276155741,"data":"  cells[i][c] = re.sub('\\\\\\\\\\|', '|', cell)\n"}
,{"stream_name":"stderr","time":38728.749977007,"data":"/usr/local/lib/python3.13/dist-packages/nbconvert/filters/filter_links.py:36: SyntaxWarning: invalid escape sequence '\\_'\n"}
,{"stream_name":"stderr","time":38728.750006045,"data":"  text = re.sub(r'_', '\\_', text) # Escape underscores in display text\n"}
,{"stream_name":"stderr","time":38729.943589528,"data":"[NbConvertApp] Converting notebook __script__.ipynb to html\n"}
,{"stream_name":"stderr","time":38731.564083806,"data":"[NbConvertApp] Writing 275687 bytes to __results__.html\n"}
]