[{"stream_name":"stderr","time":0.75671555,"data":"Cloning into '/tmp/repo'...\n"}
,{"stream_name":"stdout","time":20.182706714,"data":"VRAM 2026/10/08 15:47:10.537, 0, 0 MiB, 15360 MiB, 0 %\n"}
,{"stream_name":"stdout","time":20.186031604,"data":"VRAM 2026/10/08 15:47:10.541, 1, 0 MiB, 15360 MiB, 0 %\n"}
,{"stream_name":"stdout","time":140.197714806,"data":"VRAM 2026/10/08 15:49:10.554, 0, 0 MiB, 15360 MiB, 0 %\n"}
,{"stream_name":"stdout","time":140.202306068,"data":"VRAM 2026/10/08 15:49:10.556, 1, 0 MiB, 15360 MiB, 0 %\n"}
,{"stream_name":"stdout","time":224.195145753,"data":"data_root: /kaggle/input/competitions/state-farm-distracted-driver-detection | victims: /kaggle/input/datasets/yossfalsayed/fedkd-gi-victim | jobs: [('S2_full/p002', 'p002', ['--settings', 'dinov2', '--iterations', '20000', '--num_seeds', '2', '--alpha_tv', '1', '--alpha_noise', '0', '--log_every', '1000', '--track_psnr', '1', '--time_budget_hours', '11.5']), ('S2_full/p021', 'p021', ['--settings', 'dinov2', '--iterations', '20000', '--num_seeds', '2', '--alpha_tv', '1', '--alpha_noise', '0', '--log_every', '1000', '--track_psnr', '1', '--time_budget_hours', '11.5']), ('S1_full/p002', 'p002', ['--settings', 'none', '--iterations', '20000', '--num_seeds', '2', '--alpha_tv', '1', '--alpha_noise', '0', '--log_every', '1000', '--track_psnr', '1', '--time_budget_hours', '11.5']), ('S1_full/p021', 'p021', ['--settings', 'none', '--iterations', '20000', '--num_seeds', '2', '--alpha_tv', '1', '--alpha_noise', '0', '--log_every', '1000', '--track_psnr', '1', '--time_budget_hours', '11.5'])]\n"}
,{"stream_name":"stdout","time":260.222601176,"data":"VRAM 2026/10/08 15:51:10.569, 0, 0 MiB, 15360 MiB, 0 %\n"}
,{"stream_name":"stdout","time":260.22283461,"data":"VRAM 2026/10/08 15:51:10.575, 1, 0 MiB, 15360 MiB, 0 %\n"}
,{"stream_name":"stderr","time":314.304522725,"data":"Warning: You are sending unauthenticated requests to the HF Hub. Please set a HF_TOKEN to enable higher rate limits and faster downloads.\n"}
,{"stream_name":"stderr","time":332.687014791,"data":"Warning: You are sending unauthenticated requests to the HF Hub. Please set a HF_TOKEN to enable higher rate limits and faster downloads.\n"}
,{"stream_name":"stderr","time":336.69994004,"data":"Warning: You are sending unauthenticated requests to the HF Hub. Please set a HF_TOKEN to enable higher rate limits and faster downloads.\n"}
,{"stream_name":"stdout","time":337.529739789,"data":"[dinov2] client p002: true labels [0, 1, 2, 3, 4, 6, 8, 9] restored [0, 1, 2, 5, 6, 7, 8, 9]\n"}
,{"stream_name":"stdout","time":337.529787114,"data":"[dinov2] client p021: true labels [0, 2, 3, 4, 5, 6, 7, 9] restored [0, 1, 2, 3, 6, 7, 8, 9]\n"}
,{"stream_name":"stdout","time":340.162629639,"data":"    it      0  grad-match [2.36046, 2.2075] {'psnr_consensus': 7.479, 'psnr_best_seed': 6.136}\n"}
,{"stream_name":"stdout","time":340.174259911,"data":"    it      0  grad-match [39.07821, 38.05803] {'psnr_consensus': 7.506, 'psnr_best_seed': 6.156}\n"}
,{"stream_name":"stdout","time":380.23403033,"data":"VRAM 2026/10/08 15:53:10.591, 0, 3323 MiB, 15360 MiB, 100 %\n"}
,{"stream_name":"stdout","time":380.236725794,"data":"VRAM 2026/10/08 15:53:10.593, 1, 3323 MiB, 15360 MiB, 98 %\n"}
,{"stream_name":"stdout","time":500.248078324,"data":"VRAM 2026/10/08 15:55:10.605, 0, 3323 MiB, 15360 MiB, 100 %\n"}
,{"stream_name":"stdout","time":500.24983932,"data":"VRAM 2026/10/08 15:55:10.607, 1, 3323 MiB, 15360 MiB, 99 %\n"}
,{"stream_name":"stdout","time":620.260756048,"data":"VRAM 2026/10/08 15:57:10.618, 0, 3323 MiB, 15360 MiB, 100 %\n"}
,{"stream_name":"stdout","time":620.262999859,"data":"VRAM 2026/10/08 15:57:10.619, 1, 3323 MiB, 15360 MiB, 98 %\n"}
,{"stream_name":"stdout","time":740.273777481,"data":"VRAM 2026/10/08 15:59:10.631, 0, 3323 MiB, 15360 MiB, 100 %\n"}
,{"stream_name":"stdout","time":740.275663193,"data":"VRAM 2026/10/08 15:59:10.632, 1, 3323 MiB, 15360 MiB, 98 %\n"}
,{"stream_name":"stdout","time":860.287215776,"data":"VRAM 2026/10/08 16:01:10.644, 0, 3323 MiB, 15360 MiB, 100 %\n"}
,{"stream_name":"stdout","time":860.288779375,"data":"VRAM 2026/10/08 16:01:10.646, 1, 3323 MiB, 15360 MiB, 96 %\n"}
,{"stream_name":"stdout","time":980.3000288,"data":"VRAM 2026/10/08 16:03:10.657, 0, 3323 MiB, 15360 MiB, 100 %\n"}
,{"stream_name":"stdout","time":980.30218788,"data":"VRAM 2026/10/08 16:03:10.659, 1, 3323 MiB, 15360 MiB, 98 %\n"}
,{"stream_name":"stdout","time":1100.313600325,"data":"VRAM 2026/10/08 16:05:10.670, 0, 3323 MiB, 15360 MiB, 100 %\n"}
,{"stream_name":"stdout","time":1100.315029557,"data":"VRAM 2026/10/08 16:05:10.672, 1, 3323 MiB, 15360 MiB, 98 %\n"}
,{"stream_name":"stdout","time":1220.328389331,"data":"VRAM 2026/10/08 16:07:10.683, 0, 3323 MiB, 15360 MiB, 100 %\n"}
,{"stream_name":"stdout","time":1220.328663712,"data":"VRAM 2026/10/08 16:07:10.685, 1, 3323 MiB, 15360 MiB, 98 %\n"}
,{"stream_name":"stdout","time":1340.339616839,"data":"VRAM 2026/10/08 16:09:10.696, 0, 3323 MiB, 15360 MiB, 100 %\n"}
,{"stream_name":"stdout","time":1340.341397867,"data":"VRAM 2026/10/08 16:09:10.698, 1, 3323 MiB, 15360 MiB, 96 %\n"}
,{"stream_name":"stdout","time":1456.65592794,"data":"    it   1000  grad-match [0.32982, 0.21582] {'psnr_consensus': 9.61, 'psnr_best_seed': 8.984}\n"}
,{"stream_name":"stdout","time":1460.352113985,"data":"VRAM 2026/10/08 16:11:10.709, 0, 3323 MiB, 15360 MiB, 100 %\n"}
,{"stream_name":"stdout","time":1460.353749326,"data":"VRAM 2026/10/08 16:11:10.711, 1, 3323 MiB, 15360 MiB, 98 %\n"}
,{"stream_name":"stdout","time":1463.722828095,"data":"    it   1000  grad-match [0.07628, 0.07445] {'psnr_consensus': 9.091, 'psnr_best_seed': 8.715}\n"}
,{"stream_name":"stdout","time":1580.364875253,"data":"VRAM 2026/10/08 16:13:10.722, 0, 3323 MiB, 15360 MiB, 100 %\n"}
,{"stream_name":"stdout","time":1580.366387832,"data":"VRAM 2026/10/08 16:13:10.724, 1, 3323 MiB, 15360 MiB, 95 %\n"}
,{"stream_name":"stdout","time":1700.377468487,"data":"VRAM 2026/10/08 16:15:10.734, 0, 3323 MiB, 15360 MiB, 100 %\n"}
,{"stream_name":"stdout","time":1700.379550811,"data":"VRAM 2026/10/08 16:15:10.736, 1, 3323 MiB, 15360 MiB, 99 %\n"}
,{"stream_name":"stdout","time":1820.390899756,"data":"VRAM 2026/10/08 16:17:10.747, 0, 3323 MiB, 15360 MiB, 100 %\n"}
,{"stream_name":"stdout","time":1820.393410277,"data":"VRAM 2026/10/08 16:17:10.749, 1, 3323 MiB, 15360 MiB, 98 %\n"}
,{"stream_name":"stdout","time":1940.404077246,"data":"VRAM 2026/10/08 16:19:10.761, 0, 3323 MiB, 15360 MiB, 100 %\n"}
,{"stream_name":"stdout","time":1940.405874405,"data":"VRAM 2026/10/08 16:19:10.763, 1, 3323 MiB, 15360 MiB, 99 %\n"}
,{"stream_name":"stdout","time":2060.416576164,"data":"VRAM 2026/10/08 16:21:10.773, 0, 3323 MiB, 15360 MiB, 100 %\n"}
,{"stream_name":"stdout","time":2060.418467057,"data":"VRAM 2026/10/08 16:21:10.775, 1, 3323 MiB, 15360 MiB, 98 %\n"}
,{"stream_name":"stdout","time":2180.430745285,"data":"VRAM 2026/10/08 16:23:10.786, 0, 3323 MiB, 15360 MiB, 100 %\n"}
,{"stream_name":"stdout","time":2180.430902372,"data":"VRAM 2026/10/08 16:23:10.788, 1, 3323 MiB, 15360 MiB, 98 %\n"}
,{"stream_name":"stdout","time":2300.442823178,"data":"VRAM 2026/10/08 16:25:10.799, 0, 3323 MiB, 15360 MiB, 100 %\n"}
,{"stream_name":"stdout","time":2300.444718196,"data":"VRAM 2026/10/08 16:25:10.801, 1, 3323 MiB, 15360 MiB, 98 %\n"}
,{"stream_name":"stdout","time":2420.457910058,"data":"VRAM 2026/10/08 16:27:10.813, 0, 3323 MiB, 15360 MiB, 100 %\n"}
,{"stream_name":"stdout","time":2420.458185494,"data":"VRAM 2026/10/08 16:27:10.815, 1, 3323 MiB, 15360 MiB, 98 %\n"}
,{"stream_name":"stdout","time":2540.468992638,"data":"VRAM 2026/10/08 16:29:10.826, 0, 3323 MiB, 15360 MiB, 100 %\n"}
,{"stream_name":"stdout","time":2540.470621225,"data":"VRAM 2026/10/08 16:29:10.828, 1, 3323 MiB, 15360 MiB, 99 %\n"}
,{"stream_name":"stdout","time":2597.712264291,"data":"    it   2000  grad-match [0.09694, 0.11156] {'psnr_consensus': 8.868, 'psnr_best_seed': 8.306}\n"}
,{"stream_name":"stdout","time":2599.959637883,"data":"    it   2000  grad-match [0.40871, 0.17421] {'psnr_consensus': 9.655, 'psnr_best_seed': 9.209}\n"}
,{"stream_name":"stdout","time":2660.481500603,"data":"VRAM 2026/10/08 16:31:10.838, 0, 3323 MiB, 15360 MiB, 100 %\n"}
,{"stream_name":"stdout","time":2660.482893236,"data":"VRAM 2026/10/08 16:31:10.840, 1, 3323 MiB, 15360 MiB, 96 %\n"}
,{"stream_name":"stdout","time":2780.493393442,"data":"VRAM 2026/10/08 16:33:10.850, 0, 3323 MiB, 15360 MiB, 100 %\n"}
,{"stream_name":"stdout","time":2780.495124832,"data":"VRAM 2026/10/08 16:33:10.852, 1, 3323 MiB, 15360 MiB, 99 %\n"}
,{"stream_name":"stdout","time":2900.505936435,"data":"VRAM 2026/10/08 16:35:10.863, 0, 3323 MiB, 15360 MiB, 100 %\n"}
,{"stream_name":"stdout","time":2900.507548329,"data":"VRAM 2026/10/08 16:35:10.865, 1, 3323 MiB, 15360 MiB, 97 %\n"}
,{"stream_name":"stdout","time":3020.519574488,"data":"VRAM 2026/10/08 16:37:10.876, 0, 3323 MiB, 15360 MiB, 100 %\n"}
,{"stream_name":"stdout","time":3020.521052831,"data":"VRAM 2026/10/08 16:37:10.878, 1, 3323 MiB, 15360 MiB, 99 %\n"}
,{"stream_name":"stdout","time":3140.532427187,"data":"VRAM 2026/10/08 16:39:10.888, 0, 3323 MiB, 15360 MiB, 100 %\n"}
,{"stream_name":"stdout","time":3140.536659492,"data":"VRAM 2026/10/08 16:39:10.891, 1, 3323 MiB, 15360 MiB, 98 %\n"}
,{"stream_name":"stdout","time":3260.547484267,"data":"VRAM 2026/10/08 16:41:10.904, 0, 3323 MiB, 15360 MiB, 100 %\n"}
,{"stream_name":"stdout","time":3260.549806192,"data":"VRAM 2026/10/08 16:41:10.906, 1, 3323 MiB, 15360 MiB, 97 %\n"}
,{"stream_name":"stdout","time":3380.56060474,"data":"VRAM 2026/10/08 16:43:10.917, 0, 3323 MiB, 15360 MiB, 100 %\n"}
,{"stream_name":"stdout","time":3380.562617749,"data":"VRAM 2026/10/08 16:43:10.919, 1, 3323 MiB, 15360 MiB, 98 %\n"}
,{"stream_name":"stdout","time":3500.574034626,"data":"VRAM 2026/10/08 16:45:10.930, 0, 3323 MiB, 15360 MiB, 100 %\n"}
,{"stream_name":"stdout","time":3500.575624587,"data":"VRAM 2026/10/08 16:45:10.933, 1, 3323 MiB, 15360 MiB, 96 %\n"}
,{"stream_name":"stdout","time":3620.586839803,"data":"VRAM 2026/10/08 16:47:10.944, 0, 3323 MiB, 15360 MiB, 100 %\n"}
,{"stream_name":"stdout","time":3620.588402218,"data":"VRAM 2026/10/08 16:47:10.945, 1, 3323 MiB, 15360 MiB, 99 %\n"}
,{"stream_name":"stdout","time":3729.116892545,"data":"    it   3000  grad-match [0.07399, 0.09052] {'psnr_consensus': 9.123, 'psnr_best_seed': 8.817}\n"}
,{"stream_name":"stdout","time":3740.599831389,"data":"VRAM 2026/10/08 16:49:10.956, 0, 3323 MiB, 15360 MiB, 100 %\n"}
,{"stream_name":"stdout","time":3740.602165935,"data":"VRAM 2026/10/08 16:49:10.958, 1, 3323 MiB, 15360 MiB, 99 %\n"}
,{"stream_name":"stdout","time":3743.472458427,"data":"    it   3000  grad-match [0.22842, 0.17831] {'psnr_consensus': 9.869, 'psnr_best_seed': 9.615}\n"}
,{"stream_name":"stdout","time":3860.612893398,"data":"VRAM 2026/10/08 16:51:10.969, 0, 3323 MiB, 15360 MiB, 100 %\n"}
,{"stream_name":"stdout","time":3860.614652934,"data":"VRAM 2026/10/08 16:51:10.971, 1, 3323 MiB, 15360 MiB, 99 %\n"}
,{"stream_name":"stdout","time":3980.62781982,"data":"VRAM 2026/10/08 16:53:10.982, 0, 3323 MiB, 15360 MiB, 100 %\n"}
,{"stream_name":"stdout","time":3980.627868387,"data":"VRAM 2026/10/08 16:53:10.985, 1, 3323 MiB, 15360 MiB, 98 %\n"}
,{"stream_name":"stdout","time":4100.639218201,"data":"VRAM 2026/10/08 16:55:10.996, 0, 3323 MiB, 15360 MiB, 100 %\n"}
,{"stream_name":"stdout","time":4100.64087604,"data":"VRAM 2026/10/08 16:55:10.998, 1, 3323 MiB, 15360 MiB, 98 %\n"}
,{"stream_name":"stdout","time":4220.651848908,"data":"VRAM 2026/10/08 16:57:11.009, 0, 3323 MiB, 15360 MiB, 100 %\n"}
,{"stream_name":"stdout","time":4220.653793469,"data":"VRAM 2026/10/08 16:57:11.010, 1, 3323 MiB, 15360 MiB, 98 %\n"}
,{"stream_name":"stdout","time":4340.665914757,"data":"VRAM 2026/10/08 16:59:11.022, 0, 3323 MiB, 15360 MiB, 100 %\n"}
,{"stream_name":"stdout","time":4340.66766746,"data":"VRAM 2026/10/08 16:59:11.025, 1, 3323 MiB, 15360 MiB, 99 %\n"}
,{"stream_name":"stdout","time":4460.678544459,"data":"VRAM 2026/10/08 17:01:11.035, 0, 3323 MiB, 15360 MiB, 100 %\n"}
,{"stream_name":"stdout","time":4460.680270233,"data":"VRAM 2026/10/08 17:01:11.037, 1, 3323 MiB, 15360 MiB, 99 %\n"}
,{"stream_name":"stdout","time":4580.691271879,"data":"VRAM 2026/10/08 17:03:11.048, 0, 3323 MiB, 15360 MiB, 100 %\n"}
,{"stream_name":"stdout","time":4580.692733032,"data":"VRAM 2026/10/08 17:03:11.050, 1, 3323 MiB, 15360 MiB, 97 %\n"}
,{"stream_name":"stdout","time":4700.706664401,"data":"VRAM 2026/10/08 17:05:11.060, 0, 3323 MiB, 15360 MiB, 100 %\n"}
,{"stream_name":"stdout","time":4700.708199637,"data":"VRAM 2026/10/08 17:05:11.065, 1, 3323 MiB, 15360 MiB, 99 %\n"}
,{"stream_name":"stdout","time":4820.720125618,"data":"VRAM 2026/10/08 17:07:11.076, 0, 3323 MiB, 15360 MiB, 100 %\n"}
,{"stream_name":"stdout","time":4820.72185131,"data":"VRAM 2026/10/08 17:07:11.079, 1, 3323 MiB, 15360 MiB, 98 %\n"}
,{"stream_name":"stdout","time":4860.054064068,"data":"    it   4000  grad-match [0.08663, 0.13019] {'psnr_consensus': 9.154, 'psnr_best_seed': 8.585}\n"}
,{"stream_name":"stdout","time":4887.262313936,"data":"    it   4000  grad-match [0.18935, 0.13976] {'psnr_consensus': 10.259, 'psnr_best_seed': 9.972}\n"}
,{"stream_name":"stdout","time":4940.733234181,"data":"VRAM 2026/10/08 17:09:11.090, 0, 3323 MiB, 15360 MiB, 100 %\n"}
,{"stream_name":"stdout","time":4940.734822848,"data":"VRAM 2026/10/08 17:09:11.092, 1, 3323 MiB, 15360 MiB, 99 %\n"}
,{"stream_name":"stdout","time":5060.747610559,"data":"VRAM 2026/10/08 17:11:11.103, 0, 3323 MiB, 15360 MiB, 100 %\n"}
,{"stream_name":"stdout","time":5060.747861719,"data":"VRAM 2026/10/08 17:11:11.105, 1, 3323 MiB, 15360 MiB, 99 %\n"}
,{"stream_name":"stdout","time":5180.758885492,"data":"VRAM 2026/10/08 17:13:11.116, 0, 3323 MiB, 15360 MiB, 100 %\n"}
,{"stream_name":"stdout","time":5180.761063322,"data":"VRAM 2026/10/08 17:13:11.118, 1, 3323 MiB, 15360 MiB, 97 %\n"}
,{"stream_name":"stdout","time":5300.773325561,"data":"VRAM 2026/10/08 17:15:11.128, 0, 3323 MiB, 15360 MiB, 100 %\n"}
,{"stream_name":"stdout","time":5300.773698123,"data":"VRAM 2026/10/08 17:15:11.131, 1, 3323 MiB, 15360 MiB, 98 %\n"}
,{"stream_name":"stdout","time":5420.784495761,"data":"VRAM 2026/10/08 17:17:11.141, 0, 3323 MiB, 15360 MiB, 100 %\n"}
,{"stream_name":"stdout","time":5420.786352035,"data":"VRAM 2026/10/08 17:17:11.143, 1, 3323 MiB, 15360 MiB, 99 %\n"}
,{"stream_name":"stdout","time":5540.797032127,"data":"VRAM 2026/10/08 17:19:11.154, 0, 3323 MiB, 15360 MiB, 100 %\n"}
,{"stream_name":"stdout","time":5540.798762145,"data":"VRAM 2026/10/08 17:19:11.156, 1, 3323 MiB, 15360 MiB, 99 %\n"}
,{"stream_name":"stdout","time":5660.809631513,"data":"VRAM 2026/10/08 17:21:11.166, 0, 3323 MiB, 15360 MiB, 100 %\n"}
,{"stream_name":"stdout","time":5660.811088903,"data":"VRAM 2026/10/08 17:21:11.168, 1, 3323 MiB, 15360 MiB, 97 %\n"}
,{"stream_name":"stdout","time":5780.824083842,"data":"VRAM 2026/10/08 17:23:11.178, 0, 3323 MiB, 15360 MiB, 100 %\n"}
,{"stream_name":"stdout","time":5780.824130499,"data":"VRAM 2026/10/08 17:23:11.181, 1, 3323 MiB, 15360 MiB, 99 %\n"}
,{"stream_name":"stdout","time":5900.8346119,"data":"VRAM 2026/10/08 17:25:11.191, 0, 3323 MiB, 15360 MiB, 100 %\n"}
,{"stream_name":"stdout","time":5900.836421685,"data":"VRAM 2026/10/08 17:25:11.193, 1, 3323 MiB, 15360 MiB, 96 %\n"}
,{"stream_name":"stdout","time":5993.950590378,"data":"    it   5000  grad-match [0.07073, 0.08354] {'psnr_consensus': 9.134, 'psnr_best_seed': 8.466}\n"}
,{"stream_name":"stdout","time":6020.849307477,"data":"VRAM 2026/10/08 17:27:11.204, 0, 3323 MiB, 15360 MiB, 100 %\n"}
,{"stream_name":"stdout","time":6020.849370004,"data":"VRAM 2026/10/08 17:27:11.205, 1, 3323 MiB, 15360 MiB, 98 %\n"}
,{"stream_name":"stdout","time":6032.202264741,"data":"    it   5000  grad-match [0.20256, 0.24474] {'psnr_consensus': 10.015, 'psnr_best_seed': 9.638}\n"}
,{"stream_name":"stdout","time":6140.860461066,"data":"VRAM 2026/10/08 17:29:11.217, 0, 3323 MiB, 15360 MiB, 100 %\n"}
,{"stream_name":"stdout","time":6140.861975777,"data":"VRAM 2026/10/08 17:29:11.219, 1, 3323 MiB, 15360 MiB, 98 %\n"}
,{"stream_name":"stdout","time":6260.873130084,"data":"VRAM 2026/10/08 17:31:11.230, 0, 3323 MiB, 15360 MiB, 100 %\n"}
,{"stream_name":"stdout","time":6260.874955521,"data":"VRAM 2026/10/08 17:31:11.232, 1, 3323 MiB, 15360 MiB, 99 %\n"}
,{"stream_name":"stdout","time":6380.887645002,"data":"VRAM 2026/10/08 17:33:11.242, 0, 3323 MiB, 15360 MiB, 100 %\n"}
,{"stream_name":"stdout","time":6380.888393923,"data":"VRAM 2026/10/08 17:33:11.245, 1, 3323 MiB, 15360 MiB, 99 %\n"}
,{"stream_name":"stdout","time":6500.899590833,"data":"VRAM 2026/10/08 17:35:11.257, 0, 3323 MiB, 15360 MiB, 100 %\n"}
,{"stream_name":"stdout","time":6500.901297661,"data":"VRAM 2026/10/08 17:35:11.258, 1, 3323 MiB, 15360 MiB, 99 %\n"}
,{"stream_name":"stdout","time":6620.912606311,"data":"VRAM 2026/10/08 17:37:11.270, 0, 3323 MiB, 15360 MiB, 100 %\n"}
,{"stream_name":"stdout","time":6620.914031522,"data":"VRAM 2026/10/08 17:37:11.271, 1, 3323 MiB, 15360 MiB, 99 %\n"}
,{"stream_name":"stdout","time":6740.925824677,"data":"VRAM 2026/10/08 17:39:11.281, 0, 3323 MiB, 15360 MiB, 100 %\n"}
,{"stream_name":"stdout","time":6740.927781496,"data":"VRAM 2026/10/08 17:39:11.283, 1, 3323 MiB, 15360 MiB, 98 %\n"}
,{"stream_name":"stdout","time":6860.93944455,"data":"VRAM 2026/10/08 17:41:11.295, 0, 3323 MiB, 15360 MiB, 100 %\n"}
,{"stream_name":"stdout","time":6860.941125462,"data":"VRAM 2026/10/08 17:41:11.298, 1, 3323 MiB, 15360 MiB, 99 %\n"}
,{"stream_name":"stdout","time":6980.95384519,"data":"VRAM 2026/10/08 17:43:11.309, 0, 3323 MiB, 15360 MiB, 100 %\n"}
,{"stream_name":"stdout","time":6980.954044216,"data":"VRAM 2026/10/08 17:43:11.311, 1, 3323 MiB, 15360 MiB, 98 %\n"}
,{"stream_name":"stdout","time":7100.965427669,"data":"VRAM 2026/10/08 17:45:11.322, 0, 3323 MiB, 15360 MiB, 100 %\n"}
,{"stream_name":"stdout","time":7100.967562314,"data":"VRAM 2026/10/08 17:45:11.324, 1, 3323 MiB, 15360 MiB, 99 %\n"}
,{"stream_name":"stdout","time":7128.220668341,"data":"    it   6000  grad-match [0.05913, 0.06207] {'psnr_consensus': 9.51, 'psnr_best_seed': 8.761}\n"}
,{"stream_name":"stdout","time":7176.717047029,"data":"    it   6000  grad-match [0.20719, 0.16541] {'psnr_consensus': 10.231, 'psnr_best_seed': 9.286}\n"}
,{"stream_name":"stdout","time":7220.978484571,"data":"VRAM 2026/10/08 17:47:11.335, 0, 3323 MiB, 15360 MiB, 100 %\n"}
,{"stream_name":"stdout","time":7220.980332802,"data":"VRAM 2026/10/08 17:47:11.337, 1, 3323 MiB, 15360 MiB, 97 %\n"}
,{"stream_name":"stdout","time":7340.991645133,"data":"VRAM 2026/10/08 17:49:11.348, 0, 3323 MiB, 15360 MiB, 100 %\n"}
,{"stream_name":"stdout","time":7340.993348817,"data":"VRAM 2026/10/08 17:49:11.350, 1, 3323 MiB, 15360 MiB, 99 %\n"}
,{"stream_name":"stdout","time":7461.005763207,"data":"VRAM 2026/10/08 17:51:11.361, 0, 3323 MiB, 15360 MiB, 100 %\n"}
,{"stream_name":"stdout","time":7461.005888138,"data":"VRAM 2026/10/08 17:51:11.363, 1, 3323 MiB, 15360 MiB, 98 %\n"}
,{"stream_name":"stdout","time":7581.016329827,"data":"VRAM 2026/10/08 17:53:11.373, 0, 3323 MiB, 15360 MiB, 100 %\n"}
,{"stream_name":"stdout","time":7581.017963934,"data":"VRAM 2026/10/08 17:53:11.375, 1, 3323 MiB, 15360 MiB, 98 %\n"}
,{"stream_name":"stdout","time":7701.030172201,"data":"VRAM 2026/10/08 17:55:11.386, 0, 3323 MiB, 15360 MiB, 100 %\n"}
,{"stream_name":"stdout","time":7701.030468001,"data":"VRAM 2026/10/08 17:55:11.388, 1, 3323 MiB, 15360 MiB, 97 %\n"}
,{"stream_name":"stdout","time":7821.04180524,"data":"VRAM 2026/10/08 17:57:11.399, 0, 3323 MiB, 15360 MiB, 100 %\n"}
,{"stream_name":"stdout","time":7821.043229847,"data":"VRAM 2026/10/08 17:57:11.400, 1, 3323 MiB, 15360 MiB, 95 %\n"}
,{"stream_name":"stdout","time":7941.055492558,"data":"VRAM 2026/10/08 17:59:11.411, 0, 3323 MiB, 15360 MiB, 100 %\n"}
,{"stream_name":"stdout","time":7941.055884242,"data":"VRAM 2026/10/08 17:59:11.412, 1, 3323 MiB, 15360 MiB, 96 %\n"}
,{"stream_name":"stdout","time":8061.067435783,"data":"VRAM 2026/10/08 18:01:11.424, 0, 3323 MiB, 15360 MiB, 100 %\n"}
,{"stream_name":"stdout","time":8061.069021128,"data":"VRAM 2026/10/08 18:01:11.426, 1, 3323 MiB, 15360 MiB, 98 %\n"}
,{"stream_name":"stdout","time":8181.080799367,"data":"VRAM 2026/10/08 18:03:11.437, 0, 3323 MiB, 15360 MiB, 100 %\n"}
,{"stream_name":"stdout","time":8181.082385337,"data":"VRAM 2026/10/08 18:03:11.439, 1, 3323 MiB, 15360 MiB, 98 %\n"}
,{"stream_name":"stdout","time":8260.507319691,"data":"    it   7000  grad-match [0.13963, 0.17077] {'psnr_consensus': 8.281, 'psnr_best_seed': 7.184}\n"}
,{"stream_name":"stdout","time":8301.095868058,"data":"VRAM 2026/10/08 18:05:11.450, 0, 3323 MiB, 15360 MiB, 100 %\n"}
,{"stream_name":"stdout","time":8301.096119482,"data":"VRAM 2026/10/08 18:05:11.452, 1, 3323 MiB, 15360 MiB, 98 %\n"}
,{"stream_name":"stdout","time":8319.92805971,"data":"    it   7000  grad-match [0.26018, 0.20256] {'psnr_consensus': 10.515, 'psnr_best_seed': 9.474}\n"}
,{"stream_name":"stdout","time":8421.107606956,"data":"VRAM 2026/10/08 18:07:11.464, 0, 3323 MiB, 15360 MiB, 100 %\n"}
,{"stream_name":"stdout","time":8421.109005848,"data":"VRAM 2026/10/08 18:07:11.466, 1, 3323 MiB, 15360 MiB, 99 %\n"}
,{"stream_name":"stdout","time":8541.120466002,"data":"VRAM 2026/10/08 18:09:11.477, 0, 3323 MiB, 15360 MiB, 99 %\n"}
,{"stream_name":"stdout","time":8541.122242516,"data":"VRAM 2026/10/08 18:09:11.479, 1, 3323 MiB, 15360 MiB, 96 %\n"}
,{"stream_name":"stdout","time":8661.138122811,"data":"VRAM 2026/10/08 18:11:11.490, 0, 3323 MiB, 15360 MiB, 100 %\n"}
,{"stream_name":"stdout","time":8661.138379663,"data":"VRAM 2026/10/08 18:11:11.495, 1, 3323 MiB, 15360 MiB, 99 %\n"}
,{"stream_name":"stdout","time":8781.149853661,"data":"VRAM 2026/10/08 18:13:11.506, 0, 3323 MiB, 15360 MiB, 100 %\n"}
,{"stream_name":"stdout","time":8781.151865589,"data":"VRAM 2026/10/08 18:13:11.509, 1, 3323 MiB, 15360 MiB, 99 %\n"}
,{"stream_name":"stdout","time":8901.162759011,"data":"VRAM 2026/10/08 18:15:11.519, 0, 3323 MiB, 15360 MiB, 100 %\n"}
,{"stream_name":"stdout","time":8901.164706734,"data":"VRAM 2026/10/08 18:15:11.521, 1, 3323 MiB, 15360 MiB, 99 %\n"}
,{"stream_name":"stdout","time":9021.178708816,"data":"VRAM 2026/10/08 18:17:11.532, 0, 3323 MiB, 15360 MiB, 100 %\n"}
,{"stream_name":"stdout","time":9021.178799806,"data":"VRAM 2026/10/08 18:17:11.535, 1, 3323 MiB, 15360 MiB, 98 %\n"}
,{"stream_name":"stdout","time":9141.190589919,"data":"VRAM 2026/10/08 18:19:11.546, 0, 3323 MiB, 15360 MiB, 100 %\n"}
,{"stream_name":"stdout","time":9141.192570138,"data":"VRAM 2026/10/08 18:19:11.549, 1, 3323 MiB, 15360 MiB, 99 %\n"}
,{"stream_name":"stdout","time":9261.204003185,"data":"VRAM 2026/10/08 18:21:11.561, 0, 3323 MiB, 15360 MiB, 100 %\n"}
,{"stream_name":"stdout","time":9261.206173921,"data":"VRAM 2026/10/08 18:21:11.563, 1, 3323 MiB, 15360 MiB, 98 %\n"}
,{"stream_name":"stdout","time":9381.220364555,"data":"VRAM 2026/10/08 18:23:11.575, 0, 3323 MiB, 15360 MiB, 100 %\n"}
,{"stream_name":"stdout","time":9381.220424796,"data":"VRAM 2026/10/08 18:23:11.577, 1, 3323 MiB, 15360 MiB, 99 %\n"}
,{"stream_name":"stdout","time":9394.880468791,"data":"    it   8000  grad-match [0.0595, 0.10121] {'psnr_consensus': 9.081, 'psnr_best_seed': 8.746}\n"}
,{"stream_name":"stdout","time":9464.743860076,"data":"    it   8000  grad-match [0.12872, 0.14175] {'psnr_consensus': 10.802, 'psnr_best_seed': 10.445}\n"}
,{"stream_name":"stdout","time":9501.230573344,"data":"VRAM 2026/10/08 18:25:11.588, 0, 3323 MiB, 15360 MiB, 100 %\n"}
,{"stream_name":"stdout","time":9501.232294822,"data":"VRAM 2026/10/08 18:25:11.589, 1, 3323 MiB, 15360 MiB, 98 %\n"}
,{"stream_name":"stdout","time":9621.242825961,"data":"VRAM 2026/10/08 18:27:11.600, 0, 3323 MiB, 15360 MiB, 100 %\n"}
,{"stream_name":"stdout","time":9621.244354579,"data":"VRAM 2026/10/08 18:27:11.601, 1, 3323 MiB, 15360 MiB, 99 %\n"}
,{"stream_name":"stdout","time":9741.25714657,"data":"VRAM 2026/10/08 18:29:11.612, 0, 3323 MiB, 15360 MiB, 100 %\n"}
,{"stream_name":"stdout","time":9741.257214963,"data":"VRAM 2026/10/08 18:29:11.614, 1, 3323 MiB, 15360 MiB, 98 %\n"}
,{"stream_name":"stdout","time":9861.268142014,"data":"VRAM 2026/10/08 18:31:11.625, 0, 3323 MiB, 15360 MiB, 100 %\n"}
,{"stream_name":"stdout","time":9861.270004307,"data":"VRAM 2026/10/08 18:31:11.627, 1, 3323 MiB, 15360 MiB, 98 %\n"}
,{"stream_name":"stdout","time":9981.281025001,"data":"VRAM 2026/10/08 18:33:11.638, 0, 3323 MiB, 15360 MiB, 100 %\n"}
,{"stream_name":"stdout","time":9981.283575398,"data":"VRAM 2026/10/08 18:33:11.640, 1, 3323 MiB, 15360 MiB, 95 %\n"}
,{"stream_name":"stdout","time":10101.294299528,"data":"VRAM 2026/10/08 18:35:11.651, 0, 3323 MiB, 15360 MiB, 100 %\n"}
,{"stream_name":"stdout","time":10101.296060841,"data":"VRAM 2026/10/08 18:35:11.653, 1, 3323 MiB, 15360 MiB, 99 %\n"}
,{"stream_name":"stdout","time":10221.306848866,"data":"VRAM 2026/10/08 18:37:11.663, 0, 3323 MiB, 15360 MiB, 100 %\n"}
,{"stream_name":"stdout","time":10221.308616385,"data":"VRAM 2026/10/08 18:37:11.665, 1, 3323 MiB, 15360 MiB, 98 %\n"}
,{"stream_name":"stdout","time":10341.320135916,"data":"VRAM 2026/10/08 18:39:11.676, 0, 3323 MiB, 15360 MiB, 100 %\n"}
,{"stream_name":"stdout","time":10341.322197563,"data":"VRAM 2026/10/08 18:39:11.679, 1, 3323 MiB, 15360 MiB, 99 %\n"}
,{"stream_name":"stdout","time":10461.333911258,"data":"VRAM 2026/10/08 18:41:11.690, 0, 3323 MiB, 15360 MiB, 100 %\n"}
,{"stream_name":"stdout","time":10461.335735639,"data":"VRAM 2026/10/08 18:41:11.693, 1, 3323 MiB, 15360 MiB, 98 %\n"}
,{"stream_name":"stdout","time":10526.485731604,"data":"    it   9000  grad-match [0.06032, 0.0827] {'psnr_consensus': 9.462, 'psnr_best_seed': 9.323}\n"}
,{"stream_name":"stdout","time":10581.346292977,"data":"VRAM 2026/10/08 18:43:11.703, 0, 3323 MiB, 15360 MiB, 100 %\n"}
,{"stream_name":"stdout","time":10581.348165564,"data":"VRAM 2026/10/08 18:43:11.705, 1, 3323 MiB, 15360 MiB, 95 %\n"}
,{"stream_name":"stdout","time":10608.147055676,"data":"    it   9000  grad-match [0.08719, 0.23783] {'psnr_consensus': 11.176, 'psnr_best_seed': 11.073}\n"}
,{"stream_name":"stdout","time":10701.358979766,"data":"VRAM 2026/10/08 18:45:11.716, 0, 3323 MiB, 15360 MiB, 99 %\n"}
,{"stream_name":"stdout","time":10701.360955978,"data":"VRAM 2026/10/08 18:45:11.718, 1, 3323 MiB, 15360 MiB, 99 %\n"}
,{"stream_name":"stdout","time":10821.374289152,"data":"VRAM 2026/10/08 18:47:11.729, 0, 3323 MiB, 15360 MiB, 100 %\n"}
,{"stream_name":"stdout","time":10821.374625932,"data":"VRAM 2026/10/08 18:47:11.730, 1, 3323 MiB, 15360 MiB, 98 %\n"}
,{"stream_name":"stdout","time":10941.387537739,"data":"VRAM 2026/10/08 18:49:11.742, 0, 3323 MiB, 15360 MiB, 100 %\n"}
,{"stream_name":"stdout","time":10941.387732376,"data":"VRAM 2026/10/08 18:49:11.744, 1, 3323 MiB, 15360 MiB, 99 %\n"}
,{"stream_name":"stdout","time":11061.3993117,"data":"VRAM 2026/10/08 18:51:11.756, 0, 3323 MiB, 15360 MiB, 100 %\n"}
,{"stream_name":"stdout","time":11061.400977434,"data":"VRAM 2026/10/08 18:51:11.758, 1, 3323 MiB, 15360 MiB, 98 %\n"}
,{"stream_name":"stdout","time":11181.413791386,"data":"VRAM 2026/10/08 18:53:11.769, 0, 3323 MiB, 15360 MiB, 100 %\n"}
,{"stream_name":"stdout","time":11181.413838568,"data":"VRAM 2026/10/08 18:53:11.770, 1, 3323 MiB, 15360 MiB, 97 %\n"}
,{"stream_name":"stdout","time":11301.425009692,"data":"VRAM 2026/10/08 18:55:11.782, 0, 3323 MiB, 15360 MiB, 100 %\n"}
,{"stream_name":"stdout","time":11301.426741292,"data":"VRAM 2026/10/08 18:55:11.784, 1, 3323 MiB, 15360 MiB, 96 %\n"}
,{"stream_name":"stdout","time":11421.437940804,"data":"VRAM 2026/10/08 18:57:11.794, 0, 3323 MiB, 15360 MiB, 100 %\n"}
,{"stream_name":"stdout","time":11421.440635981,"data":"VRAM 2026/10/08 18:57:11.796, 1, 3323 MiB, 15360 MiB, 98 %\n"}
,{"stream_name":"stdout","time":11541.451299363,"data":"VRAM 2026/10/08 18:59:11.808, 0, 3323 MiB, 15360 MiB, 100 %\n"}
,{"stream_name":"stdout","time":11541.452667655,"data":"VRAM 2026/10/08 18:59:11.810, 1, 3323 MiB, 15360 MiB, 99 %\n"}
,{"stream_name":"stdout","time":11658.204934942,"data":"    it  10000  grad-match [0.03347, 0.06358] {'psnr_consensus': 9.689, 'psnr_best_seed': 9.645}\n"}
,{"stream_name":"stdout","time":11661.464622627,"data":"VRAM 2026/10/08 19:01:11.820, 0, 3323 MiB, 15360 MiB, 100 %\n"}
,{"stream_name":"stdout","time":11661.464963451,"data":"VRAM 2026/10/08 19:01:11.822, 1, 3323 MiB, 15360 MiB, 99 %\n"}
,{"stream_name":"stdout","time":11750.84663482,"data":"    it  10000  grad-match [0.09032, 0.2046] {'psnr_consensus': 11.364, 'psnr_best_seed': 11.178}\n"}
,{"stream_name":"stdout","time":11781.47773077,"data":"VRAM 2026/10/08 19:03:11.833, 0, 3323 MiB, 15360 MiB, 100 %\n"}
,{"stream_name":"stdout","time":11781.477997235,"data":"VRAM 2026/10/08 19:03:11.834, 1, 3323 MiB, 15360 MiB, 97 %\n"}
,{"stream_name":"stdout","time":11901.490630925,"data":"VRAM 2026/10/08 19:05:11.845, 0, 3323 MiB, 15360 MiB, 100 %\n"}
,{"stream_name":"stdout","time":11901.490978291,"data":"VRAM 2026/10/08 19:05:11.848, 1, 3323 MiB, 15360 MiB, 99 %\n"}
,{"stream_name":"stdout","time":12021.502959079,"data":"VRAM 2026/10/08 19:07:11.859, 0, 3323 MiB, 15360 MiB, 100 %\n"}
,{"stream_name":"stdout","time":12021.503576111,"data":"VRAM 2026/10/08 19:07:11.861, 1, 3323 MiB, 15360 MiB, 99 %\n"}
,{"stream_name":"stdout","time":12141.51503208,"data":"VRAM 2026/10/08 19:09:11.872, 0, 3323 MiB, 15360 MiB, 100 %\n"}
,{"stream_name":"stdout","time":12141.51627511,"data":"VRAM 2026/10/08 19:09:11.874, 1, 3323 MiB, 15360 MiB, 96 %\n"}
,{"stream_name":"stdout","time":12261.526730783,"data":"VRAM 2026/10/08 19:11:11.884, 0, 3323 MiB, 15360 MiB, 100 %\n"}
,{"stream_name":"stdout","time":12261.530602783,"data":"VRAM 2026/10/08 19:11:11.885, 1, 3323 MiB, 15360 MiB, 96 %\n"}
,{"stream_name":"stdout","time":12381.543465775,"data":"VRAM 2026/10/08 19:13:11.898, 0, 3323 MiB, 15360 MiB, 100 %\n"}
,{"stream_name":"stdout","time":12381.54361286,"data":"VRAM 2026/10/08 19:13:11.900, 1, 3323 MiB, 15360 MiB, 98 %\n"}
,{"stream_name":"stdout","time":12501.554734358,"data":"VRAM 2026/10/08 19:15:11.912, 0, 3323 MiB, 15360 MiB, 100 %\n"}
,{"stream_name":"stdout","time":12501.55650858,"data":"VRAM 2026/10/08 19:15:11.913, 1, 3323 MiB, 15360 MiB, 95 %\n"}
,{"stream_name":"stdout","time":12621.568182314,"data":"VRAM 2026/10/08 19:17:11.925, 0, 3323 MiB, 15360 MiB, 100 %\n"}
,{"stream_name":"stdout","time":12621.569749071,"data":"VRAM 2026/10/08 19:17:11.927, 1, 3323 MiB, 15360 MiB, 98 %\n"}
,{"stream_name":"stdout","time":12741.581496972,"data":"VRAM 2026/10/08 19:19:11.938, 0, 3323 MiB, 15360 MiB, 100 %\n"}
,{"stream_name":"stdout","time":12741.582969753,"data":"VRAM 2026/10/08 19:19:11.940, 1, 3323 MiB, 15360 MiB, 98 %\n"}
,{"stream_name":"stdout","time":12787.962524554,"data":"    it  11000  grad-match [0.0485, 0.09053] {'psnr_consensus': 9.315, 'psnr_best_seed': 9.121}\n"}
,{"stream_name":"stdout","time":12861.595663862,"data":"VRAM 2026/10/08 19:21:11.950, 0, 3323 MiB, 15360 MiB, 100 %\n"}
,{"stream_name":"stdout","time":12861.596024677,"data":"VRAM 2026/10/08 19:21:11.952, 1, 3323 MiB, 15360 MiB, 99 %\n"}
,{"stream_name":"stdout","time":12895.613189436,"data":"    it  11000  grad-match [0.09999, 0.10268] {'psnr_consensus': 11.436, 'psnr_best_seed': 11.35}\n"}
,{"stream_name":"stdout","time":12981.609538509,"data":"VRAM 2026/10/08 19:23:11.964, 0, 3323 MiB, 15360 MiB, 100 %\n"}
,{"stream_name":"stdout","time":12981.609658642,"data":"VRAM 2026/10/08 19:23:11.966, 1, 3323 MiB, 15360 MiB, 98 %\n"}
,{"stream_name":"stdout","time":13101.620851513,"data":"VRAM 2026/10/08 19:25:11.978, 0, 3323 MiB, 15360 MiB, 100 %\n"}
,{"stream_name":"stdout","time":13101.622949723,"data":"VRAM 2026/10/08 19:25:11.979, 1, 3323 MiB, 15360 MiB, 97 %\n"}
,{"stream_name":"stdout","time":13221.635721004,"data":"VRAM 2026/10/08 19:27:11.991, 0, 3323 MiB, 15360 MiB, 100 %\n"}
,{"stream_name":"stdout","time":13221.635876682,"data":"VRAM 2026/10/08 19:27:11.992, 1, 3323 MiB, 15360 MiB, 97 %\n"}
,{"stream_name":"stdout","time":13341.646793951,"data":"VRAM 2026/10/08 19:29:12.004, 0, 3323 MiB, 15360 MiB, 100 %\n"}
,{"stream_name":"stdout","time":13341.648847143,"data":"VRAM 2026/10/08 19:29:12.005, 1, 3323 MiB, 15360 MiB, 96 %\n"}
,{"stream_name":"stdout","time":13461.660501968,"data":"VRAM 2026/10/08 19:31:12.017, 0, 3323 MiB, 15360 MiB, 100 %\n"}
,{"stream_name":"stdout","time":13461.662463018,"data":"VRAM 2026/10/08 19:31:12.019, 1, 3323 MiB, 15360 MiB, 97 %\n"}
,{"stream_name":"stdout","time":13581.6741306,"data":"VRAM 2026/10/08 19:33:12.031, 0, 3323 MiB, 15360 MiB, 100 %\n"}
,{"stream_name":"stdout","time":13581.675651907,"data":"VRAM 2026/10/08 19:33:12.033, 1, 3323 MiB, 15360 MiB, 99 %\n"}
,{"stream_name":"stdout","time":13701.687134392,"data":"VRAM 2026/10/08 19:35:12.044, 0, 3323 MiB, 15360 MiB, 100 %\n"}
,{"stream_name":"stdout","time":13701.689191715,"data":"VRAM 2026/10/08 19:35:12.046, 1, 3323 MiB, 15360 MiB, 98 %\n"}
,{"stream_name":"stdout","time":13821.699836885,"data":"VRAM 2026/10/08 19:37:12.057, 0, 3323 MiB, 15360 MiB, 100 %\n"}
,{"stream_name":"stdout","time":13821.701657901,"data":"VRAM 2026/10/08 19:37:12.058, 1, 3323 MiB, 15360 MiB, 99 %\n"}
,{"stream_name":"stdout","time":13920.590878478,"data":"    it  12000  grad-match [0.0568, 0.05016] {'psnr_consensus': 9.541, 'psnr_best_seed': 8.968}\n"}
,{"stream_name":"stdout","time":13941.713914953,"data":"VRAM 2026/10/08 19:39:12.069, 0, 3323 MiB, 15360 MiB, 100 %\n"}
,{"stream_name":"stdout","time":13941.714223427,"data":"VRAM 2026/10/08 19:39:12.071, 1, 3323 MiB, 15360 MiB, 99 %\n"}
,{"stream_name":"stdout","time":14035.696898544,"data":"    it  12000  grad-match [0.07643, 0.2254] {'psnr_consensus': 11.641, 'psnr_best_seed': 11.648}\n"}
,{"stream_name":"stdout","time":14061.726730807,"data":"VRAM 2026/10/08 19:41:12.082, 0, 3323 MiB, 15360 MiB, 100 %\n"}
,{"stream_name":"stdout","time":14061.726985485,"data":"VRAM 2026/10/08 19:41:12.084, 1, 3323 MiB, 15360 MiB, 98 %\n"}
,{"stream_name":"stdout","time":14181.740233507,"data":"VRAM 2026/10/08 19:43:12.095, 0, 3323 MiB, 15360 MiB, 100 %\n"}
,{"stream_name":"stdout","time":14181.740283342,"data":"VRAM 2026/10/08 19:43:12.097, 1, 3323 MiB, 15360 MiB, 97 %\n"}
,{"stream_name":"stdout","time":14301.753373941,"data":"VRAM 2026/10/08 19:45:12.108, 0, 3323 MiB, 15360 MiB, 100 %\n"}
,{"stream_name":"stdout","time":14301.753450663,"data":"VRAM 2026/10/08 19:45:12.109, 1, 3323 MiB, 15360 MiB, 97 %\n"}
,{"stream_name":"stdout","time":14421.764776491,"data":"VRAM 2026/10/08 19:47:12.121, 0, 3323 MiB, 15360 MiB, 100 %\n"}
,{"stream_name":"stdout","time":14421.76688797,"data":"VRAM 2026/10/08 19:47:12.123, 1, 3323 MiB, 15360 MiB, 99 %\n"}
,{"stream_name":"stdout","time":14541.777693455,"data":"VRAM 2026/10/08 19:49:12.134, 0, 3323 MiB, 15360 MiB, 100 %\n"}
,{"stream_name":"stdout","time":14541.779109661,"data":"VRAM 2026/10/08 19:49:12.136, 1, 3323 MiB, 15360 MiB, 98 %\n"}
,{"stream_name":"stdout","time":14661.790743403,"data":"VRAM 2026/10/08 19:51:12.147, 0, 3323 MiB, 15360 MiB, 100 %\n"}
,{"stream_name":"stdout","time":14661.792719271,"data":"VRAM 2026/10/08 19:51:12.149, 1, 3323 MiB, 15360 MiB, 98 %\n"}
,{"stream_name":"stdout","time":14781.803872617,"data":"VRAM 2026/10/08 19:53:12.160, 0, 3323 MiB, 15360 MiB, 100 %\n"}
,{"stream_name":"stdout","time":14781.805405509,"data":"VRAM 2026/10/08 19:53:12.162, 1, 3323 MiB, 15360 MiB, 99 %\n"}
,{"stream_name":"stdout","time":14901.815918296,"data":"VRAM 2026/10/08 19:55:12.173, 0, 3323 MiB, 15360 MiB, 100 %\n"}
,{"stream_name":"stdout","time":14901.817683316,"data":"VRAM 2026/10/08 19:55:12.175, 1, 3323 MiB, 15360 MiB, 97 %\n"}
,{"stream_name":"stdout","time":15021.828987766,"data":"VRAM 2026/10/08 19:57:12.186, 0, 3323 MiB, 15360 MiB, 100 %\n"}
,{"stream_name":"stdout","time":15021.830450643,"data":"VRAM 2026/10/08 19:57:12.188, 1, 3323 MiB, 15360 MiB, 96 %\n"}
,{"stream_name":"stdout","time":15051.858713985,"data":"    it  13000  grad-match [0.0457, 0.04297] {'psnr_consensus': 9.857, 'psnr_best_seed': 9.256}\n"}
,{"stream_name":"stdout","time":15141.841166182,"data":"VRAM 2026/10/08 19:59:12.198, 0, 3323 MiB, 15360 MiB, 100 %\n"}
,{"stream_name":"stdout","time":15141.842645861,"data":"VRAM 2026/10/08 19:59:12.200, 1, 3323 MiB, 15360 MiB, 99 %\n"}
,{"stream_name":"stdout","time":15177.628581705,"data":"    it  13000  grad-match [0.08561, 0.05691] {'psnr_consensus': 11.822, 'psnr_best_seed': 11.19}\n"}
,{"stream_name":"stdout","time":15261.853796454,"data":"VRAM 2026/10/08 20:01:12.210, 0, 3323 MiB, 15360 MiB, 100 %\n"}
,{"stream_name":"stdout","time":15261.854771127,"data":"VRAM 2026/10/08 20:01:12.212, 1, 3323 MiB, 15360 MiB, 97 %\n"}
,{"stream_name":"stdout","time":15381.867731629,"data":"VRAM 2026/10/08 20:03:12.222, 0, 3323 MiB, 15360 MiB, 100 %\n"}
,{"stream_name":"stdout","time":15381.86779861,"data":"VRAM 2026/10/08 20:03:12.224, 1, 3323 MiB, 15360 MiB, 99 %\n"}
,{"stream_name":"stdout","time":15501.879012723,"data":"VRAM 2026/10/08 20:05:12.236, 0, 3323 MiB, 15360 MiB, 100 %\n"}
,{"stream_name":"stdout","time":15501.881043534,"data":"VRAM 2026/10/08 20:05:12.238, 1, 3323 MiB, 15360 MiB, 99 %\n"}
,{"stream_name":"stdout","time":15621.89234448,"data":"VRAM 2026/10/08 20:07:12.249, 0, 3323 MiB, 15360 MiB, 100 %\n"}
,{"stream_name":"stdout","time":15621.893801862,"data":"VRAM 2026/10/08 20:07:12.251, 1, 3323 MiB, 15360 MiB, 99 %\n"}
,{"stream_name":"stdout","time":15741.904719357,"data":"VRAM 2026/10/08 20:09:12.261, 0, 3323 MiB, 15360 MiB, 100 %\n"}
,{"stream_name":"stdout","time":15741.906338149,"data":"VRAM 2026/10/08 20:09:12.263, 1, 3323 MiB, 15360 MiB, 98 %\n"}
,{"stream_name":"stdout","time":15861.919656733,"data":"VRAM 2026/10/08 20:11:12.274, 0, 3323 MiB, 15360 MiB, 100 %\n"}
,{"stream_name":"stdout","time":15861.920894244,"data":"VRAM 2026/10/08 20:11:12.276, 1, 3323 MiB, 15360 MiB, 96 %\n"}
,{"stream_name":"stdout","time":15981.931629695,"data":"VRAM 2026/10/08 20:13:12.288, 0, 3323 MiB, 15360 MiB, 100 %\n"}
,{"stream_name":"stdout","time":15981.933574413,"data":"VRAM 2026/10/08 20:13:12.290, 1, 3323 MiB, 15360 MiB, 97 %\n"}
,{"stream_name":"stdout","time":16101.944172802,"data":"VRAM 2026/10/08 20:15:12.301, 0, 3323 MiB, 15360 MiB, 100 %\n"}
,{"stream_name":"stdout","time":16101.946784923,"data":"VRAM 2026/10/08 20:15:12.303, 1, 3323 MiB, 15360 MiB, 99 %\n"}
,{"stream_name":"stdout","time":16183.686616209,"data":"    it  14000  grad-match [0.03974, 0.04062] {'psnr_consensus': 9.986, 'psnr_best_seed': 9.775}\n"}
,{"stream_name":"stdout","time":16221.959381575,"data":"VRAM 2026/10/08 20:17:12.314, 0, 3323 MiB, 15360 MiB, 100 %\n"}
,{"stream_name":"stdout","time":16221.961000644,"data":"VRAM 2026/10/08 20:17:12.318, 1, 3323 MiB, 15360 MiB, 98 %\n"}
,{"stream_name":"stdout","time":16320.494703238,"data":"    it  14000  grad-match [0.05304, 0.05106] {'psnr_consensus': 11.98, 'psnr_best_seed': 11.373}\n"}
,{"stream_name":"stdout","time":16341.971901656,"data":"VRAM 2026/10/08 20:19:12.328, 0, 3323 MiB, 15360 MiB, 100 %\n"}
,{"stream_name":"stdout","time":16341.974051612,"data":"VRAM 2026/10/08 20:19:12.330, 1, 3323 MiB, 15360 MiB, 99 %\n"}
,{"stream_name":"stdout","time":16461.985124963,"data":"VRAM 2026/10/08 20:21:12.341, 0, 3323 MiB, 15360 MiB, 100 %\n"}
,{"stream_name":"stdout","time":16461.987049262,"data":"VRAM 2026/10/08 20:21:12.344, 1, 3323 MiB, 15360 MiB, 99 %\n"}
,{"stream_name":"stdout","time":16581.998069531,"data":"VRAM 2026/10/08 20:23:12.355, 0, 3323 MiB, 15360 MiB, 100 %\n"}
,{"stream_name":"stdout","time":16581.999767629,"data":"VRAM 2026/10/08 20:23:12.357, 1, 3323 MiB, 15360 MiB, 99 %\n"}
,{"stream_name":"stdout","time":16702.012742462,"data":"VRAM 2026/10/08 20:25:12.368, 0, 3323 MiB, 15360 MiB, 100 %\n"}
,{"stream_name":"stdout","time":16702.013057408,"data":"VRAM 2026/10/08 20:25:12.370, 1, 3323 MiB, 15360 MiB, 99 %\n"}
,{"stream_name":"stdout","time":16822.023768847,"data":"VRAM 2026/10/08 20:27:12.380, 0, 3323 MiB, 15360 MiB, 100 %\n"}
,{"stream_name":"stdout","time":16822.025764092,"data":"VRAM 2026/10/08 20:27:12.382, 1, 3323 MiB, 15360 MiB, 99 %\n"}
,{"stream_name":"stdout","time":16942.039333456,"data":"VRAM 2026/10/08 20:29:12.394, 0, 3323 MiB, 15360 MiB, 99 %\n"}
,{"stream_name":"stdout","time":16942.040795351,"data":"VRAM 2026/10/08 20:29:12.398, 1, 3323 MiB, 15360 MiB, 97 %\n"}
,{"stream_name":"stdout","time":17062.052024974,"data":"VRAM 2026/10/08 20:31:12.409, 0, 3323 MiB, 15360 MiB, 100 %\n"}
,{"stream_name":"stdout","time":17062.053597946,"data":"VRAM 2026/10/08 20:31:12.411, 1, 3323 MiB, 15360 MiB, 98 %\n"}
,{"stream_name":"stdout","time":17182.064630479,"data":"VRAM 2026/10/08 20:33:12.422, 0, 3323 MiB, 15360 MiB, 100 %\n"}
,{"stream_name":"stdout","time":17182.066761099,"data":"VRAM 2026/10/08 20:33:12.423, 1, 3323 MiB, 15360 MiB, 99 %\n"}
,{"stream_name":"stdout","time":17302.077284659,"data":"VRAM 2026/10/08 20:35:12.434, 0, 3323 MiB, 15360 MiB, 100 %\n"}
,{"stream_name":"stdout","time":17302.079139396,"data":"VRAM 2026/10/08 20:35:12.436, 1, 3323 MiB, 15360 MiB, 98 %\n"}
,{"stream_name":"stdout","time":17315.904671166,"data":"    it  15000  grad-match [0.03655, 0.0387] {'psnr_consensus': 10.029, 'psnr_best_seed': 9.701}\n"}
,{"stream_name":"stdout","time":17422.090091282,"data":"VRAM 2026/10/08 20:37:12.447, 0, 3323 MiB, 15360 MiB, 100 %\n"}
,{"stream_name":"stdout","time":17422.092187132,"data":"VRAM 2026/10/08 20:37:12.449, 1, 3323 MiB, 15360 MiB, 99 %\n"}
,{"stream_name":"stdout","time":17463.576605591,"data":"    it  15000  grad-match [0.04593, 0.04667] {'psnr_consensus': 11.979, 'psnr_best_seed': 11.973}\n"}
,{"stream_name":"stdout","time":17542.103915609,"data":"VRAM 2026/10/08 20:39:12.459, 0, 3323 MiB, 15360 MiB, 100 %\n"}
,{"stream_name":"stdout","time":17542.105615635,"data":"VRAM 2026/10/08 20:39:12.462, 1, 3323 MiB, 15360 MiB, 99 %\n"}
,{"stream_name":"stdout","time":17662.116265893,"data":"VRAM 2026/10/08 20:41:12.473, 0, 3323 MiB, 15360 MiB, 100 %\n"}
,{"stream_name":"stdout","time":17662.117993986,"data":"VRAM 2026/10/08 20:41:12.475, 1, 3323 MiB, 15360 MiB, 96 %\n"}
,{"stream_name":"stdout","time":17782.12964248,"data":"VRAM 2026/10/08 20:43:12.486, 0, 3323 MiB, 15360 MiB, 100 %\n"}
,{"stream_name":"stdout","time":17782.131947962,"data":"VRAM 2026/10/08 20:43:12.488, 1, 3323 MiB, 15360 MiB, 99 %\n"}
,{"stream_name":"stdout","time":17902.142500691,"data":"VRAM 2026/10/08 20:45:12.499, 0, 3323 MiB, 15360 MiB, 100 %\n"}
,{"stream_name":"stdout","time":17902.144275023,"data":"VRAM 2026/10/08 20:45:12.501, 1, 3323 MiB, 15360 MiB, 97 %\n"}
,{"stream_name":"stdout","time":18022.155569642,"data":"VRAM 2026/10/08 20:47:12.512, 0, 3323 MiB, 15360 MiB, 100 %\n"}
,{"stream_name":"stdout","time":18022.156995456,"data":"VRAM 2026/10/08 20:47:12.514, 1, 3323 MiB, 15360 MiB, 99 %\n"}
,{"stream_name":"stdout","time":18142.168573905,"data":"VRAM 2026/10/08 20:49:12.525, 0, 3323 MiB, 15360 MiB, 100 %\n"}
,{"stream_name":"stdout","time":18142.170212054,"data":"VRAM 2026/10/08 20:49:12.527, 1, 3323 MiB, 15360 MiB, 97 %\n"}
,{"stream_name":"stdout","time":18262.181024138,"data":"VRAM 2026/10/08 20:51:12.538, 0, 3323 MiB, 15360 MiB, 100 %\n"}
,{"stream_name":"stdout","time":18262.183191878,"data":"VRAM 2026/10/08 20:51:12.540, 1, 3323 MiB, 15360 MiB, 98 %\n"}
,{"stream_name":"stdout","time":18382.194656431,"data":"VRAM 2026/10/08 20:53:12.551, 0, 3323 MiB, 15360 MiB, 100 %\n"}
,{"stream_name":"stdout","time":18382.195113878,"data":"VRAM 2026/10/08 20:53:12.552, 1, 3323 MiB, 15360 MiB, 95 %\n"}
,{"stream_name":"stdout","time":18448.810650559,"data":"    it  16000  grad-match [0.03545, 0.03559] {'psnr_consensus': 10.133, 'psnr_best_seed': 9.87}\n"}
,{"stream_name":"stdout","time":18502.207056305,"data":"VRAM 2026/10/08 20:55:12.563, 0, 3323 MiB, 15360 MiB, 100 %\n"}
,{"stream_name":"stdout","time":18502.207202238,"data":"VRAM 2026/10/08 20:55:12.564, 1, 3323 MiB, 15360 MiB, 99 %\n"}
,{"stream_name":"stdout","time":18608.495418871,"data":"    it  16000  grad-match [0.08922, 0.04325] {'psnr_consensus': 11.963, 'psnr_best_seed': 11.439}\n"}
,{"stream_name":"stdout","time":18622.220060854,"data":"VRAM 2026/10/08 20:57:12.575, 0, 3323 MiB, 15360 MiB, 100 %\n"}
,{"stream_name":"stdout","time":18622.220329617,"data":"VRAM 2026/10/08 20:57:12.577, 1, 3323 MiB, 15360 MiB, 99 %\n"}
,{"stream_name":"stdout","time":18742.231919637,"data":"VRAM 2026/10/08 20:59:12.588, 0, 3323 MiB, 15360 MiB, 100 %\n"}
,{"stream_name":"stdout","time":18742.232817721,"data":"VRAM 2026/10/08 20:59:12.589, 1, 3323 MiB, 15360 MiB, 98 %\n"}
,{"stream_name":"stdout","time":18862.243509312,"data":"VRAM 2026/10/08 21:01:12.600, 0, 3323 MiB, 15360 MiB, 100 %\n"}
,{"stream_name":"stdout","time":18862.245882115,"data":"VRAM 2026/10/08 21:01:12.602, 1, 3323 MiB, 15360 MiB, 99 %\n"}
,{"stream_name":"stdout","time":18982.256227801,"data":"VRAM 2026/10/08 21:03:12.613, 0, 3323 MiB, 15360 MiB, 100 %\n"}
,{"stream_name":"stdout","time":18982.258856766,"data":"VRAM 2026/10/08 21:03:12.615, 1, 3323 MiB, 15360 MiB, 97 %\n"}
,{"stream_name":"stdout","time":19102.270156134,"data":"VRAM 2026/10/08 21:05:12.626, 0, 3323 MiB, 15360 MiB, 100 %\n"}
,{"stream_name":"stdout","time":19102.271885092,"data":"VRAM 2026/10/08 21:05:12.629, 1, 3323 MiB, 15360 MiB, 98 %\n"}
,{"stream_name":"stdout","time":19222.282466046,"data":"VRAM 2026/10/08 21:07:12.639, 0, 3323 MiB, 15360 MiB, 100 %\n"}
,{"stream_name":"stdout","time":19222.284135822,"data":"VRAM 2026/10/08 21:07:12.641, 1, 3323 MiB, 15360 MiB, 99 %\n"}
,{"stream_name":"stdout","time":19342.295284114,"data":"VRAM 2026/10/08 21:09:12.652, 0, 3323 MiB, 15360 MiB, 100 %\n"}
,{"stream_name":"stdout","time":19342.296994791,"data":"VRAM 2026/10/08 21:09:12.654, 1, 3323 MiB, 15360 MiB, 98 %\n"}
,{"stream_name":"stdout","time":19462.307099991,"data":"VRAM 2026/10/08 21:11:12.664, 0, 3323 MiB, 15360 MiB, 100 %\n"}
,{"stream_name":"stdout","time":19462.30926891,"data":"VRAM 2026/10/08 21:11:12.666, 1, 3323 MiB, 15360 MiB, 99 %\n"}
,{"stream_name":"stdout","time":19580.353807848,"data":"    it  17000  grad-match [0.03361, 0.03506] {'psnr_consensus': 10.203, 'psnr_best_seed': 9.965}\n"}
,{"stream_name":"stdout","time":19582.320232102,"data":"VRAM 2026/10/08 21:13:12.677, 0, 3323 MiB, 15360 MiB, 100 %\n"}
,{"stream_name":"stdout","time":19582.322357061,"data":"VRAM 2026/10/08 21:13:12.679, 1, 3323 MiB, 15360 MiB, 99 %\n"}
,{"stream_name":"stdout","time":19702.333126375,"data":"VRAM 2026/10/08 21:15:12.690, 0, 3323 MiB, 15360 MiB, 100 %\n"}
,{"stream_name":"stdout","time":19702.33473915,"data":"VRAM 2026/10/08 21:15:12.692, 1, 3323 MiB, 15360 MiB, 99 %\n"}
,{"stream_name":"stdout","time":19751.799632143,"data":"    it  17000  grad-match [0.03524, 0.04169] {'psnr_consensus': 11.977, 'psnr_best_seed': 11.982}\n"}
,{"stream_name":"stdout","time":19822.347994525,"data":"VRAM 2026/10/08 21:17:12.703, 0, 3323 MiB, 15360 MiB, 100 %\n"}
,{"stream_name":"stdout","time":19822.348192958,"data":"VRAM 2026/10/08 21:17:12.704, 1, 3323 MiB, 15360 MiB, 99 %\n"}
,{"stream_name":"stdout","time":19942.360326667,"data":"VRAM 2026/10/08 21:19:12.716, 0, 3323 MiB, 15360 MiB, 100 %\n"}
,{"stream_name":"stdout","time":19942.36060903,"data":"VRAM 2026/10/08 21:19:12.717, 1, 3323 MiB, 15360 MiB, 99 %\n"}
,{"stream_name":"stdout","time":20062.371914867,"data":"VRAM 2026/10/08 21:21:12.728, 0, 3323 MiB, 15360 MiB, 100 %\n"}
,{"stream_name":"stdout","time":20062.373511137,"data":"VRAM 2026/10/08 21:21:12.730, 1, 3323 MiB, 15360 MiB, 98 %\n"}
,{"stream_name":"stdout","time":20182.384928749,"data":"VRAM 2026/10/08 21:23:12.741, 0, 3323 MiB, 15360 MiB, 100 %\n"}
,{"stream_name":"stdout","time":20182.386889938,"data":"VRAM 2026/10/08 21:23:12.743, 1, 3323 MiB, 15360 MiB, 99 %\n"}
,{"stream_name":"stdout","time":20302.398200219,"data":"VRAM 2026/10/08 21:25:12.754, 0, 3323 MiB, 15360 MiB, 100 %\n"}
,{"stream_name":"stdout","time":20302.398582042,"data":"VRAM 2026/10/08 21:25:12.755, 1, 3323 MiB, 15360 MiB, 97 %\n"}
,{"stream_name":"stdout","time":20422.410715522,"data":"VRAM 2026/10/08 21:27:12.767, 0, 3323 MiB, 15360 MiB, 100 %\n"}
,{"stream_name":"stdout","time":20422.413779786,"data":"VRAM 2026/10/08 21:27:12.769, 1, 3323 MiB, 15360 MiB, 98 %\n"}
,{"stream_name":"stdout","time":20542.424949653,"data":"VRAM 2026/10/08 21:29:12.782, 0, 3323 MiB, 15360 MiB, 100 %\n"}
,{"stream_name":"stdout","time":20542.426277587,"data":"VRAM 2026/10/08 21:29:12.783, 1, 3323 MiB, 15360 MiB, 99 %\n"}
,{"stream_name":"stdout","time":20662.438221482,"data":"VRAM 2026/10/08 21:31:12.794, 0, 3323 MiB, 15360 MiB, 100 %\n"}
,{"stream_name":"stdout","time":20662.438558197,"data":"VRAM 2026/10/08 21:31:12.795, 1, 3323 MiB, 15360 MiB, 97 %\n"}
,{"stream_name":"stdout","time":20712.288861622,"data":"    it  18000  grad-match [0.03129, 0.03397] {'psnr_consensus': 10.246, 'psnr_best_seed': 10.019}\n"}
,{"stream_name":"stdout","time":20782.449408035,"data":"VRAM 2026/10/08 21:33:12.806, 0, 3323 MiB, 15360 MiB, 100 %\n"}
,{"stream_name":"stdout","time":20782.452033421,"data":"VRAM 2026/10/08 21:33:12.808, 1, 3323 MiB, 15360 MiB, 97 %\n"}
,{"stream_name":"stdout","time":20895.326678561,"data":"    it  18000  grad-match [0.03335, 0.04097] {'psnr_consensus': 11.963, 'psnr_best_seed': 11.973}\n"}
,{"stream_name":"stdout","time":20902.463334028,"data":"VRAM 2026/10/08 21:35:12.820, 0, 3323 MiB, 15360 MiB, 100 %\n"}
,{"stream_name":"stdout","time":20902.465281844,"data":"VRAM 2026/10/08 21:35:12.822, 1, 3323 MiB, 15360 MiB, 99 %\n"}
,{"stream_name":"stdout","time":21022.475947483,"data":"VRAM 2026/10/08 21:37:12.832, 0, 3323 MiB, 15360 MiB, 100 %\n"}
,{"stream_name":"stdout","time":21022.477734438,"data":"VRAM 2026/10/08 21:37:12.834, 1, 3323 MiB, 15360 MiB, 99 %\n"}
,{"stream_name":"stdout","time":21142.489708435,"data":"VRAM 2026/10/08 21:39:12.845, 0, 3323 MiB, 15360 MiB, 100 %\n"}
,{"stream_name":"stdout","time":21142.489936827,"data":"VRAM 2026/10/08 21:39:12.847, 1, 3323 MiB, 15360 MiB, 97 %\n"}
,{"stream_name":"stdout","time":21262.501285923,"data":"VRAM 2026/10/08 21:41:12.858, 0, 3323 MiB, 15360 MiB, 100 %\n"}
,{"stream_name":"stdout","time":21262.502806604,"data":"VRAM 2026/10/08 21:41:12.860, 1, 3323 MiB, 15360 MiB, 99 %\n"}
,{"stream_name":"stdout","time":21382.515704495,"data":"VRAM 2026/10/08 21:43:12.871, 0, 3323 MiB, 15360 MiB, 100 %\n"}
,{"stream_name":"stdout","time":21382.515849258,"data":"VRAM 2026/10/08 21:43:12.873, 1, 3323 MiB, 15360 MiB, 99 %\n"}
,{"stream_name":"stdout","time":21502.528675849,"data":"VRAM 2026/10/08 21:45:12.884, 0, 3323 MiB, 15360 MiB, 100 %\n"}
,{"stream_name":"stdout","time":21502.529101931,"data":"VRAM 2026/10/08 21:45:12.886, 1, 3323 MiB, 15360 MiB, 99 %\n"}
,{"stream_name":"stdout","time":21622.540539559,"data":"VRAM 2026/10/08 21:47:12.897, 0, 3323 MiB, 15360 MiB, 100 %\n"}
,{"stream_name":"stdout","time":21622.542391693,"data":"VRAM 2026/10/08 21:47:12.899, 1, 3323 MiB, 15360 MiB, 97 %\n"}
,{"stream_name":"stdout","time":21742.555666804,"data":"VRAM 2026/10/08 21:49:12.910, 0, 3323 MiB, 15360 MiB, 100 %\n"}
,{"stream_name":"stdout","time":21742.555716908,"data":"VRAM 2026/10/08 21:49:12.912, 1, 3323 MiB, 15360 MiB, 99 %\n"}
,{"stream_name":"stdout","time":21844.825759761,"data":"    it  19000  grad-match [0.03091, 0.03358] {'psnr_consensus': 10.267, 'psnr_best_seed': 10.043}\n"}
,{"stream_name":"stdout","time":21862.567710075,"data":"VRAM 2026/10/08 21:51:12.923, 0, 3323 MiB, 15360 MiB, 100 %\n"}
,{"stream_name":"stdout","time":21862.570883979,"data":"VRAM 2026/10/08 21:51:12.926, 1, 3323 MiB, 15360 MiB, 98 %\n"}
,{"stream_name":"stdout","time":21982.58161703,"data":"VRAM 2026/10/08 21:53:12.938, 0, 3323 MiB, 15360 MiB, 100 %\n"}
,{"stream_name":"stdout","time":21982.584577415,"data":"VRAM 2026/10/08 21:53:12.940, 1, 3323 MiB, 15360 MiB, 95 %\n"}
,{"stream_name":"stdout","time":22038.990704449,"data":"    it  19000  grad-match [0.03275, 0.04056] {'psnr_consensus': 11.957, 'psnr_best_seed': 11.966}\n"}
,{"stream_name":"stdout","time":22102.59404668,"data":"VRAM 2026/10/08 21:55:12.950, 0, 3323 MiB, 15360 MiB, 100 %\n"}
,{"stream_name":"stdout","time":22102.595655908,"data":"VRAM 2026/10/08 21:55:12.953, 1, 3323 MiB, 15360 MiB, 97 %\n"}
,{"stream_name":"stdout","time":22222.60834254,"data":"VRAM 2026/10/08 21:57:12.963, 0, 3323 MiB, 15360 MiB, 100 %\n"}
,{"stream_name":"stdout","time":22222.608616345,"data":"VRAM 2026/10/08 21:57:12.965, 1, 3323 MiB, 15360 MiB, 96 %\n"}
,{"stream_name":"stdout","time":22342.619699555,"data":"VRAM 2026/10/08 21:59:12.976, 0, 3323 MiB, 15360 MiB, 100 %\n"}
,{"stream_name":"stdout","time":22342.621342273,"data":"VRAM 2026/10/08 21:59:12.978, 1, 3323 MiB, 15360 MiB, 99 %\n"}
,{"stream_name":"stdout","time":22462.631828143,"data":"VRAM 2026/10/08 22:01:12.989, 0, 3323 MiB, 15360 MiB, 100 %\n"}
,{"stream_name":"stdout","time":22462.633797652,"data":"VRAM 2026/10/08 22:01:12.990, 1, 3323 MiB, 15360 MiB, 99 %\n"}
,{"stream_name":"stdout","time":22582.644852327,"data":"VRAM 2026/10/08 22:03:13.002, 0, 3323 MiB, 15360 MiB, 100 %\n"}
,{"stream_name":"stdout","time":22582.646597534,"data":"VRAM 2026/10/08 22:03:13.003, 1, 3323 MiB, 15360 MiB, 98 %\n"}
,{"stream_name":"stdout","time":22702.660270954,"data":"VRAM 2026/10/08 22:05:13.014, 0, 3323 MiB, 15360 MiB, 100 %\n"}
,{"stream_name":"stdout","time":22702.660600147,"data":"VRAM 2026/10/08 22:05:13.017, 1, 3323 MiB, 15360 MiB, 97 %\n"}
,{"stream_name":"stdout","time":22822.67136888,"data":"VRAM 2026/10/08 22:07:13.028, 0, 3323 MiB, 15360 MiB, 100 %\n"}
,{"stream_name":"stdout","time":22822.674114671,"data":"VRAM 2026/10/08 22:07:13.030, 1, 3323 MiB, 15360 MiB, 99 %\n"}
,{"stream_name":"stdout","time":22942.685094397,"data":"VRAM 2026/10/08 22:09:13.042, 0, 3323 MiB, 15360 MiB, 100 %\n"}
,{"stream_name":"stdout","time":22942.686981618,"data":"VRAM 2026/10/08 22:09:13.044, 1, 3323 MiB, 15360 MiB, 99 %\n"}
,{"stream_name":"stdout","time":22976.562610789,"data":"    it  19999  grad-match [0.03083, 0.0335] {'psnr_consensus': 10.271, 'psnr_best_seed': 10.047}\n"}
,{"stream_name":"stdout","time":22977.122217331,"data":"RESULT [dinov2] client p021: PSNR consensus 10.27 dB | best seed 10.05 dB | gray floor 9.45 dB | label acc 0.75 | 377.4 min\n"}
,{"stream_name":"stderr","time":22984.921132562,"data":"Warning: You are sending unauthenticated requests to the HF Hub. Please set a HF_TOKEN to enable higher rate limits and faster downloads.\n"}
,{"stream_name":"stdout","time":22985.44581308,"data":"[none] client p021: true labels [0, 2, 3, 4, 5, 6, 7, 9] restored [0, 1, 2, 3, 6, 7, 8, 9]\n"}
,{"stream_name":"stdout","time":22986.570926366,"data":"    it      0  grad-match [8.0946, 7.98485] {'psnr_consensus': 7.506, 'psnr_best_seed': 6.156}\n"}
,{"stream_name":"stdout","time":23062.700624365,"data":"VRAM 2026/10/08 22:11:13.055, 0, 3323 MiB, 15360 MiB, 100 %\n"}
,{"stream_name":"stdout","time":23062.700670497,"data":"VRAM 2026/10/08 22:11:13.056, 1, 1949 MiB, 15360 MiB, 99 %\n"}
,{"stream_name":"stdout","time":23182.710593395,"data":"VRAM 2026/10/08 22:13:13.067, 0, 3323 MiB, 15360 MiB, 99 %\n"}
,{"stream_name":"stdout","time":23182.712079663,"data":"VRAM 2026/10/08 22:13:13.069, 1, 1949 MiB, 15360 MiB, 97 %\n"}
,{"stream_name":"stdout","time":23183.108458823,"data":"    it  19999  grad-match [0.03264, 0.0405] {'psnr_consensus': 11.956, 'psnr_best_seed': 11.964}\n"}
,{"stream_name":"stdout","time":23183.538686156,"data":"RESULT [dinov2] client p002: PSNR consensus 11.96 dB | best seed 11.96 dB | gray floor 9.40 dB | label acc 0.75 | 380.8 min\n"}
,{"stream_name":"stdout","time":23191.11222799,"data":"[none] client p002: true labels [0, 1, 2, 3, 4, 6, 8, 9] restored [0, 1, 2, 5, 6, 7, 8, 9]\n"}
,{"stream_name":"stdout","time":23192.222626866,"data":"    it      0  grad-match [1.26781, 1.23278] {'psnr_consensus': 7.479, 'psnr_best_seed': 6.137}\n"}
,{"stream_name":"stdout","time":23302.722675793,"data":"VRAM 2026/10/08 22:15:13.079, 0, 1949 MiB, 15360 MiB, 100 %\n"}
,{"stream_name":"stdout","time":23302.724234778,"data":"VRAM 2026/10/08 22:15:13.081, 1, 1949 MiB, 15360 MiB, 98 %\n"}
,{"stream_name":"stdout","time":23422.735908374,"data":"VRAM 2026/10/08 22:17:13.092, 0, 1949 MiB, 15360 MiB, 100 %\n"}
,{"stream_name":"stdout","time":23422.736571527,"data":"VRAM 2026/10/08 22:17:13.093, 1, 1949 MiB, 15360 MiB, 98 %\n"}
,{"stream_name":"stdout","time":23542.749196934,"data":"VRAM 2026/10/08 22:19:13.104, 0, 1949 MiB, 15360 MiB, 100 %\n"}
,{"stream_name":"stdout","time":23542.749315873,"data":"VRAM 2026/10/08 22:19:13.106, 1, 1949 MiB, 15360 MiB, 98 %\n"}
,{"stream_name":"stdout","time":23591.654610384,"data":"    it   1000  grad-match [0.65483, 0.64262] {'psnr_consensus': 9.227, 'psnr_best_seed': 8.968}\n"}
,{"stream_name":"stdout","time":23662.761279164,"data":"VRAM 2026/10/08 22:21:13.117, 0, 1949 MiB, 15360 MiB, 100 %\n"}
,{"stream_name":"stdout","time":23662.762889426,"data":"VRAM 2026/10/08 22:21:13.120, 1, 1949 MiB, 15360 MiB, 96 %\n"}
,{"stream_name":"stdout","time":23782.773515704,"data":"VRAM 2026/10/08 22:23:13.130, 0, 1949 MiB, 15360 MiB, 100 %\n"}
,{"stream_name":"stdout","time":23782.77580378,"data":"VRAM 2026/10/08 22:23:13.132, 1, 1949 MiB, 15360 MiB, 94 %\n"}
,{"stream_name":"stdout","time":23798.486713301,"data":"    it   1000  grad-match [0.90422, 0.80054] {'psnr_consensus': 9.014, 'psnr_best_seed': 8.511}\n"}
,{"stream_name":"stdout","time":23902.787986606,"data":"VRAM 2026/10/08 22:25:13.143, 0, 1949 MiB, 15360 MiB, 100 %\n"}
,{"stream_name":"stdout","time":23902.789433973,"data":"VRAM 2026/10/08 22:25:13.147, 1, 1949 MiB, 15360 MiB, 98 %\n"}
,{"stream_name":"stdout","time":24022.80243232,"data":"VRAM 2026/10/08 22:27:13.157, 0, 1949 MiB, 15360 MiB, 100 %\n"}
,{"stream_name":"stdout","time":24022.802746671,"data":"VRAM 2026/10/08 22:27:13.160, 1, 1949 MiB, 15360 MiB, 99 %\n"}
,{"stream_name":"stdout","time":24142.817190113,"data":"VRAM 2026/10/08 22:29:13.170, 0, 1949 MiB, 15360 MiB, 100 %\n"}
,{"stream_name":"stdout","time":24142.817501015,"data":"VRAM 2026/10/08 22:29:13.172, 1, 1949 MiB, 15360 MiB, 98 %\n"}
,{"stream_name":"stdout","time":24194.91460682,"data":"    it   2000  grad-match [0.63313, 0.61189] {'psnr_consensus': 9.36, 'psnr_best_seed': 9.065}\n"}
,{"stream_name":"stdout","time":24262.830287934,"data":"VRAM 2026/10/08 22:31:13.186, 0, 1949 MiB, 15360 MiB, 100 %\n"}
,{"stream_name":"stdout","time":24262.830619059,"data":"VRAM 2026/10/08 22:31:13.187, 1, 1949 MiB, 15360 MiB, 98 %\n"}
,{"stream_name":"stdout","time":24382.843689132,"data":"VRAM 2026/10/08 22:33:13.199, 0, 1949 MiB, 15360 MiB, 100 %\n"}
,{"stream_name":"stdout","time":24382.843994932,"data":"VRAM 2026/10/08 22:33:13.201, 1, 1949 MiB, 15360 MiB, 97 %\n"}
,{"stream_name":"stdout","time":24404.365415166,"data":"    it   2000  grad-match [0.91048, 0.86785] {'psnr_consensus': 8.938, 'psnr_best_seed': 8.182}\n"}
,{"stream_name":"stdout","time":24502.855017261,"data":"VRAM 2026/10/08 22:35:13.211, 0, 1949 MiB, 15360 MiB, 100 %\n"}
,{"stream_name":"stdout","time":24502.856815809,"data":"VRAM 2026/10/08 22:35:13.214, 1, 1949 MiB, 15360 MiB, 98 %\n"}
,{"stream_name":"stdout","time":24622.867776562,"data":"VRAM 2026/10/08 22:37:13.224, 0, 1949 MiB, 15360 MiB, 100 %\n"}
,{"stream_name":"stdout","time":24622.870177705,"data":"VRAM 2026/10/08 22:37:13.226, 1, 1949 MiB, 15360 MiB, 96 %\n"}
,{"stream_name":"stdout","time":24742.880691633,"data":"VRAM 2026/10/08 22:39:13.238, 0, 1949 MiB, 15360 MiB, 100 %\n"}
,{"stream_name":"stdout","time":24742.882412127,"data":"VRAM 2026/10/08 22:39:13.239, 1, 1949 MiB, 15360 MiB, 97 %\n"}
,{"stream_name":"stdout","time":24799.107728695,"data":"    it   3000  grad-match [0.61295, 0.64293] {'psnr_consensus': 9.498, 'psnr_best_seed': 9.302}\n"}
,{"stream_name":"stdout","time":24862.893803432,"data":"VRAM 2026/10/08 22:41:13.250, 0, 1949 MiB, 15360 MiB, 100 %\n"}
,{"stream_name":"stdout","time":24862.895093565,"data":"VRAM 2026/10/08 22:41:13.252, 1, 1949 MiB, 15360 MiB, 98 %\n"}
,{"stream_name":"stdout","time":24982.907451439,"data":"VRAM 2026/10/08 22:43:13.262, 0, 1949 MiB, 15360 MiB, 100 %\n"}
,{"stream_name":"stdout","time":24982.907503821,"data":"VRAM 2026/10/08 22:43:13.264, 1, 1949 MiB, 15360 MiB, 98 %\n"}
,{"stream_name":"stdout","time":25011.862479053,"data":"    it   3000  grad-match [0.83593, 0.7402] {'psnr_consensus': 8.906, 'psnr_best_seed': 8.22}\n"}
,{"stream_name":"stdout","time":25102.919269121,"data":"VRAM 2026/10/08 22:45:13.276, 0, 1949 MiB, 15360 MiB, 100 %\n"}
,{"stream_name":"stdout","time":25102.9215741,"data":"VRAM 2026/10/08 22:45:13.278, 1, 1949 MiB, 15360 MiB, 99 %\n"}
,{"stream_name":"stdout","time":25222.932887141,"data":"VRAM 2026/10/08 22:47:13.289, 0, 1949 MiB, 15360 MiB, 100 %\n"}
,{"stream_name":"stdout","time":25222.93501851,"data":"VRAM 2026/10/08 22:47:13.291, 1, 1949 MiB, 15360 MiB, 96 %\n"}
,{"stream_name":"stdout","time":25342.947344596,"data":"VRAM 2026/10/08 22:49:13.303, 0, 1949 MiB, 15360 MiB, 100 %\n"}
,{"stream_name":"stdout","time":25342.94877808,"data":"VRAM 2026/10/08 22:49:13.306, 1, 1949 MiB, 15360 MiB, 98 %\n"}
,{"stream_name":"stdout","time":25402.772139388,"data":"    it   4000  grad-match [0.68334, 0.60566] {'psnr_consensus': 9.401, 'psnr_best_seed': 9.237}\n"}
,{"stream_name":"stdout","time":25462.959876016,"data":"VRAM 2026/10/08 22:51:13.317, 0, 1949 MiB, 15360 MiB, 100 %\n"}
,{"stream_name":"stdout","time":25462.962188027,"data":"VRAM 2026/10/08 22:51:13.318, 1, 1949 MiB, 15360 MiB, 98 %\n"}
,{"stream_name":"stdout","time":25582.972758372,"data":"VRAM 2026/10/08 22:53:13.330, 0, 1949 MiB, 15360 MiB, 100 %\n"}
,{"stream_name":"stdout","time":25582.974458477,"data":"VRAM 2026/10/08 22:53:13.331, 1, 1949 MiB, 15360 MiB, 99 %\n"}
,{"stream_name":"stdout","time":25618.460678473,"data":"    it   4000  grad-match [0.7658, 0.744] {'psnr_consensus': 8.977, 'psnr_best_seed': 8.488}\n"}
,{"stream_name":"stdout","time":25702.98554881,"data":"VRAM 2026/10/08 22:55:13.342, 0, 1949 MiB, 15360 MiB, 100 %\n"}
,{"stream_name":"stdout","time":25702.987638048,"data":"VRAM 2026/10/08 22:55:13.344, 1, 1949 MiB, 15360 MiB, 98 %\n"}
,{"stream_name":"stdout","time":25823.000633057,"data":"VRAM 2026/10/08 22:57:13.355, 0, 1949 MiB, 15360 MiB, 100 %\n"}
,{"stream_name":"stdout","time":25823.000680639,"data":"VRAM 2026/10/08 22:57:13.357, 1, 1949 MiB, 15360 MiB, 97 %\n"}
,{"stream_name":"stdout","time":25943.01150102,"data":"VRAM 2026/10/08 22:59:13.368, 0, 1949 MiB, 15360 MiB, 100 %\n"}
,{"stream_name":"stdout","time":25943.013768153,"data":"VRAM 2026/10/08 22:59:13.370, 1, 1949 MiB, 15360 MiB, 96 %\n"}
,{"stream_name":"stdout","time":26005.960634512,"data":"    it   5000  grad-match [0.63558, 0.63228] {'psnr_consensus': 9.348, 'psnr_best_seed': 8.834}\n"}
,{"stream_name":"stdout","time":26063.025198626,"data":"VRAM 2026/10/08 23:01:13.382, 0, 1949 MiB, 15360 MiB, 100 %\n"}
,{"stream_name":"stdout","time":26063.026952667,"data":"VRAM 2026/10/08 23:01:13.384, 1, 1949 MiB, 15360 MiB, 99 %\n"}
,{"stream_name":"stdout","time":26183.03865866,"data":"VRAM 2026/10/08 23:03:13.394, 0, 1949 MiB, 15360 MiB, 100 %\n"}
,{"stream_name":"stdout","time":26183.040107375,"data":"VRAM 2026/10/08 23:03:13.397, 1, 1949 MiB, 15360 MiB, 99 %\n"}
,{"stream_name":"stdout","time":26224.476703916,"data":"    it   5000  grad-match [0.82825, 0.823] {'psnr_consensus': 8.963, 'psnr_best_seed': 8.428}\n"}
,{"stream_name":"stdout","time":26303.052874305,"data":"VRAM 2026/10/08 23:05:13.408, 0, 1949 MiB, 15360 MiB, 100 %\n"}
,{"stream_name":"stdout","time":26303.052954607,"data":"VRAM 2026/10/08 23:05:13.410, 1, 1949 MiB, 15360 MiB, 97 %\n"}
,{"stream_name":"stdout","time":26423.064194858,"data":"VRAM 2026/10/08 23:07:13.421, 0, 1949 MiB, 15360 MiB, 100 %\n"}
,{"stream_name":"stdout","time":26423.065925284,"data":"VRAM 2026/10/08 23:07:13.423, 1, 1949 MiB, 15360 MiB, 94 %\n"}
,{"stream_name":"stdout","time":26543.076596528,"data":"VRAM 2026/10/08 23:09:13.433, 0, 1949 MiB, 15360 MiB, 100 %\n"}
,{"stream_name":"stdout","time":26543.079780402,"data":"VRAM 2026/10/08 23:09:13.435, 1, 1949 MiB, 15360 MiB, 97 %\n"}
,{"stream_name":"stdout","time":26609.818792446,"data":"    it   6000  grad-match [0.58384, 0.65429] {'psnr_consensus': 9.641, 'psnr_best_seed': 9.368}\n"}
,{"stream_name":"stdout","time":26663.090094559,"data":"VRAM 2026/10/08 23:11:13.447, 0, 1949 MiB, 15360 MiB, 100 %\n"}
,{"stream_name":"stdout","time":26663.091725502,"data":"VRAM 2026/10/08 23:11:13.449, 1, 1949 MiB, 15360 MiB, 97 %\n"}
,{"stream_name":"stdout","time":26783.102555741,"data":"VRAM 2026/10/08 23:13:13.460, 0, 1949 MiB, 15360 MiB, 100 %\n"}
,{"stream_name":"stdout","time":26783.104140554,"data":"VRAM 2026/10/08 23:13:13.461, 1, 1949 MiB, 15360 MiB, 97 %\n"}
,{"stream_name":"stdout","time":26831.601907892,"data":"    it   6000  grad-match [0.78226, 0.88849] {'psnr_consensus': 9.003, 'psnr_best_seed': 8.379}\n"}
,{"stream_name":"stdout","time":26903.115205931,"data":"VRAM 2026/10/08 23:15:13.472, 0, 1949 MiB, 15360 MiB, 100 %\n"}
,{"stream_name":"stdout","time":26903.116987887,"data":"VRAM 2026/10/08 23:15:13.474, 1, 1949 MiB, 15360 MiB, 98 %\n"}
,{"stream_name":"stdout","time":27023.127433627,"data":"VRAM 2026/10/08 23:17:13.484, 0, 1949 MiB, 15360 MiB, 100 %\n"}
,{"stream_name":"stdout","time":27023.129063319,"data":"VRAM 2026/10/08 23:17:13.486, 1, 1949 MiB, 15360 MiB, 97 %\n"}
,{"stream_name":"stdout","time":27143.140195535,"data":"VRAM 2026/10/08 23:19:13.497, 0, 1949 MiB, 15360 MiB, 100 %\n"}
,{"stream_name":"stdout","time":27143.142359252,"data":"VRAM 2026/10/08 23:19:13.499, 1, 1949 MiB, 15360 MiB, 99 %\n"}
,{"stream_name":"stdout","time":27215.201069211,"data":"    it   7000  grad-match [0.57895, 0.58768] {'psnr_consensus': 9.797, 'psnr_best_seed': 9.507}\n"}
,{"stream_name":"stdout","time":27263.153208124,"data":"VRAM 2026/10/08 23:21:13.510, 0, 1949 MiB, 15360 MiB, 100 %\n"}
,{"stream_name":"stdout","time":27263.156682657,"data":"VRAM 2026/10/08 23:21:13.512, 1, 1949 MiB, 15360 MiB, 97 %\n"}
,{"stream_name":"stdout","time":27383.167912889,"data":"VRAM 2026/10/08 23:23:13.525, 0, 1949 MiB, 15360 MiB, 100 %\n"}
,{"stream_name":"stdout","time":27383.169449084,"data":"VRAM 2026/10/08 23:23:13.527, 1, 1949 MiB, 15360 MiB, 99 %\n"}
,{"stream_name":"stdout","time":27439.105481544,"data":"    it   7000  grad-match [0.69101, 0.47546] {'psnr_consensus': 9.05, 'psnr_best_seed': 8.64}\n"}
,{"stream_name":"stdout","time":27503.181640325,"data":"VRAM 2026/10/08 23:25:13.537, 0, 1949 MiB, 15360 MiB, 100 %\n"}
,{"stream_name":"stdout","time":27503.182276433,"data":"VRAM 2026/10/08 23:25:13.539, 1, 1949 MiB, 15360 MiB, 99 %\n"}
,{"stream_name":"stdout","time":27623.193125111,"data":"VRAM 2026/10/08 23:27:13.550, 0, 1949 MiB, 15360 MiB, 100 %\n"}
,{"stream_name":"stdout","time":27623.194686612,"data":"VRAM 2026/10/08 23:27:13.552, 1, 1949 MiB, 15360 MiB, 97 %\n"}
,{"stream_name":"stdout","time":27743.206734928,"data":"VRAM 2026/10/08 23:29:13.562, 0, 1949 MiB, 15360 MiB, 100 %\n"}
,{"stream_name":"stdout","time":27743.206981666,"data":"VRAM 2026/10/08 23:29:13.564, 1, 1949 MiB, 15360 MiB, 97 %\n"}
,{"stream_name":"stdout","time":27819.326086827,"data":"    it   8000  grad-match [0.6342, 0.57986] {'psnr_consensus': 9.636, 'psnr_best_seed': 9.471}\n"}
,{"stream_name":"stdout","time":27863.218539197,"data":"VRAM 2026/10/08 23:31:13.575, 0, 1949 MiB, 15360 MiB, 100 %\n"}
,{"stream_name":"stdout","time":27863.220116164,"data":"VRAM 2026/10/08 23:31:13.577, 1, 1949 MiB, 15360 MiB, 97 %\n"}
,{"stream_name":"stdout","time":27983.230605759,"data":"VRAM 2026/10/08 23:33:13.587, 0, 1949 MiB, 15360 MiB, 100 %\n"}
,{"stream_name":"stdout","time":27983.232274903,"data":"VRAM 2026/10/08 23:33:13.589, 1, 1949 MiB, 15360 MiB, 97 %\n"}
,{"stream_name":"stdout","time":28045.352427371,"data":"    it   8000  grad-match [0.96013, 0.82442] {'psnr_consensus': 9.143, 'psnr_best_seed': 8.567}\n"}
,{"stream_name":"stdout","time":28103.244055375,"data":"VRAM 2026/10/08 23:35:13.600, 0, 1949 MiB, 15360 MiB, 100 %\n"}
,{"stream_name":"stdout","time":28103.245450001,"data":"VRAM 2026/10/08 23:35:13.603, 1, 1949 MiB, 15360 MiB, 99 %\n"}
,{"stream_name":"stdout","time":28223.256486646,"data":"VRAM 2026/10/08 23:37:13.613, 0, 1949 MiB, 15360 MiB, 100 %\n"}
,{"stream_name":"stdout","time":28223.257958065,"data":"VRAM 2026/10/08 23:37:13.615, 1, 1949 MiB, 15360 MiB, 99 %\n"}
,{"stream_name":"stdout","time":28343.272682441,"data":"VRAM 2026/10/08 23:39:13.628, 0, 1949 MiB, 15360 MiB, 100 %\n"}
,{"stream_name":"stdout","time":28343.273025826,"data":"VRAM 2026/10/08 23:39:13.630, 1, 1949 MiB, 15360 MiB, 96 %\n"}
,{"stream_name":"stdout","time":28423.70382062,"data":"    it   9000  grad-match [0.63995, 0.58977] {'psnr_consensus': 9.678, 'psnr_best_seed': 9.34}\n"}
,{"stream_name":"stdout","time":28463.285775148,"data":"VRAM 2026/10/08 23:41:13.641, 0, 1949 MiB, 15360 MiB, 100 %\n"}
,{"stream_name":"stdout","time":28463.285823858,"data":"VRAM 2026/10/08 23:41:13.643, 1, 1949 MiB, 15360 MiB, 97 %\n"}
,{"stream_name":"stdout","time":28583.297874114,"data":"VRAM 2026/10/08 23:43:13.654, 0, 1949 MiB, 15360 MiB, 100 %\n"}
,{"stream_name":"stdout","time":28583.298233503,"data":"VRAM 2026/10/08 23:43:13.655, 1, 1949 MiB, 15360 MiB, 99 %\n"}
,{"stream_name":"stdout","time":28651.810447362,"data":"    it   9000  grad-match [0.86901, 0.66945] {'psnr_consensus': 9.218, 'psnr_best_seed': 8.754}\n"}
,{"stream_name":"stdout","time":28703.309635075,"data":"VRAM 2026/10/08 23:45:13.666, 0, 1949 MiB, 15360 MiB, 100 %\n"}
,{"stream_name":"stdout","time":28703.310432236,"data":"VRAM 2026/10/08 23:45:13.667, 1, 1949 MiB, 15360 MiB, 97 %\n"}
,{"stream_name":"stdout","time":28823.322257816,"data":"VRAM 2026/10/08 23:47:13.678, 0, 1949 MiB, 15360 MiB, 100 %\n"}
,{"stream_name":"stdout","time":28823.323915316,"data":"VRAM 2026/10/08 23:47:13.681, 1, 1949 MiB, 15360 MiB, 98 %\n"}
,{"stream_name":"stdout","time":28943.334983769,"data":"VRAM 2026/10/08 23:49:13.692, 0, 1949 MiB, 15360 MiB, 100 %\n"}
,{"stream_name":"stdout","time":28943.338036639,"data":"VRAM 2026/10/08 23:49:13.694, 1, 1949 MiB, 15360 MiB, 95 %\n"}
,{"stream_name":"stdout","time":29027.683627645,"data":"    it  10000  grad-match [0.57998, 0.58899] {'psnr_consensus': 9.832, 'psnr_best_seed': 9.299}\n"}
,{"stream_name":"stdout","time":29063.349405188,"data":"VRAM 2026/10/08 23:51:13.706, 0, 1949 MiB, 15360 MiB, 100 %\n"}
,{"stream_name":"stdout","time":29063.35138009,"data":"VRAM 2026/10/08 23:51:13.708, 1, 1949 MiB, 15360 MiB, 99 %\n"}
,{"stream_name":"stdout","time":29183.362195984,"data":"VRAM 2026/10/08 23:53:13.719, 0, 1949 MiB, 15360 MiB, 100 %\n"}
,{"stream_name":"stdout","time":29183.363140527,"data":"VRAM 2026/10/08 23:53:13.720, 1, 1949 MiB, 15360 MiB, 99 %\n"}
,{"stream_name":"stdout","time":29258.009175586,"data":"    it  10000  grad-match [0.97013, 0.67674] {'psnr_consensus': 9.266, 'psnr_best_seed': 8.871}\n"}
,{"stream_name":"stdout","time":29303.37561873,"data":"VRAM 2026/10/08 23:55:13.731, 0, 1949 MiB, 15360 MiB, 100 %\n"}
,{"stream_name":"stdout","time":29303.375928708,"data":"VRAM 2026/10/08 23:55:13.733, 1, 1949 MiB, 15360 MiB, 99 %\n"}
,{"stream_name":"stdout","time":29423.387698903,"data":"VRAM 2026/10/08 23:57:13.744, 0, 1949 MiB, 15360 MiB, 100 %\n"}
,{"stream_name":"stdout","time":29423.389141835,"data":"VRAM 2026/10/08 23:57:13.746, 1, 1949 MiB, 15360 MiB, 97 %\n"}
,{"stream_name":"stdout","time":29543.400556998,"data":"VRAM 2026/10/08 23:59:13.757, 0, 1949 MiB, 15360 MiB, 100 %\n"}
,{"stream_name":"stdout","time":29543.402219469,"data":"VRAM 2026/10/08 23:59:13.759, 1, 1949 MiB, 15360 MiB, 97 %\n"}
,{"stream_name":"stdout","time":29632.800686542,"data":"    it  11000  grad-match [0.59819, 0.58638] {'psnr_consensus': 9.853, 'psnr_best_seed': 9.51}\n"}
,{"stream_name":"stdout","time":29663.414167552,"data":"VRAM 2026/10/09 00:01:13.770, 0, 1949 MiB, 15360 MiB, 100 %\n"}
,{"stream_name":"stdout","time":29663.414442401,"data":"VRAM 2026/10/09 00:01:13.771, 1, 1949 MiB, 15360 MiB, 96 %\n"}
,{"stream_name":"stdout","time":29783.425572867,"data":"VRAM 2026/10/09 00:03:13.782, 0, 1949 MiB, 15360 MiB, 100 %\n"}
,{"stream_name":"stdout","time":29783.42738833,"data":"VRAM 2026/10/09 00:03:13.784, 1, 1949 MiB, 15360 MiB, 99 %\n"}
,{"stream_name":"stdout","time":29865.243778924,"data":"    it  11000  grad-match [0.8483, 0.61346] {'psnr_consensus': 9.372, 'psnr_best_seed': 9.107}\n"}
,{"stream_name":"stdout","time":29903.437845836,"data":"VRAM 2026/10/09 00:05:13.795, 0, 1949 MiB, 15360 MiB, 100 %\n"}
,{"stream_name":"stdout","time":29903.439155962,"data":"VRAM 2026/10/09 00:05:13.796, 1, 1949 MiB, 15360 MiB, 98 %\n"}
,{"stream_name":"stdout","time":30023.450416543,"data":"VRAM 2026/10/09 00:07:13.807, 0, 1949 MiB, 15360 MiB, 100 %\n"}
,{"stream_name":"stdout","time":30023.452290878,"data":"VRAM 2026/10/09 00:07:13.809, 1, 1949 MiB, 15360 MiB, 96 %\n"}
,{"stream_name":"stdout","time":30143.463077757,"data":"VRAM 2026/10/09 00:09:13.820, 0, 1949 MiB, 15360 MiB, 100 %\n"}
,{"stream_name":"stdout","time":30143.465268979,"data":"VRAM 2026/10/09 00:09:13.822, 1, 1949 MiB, 15360 MiB, 99 %\n"}
,{"stream_name":"stdout","time":30236.433321423,"data":"    it  12000  grad-match [0.56927, 0.56461] {'psnr_consensus': 9.99, 'psnr_best_seed': 9.675}\n"}
,{"stream_name":"stdout","time":30263.476796167,"data":"VRAM 2026/10/09 00:11:13.833, 0, 1949 MiB, 15360 MiB, 100 %\n"}
,{"stream_name":"stdout","time":30263.47777981,"data":"VRAM 2026/10/09 00:11:13.835, 1, 1949 MiB, 15360 MiB, 97 %\n"}
,{"stream_name":"stdout","time":30383.490274928,"data":"VRAM 2026/10/09 00:13:13.845, 0, 1949 MiB, 15360 MiB, 100 %\n"}
,{"stream_name":"stdout","time":30383.490592673,"data":"VRAM 2026/10/09 00:13:13.847, 1, 1949 MiB, 15360 MiB, 96 %\n"}
,{"stream_name":"stdout","time":30471.95729631,"data":"    it  12000  grad-match [0.94469, 0.2437] {'psnr_consensus': 9.502, 'psnr_best_seed': 9.218}\n"}
,{"stream_name":"stdout","time":30503.502705809,"data":"VRAM 2026/10/09 00:15:13.858, 0, 1949 MiB, 15360 MiB, 100 %\n"}
,{"stream_name":"stdout","time":30503.504568947,"data":"VRAM 2026/10/09 00:15:13.861, 1, 1949 MiB, 15360 MiB, 99 %\n"}
,{"stream_name":"stdout","time":30623.515610056,"data":"VRAM 2026/10/09 00:17:13.873, 0, 1949 MiB, 15360 MiB, 100 %\n"}
,{"stream_name":"stdout","time":30623.51739817,"data":"VRAM 2026/10/09 00:17:13.874, 1, 1949 MiB, 15360 MiB, 98 %\n"}
,{"stream_name":"stdout","time":30743.530237073,"data":"VRAM 2026/10/09 00:19:13.886, 0, 1949 MiB, 15360 MiB, 100 %\n"}
,{"stream_name":"stdout","time":30743.530288168,"data":"VRAM 2026/10/09 00:19:13.887, 1, 1949 MiB, 15360 MiB, 98 %\n"}
,{"stream_name":"stdout","time":30839.687729089,"data":"    it  13000  grad-match [0.56424, 0.56431] {'psnr_consensus': 10.022, 'psnr_best_seed': 9.627}\n"}
,{"stream_name":"stdout","time":30863.541855401,"data":"VRAM 2026/10/09 00:21:13.898, 0, 1949 MiB, 15360 MiB, 100 %\n"}
,{"stream_name":"stdout","time":30863.54462799,"data":"VRAM 2026/10/09 00:21:13.901, 1, 1949 MiB, 15360 MiB, 98 %\n"}
,{"stream_name":"stdout","time":30983.555944955,"data":"VRAM 2026/10/09 00:23:13.912, 0, 1949 MiB, 15360 MiB, 100 %\n"}
,{"stream_name":"stdout","time":30983.559957342,"data":"VRAM 2026/10/09 00:23:13.914, 1, 1949 MiB, 15360 MiB, 96 %\n"}
,{"stream_name":"stdout","time":31078.143261583,"data":"    it  13000  grad-match [0.70825, 0.28594] {'psnr_consensus': 9.588, 'psnr_best_seed': 9.403}\n"}
,{"stream_name":"stdout","time":31103.571754859,"data":"VRAM 2026/10/09 00:25:13.928, 0, 1949 MiB, 15360 MiB, 100 %\n"}
,{"stream_name":"stdout","time":31103.573296285,"data":"VRAM 2026/10/09 00:25:13.930, 1, 1949 MiB, 15360 MiB, 94 %\n"}
,{"stream_name":"stdout","time":31223.584943577,"data":"VRAM 2026/10/09 00:27:13.941, 0, 1949 MiB, 15360 MiB, 100 %\n"}
,{"stream_name":"stdout","time":31223.58525815,"data":"VRAM 2026/10/09 00:27:13.942, 1, 1949 MiB, 15360 MiB, 98 %\n"}
,{"stream_name":"stdout","time":31343.599312297,"data":"VRAM 2026/10/09 00:29:13.953, 0, 1949 MiB, 15360 MiB, 100 %\n"}
,{"stream_name":"stdout","time":31343.599348424,"data":"VRAM 2026/10/09 00:29:13.955, 1, 1949 MiB, 15360 MiB, 97 %\n"}
,{"stream_name":"stdout","time":31442.996735158,"data":"    it  14000  grad-match [0.55955, 0.55945] {'psnr_consensus': 10.059, 'psnr_best_seed': 9.739}\n"}
,{"stream_name":"stdout","time":31463.609889465,"data":"VRAM 2026/10/09 00:31:13.967, 0, 1949 MiB, 15360 MiB, 100 %\n"}
,{"stream_name":"stdout","time":31463.611543947,"data":"VRAM 2026/10/09 00:31:13.968, 1, 1949 MiB, 15360 MiB, 97 %\n"}
,{"stream_name":"stdout","time":31583.622516503,"data":"VRAM 2026/10/09 00:33:13.979, 0, 1949 MiB, 15360 MiB, 100 %\n"}
,{"stream_name":"stdout","time":31583.624010761,"data":"VRAM 2026/10/09 00:33:13.981, 1, 1949 MiB, 15360 MiB, 97 %\n"}
,{"stream_name":"stdout","time":31685.052935684,"data":"    it  14000  grad-match [0.52711, 0.33858] {'psnr_consensus': 9.716, 'psnr_best_seed': 9.446}\n"}
,{"stream_name":"stdout","time":31703.636934254,"data":"VRAM 2026/10/09 00:35:13.992, 0, 1949 MiB, 15360 MiB, 100 %\n"}
,{"stream_name":"stdout","time":31703.637067517,"data":"VRAM 2026/10/09 00:35:13.994, 1, 1949 MiB, 15360 MiB, 98 %\n"}
,{"stream_name":"stdout","time":31823.648499193,"data":"VRAM 2026/10/09 00:37:14.005, 0, 1949 MiB, 15360 MiB, 100 %\n"}
,{"stream_name":"stdout","time":31823.650521952,"data":"VRAM 2026/10/09 00:37:14.007, 1, 1949 MiB, 15360 MiB, 98 %\n"}
,{"stream_name":"stdout","time":31943.661605931,"data":"VRAM 2026/10/09 00:39:14.019, 0, 1949 MiB, 15360 MiB, 100 %\n"}
,{"stream_name":"stdout","time":31943.663210895,"data":"VRAM 2026/10/09 00:39:14.020, 1, 1949 MiB, 15360 MiB, 98 %\n"}
,{"stream_name":"stdout","time":32046.994944908,"data":"    it  15000  grad-match [0.55617, 0.55407] {'psnr_consensus': 10.086, 'psnr_best_seed': 9.77}\n"}
,{"stream_name":"stdout","time":32063.674108164,"data":"VRAM 2026/10/09 00:41:14.031, 0, 1949 MiB, 15360 MiB, 100 %\n"}
,{"stream_name":"stdout","time":32063.675853313,"data":"VRAM 2026/10/09 00:41:14.033, 1, 1949 MiB, 15360 MiB, 99 %\n"}
,{"stream_name":"stdout","time":32183.687183984,"data":"VRAM 2026/10/09 00:43:14.043, 0, 1949 MiB, 15360 MiB, 100 %\n"}
,{"stream_name":"stdout","time":32183.688746591,"data":"VRAM 2026/10/09 00:43:14.046, 1, 1949 MiB, 15360 MiB, 97 %\n"}
,{"stream_name":"stdout","time":32291.229371503,"data":"    it  15000  grad-match [0.33721, 0.39272] {'psnr_consensus': 9.828, 'psnr_best_seed': 9.397}\n"}
,{"stream_name":"stdout","time":32303.699727946,"data":"VRAM 2026/10/09 00:45:14.057, 0, 1949 MiB, 15360 MiB, 100 %\n"}
,{"stream_name":"stdout","time":32303.701370978,"data":"VRAM 2026/10/09 00:45:14.058, 1, 1949 MiB, 15360 MiB, 99 %\n"}
,{"stream_name":"stdout","time":32423.713889731,"data":"VRAM 2026/10/09 00:47:14.069, 0, 1949 MiB, 15360 MiB, 100 %\n"}
,{"stream_name":"stdout","time":32423.714192092,"data":"VRAM 2026/10/09 00:47:14.071, 1, 1949 MiB, 15360 MiB, 98 %\n"}
,{"stream_name":"stdout","time":32543.725231122,"data":"VRAM 2026/10/09 00:49:14.082, 0, 1949 MiB, 15360 MiB, 100 %\n"}
,{"stream_name":"stdout","time":32543.726884645,"data":"VRAM 2026/10/09 00:49:14.084, 1, 1949 MiB, 15360 MiB, 97 %\n"}
,{"stream_name":"stdout","time":32649.618568902,"data":"    it  16000  grad-match [0.55421, 0.55235] {'psnr_consensus': 10.11, 'psnr_best_seed': 9.798}\n"}
,{"stream_name":"stdout","time":32663.737922597,"data":"VRAM 2026/10/09 00:51:14.095, 0, 1949 MiB, 15360 MiB, 100 %\n"}
,{"stream_name":"stdout","time":32663.739771218,"data":"VRAM 2026/10/09 00:51:14.097, 1, 1949 MiB, 15360 MiB, 99 %\n"}
,{"stream_name":"stdout","time":32783.751251811,"data":"VRAM 2026/10/09 00:53:14.108, 0, 1949 MiB, 15360 MiB, 100 %\n"}
,{"stream_name":"stdout","time":32783.753198131,"data":"VRAM 2026/10/09 00:53:14.110, 1, 1949 MiB, 15360 MiB, 99 %\n"}
,{"stream_name":"stdout","time":32898.828793917,"data":"    it  16000  grad-match [0.22984, 0.26618] {'psnr_consensus': 9.96, 'psnr_best_seed': 9.512}\n"}
,{"stream_name":"stdout","time":32903.7641951,"data":"VRAM 2026/10/09 00:55:14.121, 0, 1949 MiB, 15360 MiB, 100 %\n"}
,{"stream_name":"stdout","time":32903.765793842,"data":"VRAM 2026/10/09 00:55:14.123, 1, 1949 MiB, 15360 MiB, 97 %\n"}
,{"stream_name":"stdout","time":33023.776477282,"data":"VRAM 2026/10/09 00:57:14.134, 0, 1949 MiB, 15360 MiB, 100 %\n"}
,{"stream_name":"stdout","time":33023.778238563,"data":"VRAM 2026/10/09 00:57:14.135, 1, 1949 MiB, 15360 MiB, 97 %\n"}
,{"stream_name":"stdout","time":33143.789964739,"data":"VRAM 2026/10/09 00:59:14.146, 0, 1949 MiB, 15360 MiB, 99 %\n"}
,{"stream_name":"stdout","time":33143.790497925,"data":"VRAM 2026/10/09 00:59:14.147, 1, 1949 MiB, 15360 MiB, 97 %\n"}
,{"stream_name":"stdout","time":33252.893706673,"data":"    it  17000  grad-match [0.5532, 0.5513] {'psnr_consensus': 10.129, 'psnr_best_seed': 9.818}\n"}
,{"stream_name":"stdout","time":33263.801776675,"data":"VRAM 2026/10/09 01:01:14.158, 0, 1949 MiB, 15360 MiB, 100 %\n"}
,{"stream_name":"stdout","time":33263.804833115,"data":"VRAM 2026/10/09 01:01:14.160, 1, 1949 MiB, 15360 MiB, 97 %\n"}
,{"stream_name":"stdout","time":33383.817171406,"data":"VRAM 2026/10/09 01:03:14.172, 0, 1949 MiB, 15360 MiB, 100 %\n"}
,{"stream_name":"stdout","time":33383.817542545,"data":"VRAM 2026/10/09 01:03:14.175, 1, 1949 MiB, 15360 MiB, 97 %\n"}
,{"stream_name":"stdout","time":33503.828630322,"data":"VRAM 2026/10/09 01:05:14.185, 0, 1949 MiB, 15360 MiB, 100 %\n"}
,{"stream_name":"stdout","time":33503.831128203,"data":"VRAM 2026/10/09 01:05:14.187, 1, 1949 MiB, 15360 MiB, 97 %\n"}
,{"stream_name":"stdout","time":33505.320593002,"data":"    it  17000  grad-match [0.14494, 0.1361] {'psnr_consensus': 10.079, 'psnr_best_seed': 9.921}\n"}
,{"stream_name":"stdout","time":33623.84368057,"data":"VRAM 2026/10/09 01:07:14.199, 0, 1949 MiB, 15360 MiB, 100 %\n"}
,{"stream_name":"stdout","time":33623.843778242,"data":"VRAM 2026/10/09 01:07:14.201, 1, 1949 MiB, 15360 MiB, 96 %\n"}
,{"stream_name":"stdout","time":33743.856251461,"data":"VRAM 2026/10/09 01:09:14.211, 0, 1949 MiB, 15360 MiB, 99 %\n"}
,{"stream_name":"stdout","time":33743.856486462,"data":"VRAM 2026/10/09 01:09:14.213, 1, 1949 MiB, 15360 MiB, 97 %\n"}
,{"stream_name":"stdout","time":33855.609920008,"data":"    it  18000  grad-match [0.55248, 0.5506] {'psnr_consensus': 10.142, 'psnr_best_seed': 9.831}\n"}
,{"stream_name":"stdout","time":33863.867263105,"data":"VRAM 2026/10/09 01:11:14.224, 0, 1949 MiB, 15360 MiB, 100 %\n"}
,{"stream_name":"stdout","time":33863.869368564,"data":"VRAM 2026/10/09 01:11:14.226, 1, 1949 MiB, 15360 MiB, 96 %\n"}
,{"stream_name":"stdout","time":33983.881712546,"data":"VRAM 2026/10/09 01:13:14.237, 0, 1949 MiB, 15360 MiB, 100 %\n"}
,{"stream_name":"stdout","time":33983.882296796,"data":"VRAM 2026/10/09 01:13:14.239, 1, 1949 MiB, 15360 MiB, 97 %\n"}
,{"stream_name":"stdout","time":34103.894794588,"data":"VRAM 2026/10/09 01:15:14.250, 0, 1949 MiB, 15360 MiB, 100 %\n"}
,{"stream_name":"stdout","time":34103.895087752,"data":"VRAM 2026/10/09 01:15:14.252, 1, 1949 MiB, 15360 MiB, 96 %\n"}
,{"stream_name":"stdout","time":34110.826132275,"data":"    it  18000  grad-match [0.13096, 0.11216] {'psnr_consensus': 10.148, 'psnr_best_seed': 9.983}\n"}
,{"stream_name":"stdout","time":34223.912060381,"data":"VRAM 2026/10/09 01:17:14.264, 0, 1949 MiB, 15360 MiB, 99 %\n"}
,{"stream_name":"stdout","time":34223.915618596,"data":"VRAM 2026/10/09 01:17:14.269, 1, 1949 MiB, 15360 MiB, 97 %\n"}
,{"stream_name":"stdout","time":34343.928748942,"data":"VRAM 2026/10/09 01:19:14.283, 0, 1949 MiB, 15360 MiB, 99 %\n"}
,{"stream_name":"stdout","time":34343.928989736,"data":"VRAM 2026/10/09 01:19:14.286, 1, 1949 MiB, 15360 MiB, 96 %\n"}
,{"stream_name":"stdout","time":34458.926025194,"data":"    it  19000  grad-match [0.55211, 0.55013] {'psnr_consensus': 10.149, 'psnr_best_seed': 9.838}\n"}
,{"stream_name":"stdout","time":34463.940499094,"data":"VRAM 2026/10/09 01:21:14.297, 0, 1949 MiB, 15360 MiB, 100 %\n"}
,{"stream_name":"stdout","time":34463.948444939,"data":"VRAM 2026/10/09 01:21:14.304, 1, 1949 MiB, 15360 MiB, 97 %\n"}
,{"stream_name":"stdout","time":34583.96032155,"data":"VRAM 2026/10/09 01:23:14.316, 0, 1949 MiB, 15360 MiB, 100 %\n"}
,{"stream_name":"stdout","time":34583.962893444,"data":"VRAM 2026/10/09 01:23:14.319, 1, 1949 MiB, 15360 MiB, 99 %\n"}
,{"stream_name":"stdout","time":34703.975318133,"data":"VRAM 2026/10/09 01:25:14.331, 0, 1949 MiB, 15360 MiB, 100 %\n"}
,{"stream_name":"stdout","time":34703.975509285,"data":"VRAM 2026/10/09 01:25:14.332, 1, 1949 MiB, 15360 MiB, 98 %\n"}
,{"stream_name":"stdout","time":34716.533559223,"data":"    it  19000  grad-match [0.12265, 0.10387] {'psnr_consensus': 10.183, 'psnr_best_seed': 10.016}\n"}
,{"stream_name":"stdout","time":34823.988613441,"data":"VRAM 2026/10/09 01:27:14.344, 0, 1949 MiB, 15360 MiB, 100 %\n"}
,{"stream_name":"stdout","time":34823.988925575,"data":"VRAM 2026/10/09 01:27:14.346, 1, 1949 MiB, 15360 MiB, 96 %\n"}
,{"stream_name":"stdout","time":34943.999233919,"data":"VRAM 2026/10/09 01:29:14.356, 0, 1949 MiB, 15360 MiB, 100 %\n"}
,{"stream_name":"stdout","time":34944.000866759,"data":"VRAM 2026/10/09 01:29:14.358, 1, 1949 MiB, 15360 MiB, 99 %\n"}
,{"stream_name":"stdout","time":35061.894888239,"data":"    it  19999  grad-match [0.55203, 0.55002] {'psnr_consensus': 10.15, 'psnr_best_seed': 9.839}\n"}
,{"stream_name":"stdout","time":35062.40626084,"data":"RESULT [none] client p021: PSNR consensus 10.15 dB | best seed 9.84 dB | gray floor 9.45 dB | label acc 0.75 | 201.3 min\n"}
,{"stream_name":"stdout","time":35064.012542715,"data":"VRAM 2026/10/09 01:31:14.368, 0, 1949 MiB, 15360 MiB, 100 %\n"}
,{"stream_name":"stdout","time":35064.013659005,"data":"VRAM 2026/10/09 01:31:14.371, 1, 0 MiB, 15360 MiB, 30 %\n"}
,{"stream_name":"stdout","time":35184.024914306,"data":"VRAM 2026/10/09 01:33:14.381, 0, 1949 MiB, 15360 MiB, 100 %\n"}
,{"stream_name":"stdout","time":35184.027005613,"data":"VRAM 2026/10/09 01:33:14.383, 1, 0 MiB, 15360 MiB, 0 %\n"}
,{"stream_name":"stdout","time":35304.037805872,"data":"VRAM 2026/10/09 01:35:14.394, 0, 1949 MiB, 15360 MiB, 100 %\n"}
,{"stream_name":"stdout","time":35304.040496454,"data":"VRAM 2026/10/09 01:35:14.396, 1, 0 MiB, 15360 MiB, 0 %\n"}
,{"stream_name":"stdout","time":35321.052090882,"data":"    it  19999  grad-match [0.12147, 0.10207] {'psnr_consensus': 10.19, 'psnr_best_seed': 10.023}\n"}
,{"stream_name":"stdout","time":35321.541397002,"data":"RESULT [none] client p002: PSNR consensus 10.19 dB | best seed 10.02 dB | gray floor 9.40 dB | label acc 0.75 | 202.2 min\n"}
,{"stream_name":"stderr","time":35325.409165963,"data":"/usr/local/lib/python3.13/dist-packages/mistune.py:435: SyntaxWarning: invalid escape sequence '\\|'\n"}
,{"stream_name":"stderr","time":35325.409192389,"data":"  cells[i][c] = re.sub('\\\\\\\\\\|', '|', cell)\n"}
,{"stream_name":"stderr","time":35325.688513082,"data":"/usr/local/lib/python3.13/dist-packages/nbconvert/filters/filter_links.py:36: SyntaxWarning: invalid escape sequence '\\_'\n"}
,{"stream_name":"stderr","time":35325.688555672,"data":"  text = re.sub(r'_', '\\_', text) # Escape underscores in display text\n"}
,{"stream_name":"stderr","time":35326.576041574,"data":"[NbConvertApp] Converting notebook __script__.ipynb to html\n"}
,{"stream_name":"stderr","time":35327.611616073,"data":"[NbConvertApp] Writing 275687 bytes to __results__.html\n"}
]