[{"stream_name":"stderr","time":0.616226484,"data":"Cloning into '/tmp/repo'...\n"}
,{"stream_name":"stdout","time":17.305684332,"data":"VRAM 2026/10/08 17:21:30.588, 0, 0 MiB, 15360 MiB, 0 %\n"}
,{"stream_name":"stdout","time":17.309060621,"data":"VRAM 2026/10/08 17:21:30.592, 1, 0 MiB, 15360 MiB, 0 %\n"}
,{"stream_name":"stdout","time":137.320016853,"data":"VRAM 2026/10/08 17:23:30.604, 0, 0 MiB, 15360 MiB, 0 %\n"}
,{"stream_name":"stdout","time":137.322029956,"data":"VRAM 2026/10/08 17:23:30.606, 1, 0 MiB, 15360 MiB, 0 %\n"}
,{"stream_name":"stdout","time":233.559501002,"data":"data_root: /kaggle/input/competitions/state-farm-distracted-driver-detection | victims: /kaggle/input/datasets/noureldientaha/fedkd-gi-victim | jobs: [('S2_full/p015', 'p015', ['--settings', 'dinov2', '--iterations', '20000', '--num_seeds', '2', '--alpha_tv', '1', '--alpha_noise', '0', '--log_every', '1000', '--track_psnr', '1', '--time_budget_hours', '11.5']), ('S2_full/p035', 'p035', ['--settings', 'dinov2', '--iterations', '20000', '--num_seeds', '2', '--alpha_tv', '1', '--alpha_noise', '0', '--log_every', '1000', '--track_psnr', '1', '--time_budget_hours', '11.5']), ('S1_full/p015', 'p015', ['--settings', 'none', '--iterations', '20000', '--num_seeds', '2', '--alpha_tv', '1', '--alpha_noise', '0', '--log_every', '1000', '--track_psnr', '1', '--time_budget_hours', '11.5']), ('S1_full/p035', 'p035', ['--settings', 'none', '--iterations', '20000', '--num_seeds', '2', '--alpha_tv', '1', '--alpha_noise', '0', '--log_every', '1000', '--track_psnr', '1', '--time_budget_hours', '11.5'])]\n"}
,{"stream_name":"stdout","time":257.334936583,"data":"VRAM 2026/10/08 17:25:30.617, 0, 0 MiB, 15360 MiB, 0 %\n"}
,{"stream_name":"stdout","time":257.335248107,"data":"VRAM 2026/10/08 17:25:30.619, 1, 0 MiB, 15360 MiB, 0 %\n"}
,{"stream_name":"stderr","time":325.219502551,"data":"Warning: You are sending unauthenticated requests to the HF Hub. Please set a HF_TOKEN to enable higher rate limits and faster downloads.\n"}
,{"stream_name":"stderr","time":340.989490091,"data":"Warning: You are sending unauthenticated requests to the HF Hub. Please set a HF_TOKEN to enable higher rate limits and faster downloads.\n"}
,{"stream_name":"stderr","time":341.234146058,"data":"Warning: You are sending unauthenticated requests to the HF Hub. Please set a HF_TOKEN to enable higher rate limits and faster downloads.\n"}
,{"stream_name":"stdout","time":346.743144313,"data":"[dinov2] client p035: true labels [0, 1, 3, 4, 5, 6, 7, 9] restored [0, 1, 2, 3, 4, 7, 8, 9]\n"}
,{"stream_name":"stdout","time":346.743175232,"data":"[dinov2] client p015: true labels [0, 1, 2, 4, 5, 6, 7, 8] restored [0, 2, 3, 4, 6, 7, 8, 9]\n"}
,{"stream_name":"stdout","time":349.041579254,"data":"    it      0  grad-match [1.13567, 1.09537] {'psnr_consensus': 7.898, 'psnr_best_seed': 6.441}\n"}
,{"stream_name":"stdout","time":349.072558936,"data":"    it      0  grad-match [85.20686, 79.47482] {'psnr_consensus': 7.269, 'psnr_best_seed': 5.98}\n"}
,{"stream_name":"stdout","time":377.345910693,"data":"VRAM 2026/10/08 17:27:30.630, 0, 3323 MiB, 15360 MiB, 100 %\n"}
,{"stream_name":"stdout","time":377.347182402,"data":"VRAM 2026/10/08 17:27:30.632, 1, 3323 MiB, 15360 MiB, 100 %\n"}
,{"stream_name":"stdout","time":497.35747594,"data":"VRAM 2026/10/08 17:29:30.642, 0, 3323 MiB, 15360 MiB, 100 %\n"}
,{"stream_name":"stdout","time":497.358903502,"data":"VRAM 2026/10/08 17:29:30.644, 1, 3323 MiB, 15360 MiB, 100 %\n"}
,{"stream_name":"stdout","time":617.37174707,"data":"VRAM 2026/10/08 17:31:30.654, 0, 3323 MiB, 15360 MiB, 100 %\n"}
,{"stream_name":"stdout","time":617.371842069,"data":"VRAM 2026/10/08 17:31:30.656, 1, 3323 MiB, 15360 MiB, 100 %\n"}
,{"stream_name":"stdout","time":737.381917564,"data":"VRAM 2026/10/08 17:33:30.667, 0, 3323 MiB, 15360 MiB, 100 %\n"}
,{"stream_name":"stdout","time":737.383783317,"data":"VRAM 2026/10/08 17:33:30.668, 1, 3323 MiB, 15360 MiB, 100 %\n"}
,{"stream_name":"stdout","time":857.393632729,"data":"VRAM 2026/10/08 17:35:30.679, 0, 3323 MiB, 15360 MiB, 100 %\n"}
,{"stream_name":"stdout","time":857.395173772,"data":"VRAM 2026/10/08 17:35:30.680, 1, 3323 MiB, 15360 MiB, 100 %\n"}
,{"stream_name":"stdout","time":977.40572041,"data":"VRAM 2026/10/08 17:37:30.690, 0, 3323 MiB, 15360 MiB, 100 %\n"}
,{"stream_name":"stdout","time":977.407157155,"data":"VRAM 2026/10/08 17:37:30.692, 1, 3323 MiB, 15360 MiB, 100 %\n"}
,{"stream_name":"stdout","time":1097.41793055,"data":"VRAM 2026/10/08 17:39:30.702, 0, 3323 MiB, 15360 MiB, 100 %\n"}
,{"stream_name":"stdout","time":1097.420190804,"data":"VRAM 2026/10/08 17:39:30.704, 1, 3323 MiB, 15360 MiB, 100 %\n"}
,{"stream_name":"stdout","time":1217.432554542,"data":"VRAM 2026/10/08 17:41:30.715, 0, 3323 MiB, 15360 MiB, 100 %\n"}
,{"stream_name":"stdout","time":1217.432616671,"data":"VRAM 2026/10/08 17:41:30.717, 1, 3323 MiB, 15360 MiB, 100 %\n"}
,{"stream_name":"stdout","time":1337.442089027,"data":"VRAM 2026/10/08 17:43:30.727, 0, 3323 MiB, 15360 MiB, 100 %\n"}
,{"stream_name":"stdout","time":1337.443937614,"data":"VRAM 2026/10/08 17:43:30.728, 1, 3323 MiB, 15360 MiB, 100 %\n"}
,{"stream_name":"stdout","time":1366.749084212,"data":"    it   1000  grad-match [0.21473, 0.18166] {'psnr_consensus': 9.934, 'psnr_best_seed': 9.26}\n"}
,{"stream_name":"stdout","time":1457.454149418,"data":"VRAM 2026/10/08 17:45:30.739, 0, 3323 MiB, 15360 MiB, 100 %\n"}
,{"stream_name":"stdout","time":1457.456378094,"data":"VRAM 2026/10/08 17:45:30.740, 1, 3323 MiB, 15360 MiB, 100 %\n"}
,{"stream_name":"stdout","time":1495.217020969,"data":"    it   1000  grad-match [0.04891, 0.33072] {'psnr_consensus': 8.474, 'psnr_best_seed': 7.967}\n"}
,{"stream_name":"stdout","time":1577.46761249,"data":"VRAM 2026/10/08 17:47:30.751, 0, 3323 MiB, 15360 MiB, 100 %\n"}
,{"stream_name":"stdout","time":1577.469273826,"data":"VRAM 2026/10/08 17:47:30.754, 1, 3323 MiB, 15360 MiB, 100 %\n"}
,{"stream_name":"stdout","time":1697.479816278,"data":"VRAM 2026/10/08 17:49:30.764, 0, 3323 MiB, 15360 MiB, 100 %\n"}
,{"stream_name":"stdout","time":1697.481677482,"data":"VRAM 2026/10/08 17:49:30.766, 1, 3323 MiB, 15360 MiB, 100 %\n"}
,{"stream_name":"stdout","time":1817.492170416,"data":"VRAM 2026/10/08 17:51:30.777, 0, 3323 MiB, 15360 MiB, 100 %\n"}
,{"stream_name":"stdout","time":1817.493481262,"data":"VRAM 2026/10/08 17:51:30.778, 1, 3323 MiB, 15360 MiB, 100 %\n"}
,{"stream_name":"stdout","time":1937.503847683,"data":"VRAM 2026/10/08 17:53:30.788, 0, 3323 MiB, 15360 MiB, 100 %\n"}
,{"stream_name":"stdout","time":1937.505072226,"data":"VRAM 2026/10/08 17:53:30.790, 1, 3323 MiB, 15360 MiB, 100 %\n"}
,{"stream_name":"stdout","time":2057.514945348,"data":"VRAM 2026/10/08 17:55:30.800, 0, 3323 MiB, 15360 MiB, 100 %\n"}
,{"stream_name":"stdout","time":2057.516519838,"data":"VRAM 2026/10/08 17:55:30.801, 1, 3323 MiB, 15360 MiB, 100 %\n"}
,{"stream_name":"stdout","time":2177.527727568,"data":"VRAM 2026/10/08 17:57:30.812, 0, 3323 MiB, 15360 MiB, 100 %\n"}
,{"stream_name":"stdout","time":2177.53001732,"data":"VRAM 2026/10/08 17:57:30.814, 1, 3323 MiB, 15360 MiB, 100 %\n"}
,{"stream_name":"stdout","time":2297.540679366,"data":"VRAM 2026/10/08 17:59:30.825, 0, 3323 MiB, 15360 MiB, 100 %\n"}
,{"stream_name":"stdout","time":2297.542868464,"data":"VRAM 2026/10/08 17:59:30.827, 1, 3323 MiB, 15360 MiB, 100 %\n"}
,{"stream_name":"stdout","time":2388.692263031,"data":"    it   2000  grad-match [0.17765, 0.1272] {'psnr_consensus': 10.404, 'psnr_best_seed': 9.847}\n"}
,{"stream_name":"stdout","time":2417.553259695,"data":"VRAM 2026/10/08 18:01:30.838, 0, 3323 MiB, 15360 MiB, 100 %\n"}
,{"stream_name":"stdout","time":2417.554911648,"data":"VRAM 2026/10/08 18:01:30.839, 1, 3323 MiB, 15360 MiB, 100 %\n"}
,{"stream_name":"stdout","time":2537.564943274,"data":"VRAM 2026/10/08 18:03:30.850, 0, 3323 MiB, 15360 MiB, 100 %\n"}
,{"stream_name":"stdout","time":2537.566579797,"data":"VRAM 2026/10/08 18:03:30.851, 1, 3323 MiB, 15360 MiB, 100 %\n"}
,{"stream_name":"stdout","time":2647.946073947,"data":"    it   2000  grad-match [0.07819, 0.27509] {'psnr_consensus': 8.795, 'psnr_best_seed': 8.571}\n"}
,{"stream_name":"stdout","time":2657.578094926,"data":"VRAM 2026/10/08 18:05:30.862, 0, 3323 MiB, 15360 MiB, 100 %\n"}
,{"stream_name":"stdout","time":2657.57990919,"data":"VRAM 2026/10/08 18:05:30.864, 1, 3323 MiB, 15360 MiB, 100 %\n"}
,{"stream_name":"stdout","time":2777.590328691,"data":"VRAM 2026/10/08 18:07:30.875, 0, 3323 MiB, 15360 MiB, 100 %\n"}
,{"stream_name":"stdout","time":2777.592240121,"data":"VRAM 2026/10/08 18:07:30.877, 1, 3323 MiB, 15360 MiB, 100 %\n"}
,{"stream_name":"stdout","time":2897.602193863,"data":"VRAM 2026/10/08 18:09:30.887, 0, 3323 MiB, 15360 MiB, 100 %\n"}
,{"stream_name":"stdout","time":2897.603754395,"data":"VRAM 2026/10/08 18:09:30.888, 1, 3323 MiB, 15360 MiB, 100 %\n"}
,{"stream_name":"stdout","time":3017.615228185,"data":"VRAM 2026/10/08 18:11:30.899, 0, 3323 MiB, 15360 MiB, 100 %\n"}
,{"stream_name":"stdout","time":3017.616769308,"data":"VRAM 2026/10/08 18:11:30.901, 1, 3323 MiB, 15360 MiB, 100 %\n"}
,{"stream_name":"stdout","time":3137.627001156,"data":"VRAM 2026/10/08 18:13:30.911, 0, 3323 MiB, 15360 MiB, 100 %\n"}
,{"stream_name":"stdout","time":3137.628561701,"data":"VRAM 2026/10/08 18:13:30.913, 1, 3323 MiB, 15360 MiB, 100 %\n"}
,{"stream_name":"stdout","time":3257.639094651,"data":"VRAM 2026/10/08 18:15:30.923, 0, 3323 MiB, 15360 MiB, 100 %\n"}
,{"stream_name":"stdout","time":3257.640692744,"data":"VRAM 2026/10/08 18:15:30.925, 1, 3323 MiB, 15360 MiB, 100 %\n"}
,{"stream_name":"stdout","time":3377.652954112,"data":"VRAM 2026/10/08 18:17:30.936, 0, 3323 MiB, 15360 MiB, 100 %\n"}
,{"stream_name":"stdout","time":3377.653196256,"data":"VRAM 2026/10/08 18:17:30.938, 1, 3323 MiB, 15360 MiB, 100 %\n"}
,{"stream_name":"stdout","time":3409.454874594,"data":"    it   3000  grad-match [0.16208, 0.1743] {'psnr_consensus': 10.491, 'psnr_best_seed': 9.998}\n"}
,{"stream_name":"stdout","time":3497.663521165,"data":"VRAM 2026/10/08 18:19:30.948, 0, 3323 MiB, 15360 MiB, 100 %\n"}
,{"stream_name":"stdout","time":3497.665254336,"data":"VRAM 2026/10/08 18:19:30.950, 1, 3323 MiB, 15360 MiB, 100 %\n"}
,{"stream_name":"stdout","time":3617.675989482,"data":"VRAM 2026/10/08 18:21:30.960, 0, 3323 MiB, 15360 MiB, 100 %\n"}
,{"stream_name":"stdout","time":3617.677633986,"data":"VRAM 2026/10/08 18:21:30.962, 1, 3323 MiB, 15360 MiB, 100 %\n"}
,{"stream_name":"stdout","time":3737.688527064,"data":"VRAM 2026/10/08 18:23:30.973, 0, 3323 MiB, 15360 MiB, 100 %\n"}
,{"stream_name":"stdout","time":3737.690502252,"data":"VRAM 2026/10/08 18:23:30.975, 1, 3323 MiB, 15360 MiB, 100 %\n"}
,{"stream_name":"stdout","time":3799.166881075,"data":"    it   3000  grad-match [0.05262, 0.08195] {'psnr_consensus': 8.815, 'psnr_best_seed': 8.837}\n"}
,{"stream_name":"stdout","time":3857.701075637,"data":"VRAM 2026/10/08 18:25:30.985, 0, 3323 MiB, 15360 MiB, 100 %\n"}
,{"stream_name":"stdout","time":3857.702885382,"data":"VRAM 2026/10/08 18:25:30.987, 1, 3323 MiB, 15360 MiB, 100 %\n"}
,{"stream_name":"stdout","time":3977.712845624,"data":"VRAM 2026/10/08 18:27:30.998, 0, 3323 MiB, 15360 MiB, 100 %\n"}
,{"stream_name":"stdout","time":3977.714868162,"data":"VRAM 2026/10/08 18:27:30.999, 1, 3323 MiB, 15360 MiB, 100 %\n"}
,{"stream_name":"stdout","time":4097.726545625,"data":"VRAM 2026/10/08 18:29:31.010, 0, 3323 MiB, 15360 MiB, 100 %\n"}
,{"stream_name":"stdout","time":4097.728308665,"data":"VRAM 2026/10/08 18:29:31.013, 1, 3323 MiB, 15360 MiB, 100 %\n"}
,{"stream_name":"stdout","time":4217.738557983,"data":"VRAM 2026/10/08 18:31:31.023, 0, 3323 MiB, 15360 MiB, 100 %\n"}
,{"stream_name":"stdout","time":4217.741257482,"data":"VRAM 2026/10/08 18:31:31.025, 1, 3323 MiB, 15360 MiB, 100 %\n"}
,{"stream_name":"stdout","time":4337.752632312,"data":"VRAM 2026/10/08 18:33:31.036, 0, 3323 MiB, 15360 MiB, 100 %\n"}
,{"stream_name":"stdout","time":4337.754237617,"data":"VRAM 2026/10/08 18:33:31.039, 1, 3323 MiB, 15360 MiB, 100 %\n"}
,{"stream_name":"stdout","time":4430.858333373,"data":"    it   4000  grad-match [0.14821, 0.1147] {'psnr_consensus': 10.667, 'psnr_best_seed': 10.195}\n"}
,{"stream_name":"stdout","time":4457.764108991,"data":"VRAM 2026/10/08 18:35:31.049, 0, 3323 MiB, 15360 MiB, 100 %\n"}
,{"stream_name":"stdout","time":4457.765596518,"data":"VRAM 2026/10/08 18:35:31.050, 1, 3323 MiB, 15360 MiB, 100 %\n"}
,{"stream_name":"stdout","time":4577.778654453,"data":"VRAM 2026/10/08 18:37:31.060, 0, 3323 MiB, 15360 MiB, 100 %\n"}
,{"stream_name":"stdout","time":4577.778698908,"data":"VRAM 2026/10/08 18:37:31.062, 1, 3323 MiB, 15360 MiB, 100 %\n"}
,{"stream_name":"stdout","time":4697.789706375,"data":"VRAM 2026/10/08 18:39:31.074, 0, 3323 MiB, 15360 MiB, 100 %\n"}
,{"stream_name":"stdout","time":4697.791163812,"data":"VRAM 2026/10/08 18:39:31.076, 1, 3323 MiB, 15360 MiB, 100 %\n"}
,{"stream_name":"stdout","time":4817.801660578,"data":"VRAM 2026/10/08 18:41:31.086, 0, 3323 MiB, 15360 MiB, 100 %\n"}
,{"stream_name":"stdout","time":4817.803500524,"data":"VRAM 2026/10/08 18:41:31.088, 1, 3323 MiB, 15360 MiB, 100 %\n"}
,{"stream_name":"stdout","time":4937.815465333,"data":"VRAM 2026/10/08 18:43:31.098, 0, 3323 MiB, 15360 MiB, 100 %\n"}
,{"stream_name":"stdout","time":4937.815612751,"data":"VRAM 2026/10/08 18:43:31.100, 1, 3323 MiB, 15360 MiB, 100 %\n"}
,{"stream_name":"stdout","time":4948.374402133,"data":"    it   4000  grad-match [0.05072, 0.0488] {'psnr_consensus': 8.75, 'psnr_best_seed': 8.48}\n"}
,{"stream_name":"stdout","time":5057.82753395,"data":"VRAM 2026/10/08 18:45:31.110, 0, 3323 MiB, 15360 MiB, 100 %\n"}
,{"stream_name":"stdout","time":5057.827915247,"data":"VRAM 2026/10/08 18:45:31.112, 1, 3323 MiB, 15360 MiB, 100 %\n"}
,{"stream_name":"stdout","time":5177.839315777,"data":"VRAM 2026/10/08 18:47:31.123, 0, 3323 MiB, 15360 MiB, 100 %\n"}
,{"stream_name":"stdout","time":5177.840763749,"data":"VRAM 2026/10/08 18:47:31.126, 1, 3323 MiB, 15360 MiB, 100 %\n"}
,{"stream_name":"stdout","time":5297.852838143,"data":"VRAM 2026/10/08 18:49:31.135, 0, 3323 MiB, 15360 MiB, 100 %\n"}
,{"stream_name":"stdout","time":5297.85296507,"data":"VRAM 2026/10/08 18:49:31.137, 1, 3323 MiB, 15360 MiB, 100 %\n"}
,{"stream_name":"stdout","time":5417.8633463,"data":"VRAM 2026/10/08 18:51:31.148, 0, 3323 MiB, 15360 MiB, 100 %\n"}
,{"stream_name":"stdout","time":5417.864969291,"data":"VRAM 2026/10/08 18:51:31.150, 1, 3323 MiB, 15360 MiB, 100 %\n"}
,{"stream_name":"stdout","time":5452.974713799,"data":"    it   5000  grad-match [0.15718, 0.12976] {'psnr_consensus': 10.723, 'psnr_best_seed': 10.197}\n"}
,{"stream_name":"stdout","time":5537.875773203,"data":"VRAM 2026/10/08 18:53:31.160, 0, 3323 MiB, 15360 MiB, 100 %\n"}
,{"stream_name":"stdout","time":5537.877932338,"data":"VRAM 2026/10/08 18:53:31.162, 1, 3323 MiB, 15360 MiB, 100 %\n"}
,{"stream_name":"stdout","time":5657.888300638,"data":"VRAM 2026/10/08 18:55:31.173, 0, 3323 MiB, 15360 MiB, 100 %\n"}
,{"stream_name":"stdout","time":5657.889720314,"data":"VRAM 2026/10/08 18:55:31.174, 1, 3323 MiB, 15360 MiB, 100 %\n"}
,{"stream_name":"stdout","time":5777.900501818,"data":"VRAM 2026/10/08 18:57:31.184, 0, 3323 MiB, 15360 MiB, 100 %\n"}
,{"stream_name":"stdout","time":5777.901953412,"data":"VRAM 2026/10/08 18:57:31.187, 1, 3323 MiB, 15360 MiB, 100 %\n"}
,{"stream_name":"stdout","time":5897.913107085,"data":"VRAM 2026/10/08 18:59:31.197, 0, 3323 MiB, 15360 MiB, 100 %\n"}
,{"stream_name":"stdout","time":5897.914642429,"data":"VRAM 2026/10/08 18:59:31.199, 1, 3323 MiB, 15360 MiB, 100 %\n"}
,{"stream_name":"stdout","time":6017.924545429,"data":"VRAM 2026/10/08 19:01:31.209, 0, 3323 MiB, 15360 MiB, 100 %\n"}
,{"stream_name":"stdout","time":6017.926652742,"data":"VRAM 2026/10/08 19:01:31.211, 1, 3323 MiB, 15360 MiB, 100 %\n"}
,{"stream_name":"stdout","time":6099.84276381,"data":"    it   5000  grad-match [0.04036, 0.05038] {'psnr_consensus': 9.052, 'psnr_best_seed': 8.965}\n"}
,{"stream_name":"stdout","time":6137.937902729,"data":"VRAM 2026/10/08 19:03:31.222, 0, 3323 MiB, 15360 MiB, 100 %\n"}
,{"stream_name":"stdout","time":6137.939194957,"data":"VRAM 2026/10/08 19:03:31.224, 1, 3323 MiB, 15360 MiB, 100 %\n"}
,{"stream_name":"stdout","time":6257.950716015,"data":"VRAM 2026/10/08 19:05:31.234, 0, 3323 MiB, 15360 MiB, 100 %\n"}
,{"stream_name":"stdout","time":6257.950908977,"data":"VRAM 2026/10/08 19:05:31.236, 1, 3323 MiB, 15360 MiB, 100 %\n"}
,{"stream_name":"stdout","time":6377.961414906,"data":"VRAM 2026/10/08 19:07:31.246, 0, 3323 MiB, 15360 MiB, 100 %\n"}
,{"stream_name":"stdout","time":6377.962989983,"data":"VRAM 2026/10/08 19:07:31.248, 1, 3323 MiB, 15360 MiB, 100 %\n"}
,{"stream_name":"stdout","time":6477.730053871,"data":"    it   6000  grad-match [0.1615, 0.17411] {'psnr_consensus': 10.822, 'psnr_best_seed': 10.256}\n"}
,{"stream_name":"stdout","time":6497.976203876,"data":"VRAM 2026/10/08 19:09:31.258, 0, 3323 MiB, 15360 MiB, 100 %\n"}
,{"stream_name":"stdout","time":6497.976251629,"data":"VRAM 2026/10/08 19:09:31.261, 1, 3323 MiB, 15360 MiB, 100 %\n"}
,{"stream_name":"stdout","time":6617.98663093,"data":"VRAM 2026/10/08 19:11:31.271, 0, 3323 MiB, 15360 MiB, 100 %\n"}
,{"stream_name":"stdout","time":6617.988218725,"data":"VRAM 2026/10/08 19:11:31.273, 1, 3323 MiB, 15360 MiB, 100 %\n"}
,{"stream_name":"stdout","time":6738.000538078,"data":"VRAM 2026/10/08 19:13:31.284, 0, 3323 MiB, 15360 MiB, 100 %\n"}
,{"stream_name":"stdout","time":6738.002152335,"data":"VRAM 2026/10/08 19:13:31.286, 1, 3323 MiB, 15360 MiB, 100 %\n"}
,{"stream_name":"stdout","time":6858.013312576,"data":"VRAM 2026/10/08 19:15:31.298, 0, 3323 MiB, 15360 MiB, 100 %\n"}
,{"stream_name":"stdout","time":6858.015028066,"data":"VRAM 2026/10/08 19:15:31.300, 1, 3323 MiB, 15360 MiB, 100 %\n"}
,{"stream_name":"stdout","time":6978.025492471,"data":"VRAM 2026/10/08 19:17:31.310, 0, 3323 MiB, 15360 MiB, 100 %\n"}
,{"stream_name":"stdout","time":6978.026975527,"data":"VRAM 2026/10/08 19:17:31.312, 1, 3323 MiB, 15360 MiB, 100 %\n"}
,{"stream_name":"stdout","time":7098.039346442,"data":"VRAM 2026/10/08 19:19:31.322, 0, 3323 MiB, 15360 MiB, 100 %\n"}
,{"stream_name":"stdout","time":7098.039478817,"data":"VRAM 2026/10/08 19:19:31.324, 1, 3323 MiB, 15360 MiB, 100 %\n"}
,{"stream_name":"stdout","time":7218.05202756,"data":"VRAM 2026/10/08 19:21:31.335, 0, 3323 MiB, 15360 MiB, 100 %\n"}
,{"stream_name":"stdout","time":7218.052275928,"data":"VRAM 2026/10/08 19:21:31.337, 1, 3323 MiB, 15360 MiB, 100 %\n"}
,{"stream_name":"stdout","time":7254.507844307,"data":"    it   6000  grad-match [0.04508, 0.05186] {'psnr_consensus': 8.799, 'psnr_best_seed': 8.715}\n"}
,{"stream_name":"stdout","time":7338.063531038,"data":"VRAM 2026/10/08 19:23:31.347, 0, 3323 MiB, 15360 MiB, 100 %\n"}
,{"stream_name":"stdout","time":7338.064995598,"data":"VRAM 2026/10/08 19:23:31.349, 1, 3323 MiB, 15360 MiB, 100 %\n"}
,{"stream_name":"stdout","time":7458.075062958,"data":"VRAM 2026/10/08 19:25:31.360, 0, 3323 MiB, 15360 MiB, 100 %\n"}
,{"stream_name":"stdout","time":7458.0773336,"data":"VRAM 2026/10/08 19:25:31.361, 1, 3323 MiB, 15360 MiB, 100 %\n"}
,{"stream_name":"stdout","time":7502.647724547,"data":"    it   7000  grad-match [0.16508, 0.14092] {'psnr_consensus': 11.034, 'psnr_best_seed': 10.534}\n"}
,{"stream_name":"stdout","time":7578.087499868,"data":"VRAM 2026/10/08 19:27:31.372, 0, 3323 MiB, 15360 MiB, 100 %\n"}
,{"stream_name":"stdout","time":7578.088853368,"data":"VRAM 2026/10/08 19:27:31.374, 1, 3323 MiB, 15360 MiB, 100 %\n"}
,{"stream_name":"stdout","time":7698.099697637,"data":"VRAM 2026/10/08 19:29:31.384, 0, 3323 MiB, 15360 MiB, 100 %\n"}
,{"stream_name":"stdout","time":7698.101532792,"data":"VRAM 2026/10/08 19:29:31.386, 1, 3323 MiB, 15360 MiB, 100 %\n"}
,{"stream_name":"stdout","time":7818.112202914,"data":"VRAM 2026/10/08 19:31:31.397, 0, 3323 MiB, 15360 MiB, 100 %\n"}
,{"stream_name":"stdout","time":7818.114055181,"data":"VRAM 2026/10/08 19:31:31.398, 1, 3323 MiB, 15360 MiB, 100 %\n"}
,{"stream_name":"stdout","time":7938.12475204,"data":"VRAM 2026/10/08 19:33:31.409, 0, 3323 MiB, 15360 MiB, 100 %\n"}
,{"stream_name":"stdout","time":7938.126544387,"data":"VRAM 2026/10/08 19:33:31.411, 1, 3323 MiB, 15360 MiB, 100 %\n"}
,{"stream_name":"stdout","time":8058.13807553,"data":"VRAM 2026/10/08 19:35:31.421, 0, 3323 MiB, 15360 MiB, 100 %\n"}
,{"stream_name":"stdout","time":8058.138519401,"data":"VRAM 2026/10/08 19:35:31.423, 1, 3323 MiB, 15360 MiB, 100 %\n"}
,{"stream_name":"stdout","time":8178.149037787,"data":"VRAM 2026/10/08 19:37:31.434, 0, 3323 MiB, 15360 MiB, 100 %\n"}
,{"stream_name":"stdout","time":8178.150631474,"data":"VRAM 2026/10/08 19:37:31.435, 1, 3323 MiB, 15360 MiB, 100 %\n"}
,{"stream_name":"stdout","time":8298.163445236,"data":"VRAM 2026/10/08 19:39:31.446, 0, 3323 MiB, 15360 MiB, 100 %\n"}
,{"stream_name":"stdout","time":8298.163643645,"data":"VRAM 2026/10/08 19:39:31.448, 1, 3323 MiB, 15360 MiB, 100 %\n"}
,{"stream_name":"stdout","time":8409.207801757,"data":"    it   7000  grad-match [0.05833, 0.12956] {'psnr_consensus': 8.545, 'psnr_best_seed': 8.532}\n"}
,{"stream_name":"stdout","time":8418.17407307,"data":"VRAM 2026/10/08 19:41:31.459, 0, 3323 MiB, 15360 MiB, 100 %\n"}
,{"stream_name":"stdout","time":8418.175299964,"data":"VRAM 2026/10/08 19:41:31.460, 1, 3323 MiB, 15360 MiB, 100 %\n"}
,{"stream_name":"stdout","time":8527.547758043,"data":"    it   8000  grad-match [0.1718, 0.13164] {'psnr_consensus': 11.139, 'psnr_best_seed': 10.508}\n"}
,{"stream_name":"stdout","time":8538.186521356,"data":"VRAM 2026/10/08 19:43:31.470, 0, 3323 MiB, 15360 MiB, 100 %\n"}
,{"stream_name":"stdout","time":8538.187613077,"data":"VRAM 2026/10/08 19:43:31.472, 1, 3323 MiB, 15360 MiB, 100 %\n"}
,{"stream_name":"stdout","time":8658.199708752,"data":"VRAM 2026/10/08 19:45:31.483, 0, 3323 MiB, 15360 MiB, 100 %\n"}
,{"stream_name":"stdout","time":8658.199999092,"data":"VRAM 2026/10/08 19:45:31.485, 1, 3323 MiB, 15360 MiB, 100 %\n"}
,{"stream_name":"stdout","time":8778.211326876,"data":"VRAM 2026/10/08 19:47:31.495, 0, 3323 MiB, 15360 MiB, 100 %\n"}
,{"stream_name":"stdout","time":8778.212815887,"data":"VRAM 2026/10/08 19:47:31.498, 1, 3323 MiB, 15360 MiB, 100 %\n"}
,{"stream_name":"stdout","time":8898.223074772,"data":"VRAM 2026/10/08 19:49:31.508, 0, 3323 MiB, 15360 MiB, 100 %\n"}
,{"stream_name":"stdout","time":8898.22476349,"data":"VRAM 2026/10/08 19:49:31.509, 1, 3323 MiB, 15360 MiB, 100 %\n"}
,{"stream_name":"stdout","time":9018.235152378,"data":"VRAM 2026/10/08 19:51:31.520, 0, 3323 MiB, 15360 MiB, 100 %\n"}
,{"stream_name":"stdout","time":9018.236740824,"data":"VRAM 2026/10/08 19:51:31.521, 1, 3323 MiB, 15360 MiB, 100 %\n"}
,{"stream_name":"stdout","time":9138.247162959,"data":"VRAM 2026/10/08 19:53:31.532, 0, 3323 MiB, 15360 MiB, 100 %\n"}
,{"stream_name":"stdout","time":9138.249622779,"data":"VRAM 2026/10/08 19:53:31.533, 1, 3323 MiB, 15360 MiB, 100 %\n"}
,{"stream_name":"stdout","time":9258.261010728,"data":"VRAM 2026/10/08 19:55:31.544, 0, 3323 MiB, 15360 MiB, 100 %\n"}
,{"stream_name":"stdout","time":9258.261338239,"data":"VRAM 2026/10/08 19:55:31.546, 1, 3323 MiB, 15360 MiB, 100 %\n"}
,{"stream_name":"stdout","time":9378.271543936,"data":"VRAM 2026/10/08 19:57:31.556, 0, 3323 MiB, 15360 MiB, 100 %\n"}
,{"stream_name":"stdout","time":9378.273258971,"data":"VRAM 2026/10/08 19:57:31.558, 1, 3323 MiB, 15360 MiB, 100 %\n"}
,{"stream_name":"stdout","time":9498.284521869,"data":"VRAM 2026/10/08 19:59:31.569, 0, 3323 MiB, 15360 MiB, 100 %\n"}
,{"stream_name":"stdout","time":9498.286056218,"data":"VRAM 2026/10/08 19:59:31.571, 1, 3323 MiB, 15360 MiB, 100 %\n"}
,{"stream_name":"stdout","time":9551.356682574,"data":"    it   9000  grad-match [0.13198, 0.11821] {'psnr_consensus': 11.321, 'psnr_best_seed': 10.816}\n"}
,{"stream_name":"stdout","time":9560.224352645,"data":"    it   8000  grad-match [0.03939, 0.05249] {'psnr_consensus': 9.061, 'psnr_best_seed': 9.063}\n"}
,{"stream_name":"stdout","time":9618.295983026,"data":"VRAM 2026/10/08 20:01:31.581, 0, 3323 MiB, 15360 MiB, 100 %\n"}
,{"stream_name":"stdout","time":9618.297535891,"data":"VRAM 2026/10/08 20:01:31.582, 1, 3323 MiB, 15360 MiB, 100 %\n"}
,{"stream_name":"stdout","time":9738.307467821,"data":"VRAM 2026/10/08 20:03:31.592, 0, 3323 MiB, 15360 MiB, 100 %\n"}
,{"stream_name":"stdout","time":9738.309226471,"data":"VRAM 2026/10/08 20:03:31.594, 1, 3323 MiB, 15360 MiB, 100 %\n"}
,{"stream_name":"stdout","time":9858.320063714,"data":"VRAM 2026/10/08 20:05:31.605, 0, 3323 MiB, 15360 MiB, 100 %\n"}
,{"stream_name":"stdout","time":9858.321579104,"data":"VRAM 2026/10/08 20:05:31.606, 1, 3323 MiB, 15360 MiB, 100 %\n"}
,{"stream_name":"stdout","time":9978.331491252,"data":"VRAM 2026/10/08 20:07:31.616, 0, 3323 MiB, 15360 MiB, 100 %\n"}
,{"stream_name":"stdout","time":9978.333036677,"data":"VRAM 2026/10/08 20:07:31.618, 1, 3323 MiB, 15360 MiB, 100 %\n"}
,{"stream_name":"stdout","time":10098.343494403,"data":"VRAM 2026/10/08 20:09:31.628, 0, 3323 MiB, 15360 MiB, 100 %\n"}
,{"stream_name":"stdout","time":10098.345150193,"data":"VRAM 2026/10/08 20:09:31.630, 1, 3323 MiB, 15360 MiB, 100 %\n"}
,{"stream_name":"stdout","time":10218.355730692,"data":"VRAM 2026/10/08 20:11:31.640, 0, 3323 MiB, 15360 MiB, 100 %\n"}
,{"stream_name":"stdout","time":10218.357394712,"data":"VRAM 2026/10/08 20:11:31.642, 1, 3323 MiB, 15360 MiB, 100 %\n"}
,{"stream_name":"stdout","time":10338.367943257,"data":"VRAM 2026/10/08 20:13:31.652, 0, 3323 MiB, 15360 MiB, 100 %\n"}
,{"stream_name":"stdout","time":10338.369862295,"data":"VRAM 2026/10/08 20:13:31.654, 1, 3323 MiB, 15360 MiB, 100 %\n"}
,{"stream_name":"stdout","time":10458.380823508,"data":"VRAM 2026/10/08 20:15:31.665, 0, 3323 MiB, 15360 MiB, 100 %\n"}
,{"stream_name":"stdout","time":10458.382428692,"data":"VRAM 2026/10/08 20:15:31.667, 1, 3323 MiB, 15360 MiB, 100 %\n"}
,{"stream_name":"stdout","time":10575.864409621,"data":"    it  10000  grad-match [0.121, 0.04843] {'psnr_consensus': 11.667, 'psnr_best_seed': 11.283}\n"}
,{"stream_name":"stdout","time":10578.392240461,"data":"VRAM 2026/10/08 20:17:31.677, 0, 3323 MiB, 15360 MiB, 100 %\n"}
,{"stream_name":"stdout","time":10578.393971249,"data":"VRAM 2026/10/08 20:17:31.679, 1, 3323 MiB, 15360 MiB, 100 %\n"}
,{"stream_name":"stdout","time":10698.404262209,"data":"VRAM 2026/10/08 20:19:31.689, 0, 3323 MiB, 15360 MiB, 100 %\n"}
,{"stream_name":"stdout","time":10698.40590985,"data":"VRAM 2026/10/08 20:19:31.690, 1, 3323 MiB, 15360 MiB, 100 %\n"}
,{"stream_name":"stdout","time":10712.486766409,"data":"    it   9000  grad-match [0.02989, 0.04657] {'psnr_consensus': 9.326, 'psnr_best_seed': 9.321}\n"}
,{"stream_name":"stdout","time":10818.418157233,"data":"VRAM 2026/10/08 20:21:31.701, 0, 3323 MiB, 15360 MiB, 100 %\n"}
,{"stream_name":"stdout","time":10818.418277663,"data":"VRAM 2026/10/08 20:21:31.703, 1, 3323 MiB, 15360 MiB, 100 %\n"}
,{"stream_name":"stdout","time":10938.429747559,"data":"VRAM 2026/10/08 20:23:31.714, 0, 3323 MiB, 15360 MiB, 100 %\n"}
,{"stream_name":"stdout","time":10938.431479625,"data":"VRAM 2026/10/08 20:23:31.716, 1, 3323 MiB, 15360 MiB, 100 %\n"}
,{"stream_name":"stdout","time":11058.442042607,"data":"VRAM 2026/10/08 20:25:31.726, 0, 3323 MiB, 15360 MiB, 100 %\n"}
,{"stream_name":"stdout","time":11058.443563977,"data":"VRAM 2026/10/08 20:25:31.728, 1, 3323 MiB, 15360 MiB, 100 %\n"}
,{"stream_name":"stdout","time":11178.454418218,"data":"VRAM 2026/10/08 20:27:31.739, 0, 3323 MiB, 15360 MiB, 100 %\n"}
,{"stream_name":"stdout","time":11178.455684551,"data":"VRAM 2026/10/08 20:27:31.741, 1, 3323 MiB, 15360 MiB, 100 %\n"}
,{"stream_name":"stdout","time":11298.466341663,"data":"VRAM 2026/10/08 20:29:31.751, 0, 3323 MiB, 15360 MiB, 100 %\n"}
,{"stream_name":"stdout","time":11298.467915051,"data":"VRAM 2026/10/08 20:29:31.753, 1, 3323 MiB, 15360 MiB, 100 %\n"}
,{"stream_name":"stdout","time":11418.478466933,"data":"VRAM 2026/10/08 20:31:31.763, 0, 3323 MiB, 15360 MiB, 100 %\n"}
,{"stream_name":"stdout","time":11418.480015352,"data":"VRAM 2026/10/08 20:31:31.765, 1, 3323 MiB, 15360 MiB, 100 %\n"}
,{"stream_name":"stdout","time":11538.490850409,"data":"VRAM 2026/10/08 20:33:31.775, 0, 3323 MiB, 15360 MiB, 100 %\n"}
,{"stream_name":"stdout","time":11538.492484222,"data":"VRAM 2026/10/08 20:33:31.777, 1, 3323 MiB, 15360 MiB, 100 %\n"}
,{"stream_name":"stdout","time":11600.585815392,"data":"    it  11000  grad-match [0.12259, 0.04172] {'psnr_consensus': 11.734, 'psnr_best_seed': 11.454}\n"}
,{"stream_name":"stdout","time":11658.502080558,"data":"VRAM 2026/10/08 20:35:31.787, 0, 3323 MiB, 15360 MiB, 100 %\n"}
,{"stream_name":"stdout","time":11658.503679474,"data":"VRAM 2026/10/08 20:35:31.788, 1, 3323 MiB, 15360 MiB, 100 %\n"}
,{"stream_name":"stdout","time":11778.514468141,"data":"VRAM 2026/10/08 20:37:31.799, 0, 3323 MiB, 15360 MiB, 100 %\n"}
,{"stream_name":"stdout","time":11778.515918254,"data":"VRAM 2026/10/08 20:37:31.801, 1, 3323 MiB, 15360 MiB, 100 %\n"}
,{"stream_name":"stdout","time":11865.225403013,"data":"    it  10000  grad-match [0.03063, 0.06547] {'psnr_consensus': 9.301, 'psnr_best_seed': 9.344}\n"}
,{"stream_name":"stdout","time":11898.526586468,"data":"VRAM 2026/10/08 20:39:31.811, 0, 3323 MiB, 15360 MiB, 100 %\n"}
,{"stream_name":"stdout","time":11898.528166462,"data":"VRAM 2026/10/08 20:39:31.813, 1, 3323 MiB, 15360 MiB, 100 %\n"}
,{"stream_name":"stdout","time":12018.538783979,"data":"VRAM 2026/10/08 20:41:31.823, 0, 3323 MiB, 15360 MiB, 100 %\n"}
,{"stream_name":"stdout","time":12018.540671349,"data":"VRAM 2026/10/08 20:41:31.825, 1, 3323 MiB, 15360 MiB, 100 %\n"}
,{"stream_name":"stdout","time":12138.551121195,"data":"VRAM 2026/10/08 20:43:31.836, 0, 3323 MiB, 15360 MiB, 100 %\n"}
,{"stream_name":"stdout","time":12138.552837418,"data":"VRAM 2026/10/08 20:43:31.837, 1, 3323 MiB, 15360 MiB, 100 %\n"}
,{"stream_name":"stdout","time":12258.563047005,"data":"VRAM 2026/10/08 20:45:31.848, 0, 3323 MiB, 15360 MiB, 100 %\n"}
,{"stream_name":"stdout","time":12258.565058603,"data":"VRAM 2026/10/08 20:45:31.849, 1, 3323 MiB, 15360 MiB, 100 %\n"}
,{"stream_name":"stdout","time":12378.575838625,"data":"VRAM 2026/10/08 20:47:31.860, 0, 3323 MiB, 15360 MiB, 100 %\n"}
,{"stream_name":"stdout","time":12378.578090962,"data":"VRAM 2026/10/08 20:47:31.862, 1, 3323 MiB, 15360 MiB, 100 %\n"}
,{"stream_name":"stdout","time":12498.58844925,"data":"VRAM 2026/10/08 20:49:31.873, 0, 3323 MiB, 15360 MiB, 100 %\n"}
,{"stream_name":"stdout","time":12498.58990074,"data":"VRAM 2026/10/08 20:49:31.875, 1, 3323 MiB, 15360 MiB, 100 %\n"}
,{"stream_name":"stdout","time":12618.602888242,"data":"VRAM 2026/10/08 20:51:31.885, 0, 3323 MiB, 15360 MiB, 100 %\n"}
,{"stream_name":"stdout","time":12618.602922594,"data":"VRAM 2026/10/08 20:51:31.886, 1, 3323 MiB, 15360 MiB, 100 %\n"}
,{"stream_name":"stdout","time":12623.851239597,"data":"    it  12000  grad-match [0.05051, 0.03766] {'psnr_consensus': 11.898, 'psnr_best_seed': 11.536}\n"}
,{"stream_name":"stdout","time":12738.613049459,"data":"VRAM 2026/10/08 20:53:31.898, 0, 3323 MiB, 15360 MiB, 100 %\n"}
,{"stream_name":"stdout","time":12738.615624928,"data":"VRAM 2026/10/08 20:53:31.899, 1, 3323 MiB, 15360 MiB, 100 %\n"}
,{"stream_name":"stdout","time":12858.62593565,"data":"VRAM 2026/10/08 20:55:31.911, 0, 3323 MiB, 15360 MiB, 100 %\n"}
,{"stream_name":"stdout","time":12858.628784447,"data":"VRAM 2026/10/08 20:55:31.912, 1, 3323 MiB, 15360 MiB, 100 %\n"}
,{"stream_name":"stdout","time":12978.639331813,"data":"VRAM 2026/10/08 20:57:31.924, 0, 3323 MiB, 15360 MiB, 100 %\n"}
,{"stream_name":"stdout","time":12978.640783337,"data":"VRAM 2026/10/08 20:57:31.926, 1, 3323 MiB, 15360 MiB, 100 %\n"}
,{"stream_name":"stdout","time":13015.527337611,"data":"    it  11000  grad-match [0.0266, 0.08501] {'psnr_consensus': 8.921, 'psnr_best_seed': 9.442}\n"}
,{"stream_name":"stdout","time":13098.652069354,"data":"VRAM 2026/10/08 20:59:31.936, 0, 3323 MiB, 15360 MiB, 100 %\n"}
,{"stream_name":"stdout","time":13098.65442351,"data":"VRAM 2026/10/08 20:59:31.938, 1, 3323 MiB, 15360 MiB, 100 %\n"}
,{"stream_name":"stdout","time":13218.665699477,"data":"VRAM 2026/10/08 21:01:31.950, 0, 3323 MiB, 15360 MiB, 100 %\n"}
,{"stream_name":"stdout","time":13218.66717716,"data":"VRAM 2026/10/08 21:01:31.952, 1, 3323 MiB, 15360 MiB, 100 %\n"}
,{"stream_name":"stdout","time":13338.679855305,"data":"VRAM 2026/10/08 21:03:31.962, 0, 3323 MiB, 15360 MiB, 100 %\n"}
,{"stream_name":"stdout","time":13338.680132878,"data":"VRAM 2026/10/08 21:03:31.964, 1, 3323 MiB, 15360 MiB, 100 %\n"}
,{"stream_name":"stdout","time":13458.690305073,"data":"VRAM 2026/10/08 21:05:31.975, 0, 3323 MiB, 15360 MiB, 100 %\n"}
,{"stream_name":"stdout","time":13458.691799936,"data":"VRAM 2026/10/08 21:05:31.977, 1, 3323 MiB, 15360 MiB, 100 %\n"}
,{"stream_name":"stdout","time":13578.704085203,"data":"VRAM 2026/10/08 21:07:31.987, 0, 3323 MiB, 15360 MiB, 100 %\n"}
,{"stream_name":"stdout","time":13578.705512558,"data":"VRAM 2026/10/08 21:07:31.990, 1, 3323 MiB, 15360 MiB, 100 %\n"}
,{"stream_name":"stdout","time":13647.741498734,"data":"    it  13000  grad-match [0.16928, 0.05562] {'psnr_consensus': 11.977, 'psnr_best_seed': 11.556}\n"}
,{"stream_name":"stdout","time":13698.716533412,"data":"VRAM 2026/10/08 21:09:32.000, 0, 3323 MiB, 15360 MiB, 100 %\n"}
,{"stream_name":"stdout","time":13698.71792552,"data":"VRAM 2026/10/08 21:09:32.002, 1, 3323 MiB, 15360 MiB, 100 %\n"}
,{"stream_name":"stdout","time":13818.729520037,"data":"VRAM 2026/10/08 21:11:32.013, 0, 3323 MiB, 15360 MiB, 100 %\n"}
,{"stream_name":"stdout","time":13818.731170696,"data":"VRAM 2026/10/08 21:11:32.016, 1, 3323 MiB, 15360 MiB, 100 %\n"}
,{"stream_name":"stdout","time":13938.742140528,"data":"VRAM 2026/10/08 21:13:32.026, 0, 3323 MiB, 15360 MiB, 100 %\n"}
,{"stream_name":"stdout","time":13938.744160832,"data":"VRAM 2026/10/08 21:13:32.028, 1, 3323 MiB, 15360 MiB, 100 %\n"}
,{"stream_name":"stdout","time":14058.755298865,"data":"VRAM 2026/10/08 21:15:32.039, 0, 3323 MiB, 15360 MiB, 100 %\n"}
,{"stream_name":"stdout","time":14058.75769183,"data":"VRAM 2026/10/08 21:15:32.042, 1, 3323 MiB, 15360 MiB, 100 %\n"}
,{"stream_name":"stdout","time":14166.600839557,"data":"    it  12000  grad-match [0.02141, 0.05019] {'psnr_consensus': 9.203, 'psnr_best_seed': 9.495}\n"}
,{"stream_name":"stdout","time":14178.769226575,"data":"VRAM 2026/10/08 21:17:32.053, 0, 3323 MiB, 15360 MiB, 100 %\n"}
,{"stream_name":"stdout","time":14178.769554087,"data":"VRAM 2026/10/08 21:17:32.054, 1, 3323 MiB, 15360 MiB, 100 %\n"}
,{"stream_name":"stdout","time":14298.779375643,"data":"VRAM 2026/10/08 21:19:32.064, 0, 3323 MiB, 15360 MiB, 100 %\n"}
,{"stream_name":"stdout","time":14298.780857261,"data":"VRAM 2026/10/08 21:19:32.066, 1, 3323 MiB, 15360 MiB, 100 %\n"}
,{"stream_name":"stdout","time":14418.792083574,"data":"VRAM 2026/10/08 21:21:32.076, 0, 3323 MiB, 15360 MiB, 100 %\n"}
,{"stream_name":"stdout","time":14418.793666254,"data":"VRAM 2026/10/08 21:21:32.078, 1, 3323 MiB, 15360 MiB, 100 %\n"}
,{"stream_name":"stdout","time":14538.803664988,"data":"VRAM 2026/10/08 21:23:32.088, 0, 3323 MiB, 15360 MiB, 100 %\n"}
,{"stream_name":"stdout","time":14538.805302902,"data":"VRAM 2026/10/08 21:23:32.090, 1, 3323 MiB, 15360 MiB, 100 %\n"}
,{"stream_name":"stdout","time":14658.816001141,"data":"VRAM 2026/10/08 21:25:32.101, 0, 3323 MiB, 15360 MiB, 100 %\n"}
,{"stream_name":"stdout","time":14658.817708776,"data":"VRAM 2026/10/08 21:25:32.102, 1, 3323 MiB, 15360 MiB, 100 %\n"}
,{"stream_name":"stdout","time":14672.847475463,"data":"    it  14000  grad-match [0.04483, 0.02986] {'psnr_consensus': 12.006, 'psnr_best_seed': 11.647}\n"}
,{"stream_name":"stdout","time":14778.827926515,"data":"VRAM 2026/10/08 21:27:32.112, 0, 3323 MiB, 15360 MiB, 100 %\n"}
,{"stream_name":"stdout","time":14778.830095698,"data":"VRAM 2026/10/08 21:27:32.114, 1, 3323 MiB, 15360 MiB, 100 %\n"}
,{"stream_name":"stdout","time":14898.840890039,"data":"VRAM 2026/10/08 21:29:32.125, 0, 3323 MiB, 15360 MiB, 100 %\n"}
,{"stream_name":"stdout","time":14898.842713132,"data":"VRAM 2026/10/08 21:29:32.127, 1, 3323 MiB, 15360 MiB, 100 %\n"}
,{"stream_name":"stdout","time":15018.85309028,"data":"VRAM 2026/10/08 21:31:32.138, 0, 3323 MiB, 15360 MiB, 100 %\n"}
,{"stream_name":"stdout","time":15018.855930279,"data":"VRAM 2026/10/08 21:31:32.139, 1, 3323 MiB, 15360 MiB, 100 %\n"}
,{"stream_name":"stdout","time":15138.868285104,"data":"VRAM 2026/10/08 21:33:32.151, 0, 3323 MiB, 15360 MiB, 100 %\n"}
,{"stream_name":"stdout","time":15138.868658169,"data":"VRAM 2026/10/08 21:33:32.152, 1, 3323 MiB, 15360 MiB, 100 %\n"}
,{"stream_name":"stdout","time":15258.879008725,"data":"VRAM 2026/10/08 21:35:32.164, 0, 3323 MiB, 15360 MiB, 100 %\n"}
,{"stream_name":"stdout","time":15258.881190618,"data":"VRAM 2026/10/08 21:35:32.165, 1, 3323 MiB, 15360 MiB, 100 %\n"}
,{"stream_name":"stdout","time":15317.39890896,"data":"    it  13000  grad-match [0.02037, 0.04322] {'psnr_consensus': 9.389, 'psnr_best_seed': 9.671}\n"}
,{"stream_name":"stdout","time":15378.893235722,"data":"VRAM 2026/10/08 21:37:32.176, 0, 3323 MiB, 15360 MiB, 100 %\n"}
,{"stream_name":"stdout","time":15378.893303922,"data":"VRAM 2026/10/08 21:37:32.178, 1, 3323 MiB, 15360 MiB, 100 %\n"}
,{"stream_name":"stdout","time":15498.904401353,"data":"VRAM 2026/10/08 21:39:32.188, 0, 3323 MiB, 15360 MiB, 100 %\n"}
,{"stream_name":"stdout","time":15498.906408726,"data":"VRAM 2026/10/08 21:39:32.191, 1, 3323 MiB, 15360 MiB, 100 %\n"}
,{"stream_name":"stdout","time":15618.917538295,"data":"VRAM 2026/10/08 21:41:32.201, 0, 3323 MiB, 15360 MiB, 100 %\n"}
,{"stream_name":"stdout","time":15618.919184987,"data":"VRAM 2026/10/08 21:41:32.204, 1, 3323 MiB, 15360 MiB, 100 %\n"}
,{"stream_name":"stdout","time":15697.326610581,"data":"    it  15000  grad-match [0.03964, 0.0278] {'psnr_consensus': 12.061, 'psnr_best_seed': 11.629}\n"}
,{"stream_name":"stdout","time":15738.930692166,"data":"VRAM 2026/10/08 21:43:32.214, 0, 3323 MiB, 15360 MiB, 100 %\n"}
,{"stream_name":"stdout","time":15738.932270152,"data":"VRAM 2026/10/08 21:43:32.217, 1, 3323 MiB, 15360 MiB, 100 %\n"}
,{"stream_name":"stdout","time":15858.942879206,"data":"VRAM 2026/10/08 21:45:32.227, 0, 3323 MiB, 15360 MiB, 100 %\n"}
,{"stream_name":"stdout","time":15858.94451516,"data":"VRAM 2026/10/08 21:45:32.229, 1, 3323 MiB, 15360 MiB, 100 %\n"}
,{"stream_name":"stdout","time":15978.954654361,"data":"VRAM 2026/10/08 21:47:32.239, 0, 3323 MiB, 15360 MiB, 100 %\n"}
,{"stream_name":"stdout","time":15978.956274606,"data":"VRAM 2026/10/08 21:47:32.241, 1, 3323 MiB, 15360 MiB, 100 %\n"}
,{"stream_name":"stdout","time":16098.966114637,"data":"VRAM 2026/10/08 21:49:32.251, 0, 3323 MiB, 15360 MiB, 100 %\n"}
,{"stream_name":"stdout","time":16098.968718376,"data":"VRAM 2026/10/08 21:49:32.252, 1, 3323 MiB, 15360 MiB, 100 %\n"}
,{"stream_name":"stdout","time":16218.97907288,"data":"VRAM 2026/10/08 21:51:32.264, 0, 3323 MiB, 15360 MiB, 100 %\n"}
,{"stream_name":"stdout","time":16218.980692751,"data":"VRAM 2026/10/08 21:51:32.265, 1, 3323 MiB, 15360 MiB, 100 %\n"}
,{"stream_name":"stdout","time":16338.991262735,"data":"VRAM 2026/10/08 21:53:32.275, 0, 3323 MiB, 15360 MiB, 100 %\n"}
,{"stream_name":"stdout","time":16338.992927773,"data":"VRAM 2026/10/08 21:53:32.278, 1, 3323 MiB, 15360 MiB, 100 %\n"}
,{"stream_name":"stdout","time":16459.003289406,"data":"VRAM 2026/10/08 21:55:32.288, 0, 3323 MiB, 15360 MiB, 100 %\n"}
,{"stream_name":"stdout","time":16459.004873878,"data":"VRAM 2026/10/08 21:55:32.290, 1, 3323 MiB, 15360 MiB, 100 %\n"}
,{"stream_name":"stdout","time":16468.639509865,"data":"    it  14000  grad-match [0.01957, 0.0416] {'psnr_consensus': 9.417, 'psnr_best_seed': 9.421}\n"}
,{"stream_name":"stdout","time":16579.015843331,"data":"VRAM 2026/10/08 21:57:32.300, 0, 3323 MiB, 15360 MiB, 100 %\n"}
,{"stream_name":"stdout","time":16579.018085256,"data":"VRAM 2026/10/08 21:57:32.302, 1, 3323 MiB, 15360 MiB, 100 %\n"}
,{"stream_name":"stdout","time":16699.028700808,"data":"VRAM 2026/10/08 21:59:32.313, 0, 3323 MiB, 15360 MiB, 100 %\n"}
,{"stream_name":"stdout","time":16699.031073477,"data":"VRAM 2026/10/08 21:59:32.315, 1, 3323 MiB, 15360 MiB, 100 %\n"}
,{"stream_name":"stdout","time":16720.639690405,"data":"    it  16000  grad-match [0.03542, 0.02513] {'psnr_consensus': 12.069, 'psnr_best_seed': 11.635}\n"}
,{"stream_name":"stdout","time":16819.041067666,"data":"VRAM 2026/10/08 22:01:32.326, 0, 3323 MiB, 15360 MiB, 100 %\n"}
,{"stream_name":"stdout","time":16819.043472494,"data":"VRAM 2026/10/08 22:01:32.327, 1, 3323 MiB, 15360 MiB, 100 %\n"}
,{"stream_name":"stdout","time":16939.054842842,"data":"VRAM 2026/10/08 22:03:32.339, 0, 3323 MiB, 15360 MiB, 100 %\n"}
,{"stream_name":"stdout","time":16939.057281951,"data":"VRAM 2026/10/08 22:03:32.341, 1, 3323 MiB, 15360 MiB, 100 %\n"}
,{"stream_name":"stdout","time":17059.067398052,"data":"VRAM 2026/10/08 22:05:32.352, 0, 3323 MiB, 15360 MiB, 100 %\n"}
,{"stream_name":"stdout","time":17059.068846059,"data":"VRAM 2026/10/08 22:05:32.354, 1, 3323 MiB, 15360 MiB, 100 %\n"}
,{"stream_name":"stdout","time":17179.080561822,"data":"VRAM 2026/10/08 22:07:32.364, 0, 3323 MiB, 15360 MiB, 100 %\n"}
,{"stream_name":"stdout","time":17179.081333257,"data":"VRAM 2026/10/08 22:07:32.366, 1, 3323 MiB, 15360 MiB, 100 %\n"}
,{"stream_name":"stdout","time":17299.092255066,"data":"VRAM 2026/10/08 22:09:32.376, 0, 3323 MiB, 15360 MiB, 100 %\n"}
,{"stream_name":"stdout","time":17299.094051645,"data":"VRAM 2026/10/08 22:09:32.379, 1, 3323 MiB, 15360 MiB, 100 %\n"}
,{"stream_name":"stdout","time":17419.104738716,"data":"VRAM 2026/10/08 22:11:32.389, 0, 3323 MiB, 15360 MiB, 100 %\n"}
,{"stream_name":"stdout","time":17419.106884624,"data":"VRAM 2026/10/08 22:11:32.391, 1, 3323 MiB, 15360 MiB, 100 %\n"}
,{"stream_name":"stdout","time":17539.117128888,"data":"VRAM 2026/10/08 22:13:32.402, 0, 3323 MiB, 15360 MiB, 100 %\n"}
,{"stream_name":"stdout","time":17539.11866856,"data":"VRAM 2026/10/08 22:13:32.403, 1, 3323 MiB, 15360 MiB, 100 %\n"}
,{"stream_name":"stdout","time":17621.188855418,"data":"    it  15000  grad-match [0.01808, 0.03657] {'psnr_consensus': 9.505, 'psnr_best_seed': 9.541}\n"}
,{"stream_name":"stdout","time":17659.128880643,"data":"VRAM 2026/10/08 22:15:32.413, 0, 3323 MiB, 15360 MiB, 100 %\n"}
,{"stream_name":"stdout","time":17659.130467535,"data":"VRAM 2026/10/08 22:15:32.415, 1, 3323 MiB, 15360 MiB, 100 %\n"}
,{"stream_name":"stdout","time":17742.955641532,"data":"    it  17000  grad-match [0.03362, 0.02253] {'psnr_consensus': 12.044, 'psnr_best_seed': 11.607}\n"}
,{"stream_name":"stdout","time":17779.142074748,"data":"VRAM 2026/10/08 22:17:32.426, 0, 3323 MiB, 15360 MiB, 100 %\n"}
,{"stream_name":"stdout","time":17779.144611162,"data":"VRAM 2026/10/08 22:17:32.428, 1, 3323 MiB, 15360 MiB, 100 %\n"}
,{"stream_name":"stdout","time":17899.15553365,"data":"VRAM 2026/10/08 22:19:32.440, 0, 3323 MiB, 15360 MiB, 100 %\n"}
,{"stream_name":"stdout","time":17899.157180266,"data":"VRAM 2026/10/08 22:19:32.442, 1, 3323 MiB, 15360 MiB, 100 %\n"}
,{"stream_name":"stdout","time":18019.167333124,"data":"VRAM 2026/10/08 22:21:32.452, 0, 3323 MiB, 15360 MiB, 100 %\n"}
,{"stream_name":"stdout","time":18019.169382989,"data":"VRAM 2026/10/08 22:21:32.454, 1, 3323 MiB, 15360 MiB, 100 %\n"}
,{"stream_name":"stdout","time":18139.179271933,"data":"VRAM 2026/10/08 22:23:32.464, 0, 3323 MiB, 15360 MiB, 100 %\n"}
,{"stream_name":"stdout","time":18139.181213294,"data":"VRAM 2026/10/08 22:23:32.466, 1, 3323 MiB, 15360 MiB, 100 %\n"}
,{"stream_name":"stdout","time":18259.192897924,"data":"VRAM 2026/10/08 22:25:32.476, 0, 3323 MiB, 15360 MiB, 100 %\n"}
,{"stream_name":"stdout","time":18259.194462251,"data":"VRAM 2026/10/08 22:25:32.479, 1, 3323 MiB, 15360 MiB, 100 %\n"}
,{"stream_name":"stdout","time":18379.206540625,"data":"VRAM 2026/10/08 22:27:32.489, 0, 3323 MiB, 15360 MiB, 100 %\n"}
,{"stream_name":"stdout","time":18379.207568433,"data":"VRAM 2026/10/08 22:27:32.491, 1, 3323 MiB, 15360 MiB, 100 %\n"}
,{"stream_name":"stdout","time":18499.217779324,"data":"VRAM 2026/10/08 22:29:32.502, 0, 3323 MiB, 15360 MiB, 100 %\n"}
,{"stream_name":"stdout","time":18499.220231058,"data":"VRAM 2026/10/08 22:29:32.504, 1, 3323 MiB, 15360 MiB, 100 %\n"}
,{"stream_name":"stdout","time":18619.231106649,"data":"VRAM 2026/10/08 22:31:32.515, 0, 3323 MiB, 15360 MiB, 100 %\n"}
,{"stream_name":"stdout","time":18619.23369573,"data":"VRAM 2026/10/08 22:31:32.517, 1, 3323 MiB, 15360 MiB, 100 %\n"}
,{"stream_name":"stdout","time":18739.243912728,"data":"VRAM 2026/10/08 22:33:32.528, 0, 3323 MiB, 15360 MiB, 100 %\n"}
,{"stream_name":"stdout","time":18739.245336826,"data":"VRAM 2026/10/08 22:33:32.530, 1, 3323 MiB, 15360 MiB, 100 %\n"}
,{"stream_name":"stdout","time":18765.064609213,"data":"    it  18000  grad-match [0.02619, 0.02143] {'psnr_consensus': 12.02, 'psnr_best_seed': 11.57}\n"}
,{"stream_name":"stdout","time":18773.751658065,"data":"    it  16000  grad-match [0.01727, 0.03528] {'psnr_consensus': 9.552, 'psnr_best_seed': 9.602}\n"}
,{"stream_name":"stdout","time":18859.255851285,"data":"VRAM 2026/10/08 22:35:32.541, 0, 3323 MiB, 15360 MiB, 100 %\n"}
,{"stream_name":"stdout","time":18859.257691979,"data":"VRAM 2026/10/08 22:35:32.542, 1, 3323 MiB, 15360 MiB, 100 %\n"}
,{"stream_name":"stdout","time":18979.270110273,"data":"VRAM 2026/10/08 22:37:32.552, 0, 3323 MiB, 15360 MiB, 100 %\n"}
,{"stream_name":"stdout","time":18979.270363542,"data":"VRAM 2026/10/08 22:37:32.555, 1, 3323 MiB, 15360 MiB, 100 %\n"}
,{"stream_name":"stdout","time":19099.280043233,"data":"VRAM 2026/10/08 22:39:32.565, 0, 3323 MiB, 15360 MiB, 100 %\n"}
,{"stream_name":"stdout","time":19099.281521556,"data":"VRAM 2026/10/08 22:39:32.566, 1, 3323 MiB, 15360 MiB, 100 %\n"}
,{"stream_name":"stdout","time":19219.291453481,"data":"VRAM 2026/10/08 22:41:32.576, 0, 3323 MiB, 15360 MiB, 100 %\n"}
,{"stream_name":"stdout","time":19219.293766814,"data":"VRAM 2026/10/08 22:41:32.578, 1, 3323 MiB, 15360 MiB, 100 %\n"}
,{"stream_name":"stdout","time":19339.306700794,"data":"VRAM 2026/10/08 22:43:32.588, 0, 3323 MiB, 15360 MiB, 100 %\n"}
,{"stream_name":"stdout","time":19339.306855223,"data":"VRAM 2026/10/08 22:43:32.591, 1, 3323 MiB, 15360 MiB, 100 %\n"}
,{"stream_name":"stdout","time":19459.316762012,"data":"VRAM 2026/10/08 22:45:32.601, 0, 3323 MiB, 15360 MiB, 100 %\n"}
,{"stream_name":"stdout","time":19459.318374136,"data":"VRAM 2026/10/08 22:45:32.603, 1, 3323 MiB, 15360 MiB, 100 %\n"}
,{"stream_name":"stdout","time":19579.328994998,"data":"VRAM 2026/10/08 22:47:32.613, 0, 3323 MiB, 15360 MiB, 100 %\n"}
,{"stream_name":"stdout","time":19579.330414077,"data":"VRAM 2026/10/08 22:47:32.615, 1, 3323 MiB, 15360 MiB, 100 %\n"}
,{"stream_name":"stdout","time":19699.342676176,"data":"VRAM 2026/10/08 22:49:32.625, 0, 3323 MiB, 15360 MiB, 100 %\n"}
,{"stream_name":"stdout","time":19699.34283844,"data":"VRAM 2026/10/08 22:49:32.627, 1, 3323 MiB, 15360 MiB, 100 %\n"}
,{"stream_name":"stdout","time":19789.373606248,"data":"    it  19000  grad-match [0.02528, 0.02084] {'psnr_consensus': 12.005, 'psnr_best_seed': 11.551}\n"}
,{"stream_name":"stdout","time":19819.35311009,"data":"VRAM 2026/10/08 22:51:32.638, 0, 3323 MiB, 15360 MiB, 100 %\n"}
,{"stream_name":"stdout","time":19819.354633548,"data":"VRAM 2026/10/08 22:51:32.639, 1, 3323 MiB, 15360 MiB, 100 %\n"}
,{"stream_name":"stdout","time":19927.402815825,"data":"    it  17000  grad-match [0.01687, 0.03264] {'psnr_consensus': 9.578, 'psnr_best_seed': 9.632}\n"}
,{"stream_name":"stdout","time":19939.364640524,"data":"VRAM 2026/10/08 22:53:32.649, 0, 3323 MiB, 15360 MiB, 100 %\n"}
,{"stream_name":"stdout","time":19939.367064886,"data":"VRAM 2026/10/08 22:53:32.651, 1, 3323 MiB, 15360 MiB, 100 %\n"}
,{"stream_name":"stdout","time":20059.378326135,"data":"VRAM 2026/10/08 22:55:32.662, 0, 3323 MiB, 15360 MiB, 100 %\n"}
,{"stream_name":"stdout","time":20059.378403017,"data":"VRAM 2026/10/08 22:55:32.663, 1, 3323 MiB, 15360 MiB, 100 %\n"}
,{"stream_name":"stdout","time":20179.389423301,"data":"VRAM 2026/10/08 22:57:32.674, 0, 3323 MiB, 15360 MiB, 100 %\n"}
,{"stream_name":"stdout","time":20179.390957871,"data":"VRAM 2026/10/08 22:57:32.676, 1, 3323 MiB, 15360 MiB, 100 %\n"}
,{"stream_name":"stdout","time":20299.402545624,"data":"VRAM 2026/10/08 22:59:32.686, 0, 3323 MiB, 15360 MiB, 100 %\n"}
,{"stream_name":"stdout","time":20299.403066031,"data":"VRAM 2026/10/08 22:59:32.687, 1, 3323 MiB, 15360 MiB, 100 %\n"}
,{"stream_name":"stdout","time":20419.413193557,"data":"VRAM 2026/10/08 23:01:32.698, 0, 3323 MiB, 15360 MiB, 100 %\n"}
,{"stream_name":"stdout","time":20419.414608375,"data":"VRAM 2026/10/08 23:01:32.699, 1, 3323 MiB, 15360 MiB, 100 %\n"}
,{"stream_name":"stdout","time":20539.425636018,"data":"VRAM 2026/10/08 23:03:32.709, 0, 3323 MiB, 15360 MiB, 100 %\n"}
,{"stream_name":"stdout","time":20539.428072416,"data":"VRAM 2026/10/08 23:03:32.712, 1, 3323 MiB, 15360 MiB, 100 %\n"}
,{"stream_name":"stdout","time":20659.438427878,"data":"VRAM 2026/10/08 23:05:32.723, 0, 3323 MiB, 15360 MiB, 100 %\n"}
,{"stream_name":"stdout","time":20659.44101504,"data":"VRAM 2026/10/08 23:05:32.725, 1, 3323 MiB, 15360 MiB, 100 %\n"}
,{"stream_name":"stdout","time":20779.453006951,"data":"VRAM 2026/10/08 23:07:32.736, 0, 3323 MiB, 15360 MiB, 100 %\n"}
,{"stream_name":"stdout","time":20779.453219913,"data":"VRAM 2026/10/08 23:07:32.738, 1, 3323 MiB, 15360 MiB, 100 %\n"}
,{"stream_name":"stdout","time":20814.510961485,"data":"    it  19999  grad-match [0.02512, 0.02071] {'psnr_consensus': 12.003, 'psnr_best_seed': 11.548}\n"}
,{"stream_name":"stdout","time":20814.935307902,"data":"RESULT [dinov2] client p015: PSNR consensus 12.00 dB | best seed 11.55 dB | gray floor 10.07 dB | label acc 0.75 | 341.2 min\n"}
,{"stream_name":"stderr","time":20822.186093399,"data":"Warning: You are sending unauthenticated requests to the HF Hub. Please set a HF_TOKEN to enable higher rate limits and faster downloads.\n"}
,{"stream_name":"stdout","time":20822.682860377,"data":"[none] client p015: true labels [0, 1, 2, 4, 5, 6, 7, 8] restored [0, 2, 3, 4, 6, 7, 8, 9]\n"}
,{"stream_name":"stdout","time":20823.733676351,"data":"    it      0  grad-match [1.01342, 1.00435] {'psnr_consensus': 7.9, 'psnr_best_seed': 6.444}\n"}
,{"stream_name":"stdout","time":20899.463405294,"data":"VRAM 2026/10/08 23:09:32.748, 0, 1949 MiB, 15360 MiB, 100 %\n"}
,{"stream_name":"stdout","time":20899.465515302,"data":"VRAM 2026/10/08 23:09:32.750, 1, 3323 MiB, 15360 MiB, 100 %\n"}
,{"stream_name":"stdout","time":21019.476145886,"data":"VRAM 2026/10/08 23:11:32.761, 0, 1949 MiB, 15360 MiB, 100 %\n"}
,{"stream_name":"stdout","time":21019.477590821,"data":"VRAM 2026/10/08 23:11:32.762, 1, 3323 MiB, 15360 MiB, 100 %\n"}
,{"stream_name":"stdout","time":21082.235758086,"data":"    it  18000  grad-match [0.01652, 0.03196] {'psnr_consensus': 9.591, 'psnr_best_seed': 9.644}\n"}
,{"stream_name":"stdout","time":21139.487885125,"data":"VRAM 2026/10/08 23:13:32.773, 0, 1949 MiB, 15360 MiB, 100 %\n"}
,{"stream_name":"stdout","time":21139.489745609,"data":"VRAM 2026/10/08 23:13:32.774, 1, 3323 MiB, 15360 MiB, 100 %\n"}
,{"stream_name":"stdout","time":21259.501495492,"data":"VRAM 2026/10/08 23:15:32.785, 0, 1949 MiB, 15360 MiB, 100 %\n"}
,{"stream_name":"stdout","time":21259.501858056,"data":"VRAM 2026/10/08 23:15:32.786, 1, 3323 MiB, 15360 MiB, 100 %\n"}
,{"stream_name":"stdout","time":21379.512242929,"data":"VRAM 2026/10/08 23:17:32.797, 0, 1949 MiB, 15360 MiB, 100 %\n"}
,{"stream_name":"stdout","time":21379.513718322,"data":"VRAM 2026/10/08 23:17:32.799, 1, 3323 MiB, 15360 MiB, 100 %\n"}
,{"stream_name":"stdout","time":21381.229555421,"data":"    it   1000  grad-match [0.96228, 0.94827] {'psnr_consensus': 9.547, 'psnr_best_seed': 9.064}\n"}
,{"stream_name":"stdout","time":21499.523614564,"data":"VRAM 2026/10/08 23:19:32.808, 0, 1949 MiB, 15360 MiB, 100 %\n"}
,{"stream_name":"stdout","time":21499.525351928,"data":"VRAM 2026/10/08 23:19:32.810, 1, 3323 MiB, 15360 MiB, 100 %\n"}
,{"stream_name":"stdout","time":21619.535117899,"data":"VRAM 2026/10/08 23:21:32.820, 0, 1949 MiB, 15360 MiB, 100 %\n"}
,{"stream_name":"stdout","time":21619.537113937,"data":"VRAM 2026/10/08 23:21:32.821, 1, 3323 MiB, 15360 MiB, 100 %\n"}
,{"stream_name":"stdout","time":21739.547209474,"data":"VRAM 2026/10/08 23:23:32.832, 0, 1949 MiB, 15360 MiB, 100 %\n"}
,{"stream_name":"stdout","time":21739.548993474,"data":"VRAM 2026/10/08 23:23:32.833, 1, 3323 MiB, 15360 MiB, 100 %\n"}
,{"stream_name":"stdout","time":21859.559060267,"data":"VRAM 2026/10/08 23:25:32.844, 0, 1949 MiB, 15360 MiB, 100 %\n"}
,{"stream_name":"stdout","time":21859.561062628,"data":"VRAM 2026/10/08 23:25:32.845, 1, 3323 MiB, 15360 MiB, 100 %\n"}
,{"stream_name":"stdout","time":21939.23860868,"data":"    it   2000  grad-match [0.91971, 0.98927] {'psnr_consensus': 9.573, 'psnr_best_seed': 9.143}\n"}
,{"stream_name":"stdout","time":21979.572219634,"data":"VRAM 2026/10/08 23:27:32.856, 0, 1949 MiB, 15360 MiB, 100 %\n"}
,{"stream_name":"stdout","time":21979.573627816,"data":"VRAM 2026/10/08 23:27:32.858, 1, 3323 MiB, 15360 MiB, 100 %\n"}
,{"stream_name":"stdout","time":22099.583945896,"data":"VRAM 2026/10/08 23:29:32.868, 0, 1949 MiB, 15360 MiB, 100 %\n"}
,{"stream_name":"stdout","time":22099.585507634,"data":"VRAM 2026/10/08 23:29:32.870, 1, 3323 MiB, 15360 MiB, 100 %\n"}
,{"stream_name":"stdout","time":22219.596608032,"data":"VRAM 2026/10/08 23:31:32.881, 0, 1949 MiB, 15360 MiB, 100 %\n"}
,{"stream_name":"stdout","time":22219.598083659,"data":"VRAM 2026/10/08 23:31:32.883, 1, 3323 MiB, 15360 MiB, 100 %\n"}
,{"stream_name":"stdout","time":22236.185319935,"data":"    it  19000  grad-match [0.01638, 0.03146] {'psnr_consensus': 9.596, 'psnr_best_seed': 9.647}\n"}
,{"stream_name":"stdout","time":22339.608813426,"data":"VRAM 2026/10/08 23:33:32.893, 0, 1949 MiB, 15360 MiB, 100 %\n"}
,{"stream_name":"stdout","time":22339.610684294,"data":"VRAM 2026/10/08 23:33:32.895, 1, 3323 MiB, 15360 MiB, 100 %\n"}
,{"stream_name":"stdout","time":22459.622486954,"data":"VRAM 2026/10/08 23:35:32.905, 0, 1949 MiB, 15360 MiB, 100 %\n"}
,{"stream_name":"stdout","time":22459.622541531,"data":"VRAM 2026/10/08 23:35:32.907, 1, 3323 MiB, 15360 MiB, 100 %\n"}
,{"stream_name":"stdout","time":22497.46685802,"data":"    it   3000  grad-match [0.985, 0.97823] {'psnr_consensus': 9.546, 'psnr_best_seed': 9.244}\n"}
,{"stream_name":"stdout","time":22579.632702513,"data":"VRAM 2026/10/08 23:37:32.917, 0, 1949 MiB, 15360 MiB, 100 %\n"}
,{"stream_name":"stdout","time":22579.634520048,"data":"VRAM 2026/10/08 23:37:32.919, 1, 3323 MiB, 15360 MiB, 100 %\n"}
,{"stream_name":"stdout","time":22699.646635974,"data":"VRAM 2026/10/08 23:39:32.930, 0, 1949 MiB, 15360 MiB, 100 %\n"}
,{"stream_name":"stdout","time":22699.648142463,"data":"VRAM 2026/10/08 23:39:32.933, 1, 3323 MiB, 15360 MiB, 100 %\n"}
,{"stream_name":"stdout","time":22819.658822947,"data":"VRAM 2026/10/08 23:41:32.943, 0, 1949 MiB, 15360 MiB, 100 %\n"}
,{"stream_name":"stdout","time":22819.660590072,"data":"VRAM 2026/10/08 23:41:32.945, 1, 3323 MiB, 15360 MiB, 100 %\n"}
,{"stream_name":"stdout","time":22939.671688051,"data":"VRAM 2026/10/08 23:43:32.955, 0, 1949 MiB, 15360 MiB, 100 %\n"}
,{"stream_name":"stdout","time":22939.673207287,"data":"VRAM 2026/10/08 23:43:32.958, 1, 3323 MiB, 15360 MiB, 100 %\n"}
,{"stream_name":"stdout","time":23055.814844221,"data":"    it   4000  grad-match [0.9833, 0.92735] {'psnr_consensus': 9.662, 'psnr_best_seed': 9.255}\n"}
,{"stream_name":"stdout","time":23059.685153765,"data":"VRAM 2026/10/08 23:45:32.968, 0, 1949 MiB, 15360 MiB, 100 %\n"}
,{"stream_name":"stdout","time":23059.685300829,"data":"VRAM 2026/10/08 23:45:32.970, 1, 3323 MiB, 15360 MiB, 100 %\n"}
,{"stream_name":"stdout","time":23179.695903522,"data":"VRAM 2026/10/08 23:47:32.980, 0, 1949 MiB, 15360 MiB, 100 %\n"}
,{"stream_name":"stdout","time":23179.697612399,"data":"VRAM 2026/10/08 23:47:32.982, 1, 3323 MiB, 15360 MiB, 100 %\n"}
,{"stream_name":"stdout","time":23299.708113597,"data":"VRAM 2026/10/08 23:49:32.993, 0, 1949 MiB, 15360 MiB, 100 %\n"}
,{"stream_name":"stdout","time":23299.710230559,"data":"VRAM 2026/10/08 23:49:32.994, 1, 3323 MiB, 15360 MiB, 100 %\n"}
,{"stream_name":"stdout","time":23388.280298627,"data":"    it  19999  grad-match [0.01635, 0.03138] {'psnr_consensus': 9.597, 'psnr_best_seed': 9.648}\n"}
,{"stream_name":"stdout","time":23388.731021914,"data":"RESULT [dinov2] client p035: PSNR consensus 9.60 dB | best seed 9.65 dB | gray floor 9.08 dB | label acc 0.75 | 384.1 min\n"}
,{"stream_name":"stderr","time":23395.814660955,"data":"Warning: You are sending unauthenticated requests to the HF Hub. Please set a HF_TOKEN to enable higher rate limits and faster downloads.\n"}
,{"stream_name":"stdout","time":23396.33204316,"data":"[none] client p035: true labels [0, 1, 3, 4, 5, 6, 7, 9] restored [0, 1, 2, 3, 4, 7, 8, 9]\n"}
,{"stream_name":"stdout","time":23397.457034385,"data":"    it      0  grad-match [16.92895, 15.85852] {'psnr_consensus': 7.269, 'psnr_best_seed': 5.98}\n"}
,{"stream_name":"stdout","time":23419.721005749,"data":"VRAM 2026/10/08 23:51:33.006, 0, 1949 MiB, 15360 MiB, 100 %\n"}
,{"stream_name":"stdout","time":23419.722515755,"data":"VRAM 2026/10/08 23:51:33.007, 1, 1949 MiB, 15360 MiB, 100 %\n"}
,{"stream_name":"stdout","time":23539.734495572,"data":"VRAM 2026/10/08 23:53:33.018, 0, 1949 MiB, 15360 MiB, 100 %\n"}
,{"stream_name":"stdout","time":23539.736553365,"data":"VRAM 2026/10/08 23:53:33.021, 1, 1949 MiB, 15360 MiB, 100 %\n"}
,{"stream_name":"stdout","time":23614.998748603,"data":"    it   5000  grad-match [0.98434, 0.98391] {'psnr_consensus': 9.722, 'psnr_best_seed': 9.37}\n"}
,{"stream_name":"stdout","time":23659.74668418,"data":"VRAM 2026/10/08 23:55:33.031, 0, 1949 MiB, 15360 MiB, 100 %\n"}
,{"stream_name":"stdout","time":23659.748327195,"data":"VRAM 2026/10/08 23:55:33.033, 1, 1949 MiB, 15360 MiB, 100 %\n"}
,{"stream_name":"stdout","time":23779.758755669,"data":"VRAM 2026/10/08 23:57:33.043, 0, 1949 MiB, 15360 MiB, 100 %\n"}
,{"stream_name":"stdout","time":23779.760473974,"data":"VRAM 2026/10/08 23:57:33.045, 1, 1949 MiB, 15360 MiB, 100 %\n"}
,{"stream_name":"stdout","time":23899.771364015,"data":"VRAM 2026/10/08 23:59:33.056, 0, 1949 MiB, 15360 MiB, 100 %\n"}
,{"stream_name":"stdout","time":23899.773213693,"data":"VRAM 2026/10/08 23:59:33.058, 1, 1949 MiB, 15360 MiB, 100 %\n"}
,{"stream_name":"stdout","time":24008.692540519,"data":"    it   1000  grad-match [0.19364, 0.23286] {'psnr_consensus': 8.838, 'psnr_best_seed': 8.571}\n"}
,{"stream_name":"stdout","time":24019.785300251,"data":"VRAM 2026/10/09 00:01:33.068, 0, 1949 MiB, 15360 MiB, 100 %\n"}
,{"stream_name":"stdout","time":24019.785726908,"data":"VRAM 2026/10/09 00:01:33.070, 1, 1949 MiB, 15360 MiB, 100 %\n"}
,{"stream_name":"stdout","time":24139.796004753,"data":"VRAM 2026/10/09 00:03:33.081, 0, 1949 MiB, 15360 MiB, 100 %\n"}
,{"stream_name":"stdout","time":24139.797757027,"data":"VRAM 2026/10/09 00:03:33.082, 1, 1949 MiB, 15360 MiB, 100 %\n"}
,{"stream_name":"stdout","time":24174.716834455,"data":"    it   6000  grad-match [0.96109, 0.96641] {'psnr_consensus': 9.678, 'psnr_best_seed': 9.284}\n"}
,{"stream_name":"stdout","time":24259.807945631,"data":"VRAM 2026/10/09 00:05:33.093, 0, 1949 MiB, 15360 MiB, 100 %\n"}
,{"stream_name":"stdout","time":24259.809703762,"data":"VRAM 2026/10/09 00:05:33.094, 1, 1949 MiB, 15360 MiB, 100 %\n"}
,{"stream_name":"stdout","time":24379.820713008,"data":"VRAM 2026/10/09 00:07:33.105, 0, 1949 MiB, 15360 MiB, 100 %\n"}
,{"stream_name":"stdout","time":24379.822340013,"data":"VRAM 2026/10/09 00:07:33.107, 1, 1949 MiB, 15360 MiB, 100 %\n"}
,{"stream_name":"stdout","time":24499.834519875,"data":"VRAM 2026/10/09 00:09:33.117, 0, 1949 MiB, 15360 MiB, 100 %\n"}
,{"stream_name":"stdout","time":24499.834617926,"data":"VRAM 2026/10/09 00:09:33.119, 1, 1949 MiB, 15360 MiB, 100 %\n"}
,{"stream_name":"stdout","time":24619.844881902,"data":"VRAM 2026/10/09 00:11:33.130, 0, 1949 MiB, 15360 MiB, 100 %\n"}
,{"stream_name":"stdout","time":24619.846570727,"data":"VRAM 2026/10/09 00:11:33.131, 1, 1949 MiB, 15360 MiB, 100 %\n"}
,{"stream_name":"stdout","time":24620.858833379,"data":"    it   2000  grad-match [0.18524, 0.28849] {'psnr_consensus': 8.642, 'psnr_best_seed': 8.892}\n"}
,{"stream_name":"stdout","time":24734.450399012,"data":"    it   7000  grad-match [0.94939, 0.97213] {'psnr_consensus': 9.682, 'psnr_best_seed': 9.405}\n"}
,{"stream_name":"stdout","time":24739.857286186,"data":"VRAM 2026/10/09 00:13:33.142, 0, 1949 MiB, 15360 MiB, 100 %\n"}
,{"stream_name":"stdout","time":24739.859490808,"data":"VRAM 2026/10/09 00:13:33.144, 1, 1949 MiB, 15360 MiB, 100 %\n"}
,{"stream_name":"stdout","time":24859.871670041,"data":"VRAM 2026/10/09 00:15:33.154, 0, 1949 MiB, 15360 MiB, 100 %\n"}
,{"stream_name":"stdout","time":24859.87179888,"data":"VRAM 2026/10/09 00:15:33.156, 1, 1949 MiB, 15360 MiB, 100 %\n"}
,{"stream_name":"stdout","time":24979.882275149,"data":"VRAM 2026/10/09 00:17:33.167, 0, 1949 MiB, 15360 MiB, 100 %\n"}
,{"stream_name":"stdout","time":24979.884503802,"data":"VRAM 2026/10/09 00:17:33.169, 1, 1949 MiB, 15360 MiB, 100 %\n"}
,{"stream_name":"stdout","time":25099.895610269,"data":"VRAM 2026/10/09 00:19:33.180, 0, 1949 MiB, 15360 MiB, 100 %\n"}
,{"stream_name":"stdout","time":25099.897387232,"data":"VRAM 2026/10/09 00:19:33.182, 1, 1949 MiB, 15360 MiB, 100 %\n"}
,{"stream_name":"stdout","time":25219.908704136,"data":"VRAM 2026/10/09 00:21:33.192, 0, 1949 MiB, 15360 MiB, 100 %\n"}
,{"stream_name":"stdout","time":25219.909240971,"data":"VRAM 2026/10/09 00:21:33.194, 1, 1949 MiB, 15360 MiB, 100 %\n"}
,{"stream_name":"stdout","time":25233.332630442,"data":"    it   3000  grad-match [0.19954, 0.21766] {'psnr_consensus': 9.015, 'psnr_best_seed': 8.96}\n"}
,{"stream_name":"stdout","time":25294.200314169,"data":"    it   8000  grad-match [0.92112, 0.95766] {'psnr_consensus': 9.721, 'psnr_best_seed': 9.34}\n"}
,{"stream_name":"stdout","time":25339.920073603,"data":"VRAM 2026/10/09 00:23:33.205, 0, 1949 MiB, 15360 MiB, 100 %\n"}
,{"stream_name":"stdout","time":25339.922143469,"data":"VRAM 2026/10/09 00:23:33.206, 1, 1949 MiB, 15360 MiB, 100 %\n"}
,{"stream_name":"stdout","time":25459.933708777,"data":"VRAM 2026/10/09 00:25:33.217, 0, 1949 MiB, 15360 MiB, 100 %\n"}
,{"stream_name":"stdout","time":25459.934059847,"data":"VRAM 2026/10/09 00:25:33.218, 1, 1949 MiB, 15360 MiB, 100 %\n"}
,{"stream_name":"stdout","time":25579.944367017,"data":"VRAM 2026/10/09 00:27:33.229, 0, 1949 MiB, 15360 MiB, 100 %\n"}
,{"stream_name":"stdout","time":25579.946030562,"data":"VRAM 2026/10/09 00:27:33.230, 1, 1949 MiB, 15360 MiB, 100 %\n"}
,{"stream_name":"stdout","time":25699.956757529,"data":"VRAM 2026/10/09 00:29:33.241, 0, 1949 MiB, 15360 MiB, 100 %\n"}
,{"stream_name":"stdout","time":25699.958774859,"data":"VRAM 2026/10/09 00:29:33.243, 1, 1949 MiB, 15360 MiB, 100 %\n"}
,{"stream_name":"stdout","time":25819.969224772,"data":"VRAM 2026/10/09 00:31:33.254, 0, 1949 MiB, 15360 MiB, 100 %\n"}
,{"stream_name":"stdout","time":25819.970785226,"data":"VRAM 2026/10/09 00:31:33.256, 1, 1949 MiB, 15360 MiB, 100 %\n"}
,{"stream_name":"stdout","time":25845.399553453,"data":"    it   4000  grad-match [0.18652, 0.1855] {'psnr_consensus': 9.134, 'psnr_best_seed': 8.807}\n"}
,{"stream_name":"stdout","time":25853.900449233,"data":"    it   9000  grad-match [0.95405, 0.95713] {'psnr_consensus': 9.701, 'psnr_best_seed': 9.404}\n"}
,{"stream_name":"stdout","time":25939.981730007,"data":"VRAM 2026/10/09 00:33:33.266, 0, 1949 MiB, 15360 MiB, 100 %\n"}
,{"stream_name":"stdout","time":25939.983180398,"data":"VRAM 2026/10/09 00:33:33.268, 1, 1949 MiB, 15360 MiB, 100 %\n"}
,{"stream_name":"stdout","time":26059.99540928,"data":"VRAM 2026/10/09 00:35:33.279, 0, 1949 MiB, 15360 MiB, 100 %\n"}
,{"stream_name":"stdout","time":26059.995650542,"data":"VRAM 2026/10/09 00:35:33.280, 1, 1949 MiB, 15360 MiB, 100 %\n"}
,{"stream_name":"stdout","time":26180.005788934,"data":"VRAM 2026/10/09 00:37:33.290, 0, 1949 MiB, 15360 MiB, 100 %\n"}
,{"stream_name":"stdout","time":26180.007375432,"data":"VRAM 2026/10/09 00:37:33.292, 1, 1949 MiB, 15360 MiB, 100 %\n"}
,{"stream_name":"stdout","time":26300.018352892,"data":"VRAM 2026/10/09 00:39:33.302, 0, 1949 MiB, 15360 MiB, 100 %\n"}
,{"stream_name":"stdout","time":26300.02060793,"data":"VRAM 2026/10/09 00:39:33.305, 1, 1949 MiB, 15360 MiB, 100 %\n"}
,{"stream_name":"stdout","time":26413.197865589,"data":"    it  10000  grad-match [0.93973, 0.9821] {'psnr_consensus': 9.683, 'psnr_best_seed': 9.389}\n"}
,{"stream_name":"stdout","time":26420.031138581,"data":"VRAM 2026/10/09 00:41:33.316, 0, 1949 MiB, 15360 MiB, 100 %\n"}
,{"stream_name":"stdout","time":26420.032633462,"data":"VRAM 2026/10/09 00:41:33.317, 1, 1949 MiB, 15360 MiB, 100 %\n"}
,{"stream_name":"stdout","time":26456.723562892,"data":"    it   5000  grad-match [0.1915, 0.22004] {'psnr_consensus': 9.205, 'psnr_best_seed': 9.244}\n"}
,{"stream_name":"stdout","time":26540.043232885,"data":"VRAM 2026/10/09 00:43:33.328, 0, 1949 MiB, 15360 MiB, 100 %\n"}
,{"stream_name":"stdout","time":26540.044967142,"data":"VRAM 2026/10/09 00:43:33.329, 1, 1949 MiB, 15360 MiB, 100 %\n"}
,{"stream_name":"stdout","time":26660.057241533,"data":"VRAM 2026/10/09 00:45:33.340, 0, 1949 MiB, 15360 MiB, 100 %\n"}
,{"stream_name":"stdout","time":26660.057498704,"data":"VRAM 2026/10/09 00:45:33.342, 1, 1949 MiB, 15360 MiB, 100 %\n"}
,{"stream_name":"stdout","time":26780.069465979,"data":"VRAM 2026/10/09 00:47:33.353, 0, 1949 MiB, 15360 MiB, 100 %\n"}
,{"stream_name":"stdout","time":26780.069806951,"data":"VRAM 2026/10/09 00:47:33.354, 1, 1949 MiB, 15360 MiB, 100 %\n"}
,{"stream_name":"stdout","time":26900.081592229,"data":"VRAM 2026/10/09 00:49:33.366, 0, 1949 MiB, 15360 MiB, 100 %\n"}
,{"stream_name":"stdout","time":26900.083671974,"data":"VRAM 2026/10/09 00:49:33.368, 1, 1949 MiB, 15360 MiB, 100 %\n"}
,{"stream_name":"stdout","time":26972.808055826,"data":"    it  11000  grad-match [0.95729, 0.95582] {'psnr_consensus': 9.714, 'psnr_best_seed': 9.423}\n"}
,{"stream_name":"stdout","time":27020.094310846,"data":"VRAM 2026/10/09 00:51:33.379, 0, 1949 MiB, 15360 MiB, 100 %\n"}
,{"stream_name":"stdout","time":27020.095717597,"data":"VRAM 2026/10/09 00:51:33.381, 1, 1949 MiB, 15360 MiB, 100 %\n"}
,{"stream_name":"stdout","time":27069.456788664,"data":"    it   6000  grad-match [0.20281, 0.26402] {'psnr_consensus': 8.906, 'psnr_best_seed': 9.217}\n"}
,{"stream_name":"stdout","time":27140.106204418,"data":"VRAM 2026/10/09 00:53:33.391, 0, 1949 MiB, 15360 MiB, 100 %\n"}
,{"stream_name":"stdout","time":27140.107747729,"data":"VRAM 2026/10/09 00:53:33.392, 1, 1949 MiB, 15360 MiB, 100 %\n"}
,{"stream_name":"stdout","time":27260.12089577,"data":"VRAM 2026/10/09 00:55:33.402, 0, 1949 MiB, 15360 MiB, 100 %\n"}
,{"stream_name":"stdout","time":27260.121125988,"data":"VRAM 2026/10/09 00:55:33.405, 1, 1949 MiB, 15360 MiB, 100 %\n"}
,{"stream_name":"stdout","time":27380.131225367,"data":"VRAM 2026/10/09 00:57:33.416, 0, 1949 MiB, 15360 MiB, 100 %\n"}
,{"stream_name":"stdout","time":27380.132957429,"data":"VRAM 2026/10/09 00:57:33.418, 1, 1949 MiB, 15360 MiB, 100 %\n"}
,{"stream_name":"stdout","time":27500.14321793,"data":"VRAM 2026/10/09 00:59:33.428, 0, 1949 MiB, 15360 MiB, 100 %\n"}
,{"stream_name":"stdout","time":27500.146705074,"data":"VRAM 2026/10/09 00:59:33.429, 1, 1949 MiB, 15360 MiB, 100 %\n"}
,{"stream_name":"stdout","time":27532.105746481,"data":"    it  12000  grad-match [0.92727, 0.94693] {'psnr_consensus': 9.77, 'psnr_best_seed': 9.392}\n"}
,{"stream_name":"stdout","time":27620.157869565,"data":"VRAM 2026/10/09 01:01:33.442, 0, 1949 MiB, 15360 MiB, 100 %\n"}
,{"stream_name":"stdout","time":27620.159399124,"data":"VRAM 2026/10/09 01:01:33.444, 1, 1949 MiB, 15360 MiB, 100 %\n"}
,{"stream_name":"stdout","time":27681.489871752,"data":"    it   7000  grad-match [0.20649, 0.19096] {'psnr_consensus': 9.41, 'psnr_best_seed': 8.657}\n"}
,{"stream_name":"stdout","time":27740.169518642,"data":"VRAM 2026/10/09 01:03:33.454, 0, 1949 MiB, 15360 MiB, 100 %\n"}
,{"stream_name":"stdout","time":27740.171067588,"data":"VRAM 2026/10/09 01:03:33.456, 1, 1949 MiB, 15360 MiB, 100 %\n"}
,{"stream_name":"stdout","time":27860.182227241,"data":"VRAM 2026/10/09 01:05:33.466, 0, 1949 MiB, 15360 MiB, 100 %\n"}
,{"stream_name":"stdout","time":27860.18368364,"data":"VRAM 2026/10/09 01:05:33.469, 1, 1949 MiB, 15360 MiB, 100 %\n"}
,{"stream_name":"stdout","time":27980.193789539,"data":"VRAM 2026/10/09 01:07:33.478, 0, 1949 MiB, 15360 MiB, 100 %\n"}
,{"stream_name":"stdout","time":27980.195210936,"data":"VRAM 2026/10/09 01:07:33.480, 1, 1949 MiB, 15360 MiB, 100 %\n"}
,{"stream_name":"stdout","time":28090.47261103,"data":"    it  13000  grad-match [0.96663, 0.97381] {'psnr_consensus': 9.797, 'psnr_best_seed': 9.501}\n"}
,{"stream_name":"stdout","time":28100.205783713,"data":"VRAM 2026/10/09 01:09:33.490, 0, 1949 MiB, 15360 MiB, 100 %\n"}
,{"stream_name":"stdout","time":28100.207853503,"data":"VRAM 2026/10/09 01:09:33.492, 1, 1949 MiB, 15360 MiB, 100 %\n"}
,{"stream_name":"stdout","time":28220.21947837,"data":"VRAM 2026/10/09 01:11:33.503, 0, 1949 MiB, 15360 MiB, 100 %\n"}
,{"stream_name":"stdout","time":28220.221624577,"data":"VRAM 2026/10/09 01:11:33.506, 1, 1949 MiB, 15360 MiB, 100 %\n"}
,{"stream_name":"stdout","time":28291.894124538,"data":"    it   8000  grad-match [0.1697, 0.20233] {'psnr_consensus': 9.264, 'psnr_best_seed': 8.976}\n"}
,{"stream_name":"stdout","time":28340.232041695,"data":"VRAM 2026/10/09 01:13:33.516, 0, 1949 MiB, 15360 MiB, 100 %\n"}
,{"stream_name":"stdout","time":28340.233727105,"data":"VRAM 2026/10/09 01:13:33.518, 1, 1949 MiB, 15360 MiB, 100 %\n"}
,{"stream_name":"stdout","time":28460.247177714,"data":"VRAM 2026/10/09 01:15:33.529, 0, 1949 MiB, 15360 MiB, 100 %\n"}
,{"stream_name":"stdout","time":28460.247506529,"data":"VRAM 2026/10/09 01:15:33.531, 1, 1949 MiB, 15360 MiB, 100 %\n"}
,{"stream_name":"stdout","time":28580.257591588,"data":"VRAM 2026/10/09 01:17:33.542, 0, 1949 MiB, 15360 MiB, 100 %\n"}
,{"stream_name":"stdout","time":28580.259119478,"data":"VRAM 2026/10/09 01:17:33.544, 1, 1949 MiB, 15360 MiB, 100 %\n"}
,{"stream_name":"stdout","time":28650.071382929,"data":"    it  14000  grad-match [0.89563, 0.95259] {'psnr_consensus': 9.83, 'psnr_best_seed': 9.588}\n"}
,{"stream_name":"stdout","time":28700.269632616,"data":"VRAM 2026/10/09 01:19:33.554, 0, 1949 MiB, 15360 MiB, 100 %\n"}
,{"stream_name":"stdout","time":28700.27132119,"data":"VRAM 2026/10/09 01:19:33.556, 1, 1949 MiB, 15360 MiB, 100 %\n"}
,{"stream_name":"stdout","time":28820.283381436,"data":"VRAM 2026/10/09 01:21:33.566, 0, 1949 MiB, 15360 MiB, 100 %\n"}
,{"stream_name":"stdout","time":28820.286425907,"data":"VRAM 2026/10/09 01:21:33.570, 1, 1949 MiB, 15360 MiB, 100 %\n"}
,{"stream_name":"stdout","time":28904.180782542,"data":"    it   9000  grad-match [0.17514, 0.17] {'psnr_consensus': 9.62, 'psnr_best_seed': 9.111}\n"}
,{"stream_name":"stdout","time":28940.297223352,"data":"VRAM 2026/10/09 01:23:33.582, 0, 1949 MiB, 15360 MiB, 100 %\n"}
,{"stream_name":"stdout","time":28940.299806877,"data":"VRAM 2026/10/09 01:23:33.584, 1, 1949 MiB, 15360 MiB, 100 %\n"}
,{"stream_name":"stdout","time":29060.309973621,"data":"VRAM 2026/10/09 01:25:33.594, 0, 1949 MiB, 15360 MiB, 100 %\n"}
,{"stream_name":"stdout","time":29060.311574062,"data":"VRAM 2026/10/09 01:25:33.596, 1, 1949 MiB, 15360 MiB, 100 %\n"}
,{"stream_name":"stdout","time":29180.323547826,"data":"VRAM 2026/10/09 01:27:33.607, 0, 1949 MiB, 15360 MiB, 100 %\n"}
,{"stream_name":"stdout","time":29180.323710912,"data":"VRAM 2026/10/09 01:27:33.608, 1, 1949 MiB, 15360 MiB, 100 %\n"}
,{"stream_name":"stdout","time":29209.171148918,"data":"    it  15000  grad-match [0.95011, 0.94306] {'psnr_consensus': 9.846, 'psnr_best_seed': 9.558}\n"}
,{"stream_name":"stdout","time":29300.334952373,"data":"VRAM 2026/10/09 01:29:33.619, 0, 1949 MiB, 15360 MiB, 100 %\n"}
,{"stream_name":"stdout","time":29300.336530237,"data":"VRAM 2026/10/09 01:29:33.621, 1, 1949 MiB, 15360 MiB, 100 %\n"}
,{"stream_name":"stdout","time":29420.347257604,"data":"VRAM 2026/10/09 01:31:33.632, 0, 1949 MiB, 15360 MiB, 100 %\n"}
,{"stream_name":"stdout","time":29420.348701273,"data":"VRAM 2026/10/09 01:31:33.634, 1, 1949 MiB, 15360 MiB, 100 %\n"}
,{"stream_name":"stdout","time":29514.474141332,"data":"    it  10000  grad-match [0.15441, 0.2059] {'psnr_consensus': 9.529, 'psnr_best_seed': 9.559}\n"}
,{"stream_name":"stdout","time":29540.360663986,"data":"VRAM 2026/10/09 01:33:33.644, 0, 1949 MiB, 15360 MiB, 100 %\n"}
,{"stream_name":"stdout","time":29540.360974717,"data":"VRAM 2026/10/09 01:33:33.645, 1, 1949 MiB, 15360 MiB, 100 %\n"}
,{"stream_name":"stdout","time":29660.371566949,"data":"VRAM 2026/10/09 01:35:33.656, 0, 1949 MiB, 15360 MiB, 100 %\n"}
,{"stream_name":"stdout","time":29660.373243625,"data":"VRAM 2026/10/09 01:35:33.658, 1, 1949 MiB, 15360 MiB, 100 %\n"}
,{"stream_name":"stdout","time":29768.105087933,"data":"    it  16000  grad-match [0.92192, 0.99682] {'psnr_consensus': 9.826, 'psnr_best_seed': 9.62}\n"}
,{"stream_name":"stdout","time":29780.385270767,"data":"VRAM 2026/10/09 01:37:33.668, 0, 1949 MiB, 15360 MiB, 100 %\n"}
,{"stream_name":"stdout","time":29780.385320675,"data":"VRAM 2026/10/09 01:37:33.670, 1, 1949 MiB, 15360 MiB, 100 %\n"}
,{"stream_name":"stdout","time":29900.396686546,"data":"VRAM 2026/10/09 01:39:33.680, 0, 1949 MiB, 15360 MiB, 100 %\n"}
,{"stream_name":"stdout","time":29900.398005938,"data":"VRAM 2026/10/09 01:39:33.683, 1, 1949 MiB, 15360 MiB, 100 %\n"}
,{"stream_name":"stdout","time":30020.410639742,"data":"VRAM 2026/10/09 01:41:33.693, 0, 1949 MiB, 15360 MiB, 99 %\n"}
,{"stream_name":"stdout","time":30020.410684845,"data":"VRAM 2026/10/09 01:41:33.695, 1, 1949 MiB, 15360 MiB, 100 %\n"}
,{"stream_name":"stdout","time":30126.445863776,"data":"    it  11000  grad-match [0.16969, 0.17216] {'psnr_consensus': 9.675, 'psnr_best_seed': 9.631}\n"}
,{"stream_name":"stdout","time":30140.422225357,"data":"VRAM 2026/10/09 01:43:33.706, 0, 1949 MiB, 15360 MiB, 100 %\n"}
,{"stream_name":"stdout","time":30140.423833309,"data":"VRAM 2026/10/09 01:43:33.708, 1, 1949 MiB, 15360 MiB, 100 %\n"}
,{"stream_name":"stdout","time":30260.435686059,"data":"VRAM 2026/10/09 01:45:33.718, 0, 1949 MiB, 15360 MiB, 100 %\n"}
,{"stream_name":"stdout","time":30260.435820347,"data":"VRAM 2026/10/09 01:45:33.720, 1, 1949 MiB, 15360 MiB, 100 %\n"}
,{"stream_name":"stdout","time":30327.696245847,"data":"    it  17000  grad-match [0.6254, 0.5718] {'psnr_consensus': 9.837, 'psnr_best_seed': 9.553}\n"}
,{"stream_name":"stdout","time":30380.445998302,"data":"VRAM 2026/10/09 01:47:33.731, 0, 1949 MiB, 15360 MiB, 100 %\n"}
,{"stream_name":"stdout","time":30380.448218798,"data":"VRAM 2026/10/09 01:47:33.732, 1, 1949 MiB, 15360 MiB, 100 %\n"}
,{"stream_name":"stdout","time":30500.45877288,"data":"VRAM 2026/10/09 01:49:33.744, 0, 1949 MiB, 15360 MiB, 100 %\n"}
,{"stream_name":"stdout","time":30500.460478786,"data":"VRAM 2026/10/09 01:49:33.745, 1, 1949 MiB, 15360 MiB, 100 %\n"}
,{"stream_name":"stdout","time":30620.47252593,"data":"VRAM 2026/10/09 01:51:33.756, 0, 1949 MiB, 15360 MiB, 100 %\n"}
,{"stream_name":"stdout","time":30620.474088897,"data":"VRAM 2026/10/09 01:51:33.759, 1, 1949 MiB, 15360 MiB, 100 %\n"}
,{"stream_name":"stdout","time":30737.708512965,"data":"    it  12000  grad-match [0.14973, 0.16628] {'psnr_consensus': 9.755, 'psnr_best_seed': 9.703}\n"}
,{"stream_name":"stdout","time":30740.484274392,"data":"VRAM 2026/10/09 01:53:33.769, 0, 1949 MiB, 15360 MiB, 100 %\n"}
,{"stream_name":"stdout","time":30740.485799849,"data":"VRAM 2026/10/09 01:53:33.771, 1, 1949 MiB, 15360 MiB, 100 %\n"}
,{"stream_name":"stdout","time":30860.496455763,"data":"VRAM 2026/10/09 01:55:33.781, 0, 1949 MiB, 15360 MiB, 100 %\n"}
,{"stream_name":"stdout","time":30860.497767257,"data":"VRAM 2026/10/09 01:55:33.783, 1, 1949 MiB, 15360 MiB, 100 %\n"}
,{"stream_name":"stdout","time":30886.616683293,"data":"    it  18000  grad-match [0.53695, 0.42043] {'psnr_consensus': 9.853, 'psnr_best_seed': 9.578}\n"}
,{"stream_name":"stdout","time":30980.50974772,"data":"VRAM 2026/10/09 01:57:33.793, 0, 1949 MiB, 15360 MiB, 100 %\n"}
,{"stream_name":"stdout","time":30980.510664933,"data":"VRAM 2026/10/09 01:57:33.795, 1, 1949 MiB, 15360 MiB, 100 %\n"}
,{"stream_name":"stdout","time":31100.52115046,"data":"VRAM 2026/10/09 01:59:33.806, 0, 1949 MiB, 15360 MiB, 100 %\n"}
,{"stream_name":"stdout","time":31100.522820431,"data":"VRAM 2026/10/09 01:59:33.807, 1, 1949 MiB, 15360 MiB, 100 %\n"}
,{"stream_name":"stdout","time":31220.533490845,"data":"VRAM 2026/10/09 02:01:33.818, 0, 1949 MiB, 15360 MiB, 100 %\n"}
,{"stream_name":"stdout","time":31220.534767189,"data":"VRAM 2026/10/09 02:01:33.820, 1, 1949 MiB, 15360 MiB, 100 %\n"}
,{"stream_name":"stdout","time":31340.546630674,"data":"VRAM 2026/10/09 02:03:33.830, 0, 1949 MiB, 15360 MiB, 100 %\n"}
,{"stream_name":"stdout","time":31340.546704132,"data":"VRAM 2026/10/09 02:03:33.831, 1, 1949 MiB, 15360 MiB, 100 %\n"}
,{"stream_name":"stdout","time":31347.36422389,"data":"    it  13000  grad-match [0.14725, 0.15896] {'psnr_consensus': 9.782, 'psnr_best_seed': 9.733}\n"}
,{"stream_name":"stdout","time":31445.616614502,"data":"    it  19000  grad-match [0.26028, 0.23633] {'psnr_consensus': 9.874, 'psnr_best_seed': 9.612}\n"}
,{"stream_name":"stdout","time":31460.558538592,"data":"VRAM 2026/10/09 02:05:33.842, 0, 1949 MiB, 15360 MiB, 100 %\n"}
,{"stream_name":"stdout","time":31460.560384482,"data":"VRAM 2026/10/09 02:05:33.845, 1, 1949 MiB, 15360 MiB, 100 %\n"}
,{"stream_name":"stdout","time":31580.572084033,"data":"VRAM 2026/10/09 02:07:33.856, 0, 1949 MiB, 15360 MiB, 100 %\n"}
,{"stream_name":"stdout","time":31580.573847198,"data":"VRAM 2026/10/09 02:07:33.858, 1, 1949 MiB, 15360 MiB, 100 %\n"}
,{"stream_name":"stdout","time":31700.583780398,"data":"VRAM 2026/10/09 02:09:33.869, 0, 1949 MiB, 15360 MiB, 100 %\n"}
,{"stream_name":"stdout","time":31700.585194287,"data":"VRAM 2026/10/09 02:09:33.870, 1, 1949 MiB, 15360 MiB, 100 %\n"}
,{"stream_name":"stdout","time":31820.595083649,"data":"VRAM 2026/10/09 02:11:33.880, 0, 1949 MiB, 15360 MiB, 100 %\n"}
,{"stream_name":"stdout","time":31820.59653331,"data":"VRAM 2026/10/09 02:11:33.881, 1, 1949 MiB, 15360 MiB, 100 %\n"}
,{"stream_name":"stdout","time":31940.606791144,"data":"VRAM 2026/10/09 02:13:33.891, 0, 1949 MiB, 15360 MiB, 100 %\n"}
,{"stream_name":"stdout","time":31940.608484503,"data":"VRAM 2026/10/09 02:13:33.893, 1, 1949 MiB, 15360 MiB, 100 %\n"}
,{"stream_name":"stdout","time":31960.837826044,"data":"    it  14000  grad-match [0.1441, 0.15632] {'psnr_consensus': 9.785, 'psnr_best_seed': 9.752}\n"}
,{"stream_name":"stdout","time":32005.007593805,"data":"    it  19999  grad-match [0.24353, 0.21591] {'psnr_consensus': 9.879, 'psnr_best_seed': 9.62}\n"}
,{"stream_name":"stdout","time":32005.615337444,"data":"RESULT [none] client p015: PSNR consensus 9.88 dB | best seed 9.62 dB | gray floor 10.07 dB | label acc 0.75 | 186.4 min\n"}
,{"stream_name":"stdout","time":32060.620382577,"data":"VRAM 2026/10/09 02:15:33.904, 0, 0 MiB, 15360 MiB, 0 %\n"}
,{"stream_name":"stdout","time":32060.621827588,"data":"VRAM 2026/10/09 02:15:33.907, 1, 1949 MiB, 15360 MiB, 100 %\n"}
,{"stream_name":"stdout","time":32180.632828797,"data":"VRAM 2026/10/09 02:17:33.917, 0, 0 MiB, 15360 MiB, 0 %\n"}
,{"stream_name":"stdout","time":32180.634159857,"data":"VRAM 2026/10/09 02:17:33.919, 1, 1949 MiB, 15360 MiB, 100 %\n"}
,{"stream_name":"stdout","time":32300.645783117,"data":"VRAM 2026/10/09 02:19:33.929, 0, 0 MiB, 15360 MiB, 0 %\n"}
,{"stream_name":"stdout","time":32300.647484413,"data":"VRAM 2026/10/09 02:19:33.932, 1, 1949 MiB, 15360 MiB, 100 %\n"}
,{"stream_name":"stdout","time":32420.65851787,"data":"VRAM 2026/10/09 02:21:33.942, 0, 0 MiB, 15360 MiB, 0 %\n"}
,{"stream_name":"stdout","time":32420.660240361,"data":"VRAM 2026/10/09 02:21:33.945, 1, 1949 MiB, 15360 MiB, 100 %\n"}
,{"stream_name":"stdout","time":32540.671636331,"data":"VRAM 2026/10/09 02:23:33.955, 0, 0 MiB, 15360 MiB, 0 %\n"}
,{"stream_name":"stdout","time":32540.673846127,"data":"VRAM 2026/10/09 02:23:33.958, 1, 1949 MiB, 15360 MiB, 100 %\n"}
,{"stream_name":"stdout","time":32569.734349158,"data":"    it  15000  grad-match [0.14317, 0.1541] {'psnr_consensus': 9.78, 'psnr_best_seed': 9.756}\n"}
,{"stream_name":"stdout","time":32660.685322751,"data":"VRAM 2026/10/09 02:25:33.969, 0, 0 MiB, 15360 MiB, 0 %\n"}
,{"stream_name":"stdout","time":32660.68671471,"data":"VRAM 2026/10/09 02:25:33.972, 1, 1949 MiB, 15360 MiB, 100 %\n"}
,{"stream_name":"stdout","time":32780.697917088,"data":"VRAM 2026/10/09 02:27:33.981, 0, 0 MiB, 15360 MiB, 0 %\n"}
,{"stream_name":"stdout","time":32780.699923648,"data":"VRAM 2026/10/09 02:27:33.984, 1, 1949 MiB, 15360 MiB, 100 %\n"}
,{"stream_name":"stdout","time":32900.711977898,"data":"VRAM 2026/10/09 02:29:33.995, 0, 0 MiB, 15360 MiB, 0 %\n"}
,{"stream_name":"stdout","time":32900.713396177,"data":"VRAM 2026/10/09 02:29:33.998, 1, 1949 MiB, 15360 MiB, 100 %\n"}
,{"stream_name":"stdout","time":33020.724841386,"data":"VRAM 2026/10/09 02:31:34.008, 0, 0 MiB, 15360 MiB, 0 %\n"}
,{"stream_name":"stdout","time":33020.726605808,"data":"VRAM 2026/10/09 02:31:34.011, 1, 1949 MiB, 15360 MiB, 100 %\n"}
,{"stream_name":"stdout","time":33140.738740621,"data":"VRAM 2026/10/09 02:33:34.022, 0, 0 MiB, 15360 MiB, 0 %\n"}
,{"stream_name":"stdout","time":33140.740273143,"data":"VRAM 2026/10/09 02:33:34.025, 1, 1949 MiB, 15360 MiB, 100 %\n"}
,{"stream_name":"stdout","time":33181.954839172,"data":"    it  16000  grad-match [0.15003, 0.1531] {'psnr_consensus': 9.767, 'psnr_best_seed': 9.727}\n"}
,{"stream_name":"stdout","time":33260.751469523,"data":"VRAM 2026/10/09 02:35:34.035, 0, 0 MiB, 15360 MiB, 0 %\n"}
,{"stream_name":"stdout","time":33260.754163136,"data":"VRAM 2026/10/09 02:35:34.038, 1, 1949 MiB, 15360 MiB, 100 %\n"}
,{"stream_name":"stdout","time":33380.766041142,"data":"VRAM 2026/10/09 02:37:34.049, 0, 0 MiB, 15360 MiB, 0 %\n"}
,{"stream_name":"stdout","time":33380.767397567,"data":"VRAM 2026/10/09 02:37:34.052, 1, 1949 MiB, 15360 MiB, 100 %\n"}
,{"stream_name":"stdout","time":33500.778650934,"data":"VRAM 2026/10/09 02:39:34.062, 0, 0 MiB, 15360 MiB, 0 %\n"}
,{"stream_name":"stdout","time":33500.780518247,"data":"VRAM 2026/10/09 02:39:34.065, 1, 1949 MiB, 15360 MiB, 100 %\n"}
,{"stream_name":"stdout","time":33620.791982256,"data":"VRAM 2026/10/09 02:41:34.075, 0, 0 MiB, 15360 MiB, 0 %\n"}
,{"stream_name":"stdout","time":33620.793531828,"data":"VRAM 2026/10/09 02:41:34.078, 1, 1949 MiB, 15360 MiB, 100 %\n"}
,{"stream_name":"stdout","time":33740.805522751,"data":"VRAM 2026/10/09 02:43:34.089, 0, 0 MiB, 15360 MiB, 0 %\n"}
,{"stream_name":"stdout","time":33740.807051356,"data":"VRAM 2026/10/09 02:43:34.092, 1, 1949 MiB, 15360 MiB, 100 %\n"}
,{"stream_name":"stdout","time":33792.249169125,"data":"    it  17000  grad-match [0.14241, 0.15161] {'psnr_consensus': 9.77, 'psnr_best_seed': 9.75}\n"}
,{"stream_name":"stdout","time":33860.818380072,"data":"VRAM 2026/10/09 02:45:34.102, 0, 0 MiB, 15360 MiB, 0 %\n"}
,{"stream_name":"stdout","time":33860.820140258,"data":"VRAM 2026/10/09 02:45:34.105, 1, 1949 MiB, 15360 MiB, 100 %\n"}
,{"stream_name":"stdout","time":33980.831570007,"data":"VRAM 2026/10/09 02:47:34.115, 0, 0 MiB, 15360 MiB, 0 %\n"}
,{"stream_name":"stdout","time":33980.832942724,"data":"VRAM 2026/10/09 02:47:34.118, 1, 1949 MiB, 15360 MiB, 100 %\n"}
,{"stream_name":"stdout","time":34100.843843301,"data":"VRAM 2026/10/09 02:49:34.127, 0, 0 MiB, 15360 MiB, 0 %\n"}
,{"stream_name":"stdout","time":34100.845109523,"data":"VRAM 2026/10/09 02:49:34.130, 1, 1949 MiB, 15360 MiB, 99 %\n"}
,{"stream_name":"stdout","time":34220.85602079,"data":"VRAM 2026/10/09 02:51:34.140, 0, 0 MiB, 15360 MiB, 0 %\n"}
,{"stream_name":"stdout","time":34220.85795984,"data":"VRAM 2026/10/09 02:51:34.142, 1, 1949 MiB, 15360 MiB, 100 %\n"}
,{"stream_name":"stdout","time":34340.869472729,"data":"VRAM 2026/10/09 02:53:34.153, 0, 0 MiB, 15360 MiB, 0 %\n"}
,{"stream_name":"stdout","time":34340.870785706,"data":"VRAM 2026/10/09 02:53:34.156, 1, 1949 MiB, 15360 MiB, 100 %\n"}
,{"stream_name":"stdout","time":34402.838808433,"data":"    it  18000  grad-match [0.1398, 0.15114] {'psnr_consensus': 9.77, 'psnr_best_seed': 9.752}\n"}
,{"stream_name":"stdout","time":34460.882664149,"data":"VRAM 2026/10/09 02:55:34.166, 0, 0 MiB, 15360 MiB, 0 %\n"}
,{"stream_name":"stdout","time":34460.884074437,"data":"VRAM 2026/10/09 02:55:34.169, 1, 1949 MiB, 15360 MiB, 100 %\n"}
,{"stream_name":"stdout","time":34580.896555331,"data":"VRAM 2026/10/09 02:57:34.179, 0, 0 MiB, 15360 MiB, 0 %\n"}
,{"stream_name":"stdout","time":34580.897183124,"data":"VRAM 2026/10/09 02:57:34.182, 1, 1949 MiB, 15360 MiB, 100 %\n"}
,{"stream_name":"stdout","time":34700.908957281,"data":"VRAM 2026/10/09 02:59:34.192, 0, 0 MiB, 15360 MiB, 0 %\n"}
,{"stream_name":"stdout","time":34700.91038165,"data":"VRAM 2026/10/09 02:59:34.195, 1, 1949 MiB, 15360 MiB, 100 %\n"}
,{"stream_name":"stdout","time":34820.922034943,"data":"VRAM 2026/10/09 03:01:34.206, 0, 0 MiB, 15360 MiB, 0 %\n"}
,{"stream_name":"stdout","time":34820.923696394,"data":"VRAM 2026/10/09 03:01:34.208, 1, 1949 MiB, 15360 MiB, 100 %\n"}
,{"stream_name":"stdout","time":34940.935863874,"data":"VRAM 2026/10/09 03:03:34.219, 0, 0 MiB, 15360 MiB, 0 %\n"}
,{"stream_name":"stdout","time":34940.937652872,"data":"VRAM 2026/10/09 03:03:34.222, 1, 1949 MiB, 15360 MiB, 100 %\n"}
,{"stream_name":"stdout","time":35015.541347324,"data":"    it  19000  grad-match [0.13905, 0.15092] {'psnr_consensus': 9.77, 'psnr_best_seed': 9.754}\n"}
,{"stream_name":"stdout","time":35060.949310834,"data":"VRAM 2026/10/09 03:05:34.233, 0, 0 MiB, 15360 MiB, 0 %\n"}
,{"stream_name":"stdout","time":35060.951023748,"data":"VRAM 2026/10/09 03:05:34.236, 1, 1949 MiB, 15360 MiB, 100 %\n"}
,{"stream_name":"stdout","time":35180.961870841,"data":"VRAM 2026/10/09 03:07:34.246, 0, 0 MiB, 15360 MiB, 0 %\n"}
,{"stream_name":"stdout","time":35180.963188644,"data":"VRAM 2026/10/09 03:07:34.248, 1, 1949 MiB, 15360 MiB, 100 %\n"}
,{"stream_name":"stdout","time":35300.974683034,"data":"VRAM 2026/10/09 03:09:34.258, 0, 0 MiB, 15360 MiB, 0 %\n"}
,{"stream_name":"stdout","time":35300.976548881,"data":"VRAM 2026/10/09 03:09:34.261, 1, 1949 MiB, 15360 MiB, 100 %\n"}
,{"stream_name":"stdout","time":35420.987931015,"data":"VRAM 2026/10/09 03:11:34.271, 0, 0 MiB, 15360 MiB, 0 %\n"}
,{"stream_name":"stdout","time":35420.989494306,"data":"VRAM 2026/10/09 03:11:34.274, 1, 1949 MiB, 15360 MiB, 100 %\n"}
,{"stream_name":"stdout","time":35541.001045071,"data":"VRAM 2026/10/09 03:13:34.284, 0, 0 MiB, 15360 MiB, 0 %\n"}
,{"stream_name":"stdout","time":35541.002693454,"data":"VRAM 2026/10/09 03:13:34.287, 1, 1949 MiB, 15360 MiB, 100 %\n"}
,{"stream_name":"stdout","time":35625.206884305,"data":"    it  19999  grad-match [0.13889, 0.15087] {'psnr_consensus': 9.77, 'psnr_best_seed': 9.754}\n"}
,{"stream_name":"stdout","time":35625.646133192,"data":"RESULT [none] client p035: PSNR consensus 9.77 dB | best seed 9.75 dB | gray floor 9.08 dB | label acc 0.75 | 203.8 min\n"}
,{"stream_name":"stderr","time":35629.372068907,"data":"/usr/local/lib/python3.13/dist-packages/mistune.py:435: SyntaxWarning: invalid escape sequence '\\|'\n"}
,{"stream_name":"stderr","time":35629.372100057,"data":"  cells[i][c] = re.sub('\\\\\\\\\\|', '|', cell)\n"}
,{"stream_name":"stderr","time":35629.612655295,"data":"/usr/local/lib/python3.13/dist-packages/nbconvert/filters/filter_links.py:36: SyntaxWarning: invalid escape sequence '\\_'\n"}
,{"stream_name":"stderr","time":35629.61268081,"data":"  text = re.sub(r'_', '\\_', text) # Escape underscores in display text\n"}
,{"stream_name":"stderr","time":35630.494010335,"data":"[NbConvertApp] Converting notebook __script__.ipynb to html\n"}
,{"stream_name":"stderr","time":35631.505883743,"data":"[NbConvertApp] Writing 275687 bytes to __results__.html\n"}
]